Java HotSpot(TM) 64-Bit Server VM (25.151-b12) for bsd-amd64 JRE (1.8.0_151-b12), built on Sep  5 2017 19:37:08 by "java_re" with gcc 4.2.1 (Based on Apple Inc. build 5658) (LLVM build 2336.11.00)
Memory: 4k page, physical 8388608k(22604k free)

/proc/meminfo:

CommandLine flags: -XX:+ExplicitGCInvokesConcurrent -XX:GCLogFileSize=104857600 -XX:InitialHeapSize=1073741824 -XX:InitiatingHeapOccupancyPercent=35 -XX:+ManagementServer -XX:MaxGCPauseMillis=20 -XX:MaxHeapSize=1073741824 -XX:NumberOfGCLogFiles=10 -XX:+PrintGC -XX:+PrintGCDateStamps -XX:+PrintGCDetails -XX:+PrintGCTimeStamps -XX:+UseCompressedClassPointers -XX:+UseCompressedOops -XX:+UseG1GC -XX:+UseGCLogFileRotation 
2018-04-22T06:49:46.910-0800: 2.330: [GC pause (G1 Evacuation Pause) (young), 0.0277459 secs]
   [Parallel Time: 19.0 ms, GC Workers: 4]
      [GC Worker Start (ms): Min: 2330.2, Avg: 2330.3, Max: 2330.4, Diff: 0.2]
      [Ext Root Scanning (ms): Min: 0.6, Avg: 1.3, Max: 3.3, Diff: 2.6, Sum: 5.4]
      [Update RS (ms): Min: 0.0, Avg: 0.0, Max: 0.0, Diff: 0.0, Sum: 0.0]
         [Processed Buffers: Min: 0, Avg: 0.0, Max: 0, Diff: 0, Sum: 0]
      [Scan RS (ms): Min: 0.0, Avg: 0.0, Max: 0.0, Diff: 0.0, Sum: 0.0]
      [Code Root Scanning (ms): Min: 0.0, Avg: 0.3, Max: 0.7, Diff: 0.7, Sum: 1.3]
      [Object Copy (ms): Min: 5.6, Avg: 7.0, Max: 7.6, Diff: 2.0, Sum: 28.0]
      [Termination (ms): Min: 0.0, Avg: 7.6, Max: 10.1, Diff: 10.1, Sum: 30.4]
         [Termination Attempts: Min: 1, Avg: 2.5, Max: 4, Diff: 3, Sum: 10]
      [GC Worker Other (ms): Min: 0.0, Avg: 0.1, Max: 0.1, Diff: 0.1, Sum: 0.2]
      [GC Worker Total (ms): Min: 8.9, Avg: 16.4, Max: 18.9, Diff: 10.0, Sum: 65.4]
      [GC Worker End (ms): Min: 2339.1, Avg: 2346.7, Max: 2349.2, Diff: 10.1]
   [Code Root Fixup: 0.3 ms]
   [Code Root Purge: 0.0 ms]
   [Clear CT: 0.7 ms]
   [Other: 7.7 ms]
      [Choose CSet: 0.0 ms]
      [Ref Proc: 6.7 ms]
      [Ref Enq: 0.6 ms]
      [Redirty Cards: 0.0 ms]
      [Humongous Register: 0.1 ms]
      [Humongous Reclaim: 0.0 ms]
      [Free CSet: 0.1 ms]
   [Eden: 51.0M(51.0M)->0.0B(44.0M) Survivors: 0.0B->7168.0K Heap: 51.0M(1024.0M)->8786.0K(1024.0M)]
 [Times: user=0.03 sys=0.00, real=0.02 secs] 
2018-04-22T06:49:47.545-0800: 2.964: [GC pause (Metadata GC Threshold) (young) (initial-mark), 0.0087396 secs]
   [Parallel Time: 6.0 ms, GC Workers: 4]
      [GC Worker Start (ms): Min: 2964.6, Avg: 2964.9, Max: 2966.0, Diff: 1.4]
      [Ext Root Scanning (ms): Min: 0.2, Avg: 1.1, Max: 1.8, Diff: 1.6, Sum: 4.5]
      [Update RS (ms): Min: 0.0, Avg: 0.1, Max: 0.2, Diff: 0.2, Sum: 0.3]
         [Processed Buffers: Min: 0, Avg: 0.5, Max: 1, Diff: 1, Sum: 2]
      [Scan RS (ms): Min: 0.0, Avg: 0.0, Max: 0.0, Diff: 0.0, Sum: 0.0]
      [Code Root Scanning (ms): Min: 0.0, Avg: 0.3, Max: 1.3, Diff: 1.3, Sum: 1.3]
      [Object Copy (ms): Min: 3.3, Avg: 4.0, Max: 4.4, Diff: 1.1, Sum: 15.8]
      [Termination (ms): Min: 0.0, Avg: 0.0, Max: 0.0, Diff: 0.0, Sum: 0.0]
         [Termination Attempts: Min: 1, Avg: 1.5, Max: 3, Diff: 2, Sum: 6]
      [GC Worker Other (ms): Min: 0.0, Avg: 0.0, Max: 0.0, Diff: 0.0, Sum: 0.1]
      [GC Worker Total (ms): Min: 4.5, Avg: 5.5, Max: 5.9, Diff: 1.4, Sum: 22.0]
      [GC Worker End (ms): Min: 2970.4, Avg: 2970.4, Max: 2970.4, Diff: 0.0]
   [Code Root Fixup: 0.4 ms]
   [Code Root Purge: 0.0 ms]
   [Clear CT: 0.1 ms]
   [Other: 2.2 ms]
      [Choose CSet: 0.0 ms]
      [Ref Proc: 1.8 ms]
      [Ref Enq: 0.0 ms]
      [Redirty Cards: 0.1 ms]
      [Humongous Register: 0.0 ms]
      [Humongous Reclaim: 0.0 ms]
      [Free CSet: 0.1 ms]
   [Eden: 18.0M(44.0M)->0.0B(44.0M) Survivors: 7168.0K->7168.0K Heap: 26.1M(1024.0M)->9307.0K(1024.0M)]
 [Times: user=0.02 sys=0.00, real=0.01 secs] 
2018-04-22T06:49:47.553-0800: 2.973: [GC concurrent-root-region-scan-start]
2018-04-22T06:49:47.560-0800: 2.980: [GC concurrent-root-region-scan-end, 0.0064152 secs]
2018-04-22T06:49:47.560-0800: 2.980: [GC concurrent-mark-start]
2018-04-22T06:49:47.560-0800: 2.980: [GC concurrent-mark-end, 0.0002540 secs]
2018-04-22T06:49:47.560-0800: 2.980: [GC remark 2018-04-22T06:49:47.560-0800: 2.980: [Finalize Marking, 0.0001356 secs] 2018-04-22T06:49:47.560-0800: 2.980: [GC ref-proc, 0.0001049 secs] 2018-04-22T06:49:47.561-0800: 2.980: [Unloading, 0.0048756 secs], 0.0053734 secs]
 [Times: user=0.01 sys=0.01, real=0.00 secs] 
2018-04-22T06:49:47.566-0800: 2.986: [GC cleanup 9818K->8794K(1024M), 0.0007806 secs]
 [Times: user=0.00 sys=0.00, real=0.002018-04-2018-04-22T06:49:47.567-0800: 2.987: [GC concurrent-cleanup-start]
2018-04-22T06:49:47.567-0800: 2.987: [GC concurrent-cleanup-end, 0.0000192 secs]
2018-04-22T06:49:49.909-0800: 5.329: [GC pause (G1 Evacuation Pause) (young), 0.0313796 secs]
   [Parallel Time: 17.1 ms, GC Workers: 4]
      [GC Worker Start (ms): Min: 5328.9, Avg: 5329.0, Max: 5329.0, Diff: 0.1]
      [Ext Root Scanning (ms): Min: 0.7, Avg: 1.3, Max: 2.4, Diff: 1.7, Sum: 5.2]
      [Update RS (ms): Min: 0.0, Avg: 0.1, Max: 0.3, Diff: 0.3, Sum: 0.3]
         [Processed Buffers: Min: 0, Avg: 1.0, Max: 4, Diff: 4, Sum: 4]
      [Scan RS (ms): Min: 0.0, Avg: 0.0, Max: 0.0, Diff: 0.0, Sum: 0.0]
      [Code Root Scanning (ms): Min: 0.0, Avg: 0.6, Max: 1.5, Diff: 1.5, Sum: 2.5]
      [Object Copy (ms): Min: 6.8, Avg: 8.8, Max: 10.0, Diff: 3.2, Sum: 35.2]
      [Termination (ms): Min: 0.0, Avg: 3.1, Max: 6.2, Diff: 6.2, Sum: 12.5]
         [Termination Attempts: Min: 1, Avg: 2.2, Max: 4, Diff: 3, Sum: 9]
      [GC Worker Other (ms): Min: 0.0, Avg: 0.0, Max: 0.0, Diff: 0.0, Sum: 0.0]
      [GC Worker Total (ms): Min: 10.9, Avg: 14.0, Max: 17.0, Diff: 6.2, Sum: 55.8]
      [GC Worker End (ms): Min: 5339.9, Avg: 5342.9, Max: 5346.0, Diff: 6.1]
   [Code Root Fixup: 0.8 ms]
   [Code Root Purge: 0.0 ms]
   [Clear CT: 0.1 ms]
   [Other: 13.4 ms]
      [Choose CSet: 0.0 ms]
      [Ref Proc: 12.8 ms]
      [Ref Enq: 0.0 ms]
      [Redirty Cards: 0.1 ms]
      [Humongous Register: 0.0 ms]
      [Humongous Reclaim: 0.0 ms]
      [Free CSet: 0.2 ms]
   [Eden: 44.0M(44.0M)->0.0B(44.0M) Survivors: 7168.0K->7168.0K Heap: 180.1M(1024.0M)->140.6M(1024.0M)]
 [Times: user=0.03 sys=0.01, real=0.04 secs2012018-04-22T06:52:01.058-0800: 136.481: [GC pause (G1 Evacuation Pause) (young), 0.0126176 secs]
   [Parallel Time: 9.3 ms, GC Workers: 4]
      [GC Worker Start (ms): Min: 136480.7, Avg: 136480.7, Max: 136480.8, Diff: 0.1]
      [Ext Root Scanning (ms): Min: 0.8, Avg: 1.2, Max: 2.2, Diff: 1.5, Sum: 4.9]
      [Update RS (ms): Min: 0.0, Avg: 0.7, Max: 1.2, Diff: 1.2, Sum: 2.8]
         [Processed Buffers: Min: 0, Avg: 7.2, Max: 16, Diff: 16, Sum: 29]
      [Scan RS (ms): Min: 0.0, Avg: 0.3, Max: 0.4, Diff: 0.4, Sum: 1.1]
      [Code Root Scanning (ms): Min: 0.3, Avg: 0.7, Max: 1.0, Diff: 0.7, Sum: 2.7]
      [Object Copy (ms): Min: 6.1, Avg: 6.3, Max: 6.5, Diff: 0.4, Sum: 25.3]
      [Termination (ms): Min: 0.0, Avg: 0.0, Max: 0.0, Diff: 0.0, Sum: 0.0]
         [Termination Attempts: Min: 1, Avg: 1.2, Max: 2, Diff: 1, Sum: 5]
      [GC Worker Other (ms): Min: 0.0, Avg: 0.0, Max: 0.0, Diff: 0.0, Sum: 0.1]
      [GC Worker Total (ms): Min: 9.2, Avg: 9.2, Max: 9.3, Diff: 0.1, Sum: 36.9]
      [GC Worker End (ms): Min: 136490.0, Avg: 136490.0, Max: 136490.0, Diff: 0.0]
   [Code Root Fixup: 0.6 ms]
   [Code Root Purge: 0.0 ms]
   [Clear CT: 0.1 ms]
   [Other: 2.6 ms]
      [Choose CSet: 0.0 ms]
      [Ref Proc: 2.2 ms]
      [Ref Enq: 0.0 ms]
      [Redirty Cards: 0.1 ms]
      [Humongous Register: 0.0 ms]
      [Humongous Reclaim: 0.0 ms]
      [Free CSet: 0.1 ms]
   [Eden: 44.0M(44.0M)->0.0B(44.0M) Survivors: 7168.0K->7168.0K Heap: 184.6M(1024.0M)->143.0M(1024.0M)]
 [Times: user=0.04 sys=0.2018-04-22T06:55:03.02018-04-22T06:59:17.179-0800: 572.558: [GC pause (G1 Evacuation Pause) (young), 0.0139224 secs]
   [Parallel Time: 11.9 ms, GC Workers: 4]
      [GC Worker Start (ms): Min: 572558.9, Avg: 572560.0, Max: 572561.8, Diff: 2.9]
      [Ext Root Scanning (ms): Min: 0.0, Avg: 1.2, Max: 2.3, Diff: 2.3, Sum: 4.7]
      [Update RS (ms): Min: 0.0, Avg: 0.3, Max: 0.5, Diff: 0.5, Sum: 1.3]
         [Processed Buffers: Min: 0, Avg: 4.0, Max: 7, Diff: 7, Sum: 16]
      [Scan RS (ms): Min: 0.0, Avg: 0.1, Max: 0.2, Diff: 0.2, Sum: 0.4]
      [Code Root Scanning (ms): Min: 0.3, Avg: 1.0, Max: 1.8, Diff: 1.6, Sum: 4.1]
      [Object Copy (ms): Min: 6.9, Avg: 8.0, Max: 8.9, Diff: 1.9, Sum: 32.1]
      [Termination (ms): Min: 0.0, Avg: 0.0, Max: 0.0, Diff: 0.0, Sum: 0.0]
         [Termination Attempts: Min: 1, Avg: 1.0, Max: 1, Diff: 0, Sum: 4]
      [GC Worker Other (ms): Min: 0.0, Avg: 0.0, Max: 0.0, Diff: 0.0, Sum: 0.1]
      [GC Worker Total (ms): Min: 8.9, Avg: 10.7, Max: 11.8, Diff: 2.9, Sum: 42.8]
      [GC Worker End (ms): Min: 572570.7, Avg: 572570.7, Max: 572570.7, Diff: 0.0]
   [Code Root Fixup: 0.6 ms]
   [Code Root Purge: 0.0 ms]
   [Clear CT: 0.1 ms]
   [Other: 1.3 ms]
      [Choose CSet: 0.0 ms]
      [Ref Proc: 0.4 ms]
      [Ref Enq: 0.0 ms]
      [Redirty Cards: 0.1 ms]
      [Humongous Register: 0.0 ms]
      [Humongous Reclaim: 0.0 ms]
      [Free CSet: 0.1 ms]
   [Eden: 44.0M(44.0M)->0.0B(47.0M) Survivors: 7168.0K->4096.0K Heap: 187.0M(1024.0M)->143.0M(1024.0M)]
 [Times: user=0.04 sys=02018-04-22T07:03:30.122018-04-22T07:07:28.650-0800: 1064.032: [GC pause (G1 Evacuation Pause) (young), 0.0089892 secs]
   [Parallel Time: 7.6 ms, GC Workers: 4]
      [GC Worker Start (ms): Min: 1064032.2, Avg: 1064032.2, Max: 1064032.2, Diff: 0.1]
      [Ext Root Scanning (ms): Min: 0.7, Avg: 0.9, Max: 1.3, Diff: 0.5, Sum: 3.5]
      [Update RS (ms): Min: 1.7, Avg: 2.0, Max: 2.1, Diff: 0.5, Sum: 7.9]
         [Processed Buffers: Min: 3, Avg: 10.0, Max: 27, Diff: 24, Sum: 40]
      [Scan RS (ms): Min: 0.2, Avg: 0.3, Max: 0.3, Diff: 0.2, Sum: 1.1]
      [Code Root Scanning (ms): Min: 0.0, Avg: 0.5, Max: 1.1, Diff: 1.1, Sum: 2.1]
      [Object Copy (ms): Min: 3.3, Avg: 3.8, Max: 4.3, Diff: 1.1, Sum: 15.3]
      [Termination (ms): Min: 0.0, Avg: 0.0, Max: 0.0, Diff: 0.0, Sum: 0.0]
         [Termination Attempts: Min: 1, Avg: 1.2, Max: 2, Diff: 1, Sum: 5]
      [GC Worker Other (ms): Min: 0.0, Avg: 0.0, Max: 0.0, Diff: 0.0, Sum: 0.1]
      [GC Worker Total (ms): Min: 7.4, Avg: 7.5, Max: 7.5, Diff: 0.1, Sum: 29.8]
      [GC Worker End (ms): Min: 1064039.7, Avg: 1064039.7, Max: 1064039.7, Diff: 0.0]
   [Code Root Fixup: 0.5 ms]
   [Code Root Purge: 0.0 ms]
   [Clear CT: 0.1 ms]
   [Other: 0.7 ms]
      [Choose CSet: 0.0 ms]
      [Ref Proc: 0.3 ms]
      [Ref Enq: 0.0 ms]
      [Redirty Cards: 0.1 ms]
      [Humongous Register: 0.0 ms]
      [Humongous Reclaim: 0.0 ms]
      [Free CSet: 0.1 ms]
   [Eden: 47.0M(47.0M)->0.0B(47.0M) Survivors: 4096.0K->4096.0K Heap: 190.0M(1024.0M)->143.5M(1024.0M)]
 [Times: user=0.2018-04-22T07:12:15.127-0800: 2018-04-22T07:16:12.750-0800: 1588.135: [GC pause (G1 Evacuation Pause) (young), 0.0077680 secs]
   [Parallel Time: 6.5 ms, GC Workers: 4]
      [GC Worker Start (ms): Min: 1588134.7, Avg: 1588134.7, Max: 1588134.7, Diff: 0.1]
      [Ext Root Scanning (ms): Min: 0.5, Avg: 0.7, Max: 1.2, Diff: 0.7, Sum: 2.9]
      [Update RS (ms): Min: 0.6, Avg: 0.8, Max: 0.9, Diff: 0.4, Sum: 3.3]
         [Processed Buffers: Min: 2, Avg: 6.5, Max: 11, Diff: 9, Sum: 26]
      [Scan RS (ms): Min: 0.0, Avg: 0.0, Max: 0.0, Diff: 0.0, Sum: 0.0]
      [Code Root Scanning (ms): Min: 0.0, Avg: 0.8, Max: 1.6, Diff: 1.6, Sum: 3.3]
      [Object Copy (ms): Min: 3.1, Avg: 3.9, Max: 4.8, Diff: 1.7, Sum: 15.7]
      [Termination (ms): Min: 0.0, Avg: 0.0, Max: 0.0, Diff: 0.0, Sum: 0.0]
         [Termination Attempts: Min: 1, Avg: 1.0, Max: 1, Diff: 0, Sum: 4]
      [GC Worker Other (ms): Min: 0.0, Avg: 0.0, Max: 0.0, Diff: 0.0, Sum: 0.1]
      [GC Worker Total (ms): Min: 6.3, Avg: 6.3, Max: 6.4, Diff: 0.0, Sum: 25.4]
      [GC Worker End (ms): Min: 1588141.0, Avg: 1588141.1, Max: 1588141.1, Diff: 0.0]
   [Code Root Fixup: 0.5 ms]
   [Code Root Purge: 0.0 ms]
   [Clear CT: 0.1 ms]
   [Other: 0.7 ms]
      [Choose CSet: 0.0 ms]
      [Ref Proc: 0.4 ms]
      [Ref Enq: 0.0 ms]
      [Redirty Cards: 0.1 ms]
      [Humongous Register: 0.0 ms]
      [Humongous Reclaim: 0.0 ms]
      [Free CSet: 0.1 ms]
   [Eden: 47.0M(47.0M)->0.0B(46.0M) Survivors: 4096.0K->5120.0K Heap: 190.5M(1024.0M)->144.0M(1024.0M)]
 [Times: user=0.02018-04-22T07:21:15.142-0800:2018-04-22T07:25:06.871-0800: 2122.193: [GC pause (G1 Evacuation Pause) (young), 0.0080271 secs]
   [Parallel Time: 6.8 ms, GC Workers: 4]
      [GC Worker Start (ms): Min: 2122192.9, Avg: 2122192.9, Max: 2122193.0, Diff: 0.0]
      [Ext Root Scanning (ms): Min: 0.6, Avg: 0.8, Max: 1.2, Diff: 0.7, Sum: 3.1]
      [Update RS (ms): Min: 0.8, Avg: 0.8, Max: 0.8, Diff: 0.1, Sum: 3.3]
         [Processed Buffers: Min: 2, Avg: 4.5, Max: 11, Diff: 9, Sum: 18]
      [Scan RS (ms): Min: 0.0, Avg: 0.0, Max: 0.0, Diff: 0.0, Sum: 0.0]
      [Code Root Scanning (ms): Min: 0.0, Avg: 0.8, Max: 1.7, Diff: 1.7, Sum: 3.4]
      [Object Copy (ms): Min: 3.6, Avg: 4.2, Max: 5.2, Diff: 1.6, Sum: 17.0]
      [Termination (ms): Min: 0.0, Avg: 0.0, Max: 0.0, Diff: 0.0, Sum: 0.0]
         [Termination Attempts: Min: 1, Avg: 1.0, Max: 1, Diff: 0, Sum: 4]
      [GC Worker Other (ms): Min: 0.0, Avg: 0.0, Max: 0.0, Diff: 0.0, Sum: 0.1]
      [GC Worker Total (ms): Min: 6.7, Avg: 6.7, Max: 6.7, Diff: 0.0, Sum: 26.9]
      [GC Worker End (ms): Min: 2122199.7, Avg: 2122199.7, Max: 2122199.7, Diff: 0.0]
   [Code Root Fixup: 0.5 ms]
   [Code Root Purge: 0.0 ms]
   [Clear CT: 0.1 ms]
   [Other: 0.7 ms]
      [Choose CSet: 0.0 ms]
      [Ref Proc: 0.3 ms]
      [Ref Enq: 0.0 ms]
      [Redirty Cards: 0.1 ms]
      [Humongous Register: 0.0 ms]
      [Humongous Reclaim: 0.0 ms]
      [Free CSet: 0.1 ms]
   [Eden: 46.0M(46.0M)->0.0B(46.0M) Survivors: 5120.0K->5120.0K Heap: 190.0M(1024.0M)->144.0M(1024.0M)]
 [Times: user=0.032018-04-22T07:30:30.392-08002018-04-22T07:34:03.068-0800: 2658.380: [GC pause (G1 Evacuation Pause) (young), 0.0089771 secs]
   [Parallel Time: 7.7 ms, GC Workers: 4]
      [GC Worker Start (ms): Min: 2658380.6, Avg: 2658380.6, Max: 2658380.6, Diff: 0.0]
      [Ext Root Scanning (ms): Min: 0.6, Avg: 0.8, Max: 1.3, Diff: 0.7, Sum: 3.2]
      [Update RS (ms): Min: 0.8, Avg: 0.8, Max: 0.9, Diff: 0.1, Sum: 3.3]
         [Processed Buffers: Min: 1, Avg: 4.5, Max: 13, Diff: 12, Sum: 18]
      [Scan RS (ms): Min: 0.0, Avg: 0.0, Max: 0.0, Diff: 0.0, Sum: 0.1]
      [Code Root Scanning (ms): Min: 0.0, Avg: 0.7, Max: 1.5, Diff: 1.5, Sum: 3.0]
      [Object Copy (ms): Min: 3.7, Avg: 4.6, Max: 5.2, Diff: 1.5, Sum: 18.3]
      [Termination (ms): Min: 0.0, Avg: 0.7, Max: 0.9, Diff: 0.9, Sum: 2.7]
         [Termination Attempts: Min: 1, Avg: 1.2, Max: 2, Diff: 1, Sum: 5]
      [GC Worker Other (ms): Min: 0.0, Avg: 0.0, Max: 0.1, Diff: 0.0, Sum: 0.1]
      [GC Worker Total (ms): Min: 7.6, Avg: 7.7, Max: 7.7, Diff: 0.0, Sum: 30.6]
      [GC Worker End (ms): Min: 2658388.2, Avg: 2658388.2, Max: 2658388.2, Diff: 0.0]
   [Code Root Fixup: 0.5 ms]
   [Code Root Purge: 0.0 ms]
   [Clear CT: 0.1 ms]
   [Other: 0.7 ms]
      [Choose CSet: 0.0 ms]
      [Ref Proc: 0.3 ms]
      [Ref Enq: 0.0 ms]
      [Redirty Cards: 0.1 ms]
      [Humongous Register: 0.0 ms]
      [Humongous Reclaim: 0.0 ms]
      [Free CSet: 0.1 ms]
   [Eden: 46.0M(46.0M)->0.0B(46.0M) Survivors: 5120.0K->5120.0K Heap: 190.0M(1024.0M)->144.0M(1024.0M)]
 [Times: user=0.032018-04-22T07:41:17.871-08002018-04-22T07:43:02.287-0800: 3197.590: [GC pause (G1 Evacuation Pause) (young), 0.0085449 secs]
   [Parallel Time: 7.2 ms, GC Workers: 4]
      [GC Worker Start (ms): Min: 3197589.6, Avg: 3197589.6, Max: 3197589.7, Diff: 0.0]
      [Ext Root Scanning (ms): Min: 0.6, Avg: 0.8, Max: 1.2, Diff: 0.6, Sum: 3.2]
      [Update RS (ms): Min: 0.5, Avg: 1.1, Max: 2.2, Diff: 1.7, Sum: 4.6]
         [Processed Buffers: Min: 1, Avg: 5.2, Max: 15, Diff: 14, Sum: 21]
      [Scan RS (ms): Min: 0.0, Avg: 0.0, Max: 0.0, Diff: 0.0, Sum: 0.0]
      [Code Root Scanning (ms): Min: 0.0, Avg: 0.8, Max: 1.6, Diff: 1.6, Sum: 3.1]
      [Object Copy (ms): Min: 3.9, Avg: 4.4, Max: 5.3, Diff: 1.4, Sum: 17.4]
      [Termination (ms): Min: 0.0, Avg: 0.0, Max: 0.0, Diff: 0.0, Sum: 0.0]
         [Termination Attempts: Min: 1, Avg: 1.2, Max: 2, Diff: 1, Sum: 5]
      [GC Worker Other (ms): Min: 0.0, Avg: 0.0, Max: 0.1, Diff: 0.1, Sum: 0.1]
      [GC Worker Total (ms): Min: 7.1, Avg: 7.1, Max: 7.2, Diff: 0.1, Sum: 28.5]
      [GC Worker End (ms): Min: 3197596.7, Avg: 3197596.8, Max: 3197596.8, Diff: 0.0]
   [Code Root Fixup: 0.5 ms]
   [Code Root Purge: 0.0 ms]
   [Clear CT: 0.1 ms]
   [Other: 0.8 ms]
      [Choose CSet: 0.0 ms]
      [Ref Proc: 0.4 ms]
      [Ref Enq: 0.0 ms]
      [Redirty Cards: 0.1 ms]
      [Humongous Register: 0.0 ms]
      [Humongous Reclaim: 0.0 ms]
      [Free CSet: 0.1 ms]
   [Eden: 46.0M(46.0M)->0.0B(61.0M) Survivors: 5120.0K->5120.0K Heap: 190.0M(1024.0M)->144.0M(1024.0M)]
 [Times: user=0.03 2018-04-22T08:42:36.674-0800: 6773.209: [GC pause (G1 Evacuation Pause) (young), 0.0092655 secs]
   [Parallel Time: 7.1 ms, GC Workers: 4]
      [GC Worker Start (ms): Min: 6773209.1, Avg: 6773209.1, Max: 6773209.2, Diff: 0.0]
      [Ext Root Scanning (ms): Min: 0.6, Avg: 0.9, Max: 1.6, Diff: 1.0, Sum: 3.5]
      [Update RS (ms): Min: 0.4, Avg: 1.2, Max: 2.4, Diff: 2.0, Sum: 5.0]
         [Processed Buffers: Min: 1, Avg: 5.5, Max: 17, Diff: 16, Sum: 22]
      [Scan RS (ms): Min: 0.0, Avg: 0.1, Max: 0.1, Diff: 0.1, Sum: 0.3]
      [Code Root Scanning (ms): Min: 0.0, Avg: 0.6, Max: 1.4, Diff: 1.4, Sum: 2.6]
      [Object Copy (ms): Min: 3.8, Avg: 4.2, Max: 5.0, Diff: 1.2, Sum: 16.8]
      [Termination (ms): Min: 0.0, Avg: 0.0, Max: 0.0, Diff: 0.0, Sum: 0.0]
         [Termination Attempts: Min: 1, Avg: 1.0, Max: 1, Diff: 0, Sum: 4]
      [GC Worker Other (ms): Min: 0.0, Avg: 0.0, Max: 0.0, Diff: 0.0, Sum: 0.1]
      [GC Worker Total (ms): Min: 7.1, Avg: 7.1, Max: 7.1, Diff: 0.0, Sum: 28.3]
      [GC Worker End (ms): Min: 6773216.2, Avg: 6773216.2, Max: 6773216.2, Diff: 0.0]
   [Code Root Fixup: 0.3 ms]
   [Code Root Purge: 0.0 ms]
   [Clear CT: 0.1 ms]
   [Other: 1.7 ms]
      [Choose CSet: 0.0 ms]
      [Ref Proc: 0.8 ms]
      [Ref Enq: 0.0 ms]
      [Redirty Cards: 0.1 ms]
      [Humongous Register: 0.0 ms]
      [Humongous Reclaim: 0.0 ms]
      [Free CSet: 0.5 ms]
   [Eden: 307.0M(307.0M)->0.0B(488.0M) Survivors: 5120.0K->5120.0K Heap: 448.6M(1024.0M)->141.2M(1024.0M)]
 [Times: user=0.03 sys=0.00, real=0.01 secs] 
2018-04-22T10:20:12.365-0800: 12628.676: [GC pause (G1 Evacuation Pause) (young), 0.0213560 secs]
   [Parallel Time: 17.3 ms, GC Workers: 4]
      [GC Worker Start (ms): Min: 12628677.9, Avg: 12628677.9, Max: 12628678.0, Diff: 0.1]
      [Ext Root Scanning (ms): Min: 1.7, Avg: 2.9, Max: 4.3, Diff: 2.7, Sum: 11.5]
      [Update RS (ms): Min: 3.0, Avg: 4.0, Max: 4.5, Diff: 1.5, Sum: 16.0]
         [Processed Buffers: Min: 1, Avg: 4.8, Max: 13, Diff: 12, Sum: 19]
      [Scan RS (ms): Min: 0.0, Avg: 0.3, Max: 0.8, Diff: 0.8, Sum: 1.1]
      [Code Root Scanning (ms): Min: 0.0, Avg: 0.4, Max: 0.9, Diff: 0.9, Sum: 1.7]
      [Object Copy (ms): Min: 8.9, Avg: 9.5, Max: 10.2, Diff: 1.3, Sum: 38.1]
      [Termination (ms): Min: 0.0, Avg: 0.0, Max: 0.0, Diff: 0.0, Sum: 0.0]
         [Termination Attempts: Min: 1, Avg: 1.0, Max: 1, Diff: 0, Sum: 4]
      [GC Worker Other (ms): Min: 0.0, Avg: 0.1, Max: 0.1, Diff: 0.0, Sum: 0.2]
      [GC Worker Total (ms): Min: 17.1, Avg: 17.1, Max: 17.2, Diff: 0.1, Sum: 68.6]
      [GC Worker End (ms): Min: 12628695.1, Avg: 12628695.1, Max: 12628695.1, Diff: 0.0]
   [Code Root Fixup: 0.3 ms]
   [Code Root Purge: 0.0 ms]
   [Clear CT: 0.2 ms]
   [Other: 3.4 ms]
      [Choose CSet: 0.0 ms]
      [Ref Proc: 1.1 ms]
      [Ref Enq: 0.0 ms]
      [Redirty Cards: 0.1 ms]
      [Humongous Register: 1.2 ms]
      [Humongous Reclaim: 0.0 ms]
      [Free CSet: 0.6 ms]
   [Eden: 488.0M(488.0M)->0.0B(336.0M) Survivors: 5120.0K->4096.0K Heap: 629.2M(1024.0M)->140.7M(1024.0M)]
 [Times: user=0.03 sys=0.02, real=0.02 secs] 
2018-04-22T11:27:18.404-0800: 16654.576: [GC pause (G1 Evacuation Pause) (young), 0.0243736 secs]
   [Parallel Time: 20.2 ms, GC Workers: 4]
      [GC Worker Start (ms): Min: 16654578.0, Avg: 16654578.1, Max: 16654578.2, Diff: 0.2]
      [Ext Root Scanning (ms): Min: 2.6, Avg: 5.6, Max: 13.0, Diff: 10.4, Sum: 22.6]
      [Update RS (ms): Min: 0.0, Avg: 4.4, Max: 6.8, Diff: 6.8, Sum: 17.7]
         [Processed Buffers: Min: 0, Avg: 4.8, Max: 16, Diff: 16, Sum: 19]
      [Scan RS (ms): Min: 0.0, Avg: 0.1, Max: 0.1, Diff: 0.1, Sum: 0.3]
      [Code Root Scanning (ms): Min: 0.0, Avg: 1.7, Max: 3.8, Diff: 3.8, Sum: 6.8]
      [Object Copy (ms): Min: 7.0, Avg: 7.9, Max: 9.6, Diff: 2.6, Sum: 31.4]
      [Termination (ms): Min: 0.0, Avg: 0.0, Max: 0.0, Diff: 0.0, Sum: 0.0]
         [Termination Attempts: Min: 1, Avg: 1.0, Max: 1, Diff: 0, Sum: 4]
      [GC Worker Other (ms): Min: 0.0, Avg: 0.3, Max: 0.9, Diff: 0.9, Sum: 1.1]
      [GC Worker Total (ms): Min: 19.9, Avg: 20.0, Max: 20.1, Diff: 0.2, Sum: 80.0]
      [GC Worker End (ms): Min: 16654598.1, Avg: 16654598.1, Max: 16654598.1, Diff: 0.0]
   [Code Root Fixup: 0.3 ms]
   [Code Root Purge: 0.0 ms]
   [Clear CT: 0.2 ms]
   [Other: 3.6 ms]
      [Choose CSet: 0.0 ms]
      [Ref Proc: 0.9 ms]
      [Ref Enq: 0.0 ms]
      [Redirty Cards: 0.1 ms]
      [Humongous Register: 1.5 ms]
      [Humongous Reclaim: 0.0 ms]
      [Free CSet: 0.7 ms]
   [Eden: 336.0M(336.0M)->0.0B(70.0M) Survivors: 4096.0K->5120.0K Heap: 476.7M(1024.0M)->141.2M(1024.0M)]
 [Times: user=0.02 sys=0.04, real=0.02 secs] 
2018-04-22T11:41:18.438-0800: 17494.565: [GC pause (G1 Evacuation Pause) (young), 0.0112141 secs]
   [Parallel Time: 9.9 ms, GC Workers: 4]
      [GC Worker Start (ms): Min: 17494565.4, Avg: 17494565.5, Max: 17494565.5, Diff: 0.0]
      [Ext Root Scanning (ms): Min: 0.8, Avg: 1.2, Max: 2.3, Diff: 1.5, Sum: 5.0]
      [Update RS (ms): Min: 0.2, Avg: 0.9, Max: 1.3, Diff: 1.1, Sum: 3.5]
         [Processed Buffers: Min: 2, Avg: 4.8, Max: 9, Diff: 7, Sum: 19]
      [Scan RS (ms): Min: 0.0, Avg: 0.0, Max: 0.0, Diff: 0.0, Sum: 0.1]
      [Code Root Scanning (ms): Min: 0.0, Avg: 1.7, Max: 3.4, Diff: 3.4, Sum: 6.7]
      [Object Copy (ms): Min: 3.9, Avg: 5.8, Max: 7.6, Diff: 3.7, Sum: 23.1]
      [Termination (ms): Min: 0.0, Avg: 0.1, Max: 0.2, Diff: 0.2, Sum: 0.6]
         [Termination Attempts: Min: 1, Avg: 1.0, Max: 1, Diff: 0, Sum: 4]
      [GC Worker Other (ms): Min: 0.0, Avg: 0.0, Max: 0.0, Diff: 0.02018-04-22T11:49:50.313-0800: 18005.871: [GC pause (G1 Evacuation Pause) (young), 0.1819354 secs]
   [Parallel Time: 165.8 ms, GC Workers: 4]
      [GC Worker Start (ms): Min: 18005882.9, Avg: 18005883.0, Max: 18005883.1, Diff: 0.3]
      [Ext Root Scanning (ms): Min: 24.4, Avg: 47.7, Max: 115.9, Diff: 91.5, Sum: 190.8]
      [Update RS (ms): Min: 0.0, Avg: 22.0, Max: 31.7, Diff: 31.6, Sum: 88.1]
         [Processed Buffers: Min: 0, Avg: 8.0, Max: 29, Diff: 29, Sum: 32]
      [Scan RS (ms): Min: 0.1, Avg: 0.1, Max: 0.1, Diff: 0.1, Sum: 0.4]
      [Code Root Scanning (ms): Min: 0.0, Avg: 3.2, Max: 6.7, Diff: 6.7, Sum: 12.9]
   2018-04-22T13:30:19.746-0800: 21923.534: [GC pause (G1 Evacuation Pause) (young), 0.1081020 secs]
   [Parallel Time: 87.7 ms, GC Workers: 4]
      [GC Worker Start (ms): Min: 21923547.5, Avg: 21923547.6, Max: 21923547.6, Diff: 0.1]
      [Ext Root Scanning (ms): Min: 24.1, Avg: 30.7, Max: 50.0, Diff: 26.0, Sum: 123.0]
      [Update RS (ms): Min: 0.0, Avg: 10.4, Max: 18.6, Diff: 18.6, Sum: 41.5]
         [Processed Buffers: Min: 0, Avg: 5.2, Max: 16, Diff: 16, Sum: 21]
      [Scan RS (ms): Min: 0.0, Avg: 0.1, Max: 0.2, Diff: 0.2, Sum: 0.3]
      [Code Root Scanning (ms): Min: 0.0, Avg: 2.7, Max: 6.3, Diff: 6.3, Sum: 10.9]
      [Object Copy (ms): Min: 28.2, Avg: 36.5, Max: 48.8, Diff: 20.5, Sum: 145.8]
      [Termination (ms): Min: 2.8, Avg: 6.9, Max: 9.9, Diff: 7.1, Sum: 27.5]
         [Termination Attempts: Min: 50, Avg: 90.2, Max: 149, Diff: 99, Sum: 361]
      [GC Worker Other (ms): Min: 0.0, Avg: 0.3, Max: 1.0, Diff: 1.0, Sum: 1.1]
      [GC Worker Total (ms): Min: 87.5, Avg: 87.5, Max: 87.6, Diff: 0.1, Sum: 350.0]
      [GC Worker End (ms): Min: 21923635.1, Avg: 21923635.1, Max: 21923635.1, Diff: 0.0]
   [Code Root Fixup: 0.3 ms]
   [Code Root Purge: 0.0 ms]
   [Clear CT: 0.2 ms]
   [Other: 19.9 ms]
      [Choose CSet: 0.0 ms]
      [Ref Proc: 4.5 ms]
      [Ref Enq: 0.0 ms]
      [Redirty Cards: 0.1 ms]
      [Humongous Register: 5.6 ms]
      [Humongous Reclaim: 0.0 ms]
      [Free CSet: 0.8 ms]
   [Eden: 369.0M(369.0M)->0.0B(46.0M) Survivors: 4096.0K->5120.0K Heap: 509.7M(1024.0M)->141.2M(1024.0M)]
 [Times: user=0.05 sys=0.07, real=0.11 secs] 
2018-04-22T13:39:28.512-0800: 22474.567: [GC pause (G1 Evacuation Pause) (young), 0.0203496 secs]
   [Parallel Time: 17.2 ms, GC Workers: 4]
      [GC Worker Start (ms): Min: 22474569.0, Avg: 22474569.4, Max: 22474569.9, Diff: 0.9]
      [Ext Root Scanning (ms): Min: 4.3, Avg: 5.2, Max: 6.3, Diff: 2.0, Sum: 20.8]
      [Update RS (ms): Min: 0.1, Avg: 0.6, Max: 1.0, Diff: 1.0, Sum: 2.3]
         [Processed Buffers: Min: 1, Avg: 5.0, Max: 8, Diff: 7, Sum: 20]
      [Scan RS (ms): Min: 0.0, Avg: 0.0, Max: 0.0, Diff: 0.0, Sum: 0.0]
      [Code Root Scanning (ms): Min: 0.0, Avg: 0.4, Max: 0.8, Diff: 0.8, Sum: 1.5]
      [Object Copy (ms): Min: 8.9, Avg: 9.4, Max: 9.8, Diff: 1.0, Sum: 37.7]
      [Termination (ms): Min: 0.0, Avg: 0.8, Max: 1.2, Diff: 1.2, Sum: 3.3]
         [Termination Attempts: Min: 1, Avg: 1.2, Max: 2, Diff: 1, Sum: 5]
      [GC Worker Other (ms): Min: 0.0, Avg: 0.0, Max: 0.0, Diff: 0.0, Sum: 0.1]
      [GC Worker Total (ms): Min: 15.3, Avg: 16.4, Max: 17.1, Diff: 1.8, Sum: 65.7]
      [GC Worker End (ms): Min: 22474585.2, Avg: 22474585.9, Max: 22474586.1, Diff: 0.9]
   [Code Root Fixup: 0.5 ms]
   [Code Root Purge: 0.0 ms]
   [Clear CT: 0.1 ms]
   [Other: 2.6 ms]
      [Choose CSet: 0.0 ms]
      [Ref Proc: 0.4 ms]
      [Ref Enq: 0.0 ms]
      [Redirty Cards: 0.1 ms]
      [Humongous Register: 0.1 ms]
      [Humongous Reclaim: 0.0 ms]
      [Free CSet: 0.3 ms]
   [Eden: 46.0M(46.0M)->0.0B(46.0M) Survivors: 5120.0K->5120.0K Heap: 187.2M(1024.0M)->141.2M(1024.0M)]
 [Times: user=0.02 sys=0.02, real=0.02 secs] 
2018-04-22T13:48:34.004-0800: 23020.054: [GC pause (G1 Evacuation Pause) (young), 0.0159303 secs]
   [Parallel Time: 13.6 ms, GC Workers: 4]
      [GC Worker Start (ms): Min: 23020055.5, Avg: 23020055.5, Max: 23020055.6, Diff: 0.1]
      [Ext Root Scanning (ms): Min: 1.6, Avg: 2.9, Max: 6.4, Diff: 4.7, Sum: 11.6]
      [Update RS (ms): Min: 0.0, Avg: 1.8, Max: 2.9, Diff: 2.9, Sum: 7.4]
         [Processed Buffers: Min: 0, Avg: 5.0, Max: 11, Diff: 11, Sum: 20]
      [Scan RS (ms): Min: 0.0, Avg: 0.0, Max: 0.0, Diff: 0.0, Sum: 0.0]
      [Code Root Scanning (ms): Min: 0.0, Avg: 0.8, Max: 2.1, Diff: 2.1, Sum: 3.1]
      [Object Copy (ms): Min: 6.8, Avg: 7.7, Max: 8.6, Diff: 1.8, Sum: 30.6]
      [Termination (ms): Min: 0.0, Avg: 0.3, Max: 0.3, Diff: 0.3, Sum: 1.0]
         [Termination Attempts: Min: 1, Avg: 1.0, Max: 1, Diff: 0, Sum: 4]
      [GC Worker Other (ms): Min: 0.0, Avg: 0.1, Max: 0.2, Diff: 0.2, Sum: 0.2]
      [GC Worker Total (ms): Min: 13.4, Avg: 13.5, Max: 13.5, Diff: 0.1, Sum: 53.9]
      [GC Worker End (ms): Min: 23020069.0, Avg: 23020069.0, Max: 23020069.0, Diff: 0.0]
   [Code Root Fixup: 0.3 ms]
   [Code Root Purge: 0.0 ms]
   [Clear CT: 0.1 ms]
   [Other: 1.9 ms]
      [Choose CSet: 0.0 ms]
      [Ref Proc: 0.3 ms]
      [Ref Enq: 0.0 ms]
      [Redirty Cards: 0.1 ms]
      [Humongous Register: 1.0 ms]
      [Humongous Reclaim: 0.0 ms]
      [Free CSet: 0.2 ms]
   [Eden: 46.0M(46.0M)->0.0B(46.0M) Survivors: 5120.0K->5120.0K Heap: 187.2M(1024.0M)->141.2M(1024.0M)]
 [Times: user=0.02 sys=0.02, real=0.02 secs] 
2018-04-22T13:57:45.866-0800: 23571.911: [GC pause (G1 Evacuation Pause) (young), 0.0128903 secs]
   [Parallel Time: 11.7 ms, GC Workers: 4]
      [GC Worker Start (ms): Min: 23571911.1, Avg: 23571911.1, Max: 23571911.1, Diff: 0.0]
      [Ext Root Scanning (ms): Min: 1.4, Avg: 1.5, Max: 1.5, Diff: 0.1, Sum: 5.9]
      [Update RS (ms): Min: 1.3, Avg: 1.3, Max: 1.5, Diff: 0.2, Sum: 5.3]
         [Processed Buffers: Min: 1, Avg: 5.2, Max: 17, Diff: 16, Sum: 21]
      [Scan RS (ms): Min: 0.0, Avg: 0.0, Max: 0.0, Diff: 0.0, Sum: 0.0]
      [Code Root Scanning (ms): Min: 0.0, Avg: 1.9, Max: 3.7, Diff: 3.7, Sum: 7.4]
      [Object Copy (ms): Min: 4.8, Avg: 6.7, Max: 8.5, Diff: 3.7, Sum: 26.9]
      [Termination (ms): Min: 0.0, Avg: 0.2, Max: 0.3, Diff: 0.3, Sum: 1.0]
         [Termination Attempts: Min: 1, Avg: 1.0, Max: 1, Diff: 0, Sum: 4]
      [GC Worker Other (ms): Min: 0.0, Avg: 0.0, Max: 0.0, Diff: 0.0, Sum: 0.1]
      [GC Worker Total (ms): Min: 11.6, Avg: 11.7, Max: 11.7, Diff: 0.0, Sum: 46.6]
      [GC Worker End (ms): Min: 23571922.8, Avg: 23571922.8, Max: 23571922.8, Diff: 0.0]
   [Code Root Fixup: 0.3 ms]
   [Code Root Purge: 0.0 ms]
   [Clear CT: 0.1 ms]
   [Other: 0.7 ms]
      [Choose CSet: 0.0 ms]
      [Ref Proc: 0.3 ms]
      [Ref Enq: 0.0 ms]
      [Redirty Cards: 0.1 ms]
      [Humongous Register: 0.0 ms]
      [Humongous Reclaim: 0.0 ms]
      [Free CSet: 0.1 ms]
   [Eden: 46.0M(46.0M)->0.0B(46.0M) Survivors: 5120.0K->5120.0K Heap: 187.2M(1024.0M)->141.2M(1024.0M)]
 [Times: user=0.02 sys=0.01, real=0.01 secs] 
2018-04-22T14:06:58.074-0800: 24124.114: [GC pause (G1 Evacuation Pause) (young), 0.0170543 secs]
   [Parallel Time: 15.8 ms, GC Workers: 4]
      [GC Worker Start (ms): Min: 24124113.8, Avg: 24124114.6, Max: 24124115.1, Diff: 1.3]
      [Ext Root Scanning (ms): Min: 1.6, Avg: 2.9, Max: 4.4, Diff: 2.7, Sum: 11.7]
      [Update RS (ms): Min: 0.0, Avg: 0.7, Max: 1.5, Diff: 1.5, Sum: 2.9]
         [Processed Buffers: Min: 0, Avg: 4.2, Max: 14, Diff: 14, Sum: 17]
      [Scan RS (ms): Min: 0.0, Avg: 0.0, Max: 0.0, Diff: 0.0, Sum: 0.0]
      [Code Root Scanning (ms): Min: 0.0, Avg: 1.0, Max: 2.2, Diff: 2.2, Sum: 4.1]
      [Object Copy (ms): Min: 8.0, Avg: 9.1, Max: 10.5, Diff: 2.5, Sum: 36.2]
      [Termination (ms): Min: 0.0, Avg: 1.1, Max: 1.8, Diff: 1.8, Sum: 4.6]
         [Termination Attempts: Min: 1, Avg: 1.5, Max: 3, Diff: 2, Sum: 6]
      [GC Worker Other (ms): Min: 0.0, Avg: 0.0, Max: 0.1, Diff: 0.1, Sum: 0.1]
      [GC Worker Total (ms): Min: 14.5, Avg: 14.9, Max: 15.7, Diff: 1.3, Sum: 59.7]
      [GC Worker End (ms): Min: 24124129.5, Avg: 24124129.6, Max: 24124129.6, Diff: 0.0]
   [Code Root Fixup: 0.3 ms]
   [Code Root Purge: 0.0 ms]
   [Clear CT: 0.1 ms]
   [Other: 0.8 ms]
      [Choose CSet: 0.0 ms]
      [Ref Proc: 0.3 ms]
      [Ref Enq: 0.0 ms]
      [Redirty Cards: 0.0 ms]
      [Humongous Register: 0.0 ms]
      [Humongous Reclaim: 0.0 ms]
      [Free CSet: 0.1 ms]
   [Eden: 46.0M(46.0M)->0.0B(48.0M) Survivors: 5120.0K->3072.0K Heap: 187.2M(1024.0M)->141.4M(1024.0M)]
 [Times: user=0.03 sys=0.01, real=0.02 secs] 
2018-04-22T14:16:28.550-0800: 24694.583: [GC pause (G1 Evacuation Pause) (young), 0.0061554 secs]
   [Parallel Time: 4.9 ms, GC Workers: 4]
      [GC Worker Start (ms): Min: 24694583.6, Avg: 24694583.6, Max: 24694583.6, Diff: 0.0]
      [Ext Root Scanning (ms): Min: 0.5, Avg: 0.6, Max: 0.8, Diff: 0.3, Sum: 2.5]
      [Update RS (ms): Min: 2.9, Avg: 3.1, Max: 3.3, Diff: 0.4, Sum: 12.3]
         [Processed Buffers: Min: 4, Avg: 8.8, Max: 20, Diff: 16, Sum: 35]
      [Scan RS (ms): Min: 0.0, Avg: 0.0, Max: 0.0, Diff: 0.0, Sum: 0.0]
      [Code Root Scanning (ms): Min: 0.0, Avg: 0.3, Max: 0.8, Diff: 0.8, Sum: 1.3]
      [Object Copy (ms): Min: 0.3, Avg: 0.7, Max: 1.2, Diff: 0.9, Sum: 3.0]
      [Termination (ms): Min: 0.0, Avg: 0.0, Max: 0.0, Diff: 0.0, Sum: 0.0]
         [Termination Attempts: Min: 1, Avg: 1.0, Max: 1, Diff: 0, Sum: 4]
      [GC Worker Other (ms): Min: 0.0, Avg: 0.0, Max: 0.0, Diff: 0.0, Sum: 0.1]
      [GC Worker Total (ms): Min: 4.8, Avg: 4.8, Max: 4.8, Diff: 0.1, Sum: 19.2]
      [GC Worker End (ms): Min: 24694588.4, Avg: 24694588.4, Max: 24694588.4, Diff: 0.0]
   [Code Root Fixup: 0.4 ms]
   [Code Root Purge: 0.0 ms]
   [Clear CT: 0.1 ms]
   [Other: 0.8 ms]
      [Choose CSet: 0.0 ms]
      [Ref Proc: 0.4 ms]
      [Ref Enq: 0.0 ms]
      [Redirty Cards: 0.1 ms]
      [Humongous Register: 0.0 ms]
      [Humongous Reclaim: 0.0 ms]
      [Free CSet: 0.1 ms]
   [Eden: 48.0M(48.0M)->0.0B(49.0M) Survivors: 3072.0K->2048.0K Heap: 189.4M(1024.0M)->142.0M(1024.0M)]
 [Times: user=0.01 sys=0.00, real=0.00 secs] 
2018-04-22T14:26:19.550-0800: 25285.500: [GC pause (G1 Evacuation Pause) (young), 0.0040366 secs]
   [Parallel Time: 3.1 ms, GC Workers: 4]
      [GC Worker Start (ms): Min: 25285499.8, Avg: 25285500.1, Max: 25285500.8, Diff: 1.0]
      [Ext Root Scanning (ms): Min: 0.0, Avg: 0.6, Max: 0.9, Diff: 0.9, Sum: 2.2]
      [Update RS (ms): Min: 1.3, Avg: 1.6, Max: 2.2, Diff: 0.9, Sum: 6.4]
         [Processed Buffers: Min: 1, Avg: 7.8, Max: 18, Diff: 17, Sum: 31]
      [Scan RS (ms): Min: 0.0, Avg: 0.0, Max: 0.0, Diff: 0.0, Sum: 0.0]
      [Code Root Scanning (ms): Min: 0.0, Avg: 0.1, Max: 0.3, Diff: 0.3, Sum: 0.3]
      [Object Copy (ms): Min: 0.1, Avg: 0.3, Max: 0.6, Diff: 0.5, Sum: 1.2]
      [Termination (ms): Min: 0.0, Avg: 0.3, Max: 0.4, Diff: 0.4, Sum: 1.1]
         [Termination Attempts: Min: 1, Avg: 8.2, Max: 30, Diff: 29, Sum: 33]
      [GC Worker Other (ms): Min: 0.0, Avg: 0.0, Max: 0.0, Diff: 0.0, Sum: 0.1]
      [GC Worker Total (ms): Min: 2.1, Avg: 2.8, Max: 3.1, Diff: 1.0, Sum: 11.3]
      [GC Worker End (ms): Min: 25285502.9, Avg: 25285502.9, Max: 25285502.9, Diff: 0.0]
   [Code Root Fixup: 0.1 ms]
   [Code Root Purge: 0.0 ms]
   [Clear CT: 0.1 ms]
   [Other: 0.7 ms]
      [Choose CSet: 0.0 ms]
      [Ref Proc: 0.3 ms]
      [Ref Enq: 0.0 ms]
      [Redirty Cards: 0.0 ms]
      [Humongous Register: 0.1 ms]
      [Humongous Reclaim: 0.0 ms]
      [Free CSet: 0.1 ms]
   [Eden: 49.0M(49.0M)->0.0B(613.0M) Survivors: 2048.0K->1024.0K Heap: 191.0M(1024.0M)->141.7M(1024.0M)]
 [Times: user=0.01 sys=0.00, real=0.00 secs] 
2018-04-22T16:29:03.096-0800: 32648.759: [GC pause (G1 Evacuation Pause) (young), 0.5719299 secs]
   [Parallel Time: 522.0 ms, GC Workers: 4]
      [GC Worker Start (ms): Min: 32648798.4, Avg: 32648799.5, Max: 32648799.9, Diff: 1.5]
      [Ext Root Scanning (ms): Min: 25.4, Avg: 34.0, Max: 58.9, Diff: 33.4, Sum: 135.9]
      [Update RS (ms): Min: 0.0, Avg: 11.9, Max: 18.0, Diff: 18.0, Sum: 47.4]
         [Processed Buffers: Min: 0, Avg: 9.0, Max: 34, Diff: 34, Sum: 36]
      [Scan RS (ms): Min: 0.0, Avg: 0.1, Max: 0.2, Diff: 0.1, Sum: 0.4]
      [Code Root Scanning (ms): Min: 0.0, Avg: 1.7, Max: 5.2, Diff: 5.2, Sum: 6.6]
      [Object Copy (ms): Min: 210.0, Avg: 240.8, Max: 282.0, Diff: 72.1, Sum: 963.4]
      [Termination (ms): Min: 178.6, Avg: 230.8, Max: 265.6, Diff: 87.1, Sum: 923.4]
         [Termination Attempts: Min: 250, Avg: 303.2, Max: 348, Diff: 98, Sum: 1213]
      [GC Worker Other (ms): Min: 0.1, Avg: 0.6, Max: 1.2, Diff: 1.1, Sum: 2.5]
      [GC Worker Total (ms): Min: 519.2, Avg: 519.9, Max: 520.7, Diff: 1.5, Sum: 2079.7]
      [GC Worker End (ms): Min: 32649319.1, Avg: 32649319.4, Max: 32649320.2, Diff: 1.1]
   [Code Root Fixup: 0.1 ms]
   [Code Root Purge: 0.0 ms]
   [Clear CT: 0.8 ms]
   [Other: 49.1 ms]
      [Choose CSet: 0.0 ms]
      [Ref Proc: 7.3 ms]
      [Ref Enq: 0.1 ms]
      [Redirty Cards: 0.1 ms]
      [Humongous Register: 8.5 ms]
      [Humongous Reclaim: 0.0 ms]
      [Free CSet: 2.1 ms]
   [Eden: 613.0M(613.0M)->0.0B(50.0M) Survivors: 1024.0K->1024.0K Heap: 754.7M(1024.0M)->141.9M(1024.0M)]
 [Times: user=0.82 sys=0.27, real=0.57 secs] 
2018-04-22T16:39:01.267-0800: 33246.911: [GC pause (G1 Evacuation Pause) (young), 0.0101276 secs]
   [Parallel Time: 6.0 ms, GC Workers: 4]
      [GC Worker Start (ms): Min: 33246910.9, Avg: 33246910.9, Max: 33246910.9, Diff: 0.1]
      [Ext Root Scanning (ms): Min: 2.5, Avg: 3.0, Max: 3.7, Diff: 1.2, Sum: 11.9]
      [Update RS (ms): Min: 0.0, Avg: 0.6, Max: 2.0, Diff: 2.0, Sum: 2.5]
         [Processed Buffers: Min: 0, Avg: 8.5, Max: 33, Diff: 33, Sum: 34]
      [Scan RS (ms): Min: 0.0, Avg: 0.0, Max: 0.0, Diff: 0.0, Sum: 0.0]
      [Code Root Scanning (ms): Min: 0.0, Avg: 0.0, Max: 0.1, Diff: 0.1, Sum: 0.1]
      [Object Copy (ms): Min: 1.2, Avg: 1.7, Max: 1.9, Diff: 0.7, Sum: 6.7]
      [Termination (ms): Min: 0.0, Avg: 0.5, Max: 0.8, Diff: 0.8, Sum: 2.0]
         [Termination Attempts: Min: 1, Avg: 1.5, Max: 2, Diff: 1, Sum: 6]
      [GC Worker Other (ms): Min: 0.0, Avg: 0.0, Max: 0.1, Diff: 0.1, Sum: 0.1]
      [GC Worker Total (ms): Min: 5.8, Avg: 5.9, Max: 5.9, Diff: 0.0, Sum: 23.4]
      [GC Worker End (ms): Min: 33246916.7, Avg: 33246916.7, Max: 33246916.8, Diff: 0.0]
   [Code Root Fixup: 0.1 ms]
   [Code Root Purge: 0.0 ms]
   [Clear CT: 0.1 ms]
   [Other: 4.0 ms]
      [Choose CSet: 0.0 ms]
      [Ref Proc: 3.6 ms]
      [Ref Enq: 0.0 ms]
      [Redirty Cards: 0.1 ms]
      [Humongous Register: 0.1 ms]
      [Humongous Reclaim: 0.0 ms]
      [Free CSet: 0.1 ms]
   [Eden: 50.0M(50.0M)->0.0B(50.0M) Survivors: 1024.0K->1024.0K Heap: 191.9M(1024.0M)->141.9M(1024.0M)]
 [Times: user=0.01 sys=0.00, real=0.01 secs] 
2018-04-22T16:48:59.781-0800: 33845.392: [GC pause (G1 Evacuation Pause) (young), 0.0031566 secs]
   [Parallel Time: 2.1 ms, GC Workers: 4]
      [GC Worker Start (ms): Min: 33845392.6, Avg: 33845392.7, Max: 33845392.9, Diff: 0.2]
      [Ext Root Scanning (ms): Min: 0.7, Avg: 0.9, Max: 1.0, Diff: 0.2, Sum: 3.5]
      [Update RS (ms): Min: 0.0, Avg: 0.3, Max: 0.5, Diff: 0.5, Sum: 1.3]
         [Processed Buffers: Min: 0, Avg: 8.2, Max: 24, Diff: 24, Sum: 33]
      [Scan RS (ms): Min: 0.0, Avg: 0.0, Max: 0.0, Diff: 0.0, Sum: 0.0]
      [Code Root Scanning (ms): Min: 0.0, Avg: 0.0, Max: 0.1, Diff: 0.1, Sum: 0.1]
      [Object Copy (ms): Min: 0.4, Avg: 0.6, Max: 1.0, Diff: 0.6, Sum: 2.4]
      [Termination (ms): Min: 0.0, Avg: 0.0, Max: 0.1, Diff: 0.1, Sum: 0.1]
         [Termination Attempts: Min: 1, Avg: 1.8, Max: 3, Diff: 2, Sum: 7]
      [GC Worker Other (ms): Min: 0.0, Avg: 0.0, Max: 0.1, Diff: 0.1, Sum: 0.1]
      [GC Worker Total (ms): Min: 1.8, Avg: 1.9, Max: 2.0, Diff: 0.2, Sum: 7.6]
      [GC Worker End (ms): Min: 33845394.6, Avg: 33845394.6, Max: 33845394.7, Diff: 0.0]
   [Code Root Fixup: 0.2 ms]
   [Code Root Purge: 0.0 ms]
   [Clear CT: 0.1 ms]
   [Other: 0.8 ms]
      [Choose CSet: 0.0 ms]
      [Ref Proc: 0.4 ms]
      [Ref Enq: 0.0 ms]
      [Redirty Cards: 0.1 ms]
      [Humongous Register: 0.0 ms]
      [Humongous Reclaim: 0.0 ms]
      [Free CSet: 0.1 ms]
   [Eden: 50.0M(50.0M)->0.0B(50.0M) Survivors: 1024.0K->1024.0K Heap: 191.9M(1024.0M)->141.7M(1024.0M)]
 [Times: user=0.00 sys=0.00, real=0.00 secs] 
2018-04-22T16:58:58.979-0800: 34444.572: [GC pause (G1 Evacuation Pause) (young), 0.0058952 secs]
   [Parallel Time: 2.8 ms, GC Workers: 4]
      [GC Worker Start (ms): Min: 34444572.3, Avg: 34444572.4, Max: 34444572.5, Diff: 0.1]
      [Ext Root Scanning (ms): Min: 0.7, Avg: 1.0, Max: 1.2, Diff: 0.5, Sum: 3.8]
      [Update RS (ms): Min: 0.1, Avg: 0.2, Max: 0.4, Diff: 0.3, Sum: 1.0]
         [Processed Buffers: Min: 2, Avg: 8.5, Max: 18, Diff: 16, Sum: 34]
      [Scan RS (ms): Min: 0.0, Avg: 0.0, Max: 0.0, Diff: 0.0, Sum: 0.0]
      [Code Root Scanning (ms): Min: 0.0, Avg: 0.0, Max: 0.1, Diff: 0.1, Sum: 0.1]
      [Object Copy (ms): Min: 0.4, Avg: 1.0, Max: 1.3, Diff: 1.0, Sum: 4.0]
      [Termination (ms): Min: 0.0, Avg: 0.4, Max: 1.1, Diff: 1.1, Sum: 1.8]
         [Termination Attempts: Min: 1, Avg: 1.0, Max: 1, Diff: 0, Sum: 4]
      [GC Worker Other (ms): Min: 0.0, Avg: 0.0, Max: 0.0, Diff: 0.0, Sum: 0.1]
      [GC Worker Total (ms): Min: 2.6, Avg: 2.7, Max: 2.7, Diff: 0.1, Sum: 10.8]
      [GC Worker End (ms): Min: 34444575.1, Avg: 34444575.1, Max: 34444575.1, Diff: 0.0]
   [Code Root Fixup: 0.1 ms]
   [Code Root Purge: 0.0 ms]
   [Clear CT: 0.1 ms]
   [Other: 3.0 ms]
      [Choose CSet: 0.0 ms]
      [Ref Proc: 2.0 ms]
      [Ref Enq: 0.0 ms]
      [Redirty Cards: 0.1 ms]
      [Humongous Register: 0.5 ms]
      [Humongous Reclaim: 0.0 ms]
      [Free CSet: 0.1 ms]
   [Eden: 50.0M(50.0M)->0.0B(50.0M) Survivors: 1024.0K->1024.0K Heap: 191.7M(1024.0M)->141.7M(1024.0M)]
 [Times: user=0.01 sys=0.00, real=0.01 secs] 
2018-04-22T17:08:59.474-0800: 35045.049: [GC pause (G1 Evacuation Pause) (young), 0.0053499 secs]
   [Parallel Time: 3.1 ms, GC Workers: 4]
      [GC Worker Start (ms): Min: 35045049.1, Avg: 35045049.2, Max: 35045049.2, Diff: 0.1]
      [Ext Root Scanning (ms): Min: 2.3, Avg: 2.3, Max: 2.4, Diff: 0.1, Sum: 9.3]
      [Update RS (ms): Min: 0.3, Avg: 0.3, Max: 0.4, Diff: 0.2, Sum: 1.3]
         [Processed Buffers: Min: 1, Avg: 8.5, Max: 16, Diff: 15, Sum: 34]
      [Scan RS (ms): Min: 0.0, Avg: 0.0, Max: 0.0, Diff: 0.0, Sum: 0.0]
      [Code Root Scanning (ms): Min: 0.0, Avg: 0.0, Max: 0.1, Diff: 0.1, Sum: 0.1]
      [Object Copy (ms): Min: 0.2, Avg: 0.3, Max: 0.3, Diff: 0.2, Sum: 1.0]
      [Termination (ms): Min: 0.0, Avg: 0.0, Max: 0.0, Diff: 0.0, Sum: 0.0]
         [Termination Attempts: Min: 1, Avg: 2.2, Max: 4, Diff: 3, Sum: 9]
      [GC Worker Other (ms): Min: 0.0, Avg: 0.0, Max: 0.1, Diff: 0.1, Sum: 0.2]
      [GC Worker Total (ms): Min: 2.9, Avg: 3.0, Max: 3.0, Diff: 0.1, Sum: 11.9]
      [GC Worker End (ms): Min: 35045052.1, Avg: 35045052.2, Max: 35045052.2, Diff: 0.0]
   [Code Root Fixup: 0.1 ms]
   [Code Root Purge: 0.0 ms]
   [Clear CT: 0.1 ms]
   [Other: 2.0 ms]
      [Choose CSet: 0.0 ms]
      [Ref Proc: 1.6 ms]
      [Ref Enq: 0.0 ms]
      [Redirty Cards: 0.1 ms]
      [Humongous Register: 0.0 ms]
      [Humongous Reclaim: 0.0 ms]
      [Free CSet: 0.1 ms]
   [Eden: 50.0M(50.0M)->0.0B(50.0M) Survivors: 1024.0K->1024.0K Heap: 191.7M(1024.0M)->141.7M(1024.0M)]
 [Times: user=0.00 sys=0.00, real=0.01 secs] 
2018-04-22T17:18:56.868-0800: 35642.433: [GC pause (G1 Evacuation Pause) (young), 0.0067944 secs]
   [Parallel Time: 6.0 ms, GC Workers: 4]
      [GC Worker Start (ms): Min: 35642432.6, Avg: 35642432.7, Max: 35642432.7, Diff: 0.1]
      [Ext Root Scanning (ms): Min: 0.6, Avg: 1.8, Max: 5.0, Diff: 4.4, Sum: 7.1]
      [Update RS (ms): Min: 0.0, Avg: 0.3, Max: 0.5, Diff: 0.5, Sum: 1.3]
         [Processed Buffers: Min: 0, Avg: 8.5, Max: 24, Diff: 24, Sum: 34]
      [Scan RS (ms): Min: 0.0, Avg: 0.0, Max: 0.0, Diff: 0.0, Sum: 0.0]
      [Code Root Scanning (ms): Min: 0.0, Avg: 0.0, Max: 0.1, Diff: 0.1, Sum: 0.1]
      [Object Copy (ms): Min: 0.0, Avg: 0.4, Max: 1.0, Diff: 1.0, Sum: 1.4]
      [Termination (ms): Min: 0.9, Avg: 3.5, Max: 4.6, Diff: 3.7, Sum: 13.9]
         [Termination Attempts: Min: 1, Avg: 1.5, Max: 2, Diff: 1, Sum: 6]
      [GC Worker Other (ms): Min: 0.0, Avg: 0.0, Max: 0.0, Diff: 0.0, Sum: 0.1]
      [GC Worker Total (ms): Min: 5.9, Avg: 5.9, Max: 6.0, Diff: 0.1, Sum: 23.8]
      [GC Worker End (ms): Min: 35642438.6, Avg: 35642438.6, Max: 35642438.6, Diff: 0.0]
   [Code Root Fixup: 0.1 ms]
   [Code Root Purge: 0.0 ms]
   [Clear CT: 0.1 ms]
   [Other: 0.6 ms]
      [Choose CSet: 0.0 ms]
      [Ref Proc: 0.2 ms]
      [Ref Enq: 0.0 ms]
      [Redirty Cards: 0.1 ms]
      [Humongous Register: 0.0 ms]
      [Humongous Reclaim: 0.0 ms]
      [Free CSet: 0.1 ms]
   [Eden: 50.0M(50.0M)->0.0B(50.0M) Survivors: 1024.0K->1024.0K Heap: 191.7M(1024.0M)->141.7M(1024.0M)]
 [Times: user=0.01 sys=0.00, real=0.01 secs] 
2018-04-22T17:28:56.359-0800: 36241.908: [GC pause (G1 Evacuation Pause) (young), 0.0044232 secs]
   [Parallel Time: 3.6 ms, GC Workers: 4]
      [GC Worker Start (ms): Min: 36241908.0, Avg: 36241908.0, Max: 36241908.0, Diff: 0.0]
      [Ext Root Scanning (ms): Min: 0.7, Avg: 1.2, Max: 2.4, Diff: 1.7, Sum: 4.7]
      [Update RS (ms): Min: 0.0, Avg: 0.2, Max: 0.3, Diff: 0.3, Sum: 0.9]
         [Processed Buffers: Min: 0, Avg: 8.5, Max: 21, Diff: 21, Sum: 34]
      [Scan RS (ms): Min: 0.0, Avg: 0.0, Max: 0.0, Diff: 0.0, Sum: 0.0]
      [Code Root Scanning (ms): Min: 0.0, Avg: 0.0, Max: 0.1, Diff: 0.1, Sum: 0.1]
      [Object Copy (ms): Min: 0.1, Avg: 0.4, Max: 1.0, Diff: 0.9, Sum: 1.5]
      [Termination (ms): Min: 0.0, Avg: 1.6, Max: 2.2, Diff: 2.2, Sum: 6.5]
         [Termination Attempts: Min: 1, Avg: 1.2, Max: 2, Diff: 1, Sum: 5]
      [GC Worker Other (ms): Min: 0.0, Avg: 0.0, Max: 0.0, Diff: 0.0, Sum: 0.1]
      [GC Worker Total (ms): Min: 3.4, Avg: 3.5, Max: 3.5, Diff: 0.1, Sum: 13.9]
      [GC Worker End (ms): Min: 36241911.4, Avg: 36241911.5, Max: 36241911.5, Diff: 0.0]
   [Code Root Fixup: 0.1 ms]
   [Code Root Purge: 0.0 ms]
   [Clear CT: 0.1 ms]
   [Other: 0.7 ms]
      [Choose CSet: 0.0 ms]
      [Ref Proc: 0.3 ms]
      [Ref Enq: 0.0 ms]
      [Redirty Cards: 0.1 ms]
      [Humongous Register: 0.1 ms]
      [Humongous Reclaim: 0.0 ms]
      [Free CSet: 0.0 ms]
   [Eden: 50.0M(50.0M)->0.0B(214.0M) Survivors: 1024.0K->1024.0K Heap: 191.7M(1024.0M)->141.7M(1024.0M)]
 [Times: user=0.01 sys=0.00, real=0.01 secs] 
2018-04-22T19:05:36.310-0800: 38808.584: [GC pause (G1 Evacuation Pause) (young), 0.0189703 secs]
   [Parallel Time: 12.8 ms, GC Workers: 4]
      [GC Worker Start (ms): Min: 38808587.5, Avg: 38808587.7, Max: 38808587.9, Diff: 0.3]
      [Ext Root Scanning (ms): Min: 2.8, Avg: 4.8, Max: 10.7, Diff: 7.9, Sum: 19.2]
      [Update RS (ms): Min: 0.0, Avg: 0.8, Max: 1.1, Diff: 1.1, Sum: 3.3]
         [Processed Buffers: Min: 0, Avg: 8.8, Max: 22, Diff: 22, Sum: 35]
      [Scan RS (ms): Min: 0.0, Avg: 0.0, Max: 0.1, Diff: 0.0, Sum: 0.2]
      [Code Root Scanning (ms): Min: 0.0, Avg: 0.0, Max: 0.1, Diff: 0.1, Sum: 0.1]
      [Object Copy (ms): Min: 0.0, Avg: 4.4, Max: 8.0, Diff: 8.0, Sum: 17.5]
      [Termination (ms): Min: 0.3, Avg: 2.4, Max: 6.4, Diff: 6.0, Sum: 9.5]
         [Termination Attempts: Min: 5, Avg: 45.5, Max: 86, Diff: 81, Sum: 182]
      [GC Worker Other (ms): Min: 0.0, Avg: 0.1, Max: 0.1, Diff: 0.1, Sum: 0.3]
      [GC Worker Total (ms): Min: 12.3, Avg: 12.5, Max: 12.7, Diff: 0.3, Sum: 50.0]
      [GC Worker End (ms): Min: 38808600.2, Avg: 38808600.2, Max: 38808600.2, Diff: 0.0]
   [Code Root Fixup: 0.1 ms]
   [Code Root Purge: 0.0 ms]
   [Clear CT: 0.2 ms]
   [Other: 5.8 ms]
      [Choose CSet: 0.0 ms]
      [Ref Proc: 1.6 ms]
      [Ref Enq: 0.0 ms]
      [Redirty Cards: 0.1 ms]
      [Humongous Register: 2.6 ms]
      [Humongous Reclaim: 0.0 ms]
      [Free CSet: 0.8 ms]
   [Eden: 214.0M(214.0M)->0.0B(137.0M) Survivors: 1024.0K->1024.0K Heap: 355.7M(1024.0M)->141.8M(1024.0M)]
 [Times: user=0.02 sys=0.02, real=0.01 secs] 
2018-04-22T19:33:07.055-0800: 40459.265: [GC pause (G1 Evacuation Pause) (young), 0.0258846 secs]
   [Parallel Time: 18.8 ms, GC Workers: 4]
      [GC Worker Start (ms): Min: 40459269.7, Avg: 40459269.7, Max: 40459269.8, Diff: 0.1]
      [Ext Root Scanning (ms): Min: 9.6, Avg: 12.4, Max: 18.6, Diff: 9.1, Sum: 49.6]
      [Update RS (ms): Min: 0.0, Avg: 1.2, Max: 2.7, Diff: 2.7, Sum: 4.8]
         [Processed Buffers: Min: 0, Avg: 8.0, Max: 26, Diff: 26, Sum: 32]
      [Scan RS (ms): Min: 0.0, Avg: 0.0, Max: 0.0, Diff: 0.0, Sum: 0.1]
      [Code Root Scanning (ms): Min: 0.0, Avg: 0.0, Max: 0.1, Diff: 0.1, Sum: 0.1]
      [Object Copy (ms): Min: 0.0, Avg: 0.4, Max: 0.7, Diff: 0.7, Sum: 1.4]
      [Termination (ms): Min: 0.0, Avg: 2.5, Max: 3.5, Diff: 3.5, Sum: 9.9]
         [Termination Attempts: Min: 1, Avg: 6.2, Max: 12, Diff: 11, Sum: 25]
      [GC Worker Other (ms): Min: 0.1, Avg: 2.2, Max: 3.8, Diff: 3.7, Sum: 9.0]
      [GC Worker Total (ms): Min: 18.7, Avg: 18.7, Max: 18.8, Diff: 0.1, Sum: 74.9]
      [GC Worker End (ms): Min: 40459288.5, Avg: 40459288.5, Max: 40459288.5, Diff: 0.0]
   [Code Root Fixup: 0.1 ms]
   [Code Root Purge: 0.0 ms]
   [Clear CT: 0.1 ms]
   [Other: 6.9 ms]
      [Choose CSet: 0.0 ms]
      [Ref Proc: 0.3 ms]
      [Ref Enq: 0.0 ms]
      [Redirty Cards: 0.1 ms]
      [Humongous Register: 1.3 ms]
      [Humongous Reclaim: 0.0 ms]
      [Free CSet: 0.1 ms]
   [Eden: 137.0M(137.0M)->0.0B(50.0M) Survivors: 1024.0K->1024.0K Heap: 278.8M(1024.0M)->141.8M(1024.0M)]
 [Times: user=0.02 sys=0.02, real=0.03 secs] 
2018-04-22T19:43:07.856-0800: 41060.031: [GC pause (G1 Evacuation Pause) (young), 0.0022309 secs]
   [Parallel Time: 1.2 ms, GC Workers: 4]
      [GC Worker Start (ms): Min: 41060031.3, Avg: 41060031.4, Max: 41060031.5, Diff: 0.2]
      [Ext Root Scanning (ms): Min: 0.5, Avg: 0.6, Max: 0.7, Diff: 0.2, Sum: 2.5]
      [Update RS (ms): Min: 0.2, Avg: 0.3, Max: 0.3, Diff: 0.1, Sum: 1.1]
         [Processed Buffers: Min: 1, Avg: 7.5, Max: 17, Diff: 16, Sum: 30]
      [Scan RS (ms): Min: 0.0, Avg: 0.0, Max: 0.0, Diff: 0.0, Sum: 0.1]
      [Code Root Scanning (ms): Min: 0.0, Avg: 0.0, Max: 0.1, Diff: 0.1, Sum: 0.1]
      [Object Copy (ms): Min: 0.1, Avg: 0.2, Max: 0.2, Diff: 0.1, Sum: 0.6]
      [Termination (ms): Min: 0.0, Avg: 0.0, Max: 0.0, Diff: 0.0, Sum: 0.0]
         [Termination Attempts: Min: 1, Avg: 1.0, Max: 1, Diff: 0, Sum: 4]
      [GC Worker Other (ms): Min: 0.0, Avg: 0.0, Max: 0.0, Diff: 0.0, Sum: 0.1]
      [GC Worker Total (ms): Min: 1.0, Avg: 1.1, Max: 1.2, Diff: 0.2, Sum: 4.4]
      [GC Worker End (ms): Min: 41060032.5, Avg: 41060032.5, Max: 41060032.5, Diff: 0.0]
   [Code Root Fixup: 0.1 ms]
   [Code Root Purge: 0.0 ms]
   [Clear CT: 0.2 ms]
   [Other: 0.7 ms]
      [Choose CSet: 0.0 ms]
      [Ref Proc: 0.3 ms]
      [Ref Enq: 0.0 ms]
      [Redirty Cards: 0.1 ms]
      [Humongous Register: 0.0 ms]
      [Humongous Reclaim: 0.0 ms]
      [Free CSet: 0.1 ms]
   [Eden: 50.0M(50.0M)->0.0B(609.0M) Survivors: 1024.0K->1024.0K Heap: 191.8M(1024.0M)->141.7M(1024.0M)]
 [Times: user=0.01 sys=0.00, real=0.00 secs] 
2018-04-22T22:56:02.530-0800: 48392.073: [GC pause (G1 Evacuation Pause) (young), 0.3007348 secs]
   [Parallel Time: 288.5 ms, GC Workers: 4]
      [GC Worker Start (ms): Min: 48392079.7, Avg: 48392079.8, Max: 48392079.9, Diff: 0.2]
      [Ext Root Scanning (ms): Min: 9.9, Avg: 17.6, Max: 39.5, Diff: 29.6, Sum: 70.6]
      [Update RS (ms): Min: 0.0, Avg: 2.2, Max: 3.4, Diff: 3.4, Sum: 8.7]
         [Processed Buffers: Min: 0, Avg: 9.0, Max: 20, Diff: 20, Sum: 36]
      [Scan RS (ms): Min: 0.0, Avg: 0.1, Max: 0.2, Diff: 0.2, Sum: 0.3]
      [Code Root Scanning (ms): Min: 0.0, Avg: 0.0, Max: 0.1, Diff: 0.1, Sum: 0.1]
      [Object Copy (ms): Min: 70.8, Avg: 139.3, Max: 205.0, Diff: 134.1, Sum: 557.0]
      [Termination (ms): Min: 70.3, Avg: 128.9, Max: 178.5, Diff: 108.2, Sum: 515.8]
         [Termination Attempts: Min: 139, Avg: 199.8, Max: 273, Diff: 134, Sum: 799]
      [GC Worker Other (ms): Min: 0.1, Avg: 0.1, Max: 0.1, Diff: 0.0, Sum: 0.3]
      [GC Worker Total (ms): Min: 288.2, Avg: 288.2, Max: 288.3, Diff: 0.2, Sum: 1152.9]
      [GC Worker End (ms): Min: 48392368.0, Avg: 48392368.0, Max: 48392368.1, Diff: 0.0]
   [Code Root Fixup: 0.1 ms]
   [Code Root Purge: 0.0 ms]
   [Clear CT: 1.8 ms]
   [Other: 10.5 ms]
      [Choose CSet: 0.0 ms]
      [Ref Proc: 2.6 ms]
      [Ref Enq: 0.0 ms]
      [Redirty Cards: 0.1 ms]
      [Humongous Register: 3.5 ms]
      [Humongous Reclaim: 0.0 ms]
      [Free CSet: 1.2 ms]
   [Eden: 609.0M(609.0M)->0.0B(50.0M) Survivors: 1024.0K->1024.0K Heap: 750.7M(1024.0M)->141.9M(1024.0M)]
 [Times: user=0.52 sys=0.15, real=0.30 secs] 
2018-04-22T23:44:07.129-0800: 48994.493: [GC pause (G1 Evacuation Pause) (young), 0.0067120 secs]
   [Parallel Time: 5.0 ms, GC Workers: 4]
      [GC Worker Start (ms): Min: 48994494.0, Avg: 48994494.1, Max: 48994494.1, Diff: 0.1]
      [Ext Root Scanning (ms): Min: 3.0, Avg: 3.3, Max: 4.1, Diff: 1.1, Sum: 13.4]
      [Update RS (ms): Min: 0.0, Avg: 0.1, Max: 0.4, Diff: 0.4, Sum: 0.6]
         [Processed Buffers: Min: 0, Avg: 8.2, Max: 24, Diff: 24, Sum: 33]
      [Scan RS (ms): Min: 0.0, Avg: 0.0, Max: 0.0, Diff: 0.0, Sum: 0.0]
      [Code Root Scanning (ms): Min: 0.0, Avg: 0.0, Max: 0.0, Diff: 0.0, Sum: 0.0]
      [Object Copy (ms): Min: 0.2, Avg: 1.2, Max: 1.7, Diff: 1.5, Sum: 4.8]
      [Termination (ms): Min: 0.0, Avg: 0.2, Max: 0.3, Diff: 0.3, Sum: 0.7]
         [Termination Attempts: Min: 1, Avg: 1.2, Max: 2, Diff: 1, Sum: 5]
      [GC Worker Other (ms): Min: 0.0, Avg: 0.0, Max: 0.0, Diff: 0.0, Sum: 0.1]
      [GC Worker Total (ms): Min: 4.8, Avg: 4.9, Max: 4.9, Diff: 0.1, Sum: 19.6]
      [GC Worker End (ms): Min: 48994498.9, Avg: 48994499.0, Max: 48994499.0, Diff: 0.0]
   [Code Root Fixup: 0.1 ms]
   [Code Root Purge: 0.0 ms]
   [Clear CT: 0.1 ms]
   [Other: 1.6 ms]
      [Choose CSet: 0.0 ms]
      [Ref Proc: 0.2 ms]
      [Ref Enq: 0.0 ms]
      [Redirty Cards: 0.1 ms]
      [Humongous Register: 0.0 ms]
      [Humongous Reclaim: 0.0 ms]
      [Free CSet: 0.0 ms]
   [Eden: 50.0M(50.0M)->0.0B(50.0M) Survivors: 1024.0K->1024.0K Heap: 191.9M(1024.0M)->141.9M(1024.0M)]
 [Times: user=0.00 sys=0.00, real=0.01 secs] 
2018-04-22T23:54:07.230-0800: 49594.576: [GC pause (G1 Evacuation Pause) (young), 0.0123831 secs]
   [Parallel Time: 10.1 ms, GC Workers: 4]
      [GC Worker Start (ms): Min: 49594576.0, Avg: 49594576.1, Max: 49594576.3, Diff: 0.4]
      [Ext Root Scanning (ms): Min: 4.2, Avg: 4.8, Max: 5.8, Diff: 1.6, Sum: 19.1]
      [Update RS (ms): Min: 0.0, Avg: 0.6, Max: 0.8, Diff: 0.8, Sum: 2.2]
         [Processed Buffers: Min: 0, Avg: 8.0, Max: 23, Diff: 23, Sum: 32]
      [Scan RS (ms): Min: 0.0, Avg: 0.0, Max: 0.1, Diff: 0.1, Sum: 0.1]
      [Code Root Scanning (ms): Min: 0.0, Avg: 0.0, Max: 0.1, Diff: 0.1, Sum: 0.1]
      [Object Copy (ms): Min: 2.1, Avg: 3.1, Max: 4.6, Diff: 2.5, Sum: 12.5]
      [Termination (ms): Min: 0.0, Avg: 1.3, Max: 2.1, Diff: 2.1, Sum: 5.2]
         [Termination Attempts: Min: 1, Avg: 1.0, Max: 1, Diff: 0, Sum: 4]
      [GC Worker Other (ms): Min: 0.0, Avg: 0.0, Max: 0.0, Diff: 0.0, Sum: 0.1]
      [GC Worker Total (ms): Min: 9.5, Avg: 9.8, Max: 10.0, Diff: 0.5, Sum: 39.3]
      [GC Worker End (ms): Min: 49594585.9, Avg: 49594585.9, Max: 49594586.0, Diff: 0.1]
   [Code Root Fixup: 0.4 ms]
   [Code Root Purge: 0.0 ms]
   [Clear CT: 0.2 ms]
   [Other: 1.7 ms]
      [Choose CSet: 0.0 ms]
      [Ref Proc: 1.0 ms]
      [Ref Enq: 0.0 ms]
      [Redirty Cards: 0.2 ms]
      [Humongous Register: 0.0 ms]
      [Humongous Reclaim: 0.0 ms]
      [Free CSet: 0.1 ms]
   [Eden: 50.0M(50.0M)->0.0B(50.0M) Survivors: 1024.0K->1024.0K Heap: 191.9M(1024.0M)->141.7M(1024.0M)]
 [Times: user=0.01 sys=0.01, real=0.01 secs] 
2018-04-23T00:04:07.241-0800: 50194.569: [GC pause (G1 Evacuation Pause) (young), 0.0096365 secs]
   [Parallel Time: 6.6 ms, GC Workers: 4]
      [GC Worker Start (ms): Min: 50194569.1, Avg: 50194569.2, Max: 50194569.5, Diff: 0.4]
      [Ext Root Scanning (ms): Min: 2.8, Avg: 3.4, Max: 4.4, Diff: 1.5, Sum: 13.6]
      [Update RS (ms): Min: 0.0, Avg: 0.5, Max: 0.8, Diff: 0.8, Sum: 2.2]
         [Processed Buffers: Min: 0, Avg: 8.0, Max: 22, Diff: 22, Sum: 32]
      [Scan RS (ms): Min: 0.0, Avg: 0.0, Max: 0.1, Diff: 0.1, Sum: 0.1]
      [Code Root Scanning (ms): Min: 0.0, Avg: 0.0, Max: 0.1, Diff: 0.1, Sum: 0.1]
      [Object Copy (ms): Min: 0.2, Avg: 0.9, Max: 2.3, Diff: 2.1, Sum: 3.5]
      [Termination (ms): Min: 0.0, Avg: 1.3, Max: 1.8, Diff: 1.8, Sum: 5.3]
         [Termination Attempts: Min: 1, Avg: 1.0, Max: 1, Diff: 0, Sum: 4]
      [GC Worker Other (ms): Min: 0.0, Avg: 0.0, Max: 0.0, Diff: 0.0, Sum: 0.1]
      [GC Worker Total (ms): Min: 5.9, Avg: 6.2, Max: 6.4, Diff: 0.4, Sum: 24.9]
      [GC Worker End (ms): Min: 50194575.4, Avg: 50194575.5, Max: 50194575.5, Diff: 0.1]
   [Code Root Fixup: 0.3 ms]
   [Code Root Purge: 0.0 ms]
   [Clear CT: 0.3 ms]
   [Other: 2.4 ms]
      [Choose CSet: 0.0 ms]
      [Ref Proc: 1.5 ms]
      [Ref Enq: 0.0 ms]
      [Redirty Cards: 0.2 ms]
      [Humongous Register: 0.1 ms]
      [Humongous Reclaim: 0.0 ms]
      [Free CSet: 0.1 ms]
   [Eden: 50.0M(50.0M)->0.0B(59.0M) Survivors: 1024.0K->1024.0K Heap: 191.7M(1024.0M)->141.7M(1024.0M)]
 [Times: user=0.01 sys=0.00, real=0.01 secs] 
2018-04-23T00:15:55.068-0800: 50902.375: [GC pause (G1 Evacuation Pause) (young), 0.0062998 secs]
   [Parallel Time: 4.0 ms, GC Workers: 4]
      [GC Worker Start (ms): Min: 50902374.9, Avg: 50902375.0, Max: 50902375.2, Diff: 0.3]
      [Ext Root Scanning (ms): Min: 1.3, Avg: 1.5, Max: 1.8, Diff: 0.5, Sum: 6.2]
      [Update RS (ms): Min: 0.0, Avg: 0.8, Max: 1.5, Diff: 1.4, Sum: 3.0]
         [Processed Buffers: Min: 0, Avg: 8.0, Max: 20, Diff: 20, Sum: 32]
      [Scan RS (ms): Min: 0.0, Avg: 0.0, Max: 0.1, Diff: 0.1, Sum: 0.1]
      [Code Root Scanning (ms): Min: 0.0, Avg: 0.0, Max: 0.1, Diff: 0.1, Sum: 0.1]
      [Object Copy (ms): Min: 0.2, Avg: 1.1, Max: 2.1, Diff: 1.9, Sum: 4.3]
      [Termination (ms): Min: 0.0, Avg: 0.3, Max: 0.4, Diff: 0.4, Sum: 1.2]
         [Termination Attempts: Min: 1, Avg: 1.0, Max: 1, Diff: 0, Sum: 4]
      [GC Worker Other (ms): Min: 0.0, Avg: 0.0, Max: 0.0, Diff: 0.0, Sum: 0.1]
      [GC Worker Total (ms): Min: 3.6, Avg: 3.8, Max: 3.8, Diff: 0.3, Sum: 15.1]
      [GC Worker End (ms): Min: 50902378.8, Avg: 50902378.8, Max: 50902378.8, Diff: 0.0]
   [Code Root Fixup: 0.2 ms]
   [Code Root Purge: 0.0 ms]
   [Clear CT: 0.2 ms]
   [Other: 1.9 ms]
      [Choose CSet: 0.0 ms]
      [Ref Proc: 1.0 ms]
      [Ref Enq: 0.0 ms]
      [Redirty Cards: 0.2 ms]
      [Humongous Register: 0.1 ms]
      [Humongous Reclaim: 0.0 ms]
      [Free CSet: 0.2 ms]
   [Eden: 59.0M(59.0M)->0.0B(383.0M) Survivors: 1024.0K->1024.0K Heap: 200.7M(1024.0M)->141.7M(1024.0M)]
 [Times: user=0.01 sys=0.01, real=0.01 secs] 
2018-04-23T03:39:18.108-0800: 54182.492: [GC pause (Metadata GC Threshold) (young) (initial-mark), 0.0561450 secs]
   [Parallel Time: 46.1 ms, GC Workers: 4]
      [GC Worker Start (ms): Min: 54182493.4, Avg: 54182493.5, Max: 54182493.5, Diff: 0.1]
      [Ext Root Scanning (ms): Min: 18.6, Avg: 19.3, Max: 19.8, Diff: 1.2, Sum: 77.3]
      [Update RS (ms): Min: 0.0, Avg: 7.8, Max: 15.5, Diff: 15.5, Sum: 31.4]
         [Processed Buffers: Min: 0, Avg: 10.0, Max: 20, Diff: 20, Sum: 40]
      [Scan RS (ms): Min: 0.0, Avg: 0.1, Max: 0.1, Diff: 0.1, Sum: 0.2]
      [Code Root Scanning (ms): Min: 0.0, Avg: 0.0, Max: 0.1, Diff: 0.1, Sum: 0.1]
      [Object Copy (ms): Min: 0.2, Avg: 2.4, Max: 6.0, Diff: 5.8, Sum: 9.5]
      [Termination (ms): Min: 0.0, Avg: 10.1, Max: 20.2, Diff: 20.2, Sum: 40.4]
         [Termination Attempts: Min: 1, Avg: 1.5, Max: 2, Diff: 1, Sum: 6]
      [GC Worker Other (ms): Min: 0.0, Avg: 0.0, Max: 0.0, Diff: 0.0, Sum: 0.1]
      [GC Worker Total (ms): Min: 35.6, Avg: 39.7, Max: 45.3, Diff: 9.6, Sum: 158.8]
      [GC Worker End (ms): Min: 54182529.1, Avg: 54182533.2, Max: 54182538.7, Diff: 9.6]
   [Code Root Fixup: 0.1 ms]
   [Code Root Purge: 0.0 ms]
   [Clear CT: 0.2 ms]
   [Other: 9.8 ms]
      [Choose CSet: 0.0 ms]
      [Ref Proc: 9.0 ms]
      [Ref Enq: 0.0 ms]
      [Redirty Cards: 0.1 ms]
      [Humongous Register: 0.0 ms]
      [Humongous Reclaim: 0.0 ms]
      [Free CSet: 0.1 ms]
   [Eden: 277.0M(383.0M)->0.0B(50.0M) Survivors: 1024.0K->1024.0K Heap: 418.6M(1024.0M)->142.2M(1024.0M)]
 [Times: user=0.06 sys=0.01, real=0.06 secs] 
2018-04-23T03:39:18.165-0800: 54182.549: [GC concurrent-root-region-scan-start]
2018-04-23T03:39:18.167-0800: 54182.552: [GC concurrent-root-region-scan-end, 0.0028827 secs]
2018-04-23T03:39:18.169-0800: 54182.554: [GC concurrent-mark-start]
2018-04-23T03:39:18.274-0800: 54182.658: [GC concurrent-mark-end, 0.1044715 secs]
2018-04-23T03:39:18.274-0800: 54182.659: [GC remark 2018-04-23T03:39:18.274-0800: 54182.659: [Finalize Marking, 0.0003793 secs] 2018-04-23T03:39:18.274-0800: 54182.659: [GC ref-proc, 0.0004068 secs] 2018-04-23T03:39:18.275-0800: 54182.659: [Unloading, 0.2173406 secs], 0.2333730 secs]
 [Times: user=0.03 sys=0.12, real=0.23 secs] 
2018-04-23T03:39:18.508-0800: 54182.893: [GC cleanup 142M->141M(1024M), 0.0070633 secs]
 [Times: user=0.00 sys=0.00, real=0.01 secs] 
2018-04-23T03:39:18.516-0800: 54182.900: [GC concurrent-cleanup-start]
2018-04-23T03:39:18.516-0800: 54182.900: [GC concurrent-cleanup-end, 0.0000171 secs]
2018-04-23T03:47:05.571-0800: 54649.941: [GC pause (G1 Evacuation Pause) (young), 0.0158650 secs]
   [Parallel Time: 12.9 ms, GC Workers: 4]
      [GC Worker Start (ms): Min: 54649941.8, Avg: 54649941.9, Max: 54649942.0, Diff: 0.2]
      [Ext Root Scanning (ms): Min: 1.8, Avg: 3.1, Max: 6.5, Diff: 4.7, Sum: 12.3]
      [Update RS (ms): Min: 0.0, Avg: 3.6, Max: 9.0, Diff: 9.0, Sum: 14.2]
         [Processed Buffers: Min: 0, Avg: 8.5, Max: 16, Diff: 16, Sum: 34]
      [Scan RS (ms): Min: 0.0, Avg: 0.0, Max: 0.1, Diff: 0.0, Sum: 0.1]
      [Code Root Scanning (ms): Min: 0.0, Avg: 0.1, Max: 0.2, Diff: 0.2, Sum: 0.4]
      [Object Copy (ms): Min: 1.0, Avg: 5.4, Max: 7.7, Diff: 6.7, Sum: 21.4]
      [Termination (ms): Min: 0.0, Avg: 0.5, Max: 0.7, Diff: 0.7, Sum: 1.8]
         [Termination Attempts: Min: 1, Avg: 1.0, Max: 1, Diff: 0, Sum: 4]
      [GC Worker Other (ms): Min: 0.0, Avg: 0.0, Max: 0.1, Diff: 0.0, Sum: 0.1]
      [GC Worker Total (ms): Min: 12.5, Avg: 12.6, Max: 12.6, Diff: 0.2, Sum: 50.3]
      [GC Worker End (ms): Min: 54649954.3, Avg: 54649954.4, Max: 54649954.5, Diff: 0.2]
   [Code Root Fixup: 0.3 ms]
   [Code Root Purge: 0.0 ms]
   [Clear CT: 0.2 ms]
   [Other: 2.4 ms]
      [Choose CSet: 0.0 ms]
      [Ref Proc: 1.4 ms]
      [Ref Enq: 0.0 ms]
      [Redirty Cards: 0.2 ms]
      [Humongous Register: 0.1 ms]
      [Humongous Reclaim: 0.0 ms]
      [Free CSet: 0.2 ms]
   [Eden: 50.0M(50.0M)->0.0B(49.0M) Survivors: 1024.0K->2048.0K Heap: 191.2M(1024.0M)->142.2M(1024.0M)]
 [Times: user=0.04 sys=0.00, real=0.01 secs] 
2018-04-23T03:56:50.188-0800: 55234.541: [GC pause (G1 Evacuation Pause) (young), 0.0125450 secs]
   [Parallel Time: 10.3 ms, GC Workers: 4]
      [GC Worker Start (ms): Min: 55234541.6, Avg: 55234542.4, Max: 55234544.8, Diff: 3.2]
      [Ext Root Scanning (ms): Min: 0.0, Avg: 1.4, Max: 2.0, Diff: 1.9, Sum: 5.6]
      [Update RS (ms): Min: 0.7, Avg: 2.0, Max: 3.3, Diff: 2.6, Sum: 8.2]
         [Processed Buffers: Min: 1, Avg: 7.2, Max: 22, Diff: 21, Sum: 29]
      [Scan RS (ms): Min: 0.0, Avg: 0.0, Max: 0.1, Diff: 0.1, Sum: 0.1]
      [Code Root Scanning (ms): Min: 0.0, Avg: 0.1, Max: 0.4, Diff: 0.4, Sum: 0.4]
      [Object Copy (ms): Min: 4.4, Avg: 5.3, Max: 6.2, Diff: 1.8, Sum: 21.1]
      [Termination (ms): Min: 0.0, Avg: 0.3, Max: 0.5, Diff: 0.5, Sum: 1.3]
         [Termination Attempts: Min: 1, Avg: 1.0, Max: 1, Diff: 0, Sum: 4]
      [GC Worker Other (ms): Min: 0.0, Avg: 0.0, Max: 0.0, Diff: 0.0, Sum: 0.1]
      [GC Worker Total (ms): Min: 6.9, Avg: 9.2, Max: 10.1, Diff: 3.2, Sum: 36.9]
      [GC Worker End (ms): Min: 55234551.6, Avg: 55234551.7, Max: 55234551.7, Diff: 0.1]
   [Code Root Fixup: 0.3 ms]
   [Code Root Purge: 0.0 ms]
   [Clear CT: 0.2 ms]
   [Other: 1.8 ms]
      [Choose CSet: 0.0 ms]
      [Ref Proc: 1.0 ms]
      [Ref Enq: 0.0 ms]
      [Redirty Cards: 0.2 ms]
      [Humongous Register: 0.0 ms]
      [Humongous Reclaim: 0.0 ms]
      [Free CSet: 0.1 ms]
   [Eden: 49.0M(49.0M)->0.0B(48.0M) Survivors: 2048.0K->3072.0K Heap: 191.2M(1024.0M)->142.9M(1024.0M)]
 [Times: user=0.03 sys=0.00, real=0.02 secs] 
2018-04-23T04:06:17.575-0800: 55801.911: [GC pause (G1 Evacuation Pause) (young), 0.0102305 secs]
   [Parallel Time: 7.6 ms, GC Workers: 4]
      [GC Worker Start (ms): Min: 55801911.1, Avg: 55801911.4, Max: 55801912.3, Diff: 1.2]
      [Ext Root Scanning (ms): Min: 0.6, Avg: 2.6, Max: 6.1, Diff: 5.6, Sum: 10.3]
      [Update RS (ms): Min: 0.0, Avg: 1.5, Max: 2.3, Diff: 2.3, Sum: 6.1]
         [Processed Buffers: Min: 0, Avg: 6.8, Max: 19, Diff: 19, Sum: 27]
      [Scan RS (ms): Min: 0.0, Avg: 0.0, Max: 0.1, Diff: 0.1, Sum: 0.1]
      [Code Root Scanning (ms): Min: 0.0, Avg: 0.1, Max: 0.3, Diff: 0.3, Sum: 0.4]
      [Object Copy (ms): Min: 0.5, Avg: 2.3, Max: 3.0, Diff: 2.5, Sum: 9.1]
      [Termination (ms): Min: 0.0, Avg: 0.4, Max: 0.6, Diff: 0.6, Sum: 1.7]
         [Termination Attempts: Min: 1, Avg: 1.0, Max: 1, Diff: 0, Sum: 4]
      [GC Worker Other (ms): Min: 0.0, Avg: 0.0, Max: 0.0, Diff: 0.0, Sum: 0.1]
      [GC Worker Total (ms): Min: 5.9, Avg: 7.0, Max: 7.4, Diff: 1.5, Sum: 27.9]
      [GC Worker End (ms): Min: 55801918.2, Avg: 55801918.4, Max: 55801918.5, Diff: 0.2]
   [Code Root Fixup: 0.3 ms]
   [Code Root Purge: 0.0 ms]
   [Clear CT: 0.2 ms]
   [Other: 2.2 ms]
      [Choose CSet: 0.0 ms]
      [Ref Proc: 1.2 ms]
      [Ref Enq: 0.0 ms]
      [Redirty Cards: 0.2 ms]
      [Humongous Register: 0.1 ms]
      [Humongous Reclaim: 0.0 ms]
      [Free CSet: 0.2 ms]
   [Eden: 48.0M(48.0M)->0.0B(49.0M) Survivors: 3072.0K->2048.0K Heap: 190.9M(1024.0M)->142.2M(1024.0M)]
 [Times: user=0.02 sys=0.00, real=0.01 secs] 
2018-04-23T04:15:57.029-0800: 56381.348: [GC pause (G1 Evacuation Pause) (young), 0.0100985 secs]
   [Parallel Time: 7.8 ms, GC Workers: 4]
      [GC Worker Start (ms): Min: 56381348.1, Avg: 56381349.6, Max: 56381353.9, Diff: 5.8]
      [Ext Root Scanning (ms): Min: 0.0, Avg: 1.4, Max: 1.9, Diff: 1.9, Sum: 5.4]
      [Update RS (ms): Min: 0.0, Avg: 1.6, Max: 2.3, Diff: 2.3, Sum: 6.4]
         [Processed Buffers: Min: 0, Avg: 6.8, Max: 19, Diff: 19, Sum: 27]
      [Scan RS (ms): Min: 0.0, Avg: 0.0, Max: 0.1, Diff: 0.1, Sum: 0.1]
      [Code Root Scanning (ms): Min: 0.0, Avg: 0.1, Max: 0.3, Diff: 0.3, Sum: 0.6]
      [Object Copy (ms): Min: 1.6, Avg: 2.5, Max: 3.0, Diff: 1.5, Sum: 10.2]
      [Termination (ms): Min: 0.0, Avg: 0.4, Max: 0.7, Diff: 0.7, Sum: 1.8]
         [Termination Attempts: Min: 1, Avg: 1.0, Max: 1, Diff: 0, Sum: 4]
      [GC Worker Other (ms): Min: 0.0, Avg: 0.0, Max: 0.0, Diff: 0.0, Sum: 0.1]
      [GC Worker Total (ms): Min: 1.6, Avg: 6.1, Max: 7.7, Diff: 6.1, Sum: 24.4]
      [GC Worker End (ms): Min: 56381355.5, Avg: 56381355.7, Max: 56381355.8, Diff: 0.3]
   [Code Root Fixup: 0.3 ms]
   [Code Root Purge: 0.0 ms]
   [Clear CT: 0.2 ms]
   [Other: 1.7 ms]
      [Choose CSet: 0.0 ms]
      [Ref Proc: 0.9 ms]
      [Ref Enq: 0.0 ms]
      [Redirty Cards: 0.2 ms]
      [Humongous Register: 0.1 ms]
      [Humongous Reclaim: 0.0 ms]
      [Free CSet: 0.1 ms]
   [Eden: 49.0M(49.0M)->0.0B(49.0M) Survivors: 2048.0K->2048.0K Heap: 191.2M(1024.0M)->141.8M(1024.0M)]
 [Times: user=0.02 sys=0.00, real=0.02 secs] 
2018-04-23T04:25:43.294-0800: 56967.595: [GC pause (G1 Evacuation Pause) (young), 0.0118216 secs]
   [Parallel Time: 8.8 ms, GC Workers: 4]
      [GC Worker Start (ms): Min: 56967595.1, Avg: 56967595.7, Max: 56967597.4, Diff: 2.3]
      [Ext Root Scanning (ms): Min: 0.0, Avg: 1.4, Max: 1.9, Diff: 1.9, Sum: 5.4]
      [Update RS (ms): Min: 1.1, Avg: 2.6, Max: 6.5, Diff: 5.4, Sum: 10.5]
         [Processed Buffers: Min: 1, Avg: 7.0, Max: 25, Diff: 24, Sum: 28]
      [Scan RS (ms): Min: 0.0, Avg: 0.0, Max: 0.1, Diff: 0.1, Sum: 0.1]
      [Code Root Scanning (ms): Min: 0.0, Avg: 0.1, Max: 0.5, Diff: 0.5, Sum: 0.6]
      [Object Copy (ms): Min: 0.0, Avg: 2.7, Max: 4.4, Diff: 4.3, Sum: 10.7]
      [Termination (ms): Min: 0.0, Avg: 1.0, Max: 2.4, Diff: 2.4, Sum: 4.2]
         [Termination Attempts: Min: 1, Avg: 23.2, Max: 49, Diff: 48, Sum: 93]
      [GC Worker Other (ms): Min: 0.0, Avg: 0.1, Max: 0.1, Diff: 0.0, Sum: 0.2]
      [GC Worker Total (ms): Min: 6.2, Avg: 7.9, Max: 8.5, Diff: 2.3, Sum: 31.7]
      [GC Worker End (ms): Min: 56967603.6, Avg: 56967603.6, Max: 56967603.7, Diff: 0.1]
   [Code Root Fixup: 0.4 ms]
   [Code Root Purge: 0.0 ms]
   [Clear CT: 0.4 ms]
   [Other: 2.2 ms]
      [Choose CSet: 0.0 ms]
      [Ref Proc: 1.3 ms]
      [Ref Enq: 0.0 ms]
      [Redirty Cards: 0.3 ms]
      [Humongous Register: 0.1 ms]
      [Humongous Reclaim: 0.0 ms]
      [Free CSet: 0.1 ms]
   [Eden: 49.0M(49.0M)->0.0B(50.0M) Survivors: 2048.0K->1024.0K Heap: 190.8M(1024.0M)->141.5M(1024.0M)]
 [Times: user=0.03 sys=0.00, real=0.01 secs] 
2018-04-23T04:45:59.948-0800: 57511.907: [GC pause (G1 Evacuation Pause) (young), 0.0031081 secs]
   [Parallel Time: 2.4 ms, GC Workers: 4]
      [GC Worker Start (ms): Min: 57511907.3, Avg: 57511907.4, Max: 57511907.4, Diff: 0.1]
      [Ext Root Scanning (ms): Min: 0.6, Avg: 0.7, Max: 0.9, Diff: 0.3, Sum: 2.8]
      [Update RS (ms): Min: 0.7, Avg: 0.8, Max: 1.0, Diff: 0.3, Sum: 3.3]
         [Processed Buffers: Min: 1, Avg: 8.8, Max: 19, Diff: 18, Sum: 35]
      [Scan RS (ms): Min: 0.0, Avg: 0.0, Max: 0.0, Diff: 0.0, Sum: 0.1]
      [Code Root Scanning (ms): Min: 0.0, Avg: 0.1, Max: 0.3, Diff: 0.3, Sum: 0.3]
      [Object Copy (ms): Min: 0.6, Avg: 0.7, Max: 0.8, Diff: 0.2, Sum: 2.8]
      [Termination (ms): Min: 0.0, Avg: 0.0, Max: 0.0, Diff: 0.0, Sum: 0.0]
         [Termination Attempts: Min: 1, Avg: 1.0, Max: 1, Diff: 0, Sum: 4]
      [GC Worker Other (ms): Min: 0.0, Avg: 0.0, Max: 0.0, Diff: 0.0, Sum: 0.1]
      [GC Worker Total (ms): Min: 2.3, Avg: 2.3, Max: 2.4, Diff: 0.1, Sum: 9.3]
      [GC Worker End (ms): Min: 57511909.7, Avg: 57511909.7, Max: 57511909.7, Diff: 0.0]
   [Code Root Fixup: 0.1 ms]
   [Code Root Purge: 0.0 ms]
   [Clear CT: 0.1 ms]
   [Other: 0.5 ms]
      [Choose CSet: 0.0 ms]
      [Ref Proc: 0.2 ms]
      [Ref Enq: 0.0 ms]
      [Redirty Cards: 0.1 ms]
      [Humongous Register: 0.0 ms]
      [Humongous Reclaim: 0.0 ms]
      [Free CSet: 0.1 ms]
   [Eden: 50.0M(50.0M)->0.0B(50.0M) Survivors: 1024.0K->1024.0K Heap: 191.5M(1024.0M)->141.5M(1024.0M)]
 [Times: user=0.01 sys=0.00, real=0.01 secs] 
2018-04-23T06:31:56.704-0800: 58098.382: [GC pause (G1 Evacuation Pause) (young), 0.0034082 secs]
   [Parallel Time: 2.5 ms, GC Workers: 4]
      [GC Worker Start (ms): Min: 58098382.5, Avg: 58098383.1, Max: 58098384.9, Diff: 2.4]
      [Ext Root Scanning (ms): Min: 0.0, Avg: 0.6, Max: 1.0, Diff: 1.0, Sum: 2.3]
      [Update RS (ms): Min: 0.0, Avg: 0.5, Max: 0.9, Diff: 0.9, Sum: 2.1]
         [Processed Buffers: Min: 0, Avg: 6.5, Max: 18, Diff: 18, Sum: 26]
      [Scan RS (ms): Min: 0.0, Avg: 0.0, Max: 0.0, Diff: 0.0, Sum: 0.0]
      [Code Root Scanning (ms): Min: 0.0, Avg: 0.1, Max: 0.2, Diff: 0.2, Sum: 0.2]
      [Object Copy (ms): Min: 0.0, Avg: 0.5, Max: 0.8, Diff: 0.8, Sum: 2.1]
      [Termination (ms): Min: 0.0, Avg: 0.1, Max: 0.1, Diff: 0.1, Sum: 0.4]
         [Termination Attempts: Min: 1, Avg: 1.0, Max: 1, Diff: 0, Sum: 4]
      [GC Worker Other (ms): Min: 0.0, Avg: 0.0, Max: 0.0, Diff: 0.0, Sum: 0.0]
      [GC Worker Total (ms): Min: 0.0, Avg: 1.8, Max: 2.4, Diff: 2.4, Sum: 7.3]
      [GC Worker End (ms): Min: 58098384.9, Avg: 58098384.9, Max: 58098384.9, Diff: 0.0]
   [Code Root Fixup: 0.2 ms]
   [Code Root Purge: 0.0 ms]
   [Clear CT: 0.1 ms]
   [Other: 0.7 ms]
      [Choose CSet: 0.0 ms]
      [Ref Proc: 0.3 ms]
      [Ref Enq: 0.0 ms]
      [Redirty Cards: 0.1 ms]
      [Humongous Register: 0.1 ms]
      [Humongous Reclaim: 0.0 ms]
      [Free CSet: 0.1 ms]
   [Eden: 50.0M(50.0M)->0.0B(62.0M) Survivors: 1024.0K->1024.0K Heap: 191.5M(1024.0M)->141.4M(1024.0M)]
 [Times: user=0.01 sys=0.00, real=0.00 secs] 
2018-04-23T06:44:05.265-0800: 58826.921: [GC pause (G1 Evacuation Pause) (young), 0.0114363 secs]
   [Parallel Time: 8.0 ms, GC Workers: 4]
      [GC Worker Start (ms): Min: 58826921.2, Avg: 58826922.5, Max: 58826926.3, Diff: 5.1]
      [Ext Root Scanning (ms): Min: 0.0, Avg: 1.3, Max: 1.9, Diff: 1.9, Sum: 5.3]
      [Update RS (ms): Min: 0.0, Avg: 1.7, Max: 2.3, Diff: 2.3, Sum: 6.7]
         [Processed Buffers: Min: 0, Avg: 6.2, Max: 13, Diff: 13, Sum: 25]
      [Scan RS (ms): Min: 0.0, Avg: 0.0, Max: 0.1, Diff: 0.1, Sum: 0.1]
      [Code Root Scanning (ms): Min: 0.0, Avg: 0.2, Max: 0.7, Diff: 0.7, Sum: 0.7]
      [Object Copy (ms): Min: 2.2, Avg: 3.0, Max: 3.5, Diff: 1.3, Sum: 11.9]
      [Termination (ms): Min: 0.0, Avg: 0.4, Max: 0.5, Diff: 0.5, Sum: 1.4]
         [Termination Attempts: Min: 1, Avg: 1.2, Max: 2, Diff: 1, Sum: 5]
      [GC Worker Other (ms): Min: 0.0, Avg: 0.0, Max: 0.0, Diff: 0.0, Sum: 0.1]
      [GC Worker Total (ms): Min: 2.8, Avg: 6.6, Max: 7.9, Diff: 5.1, Sum: 26.3]
      [GC Worker End (ms): Min: 58826929.0, Avg: 58826929.1, Max: 58826929.1, Diff: 0.1]
   [Code Root Fixup: 0.6 ms]
   [Code Root Purge: 0.0 ms]
   [Clear CT: 0.2 ms]
   [Other: 2.5 ms]
      [Choose CSet: 0.0 ms]
      [Ref Proc: 1.7 ms]
      [Ref Enq: 0.0 ms]
      [Redirty Cards: 0.2 ms]
      [Humongous Register: 0.1 ms]
      [Humongous Reclaim: 0.0 ms]
      [Free CSet: 0.2 ms]
   [Eden: 62.0M(62.0M)->0.0B(85.0M) Survivors: 1024.0K->1024.0K Heap: 203.4M(1024.0M)->141.4M(1024.0M)]
 [Times: user=0.02 sys=0.00, real=0.01 secs] 
2018-04-23T07:00:48.588-0800: 59830.214: [GC pause (G1 Evacuation Pause) (young), 0.0106095 secs]
   [Parallel Time: 8.2 ms, GC Workers: 4]
      [GC Worker Start (ms): Min: 59830214.3, Avg: 59830215.3, Max: 59830218.4, Diff: 4.1]
      [Ext Root Scanning (ms): Min: 0.0, Avg: 1.3, Max: 1.9, Diff: 1.9, Sum: 5.3]
      [Update RS (ms): Min: 0.2, Avg: 2.7, Max: 5.8, Diff: 5.6, Sum: 10.7]
         [Processed Buffers: Min: 1, Avg: 7.5, Max: 24, Diff: 23, Sum: 30]
      [Scan RS (ms): Min: 0.0, Avg: 0.0, Max: 0.1, Diff: 0.1, Sum: 0.2]
      [Code Root Scanning (ms): Min: 0.0, Avg: 0.2, Max: 0.7, Diff: 0.7, Sum: 0.7]
      [Object Copy (ms): Min: 0.2, Avg: 2.2, Max: 3.3, Diff: 3.0, Sum: 8.9]
      [Termination (ms): Min: 0.0, Avg: 0.4, Max: 0.6, Diff: 0.6, Sum: 1.7]
         [Termination Attempts: Min: 1, Avg: 1.8, Max: 3, Diff: 2, Sum: 7]
      [GC Worker Other (ms): Min: 0.0, Avg: 0.1, Max: 0.1, Diff: 0.1, Sum: 0.2]
      [GC Worker Total (ms): Min: 4.0, Avg: 6.9, Max: 8.0, Diff: 4.1, Sum: 27.8]
      [GC Worker End (ms): Min: 59830222.1, Avg: 59830222.3, Max: 59830222.4, Diff: 0.2]
   [Code Root Fixup: 0.4 ms]
   [Code Root Purge: 0.0 ms]
   [Clear CT: 0.2 ms]
   [Other: 1.8 ms]
      [Choose CSet: 0.0 ms]
      [Ref Proc: 1.0 ms]
      [Ref Enq: 0.0 ms]
      [Redirty Cards: 0.2 ms]
      [Humongous Register: 0.1 ms]
      [Humongous Reclaim: 0.0 ms]
      [Free CSet: 0.2 ms]
   [Eden: 85.0M(85.0M)->0.0B(90.0M) Survivors: 1024.0K->2048.0K Heap: 226.4M(1024.0M)->141.8M(1024.0M)]
 [Times: user=0.03 sys=0.00, real=0.02 secs] 
2018-04-23T07:18:28.413-0800: 60890.007: [GC pause (G1 Evacuation Pause) (young), 0.0099805 secs]
   [Parallel Time: 7.6 ms, GC Workers: 4]
      [GC Worker Start (ms): Min: 60890007.6, Avg: 60890009.1, Max: 60890013.6, Diff: 6.0]
      [Ext Root Scanning (ms): Min: 0.0, Avg: 1.3, Max: 1.9, Diff: 1.9, Sum: 5.3]
      [Update RS (ms): Min: 0.0, Avg: 1.7, Max: 2.3, Diff: 2.3, Sum: 6.6]
         [Processed Buffers: Min: 0, Avg: 7.0, Max: 24, Diff: 24, Sum: 28]
      [Scan RS (ms): Min: 0.0, Avg: 0.0, Max: 0.1, Diff: 0.1, Sum: 0.2]
      [Code Root Scanning (ms): Min: 0.0, Avg: 0.2, Max: 0.7, Diff: 0.7, Sum: 0.7]
      [Object Copy (ms): Min: 1.0, Avg: 2.3, Max: 3.0, Diff: 2.0, Sum: 9.3]
      [Termination (ms): Min: 0.0, Avg: 0.4, Max: 0.5, Diff: 0.5, Sum: 1.4]
         [Termination Attempts: Min: 1, Avg: 1.2, Max: 2, Diff: 1, Sum: 5]
      [GC Worker Other (ms): Min: 0.0, Avg: 0.0, Max: 0.0, Diff: 0.0, Sum: 0.1]
      [GC Worker Total (ms): Min: 1.4, Avg: 5.9, Max: 7.5, Diff: 6.0, Sum: 23.7]
      [GC Worker End (ms): Min: 60890015.0, Avg: 60890015.0, Max: 60890015.1, Diff: 0.1]
   [Code Root Fixup: 0.3 ms]
   [Code Root Purge: 0.0 ms]
   [Clear CT: 0.2 ms]
   [Other: 1.9 ms]
      [Choose CSet: 0.0 ms]
      [Ref Proc: 1.1 ms]
      [Ref Enq: 0.0 ms]
      [Redirty Cards: 0.3 ms]
      [Humongous Register: 0.1 ms]
      [Humongous Reclaim: 0.0 ms]
      [Free CSet: 0.2 ms]
   [Eden: 90.0M(90.0M)->0.0B(178.0M) Survivors: 2048.0K->1024.0K Heap: 231.8M(1024.0M)->141.5M(1024.0M)]
 [Times: user=0.02 sys=0.00, real=0.01 secs] 
2018-04-23T08:17:59.744-0800: 62942.481: [GC pause (G1 Evacuation Pause) (young), 0.0823002 secs]
   [Parallel Time: 44.4 ms, GC Workers: 4]
      [GC Worker Start (ms): Min: 62942514.5, Avg: 62942514.5, Max: 62942514.6, Diff: 0.0]
      [Ext Root Scanning (ms): Min: 4.8, Avg: 9.2, Max: 19.9, Diff: 15.1, Sum: 36.7]
      [Update RS (ms): Min: 23.9, Avg: 30.9, Max: 37.3, Diff: 13.4, Sum: 123.5]
         [Processed Buffers: Min: 1, Avg: 9.2, Max: 33, Diff: 32, Sum: 37]
      [Scan RS (ms): Min: 0.0, Avg: 0.0, Max: 0.1, Diff: 0.1, Sum: 0.2]
      [Code Root Scanning (ms): Min: 0.0, Avg: 2.1, Max: 8.3, Diff: 8.3, Sum: 8.3]
      [Object Copy (ms): Min: 0.4, Avg: 1.7, Max: 3.5, Diff: 3.1, Sum: 6.9]
      [Termination (ms): Min: 0.0, Avg: 0.0, Max: 0.0, Diff: 0.0, Sum: 0.0]
         [Termination Attempts: Min: 1, Avg: 1.0, Max: 1, Diff: 0, Sum: 4]
      [GC Worker Other (ms): Min: 0.0, Avg: 0.4, Max: 1.3, Diff: 1.3, Sum: 1.5]
      [GC Worker Total (ms): Min: 44.3, Avg: 44.3, Max: 44.3, Diff: 0.1, Sum: 177.2]
      [GC Worker End (ms): Min: 62942558.8, Avg: 62942558.8, Max: 62942558.8, Diff: 0.0]
   [Code Root Fixup: 0.1 ms]
   [Code Root Purge: 0.0 ms]
   [Clear CT: 0.1 ms]
   [Other: 37.7 ms]
      [Choose CSet: 0.0 ms]
      [Ref Proc: 0.5 ms]
      [Ref Enq: 0.0 ms]
      [Redirty Cards: 0.1 ms]
      [Humongous Register: 32.5 ms]
      [Humongous Reclaim: 0.0 ms]
      [Free CSet: 3.4 ms]
   [Eden: 178.0M(178.0M)->0.0B(50.0M) Survivors: 1024.0K->1024.0K Heap: 319.5M(1024.0M)->141.5M(1024.0M)]
 [Times: user=0.01 sys=0.05, real=0.08 secs] 
2018-04-23T08:27:48.877-0800: 63531.597: [GC pause (G1 Evacuation Pause) (young), 0.0044207 secs]
   [Parallel Time: 3.5 ms, GC Workers: 4]
      [GC Worker Start (ms): Min: 63531597.2, Avg: 63531597.4, Max: 63531597.7, Diff: 0.5]
      [Ext Root Scanning (ms): Min: 0.8, Avg: 1.3, Max: 1.8, Diff: 1.0, Sum: 5.2]
      [Update RS (ms): Min: 0.5, Avg: 1.2, Max: 1.9, Diff: 1.4, Sum: 4.9]
         [Processed Buffers: Min: 1, Avg: 7.5, Max: 18, Diff: 17, Sum: 30]
      [Scan RS (ms): Min: 0.0, Avg: 0.0, Max: 0.0, Diff: 0.0, Sum: 0.1]
      [Code Root Scanning (ms): Min: 0.0, Avg: 0.0, Max: 0.1, Diff: 0.1, Sum: 0.2]
      [Object Copy (ms): Min: 0.0, Avg: 0.7, Max: 1.5, Diff: 1.4, Sum: 2.6]
      [Termination (ms): Min: 0.0, Avg: 0.0, Max: 0.1, Diff: 0.1, Sum: 0.2]
         [Termination Attempts: Min: 1, Avg: 18.5, Max: 34, Diff: 33, Sum: 74]
      [GC Worker Other (ms): Min: 0.0, Avg: 0.0, Max: 0.0, Diff: 0.0, Sum: 0.1]
      [GC Worker Total (ms): Min: 3.0, Avg: 3.3, Max: 3.4, Diff: 0.5, Sum: 13.3]
      [GC Worker End (ms): Min: 63531600.7, Avg: 63531600.7, Max: 63531600.7, Diff: 0.0]
   [Code Root Fixup: 0.1 ms]
   [Code Root Purge: 0.0 ms]
   [Clear CT: 0.1 ms]
   [Other: 0.7 ms]
      [Choose CSet: 0.0 ms]
      [Ref Proc: 0.2 ms]
      [Ref Enq: 0.0 ms]
      [Redirty Cards: 0.1 ms]
      [Humongous Register: 0.1 ms]
      [Humongous Reclaim: 0.0 ms]
      [Free CSet: 0.1 ms]
   [Eden: 50.0M(50.0M)->0.0B(49.0M) Survivors: 1024.0K->2048.0K Heap: 191.5M(1024.0M)->141.8M(1024.0M)]
 [Times: user=0.01 sys=0.00, real=0.01 secs] 
2018-04-23T08:37:24.210-0800: 64106.909: [GC pause (G1 Evacuation Pause) (young), 0.0037322 secs]
   [Parallel Time: 3.0 ms, GC Workers: 4]
      [GC Worker Start (ms): Min: 64106908.8, Avg: 64106908.8, Max: 64106908.8, Diff: 0.0]
      [Ext Root Scanning (ms): Min: 0.7, Avg: 0.8, Max: 0.9, Diff: 0.3, Sum: 3.0]
      [Update RS (ms): Min: 0.7, Avg: 1.0, Max: 1.3, Diff: 0.6, Sum: 4.0]
         [Processed Buffers: Min: 1, Avg: 7.8, Max: 28, Diff: 27, Sum: 31]
      [Scan RS (ms): Min: 0.0, Avg: 0.0, Max: 0.0, Diff: 0.0, Sum: 0.0]
      [Code Root Scanning (ms): Min: 0.0, Avg: 0.3, Max: 1.3, Diff: 1.3, Sum: 1.3]
      [Object Copy (ms): Min: 0.1, Avg: 0.8, Max: 1.2, Diff: 1.1, Sum: 3.2]
      [Termination (ms): Min: 0.0, Avg: 0.0, Max: 0.0, Diff: 0.0, Sum: 0.0]
         [Termination Attempts: Min: 1, Avg: 1.8, Max: 3, Diff: 2, Sum: 7]
      [GC Worker Other (ms): Min: 0.0, Avg: 0.0, Max: 0.0, Diff: 0.0, Sum: 0.1]
      [GC Worker Total (ms): Min: 2.9, Avg: 2.9, Max: 2.9, Diff: 0.0, Sum: 11.7]
      [GC Worker End (ms): Min: 64106911.7, Avg: 64106911.7, Max: 64106911.7, Diff: 0.0]
   [Code Root Fixup: 0.1 ms]
   [Code Root Purge: 0.0 ms]
   [Clear CT: 0.1 ms]
   [Other: 0.5 ms]
      [Choose CSet: 0.0 ms]
      [Ref Proc: 0.2 ms]
      [Ref Enq: 0.0 ms]
      [Redirty Cards: 0.1 ms]
      [Humongous Register: 0.0 ms]
      [Humongous Reclaim: 0.0 ms]
      [Free CSet: 0.0 ms]
   [Eden: 49.0M(49.0M)->0.0B(50.0M) Survivors: 2048.0K->1024.0K Heap: 190.8M(1024.0M)->141.4M(1024.0M)]
 [Times: user=0.01 sys=0.00, real=0.00 secs] 
2018-04-23T08:47:14.118-0800: 64696.799: [GC pause (G1 Evacuation Pause) (young), 0.0050321 secs]
   [Parallel Time: 4.2 ms, GC Workers: 4]
      [GC Worker Start (ms): Min: 64696799.0, Avg: 64696799.0, Max: 64696799.0, Diff: 0.0]
      [Ext Root Scanning (ms): Min: 2.3, Avg: 2.3, Max: 2.3, Diff: 0.0, Sum: 9.3]
      [Update RS (ms): Min: 0.6, Avg: 0.8, Max: 1.0, Diff: 0.5, Sum: 3.1]
         [Processed Buffers: Min: 1, Avg: 7.0, Max: 21, Diff: 20, Sum: 28]
      [Scan RS (ms): Min: 0.0, Avg: 0.0, Max: 0.0, Diff: 0.0, Sum: 0.0]
      [Code Root Scanning (ms): Min: 0.0, Avg: 0.1, Max: 0.3, Diff: 0.3, Sum: 0.4]
      [Object Copy (ms): Min: 0.7, Avg: 0.9, Max: 1.1, Diff: 0.4, Sum: 3.4]
      [Termination (ms): Min: 0.0, Avg: 0.0, Max: 0.0, Diff: 0.0, Sum: 0.0]
         [Termination Attempts: Min: 1, Avg: 1.0, Max: 1, Diff: 0, Sum: 4]
      [GC Worker Other (ms): Min: 0.0, Avg: 0.0, Max: 0.0, Diff: 0.0, Sum: 0.1]
      [GC Worker Total (ms): Min: 4.1, Avg: 4.1, Max: 4.1, Diff: 0.0, Sum: 16.3]
      [GC Worker End (ms): Min: 64696803.1, Avg: 64696803.1, Max: 64696803.1, Diff: 0.0]
   [Code Root Fixup: 0.1 ms]
   [Code Root Purge: 0.0 ms]
   [Clear CT: 0.1 ms]
   [Other: 0.6 ms]
      [Choose CSet: 0.0 ms]
      [Ref Proc: 0.3 ms]
      [Ref Enq: 0.0 ms]
      [Redirty Cards: 0.1 ms]
      [Humongous Register: 0.0 ms]
      [Humongous Reclaim: 0.0 ms]
      [Free CSet: 0.0 ms]
   [Eden: 50.0M(50.0M)->0.0B(50.0M) Survivors: 1024.0K->1024.0K Heap: 191.4M(1024.0M)->141.5M(1024.0M)]
 [Times: user=0.01 sys=0.00, real=0.01 secs] 
2018-04-23T09:58:09.779-0800: 65734.591: [GC pause (G1 Evacuation Pause) (young), 0.0988040 secs]
   [Parallel Time: 47.5 ms, GC Workers: 4]
      [GC Worker Start (ms): Min: 65734638.7, Avg: 65734638.8, Max: 65734638.9, Diff: 0.1]
      [Ext Root Scanning (ms): Min: 7.3, Avg: 10.6, Max: 19.2, Diff: 11.9, Sum: 42.2]
      [Update RS (ms): Min: 2.9, Avg: 9.3, Max: 12.6, Diff: 9.8, Sum: 37.2]
         [Processed Buffers: Min: 1, Avg: 7.8, Max: 24, Diff: 23, Sum: 31]
      [Scan RS (ms): Min: 0.0, Avg: 0.0, Max: 0.0, Diff: 0.0, Sum: 0.1]
      [Code Root Scanning (ms): Min: 0.0, Avg: 0.6, Max: 2.3, Diff: 2.3, Sum: 2.3]
      [Object Copy (ms): Min: 3.5, Avg: 16.0, Max: 28.6, Diff: 25.1, Sum: 63.8]
      [Termination (ms): Min: 0.0, Avg: 10.9, Max: 21.8, Diff: 21.8, Sum: 43.6]
         [Termination Attempts: Min: 1, Avg: 25.5, Max: 56, Diff: 55, Sum: 102]
      [GC Worker Other (ms): Min: 0.0, Avg: 0.0, Max: 0.0, Diff: 0.0, Sum: 0.1]
      [GC Worker Total (ms): Min: 47.3, Avg: 47.3, Max: 47.4, Diff: 0.1, Sum: 189.3]
      [GC Worker End (ms): Min: 65734686.1, Avg: 65734686.1, Max: 65734686.1, Diff: 0.0]
   [Code Root Fixup: 0.1 ms]
   [Code Root Purge: 0.0 ms]
   [Clear CT: 0.1 ms]
   [Other: 51.1 ms]
      [Choose CSet: 0.0 ms]
      [Ref Proc: 0.4 ms]
      [Ref Enq: 0.0 ms]
      [Redirty Cards: 0.0 ms]
      [Humongous Register: 46.4 ms]
      [Humongous Reclaim: 0.0 ms]
      [Free CSet: 1.4 ms]
   [Eden: 50.0M(50.0M)->0.0B(50.0M) Survivors: 1024.0K->1024.0K Heap: 191.5M(1024.0M)->141.7M(1024.0M)]
 [Times: user=0.05 sys=0.05, real=0.10 secs] 
2018-04-23T10:17:59.583-0800: 66926.905: [GC pause (G1 Evacuation Pause) (young), 0.0162180 secs]
   [Parallel Time: 12.0 ms, GC Workers: 4]
      [GC Worker Start (ms): Min: 66926908.3, Avg: 66926908.4, Max: 66926908.5, Diff: 0.2]
      [Ext Root Scanning (ms): Min: 3.5, Avg: 5.7, Max: 11.9, Diff: 8.4, Sum: 22.8]
      [Update RS (ms): Min: 0.0, Avg: 3.7, Max: 5.2, Diff: 5.2, Sum: 15.0]
         [Processed Buffers: Min: 0, Avg: 7.8, Max: 26, Diff: 26, Sum: 31]
      [Scan RS (ms): Min: 0.0, Avg: 0.0, Max: 0.0, Diff: 0.0, Sum: 0.0]
      [Code Root Scanning (ms): Min: 0.0, Avg: 0.1, Max: 0.5, Diff: 0.5, Sum: 0.5]
      [Object Copy (ms): Min: 0.0, Avg: 2.2, Max: 3.1, Diff: 3.1, Sum: 8.6]
      [Termination (ms): Min: 0.0, Avg: 0.1, Max: 0.1, Diff: 0.1, Sum: 0.3]
         [Termination Attempts: Min: 1, Avg: 1.2, Max: 2, Diff: 1, Sum: 5]
      [GC Worker Other (ms): Min: 0.0, Avg: 0.0, Max: 0.1, Diff: 0.0, Sum: 0.2]
      [GC Worker Total (ms): Min: 11.7, Avg: 11.8, Max: 11.9, Diff: 0.2, Sum: 47.4]
      [GC Worker End (ms): Min: 66926920.3, Avg: 66926920.3, Max: 66926920.3, Diff: 0.0]
   [Code Root Fixup: 0.1 ms]
   [Code Root Purge: 0.0 ms]
   [Clear CT: 0.1 ms]
   [Other: 4.0 ms]
      [Choose CSet: 0.0 ms]
      [Ref Proc: 0.4 ms]
      [Ref Enq: 0.0 ms]
      [Redirty Cards: 0.1 ms]
      [Humongous Register: 2.7 ms]
      [Humongous Reclaim: 0.0 ms]
      [Free CSet: 0.4 ms]
   [Eden: 50.0M(50.0M)->0.0B(50.0M) Survivors: 1024.0K->1024.0K Heap: 191.7M(1024.0M)->141.6M(1024.0M)]
 [Times: user=0.02 sys=0.02, real=0.02 secs] 
2018-04-23T10:37:44.911-0800: 68112.245: [GC pause (G1 Evacuation Pause) (young), 0.0957996 secs]
   [Parallel Time: 71.0 ms, GC Workers: 4]
      [GC Worker Start (ms): Min: 68112261.3, Avg: 68112262.2, Max: 68112262.6, Diff: 1.3]
      [Ext Root Scanning (ms): Min: 16.2, Avg: 23.4, Max: 45.0, Diff: 28.8, Sum: 93.8]
      [Update RS (ms): Min: 0.0, Avg: 13.6, Max: 18.8, Diff: 18.8, Sum: 54.5]
         [Processed Buffers: Min: 0, Avg: 8.2, Max: 26, Diff: 26, Sum: 33]
      [Scan RS (ms): Min: 0.0, Avg: 0.0, Max: 0.0, Diff: 0.0, Sum: 0.1]
      [Code Root Scanning (ms): Min: 0.0, Avg: 0.3, Max: 1.3, Diff: 1.3, Sum: 1.3]
      [Object Copy (ms): Min: 0.0, Avg: 18.1, Max: 28.7, Diff: 28.6, Sum: 72.5]
      [Termination (ms): Min: 4.9, Avg: 14.3, Max: 25.8, Diff: 20.9, Sum: 57.2]
         [Termination Attempts: Min: 13, Avg: 17.5, Max: 23, Diff: 10, Sum: 70]
      [GC Worker Other (ms): Min: 0.0, Avg: 0.1, Max: 0.1, Diff: 0.1, Sum: 0.2]
      [GC Worker Total (ms): Min: 69.5, Avg: 69.9, Max: 70.8, Diff: 1.4, Sum: 279.6]
      [GC Worker End (ms): Min: 68112332.0, Avg: 68112332.1, Max: 68112332.1, Diff: 0.1]
   [Code Root Fixup: 0.2 ms]
   [Code Root Purge: 0.0 ms]
   [Clear CT: 0.1 ms]
   [Other: 24.5 ms]
      [Choose CSet: 0.0 ms]
      [Ref Proc: 1.8 ms]
      [Ref Enq: 0.0 ms]
      [Redirty Cards: 0.1 ms]
      [Humongous Register: 10.8 ms]
      [Humongous Reclaim: 0.0 ms]
      [Free CSet: 0.5 ms]
   [Eden: 50.0M(50.0M)->0.0B(50.0M) Survivors: 1024.0K->1024.0K Heap: 191.6M(1024.0M)->141.4M(1024.0M)]
 [Times: user=0.06 sys=0.05, real=0.09 secs] 
2018-04-23T10:57:29.558-0800: 69296.908: [GC pause (G1 Evacuation Pause) (young), 0.0573522 secs]
   [Parallel Time: 40.9 ms, GC Workers: 4]
      [GC Worker Start (ms): Min: 69296921.3, Avg: 69296921.6, Max: 69296922.5, Diff: 1.2]
      [Ext Root Scanning (ms): Min: 7.5, Avg: 15.5, Max: 36.9, Diff: 29.4, Sum: 62.2]
      [Update RS (ms): Min: 0.0, Avg: 5.2, Max: 10.2, Diff: 10.2, Sum: 20.7]
         [Processed Buffers: Min: 0, Avg: 8.0, Max: 30, Diff: 30, Sum: 32]
      [Scan RS (ms): Min: 0.0, Avg: 0.0, Max: 0.0, Diff: 0.0, Sum: 0.0]
      [Code Root Scanning (ms): Min: 0.0, Avg: 0.2, Max: 0.8, Diff: 0.8, Sum: 0.8]
      [Object Copy (ms): Min: 2.8, Avg: 14.7, Max: 24.1, Diff: 21.4, Sum: 58.9]
      [Termination (ms): Min: 1.1, Avg: 4.6, Max: 11.7, Diff: 10.5, Sum: 18.3]
         [Termination Attempts: Min: 5, Avg: 11.0, Max: 22, Diff: 17, Sum: 44]
      [GC Worker Other (ms): Min: 0.0, Avg: 0.3, Max: 1.0, Diff: 1.0, Sum: 1.2]
      [GC Worker Total (ms): Min: 39.7, Avg: 40.5, Max: 40.8, Diff: 1.1, Sum: 162.0]
      [GC Worker End (ms): Min: 69296962.1, Avg: 69296962.1, Max: 69296962.1, Diff: 0.0]
   [Code Root Fixup: 0.2 ms]
   [Code Root Purge: 0.0 ms]
   [Clear CT: 0.1 ms]
   [Other: 16.1 ms]
      [Choose CSet: 0.0 ms]
      [Ref Proc: 0.8 ms]
      [Ref Enq: 0.0 ms]
      [Redirty Cards: 0.1 ms]
      [Humongous Register: 6.5 ms]
      [Humongous Reclaim: 0.0 ms]
      [Free CSet: 1.3 ms]
   [Eden: 50.0M(50.0M)->0.0B(50.0M) Survivors: 1024.0K->1024.0K Heap: 191.4M(1024.0M)->141.5M(1024.0M)]
 [Times: user=0.03 sys=0.04, real=0.06 secs] 
2018-04-23T11:17:14.611-0800: 70481.983: [GC pause (G1 Evacuation Pause) (young), 0.0234322 secs]
   [Parallel Time: 18.9 ms, GC Workers: 4]
      [GC Worker Start (ms): Min: 70481986.1, Avg: 70481986.4, Max: 70481986.9, Diff: 0.7]
      [Ext Root Scanning (ms): Min: 3.1, Avg: 7.4, Max: 18.7, Diff: 15.7, Sum: 29.8]
      [Update RS (ms): Min: 0.0, Avg: 3.0, Max: 8.9, Diff: 8.9, Sum: 12.2]
         [Processed Buffers: Min: 0, Avg: 7.8, Max: 25, Diff: 25, Sum: 31]
      [Scan RS (ms): Min: 0.0, Avg: 0.0, Max: 0.0, Diff: 0.0, Sum: 0.0]
      [Code Root Scanning (ms): Min: 0.0, Avg: 0.1, Max: 0.6, Diff: 0.6, Sum: 0.6]
      [Object Copy (ms): Min: 0.0, Avg: 5.0, Max: 11.2, Diff: 11.2, Sum: 20.2]
      [Termination (ms): Min: 0.0, Avg: 2.8, Max: 4.1, Diff: 4.1, Sum: 11.3]
         [Termination Attempts: Min: 1, Avg: 1.2, Max: 2, Diff: 1, Sum: 5]
      [GC Worker Other (ms): Min: 0.0, Avg: 0.0, Max: 0.1, Diff: 0.1, Sum: 0.2]
      [GC Worker Total (ms): Min: 18.1, Avg: 18.6, Max: 18.8, Diff: 0.7, Sum: 74.3]
      [GC Worker End (ms): Min: 70482004.9, Avg: 70482004.9, Max: 70482004.9, Diff: 0.0]
   [Code Root Fixup: 0.1 ms]
   [Code Root Purge: 0.0 ms]
   [Clear CT: 0.1 ms]
   [Other: 4.4 ms]
      [Choose CSet: 0.0 ms]
      [Ref Proc: 0.4 ms]
      [Ref Enq: 0.0 ms]
      [Redirty Cards: 0.0 ms]
      [Humongous Register: 2.7 ms]
      [Humongous Reclaim: 0.0 ms]
      [Free CSet: 0.4 ms]
   [Eden: 50.0M(50.0M)->0.0B(50.0M) Survivors: 1024.0K->1024.0K Heap: 191.5M(1024.0M)->141.4M(1024.0M)]
 [Times: user=0.02 sys=0.03, real=0.02 secs] 
2018-04-23T11:37:07.210-0800: 71674.578: [GC pause (G1 Evacuation Pause) (young), 0.0164683 secs]
   [Parallel Time: 11.2 ms, GC Workers: 4]
      [GC Worker Start (ms): Min: 71674580.7, Avg: 71674580.8, Max: 71674580.9, Diff: 0.1]
      [Ext Root Scanning (ms): Min: 3.8, Avg: 5.6, Max: 11.1, Diff: 7.3, Sum: 22.6]
      [Update RS (ms): Min: 0.0, Avg: 2.2, Max: 3.0, Diff: 3.0, Sum: 9.0]
         [Processed Buffers: Min: 0, Avg: 8.2, Max: 22, Diff: 22, Sum: 33]
      [Scan RS (ms): Min: 0.0, Avg: 0.0, Max: 0.0, Diff: 0.0, Sum: 0.1]
      [Code Root Scanning (ms): Min: 0.0, Avg: 0.1, Max: 0.5, Diff: 0.5, Sum: 0.5]
      [Object Copy (ms): Min: 0.0, Avg: 2.0, Max: 2.8, Diff: 2.8, Sum: 8.0]
      [Termination (ms): Min: 0.0, Avg: 1.0, Max: 1.5, Diff: 1.5, Sum: 4.1]
         [Termination Attempts: Min: 1, Avg: 10.2, Max: 23, Diff: 22, Sum: 41]
      [GC Worker Other (ms): Min: 0.0, Avg: 0.0, Max: 0.1, Diff: 0.0, Sum: 0.1]
      [GC Worker Total (ms): Min: 11.0, Avg: 11.1, Max: 11.1, Diff: 0.1, Sum: 44.3]
      [GC Worker End (ms): Min: 71674591.9, Avg: 71674591.9, Max: 71674591.9, Diff: 0.0]
   [Code Root Fixup: 0.1 ms]
   [Code Root Purge: 0.0 ms]
   [Clear CT: 0.1 ms]
   [Other: 5.0 ms]
      [Choose CSet: 0.0 ms]
      [Ref Proc: 0.5 ms]
      [Ref Enq: 0.0 ms]
      [Redirty Cards: 0.1 ms]
      [Humongous Register: 2.1 ms]
      [Humongous Reclaim: 0.0 ms]
      [Free CSet: 0.4 ms]
   [Eden: 50.0M(50.0M)->0.0B(50.0M) Survivors: 1024.0K->1024.0K Heap: 191.4M(1024.0M)->141.5M(1024.0M)]
 [Times: user=0.01 sys=0.03, real=0.01 secs] 
2018-04-23T11:57:07.411-0800: 72874.570: [GC pause (G1 Evacuation Pause) (young), 0.0095275 secs]
   [Parallel Time: 8.7 ms, GC Workers: 4]
      [GC Worker Start (ms): Min: 72874570.0, Avg: 72874570.1, Max: 72874570.1, Diff: 0.1]
      [Ext Root Scanning (ms): Min: 3.2, Avg: 4.5, Max: 5.1, Diff: 1.9, Sum: 18.1]
      [Update RS (ms): Min: 0.0, Avg: 0.4, Max: 1.8, Diff: 1.8, Sum: 1.8]
         [Processed Buffers: Min: 0, Avg: 7.8, Max: 28, Diff: 28, Sum: 31]
      [Scan RS (ms): Min: 0.0, Avg: 0.0, Max: 0.0, Diff: 0.0, Sum: 0.0]
      [Code Root Scanning (ms): Min: 0.0, Avg: 0.1, Max: 0.2, Diff: 0.2, Sum: 0.2]
      [Object Copy (ms): Min: 2.0, Avg: 2.4, Max: 3.4, Diff: 1.4, Sum: 9.4]
      [Termination (ms): Min: 0.0, Avg: 1.2, Max: 1.6, Diff: 1.6, Sum: 4.7]
         [Termination Attempts: Min: 1, Avg: 1.0, Max: 1, Diff: 0, Sum: 4]
      [GC Worker Other (ms): Min: 0.0, Avg: 0.0, Max: 0.0, Diff: 0.0, Sum: 0.1]
      [GC Worker Total (ms): Min: 8.6, Avg: 8.6, Max: 8.6, Diff: 0.1, Sum: 34.4]
      [GC Worker End (ms): Min: 72874578.6, Avg: 72874578.7, Max: 72874578.7, Diff: 0.0]
   [Code Root Fixup: 0.1 ms]
   [Code Root Purge: 0.0 ms]
   [Clear CT: 0.1 ms]
   [Other: 0.6 ms]
      [Choose CSet: 0.0 ms]
      [Ref Proc: 0.3 ms]
      [Ref Enq: 0.0 ms]
      [Redirty Cards: 0.1 ms]
      [Humongous Register: 0.0 ms]
      [Humongous Reclaim: 0.0 ms]
      [Free CSet: 0.1 ms]
   [Eden: 50.0M(50.0M)->0.0B(50.0M) Survivors: 1024.0K->1024.0K Heap: 191.5M(1024.0M)->141.4M(1024.0M)]
 [Times: user=0.01 sys=0.01, real=0.01 secs] 
2018-04-23T12:16:59.820-0800: 74066.904: [GC pause (G1 Evacuation Pause) (young), 0.0076990 secs]
   [Parallel Time: 6.6 ms, GC Workers: 4]
      [GC Worker Start (ms): Min: 74066903.9, Avg: 74066905.0, Max: 74066907.0, Diff: 3.1]
      [Ext Root Scanning (ms): Min: 0.0, Avg: 0.8, Max: 1.6, Diff: 1.6, Sum: 3.0]
      [Update RS (ms): Min: 0.0, Avg: 0.9, Max: 1.6, Diff: 1.6, Sum: 3.5]
         [Processed Buffers: Min: 0, Avg: 8.0, Max: 28, Diff: 28, Sum: 32]
      [Scan RS (ms): Min: 0.0, Avg: 0.0, Max: 0.0, Diff: 0.0, Sum: 0.0]
      [Code Root Scanning (ms): Min: 0.0, Avg: 0.0, Max: 0.2, Diff: 0.2, Sum: 0.2]
      [Object Copy (ms): Min: 0.1, Avg: 1.3, Max: 4.4, Diff: 4.2, Sum: 5.2]
      [Termination (ms): Min: 0.0, Avg: 2.3, Max: 3.1, Diff: 3.1, Sum: 9.2]
         [Termination Attempts: Min: 1, Avg: 1.2, Max: 2, Diff: 1, Sum: 5]
      [GC Worker Other (ms): Min: 0.0, Avg: 0.1, Max: 0.5, Diff: 0.4, Sum: 0.5]
      [GC Worker Total (ms): Min: 3.4, Avg: 5.4, Max: 6.5, Diff: 3.1, Sum: 21.7]
      [GC Worker End (ms): Min: 74066910.4, Avg: 74066910.4, Max: 74066910.4, Diff: 0.0]
   [Code Root Fixup: 0.1 ms]
   [Code Root Purge: 0.0 ms]
   [Clear CT: 0.1 ms]
   [Other: 0.9 ms]
      [Choose CSet: 0.0 ms]
      [Ref Proc: 0.4 ms]
      [Ref Enq: 0.0 ms]
      [Redirty Cards: 0.1 ms]
      [Humongous Register: 0.1 ms]
      [Humongous Reclaim: 0.0 ms]
      [Free CSet: 0.1 ms]
   [Eden: 50.0M(50.0M)->0.0B(50.0M) Survivors: 1024.0K->1024.0K Heap: 191.4M(1024.0M)->141.5M(1024.0M)]
 [Times: user=0.01 sys=0.01, real=0.00 secs] 
2018-04-23T12:36:43.069-0800: 75250.108: [GC pause (G1 Evacuation Pause) (young), 0.0339021 secs]
   [Parallel Time: 22.5 ms, GC Workers: 4]
      [GC Worker Start (ms): Min: 75250114.7, Avg: 75250114.8, Max: 75250114.9, Diff: 0.2]
      [Ext Root Scanning (ms): Min: 6.6, Avg: 9.2, Max: 15.9, Diff: 9.3, Sum: 36.9]
      [Update RS (ms): Min: 0.0, Avg: 2.7, Max: 4.7, Diff: 4.7, Sum: 10.6]
         [Processed Buffers: Min: 0, Avg: 8.2, Max: 30, Diff: 30, Sum: 33]
      [Scan RS (ms): Min: 0.0, Avg: 0.0, Max: 0.0, Diff: 0.0, Sum: 0.1]
      [Code Root Scanning (ms): Min: 0.0, Avg: 0.1, Max: 0.5, Diff: 0.5, Sum: 0.5]
      [Object Copy (ms): Min: 2.2, Avg: 7.0, Max: 12.9, Diff: 10.7, Sum: 28.1]
      [Termination (ms): Min: 0.0, Avg: 3.3, Max: 6.6, Diff: 6.6, Sum: 13.1]
         [Termination Attempts: Min: 1, Avg: 6.2, Max: 15, Diff: 14, Sum: 25]
      [GC Worker Other (ms): Min: 0.0, Avg: 0.0, Max: 0.1, Diff: 0.0, Sum: 0.2]
      [GC Worker Total (ms): Min: 22.3, Avg: 22.4, Max: 22.5, Diff: 0.2, Sum: 89.5]
      [GC Worker End (ms): Min: 75250137.2, Avg: 75250137.2, Max: 75250137.2, Diff: 0.0]
   [Code Root Fixup: 0.1 ms]
   [Code Root Purge: 0.0 ms]
   [Clear CT: 0.1 ms]
   [Other: 11.2 ms]
      [Choose CSet: 0.0 ms]
      [Ref Proc: 3.6 ms]
      [Ref Enq: 0.0 ms]
      [Redirty Cards: 0.1 ms]
      [Humongous Register: 5.6 ms]
      [Humongous Reclaim: 0.0 ms]
      [Free CSet: 0.4 ms]
   [Eden: 50.0M(50.0M)->0.0B(50.0M) Survivors: 1024.0K->1024.0K Heap: 191.5M(1024.0M)->141.5M(1024.0M)]
 [Times: user=0.03 sys=0.04, real=0.04 secs2018-04-23T16:59:16.989-0800: 91002.872: [GC pause (G1 Evacuation Pause) (young), 3.1374713 secs]
   [Parallel Time: 2980.5 ms, GC Workers: 4]
      [GC Worker Start (ms): Min: 91002931.5, Avg: 91002933.5, Max: 91002934.9, Diff: 3.4]
      [Ext Root Scanning (ms): Min: 112.0, Avg: 220.5, Max: 538.7, Diff: 426.7, Sum: 881.9]
      [Update RS (ms): Min: 0.0, Avg: 95.0, Max: 141.4, Diff: 141.4, Sum: 380.2]
         [Processed Buffers: Min: 0, Avg: 10.5, Max: 39, Diff: 39, Sum: 42]
      [Scan RS (ms): Min: 0.1, Avg: 0.5, Max: 1.8, Diff: 1.7, Sum: 2.1]
      [Code Root Scanning (ms): Min: 0.0, Avg: 5.8, Max: 18.3, Diff: 18.3, Sum: 23.2]
      [Object Copy (ms): Min: 1494.5, Avg: 1624.7, Max: 1733.1, Diff: 238.6, Sum: 6498.6]
      [Termination (ms): Min: 945.6, Avg: 1030.9, Max: 1165.9, Diff: 220.3, Sum: 4123.8]
         [Termination Attempts: Min: 983, Avg: 1079.5, Max: 1201, Diff: 218, Sum: 4318]
      [GC Worker Other (ms): Min: 0.1, Avg: 1.0, Max: 1.6, Diff: 1.5, Sum: 4.0]
      [GC Worker Total (ms): Min: 2977.1, Avg: 2978.4, Max: 2980.4, Diff: 3.4, Sum: 11913.7]
      [GC Worker End (ms): Min: 91005911.9, Avg: 91005912.0, Max: 91005912.0, Diff: 0.0]
   [Code Root Fixup: 0.2 ms]
   [Code Root Purge: 2.2 ms]
   [Clear CT: 8.7 ms]
   [Other: 145.9 ms]
      [Choose CSet: 0.0 ms]
      [Ref Proc: 73.8 ms]
      [Ref Enq: 0.1 ms]
      [Redirty Cards: 0.1 ms]
      [Humongous Register: 19.3 ms]
      [Humongous Reclaim: 0.0 ms]
      [Free CSet: 2.4 ms]
   [Eden: 600.0M(600.0M)->0.0B(46.0M) Survivors: 4096.0K->5120.0K Heap: 742.7M(1024.0M)->143.8M(1024.0M)]
 [Times: user=3.57 sys=1.35, real=3.14 secs] 
2018-04-23T17:40:39.589-0800: 93485.379: [GC pause (G1 Evacuation Pause) (young), 0.1356262 secs]
   [Parallel Time: 93.3 ms, GC Workers: 4]
      [GC Worker Start (ms): Min: 93485411.5, Avg: 93485411.6, Max: 93485411.7, Diff: 0.2]
      [Ext Root Scanning (ms): Min: 8.3, Avg: 19.2, Max: 44.3, Diff: 36.0, Sum: 76.7]
      [Update RS (ms): Min: 0.0, Avg: 7.2, Max: 16.0, Diff: 16.0, Sum: 29.0]
         [Processed Buffers: Min: 0, Avg: 8.8, Max: 33, Diff: 33, Sum: 35]
      [Scan RS (ms): Min: 0.0, Avg: 0.0, Max: 0.0, Diff: 0.0, Sum: 0.0]
      [Code Root Scanning (ms): Min: 0.0, Avg: 0.1, Max: 0.4, Diff: 0.4, Sum: 0.4]
      [Object Copy (ms): Min: 47.3, Avg: 63.1, Max: 71.5, Diff: 24.1, Sum: 252.2]
      [Termination (ms): Min: 1.2, Avg: 2.3, Max: 3.4, Diff: 2.2, Sum: 9.2]
         [Termination Attempts: Min: 10, Avg: 11.5, Max: 13, Diff: 3, Sum: 46]
      [GC Worker Other (ms): Min: 0.1, Avg: 1.1, Max: 2.8, Diff: 2.7, Sum: 4.5]
      [GC Worker Total (ms): Min: 92.9, Avg: 93.0, Max: 93.2, Diff: 0.2, Sum: 372.1]
      [GC Worker End (ms): Min: 93485504.6, Avg: 93485504.7, Max: 93485504.7, Diff: 0.0]
   [Code Root Fixup: 0.1 ms]
   [Code Root Purge: 1.0 ms]
   [Clear CT: 1.2 ms]
   [Other: 40.0 ms]
      [Choose CSet: 0.0 ms]
      [Ref Proc: 6.3 ms]
      [Ref Enq: 0.0 ms]
      [Redirty Cards: 0.1 ms]
      [Humongous Register: 27.5 ms]
      [Humongous Reclaim: 0.0 ms]
      [Free CSet: 0.5 ms]
   [Eden: 46.0M(46.0M)->0.0B(47.0M) Survivors: 5120.0K->4096.0K Heap: 189.8M(1024.0M)->142.9M(1024.0M)]
 [Times: user=0.03 sys=0.10, real=0.14 secs] 
2018-04-23T18:23:03.948-0800: 96029.631: [GC pause (G1 Evacuation Pause) (young), 0.0867745 secs]
   [Parallel Time: 70.1 ms, GC Workers: 4]
      [GC Worker Start (ms): Min: 96029640.4, Avg: 96029640.4, Max: 96029640.5, Diff: 0.1]
      [Ext Root Scanning (ms): Min: 8.2, Avg: 13.1, Max: 25.4, Diff: 17.2, Sum: 52.4]
      [Update RS (ms): Min: 0.0, Avg: 6.4, Max: 10.0, Diff: 10.0, Sum: 25.5]
         [Processed Buffers: Min: 0, Avg: 8.2, Max: 27, Diff: 27, Sum: 33]
      [Scan RS (ms): Min: 0.0, Avg: 0.0, Max: 0.0, Diff: 0.0, Sum: 0.1]
      [Code Root Scanning (ms): Min: 0.0, Avg: 0.1, Max: 0.3, Diff: 0.3, Sum: 0.6]
      [Object Copy (ms): Min: 43.4, Avg: 47.7, Max: 52.0, Diff: 8.6, Sum: 190.7]
      [Termination (ms): Min: 0.0, Avg: 1.1, Max: 2.0, Diff: 2.0, Sum: 4.3]
         [Termination Attempts: Min: 2, Avg: 6.2, Max: 9, Diff: 7, Sum: 25]
      [GC Worker Other (ms): Min: 0.0, Avg: 0.5, Max: 1.6, Diff: 1.6, Sum: 1.8]
      [GC Worker Total (ms): Min: 68.8, Avg: 68.8, Max: 68.9, Diff: 0.1, Sum: 275.4]
      [GC Worker End (ms): Min: 96029709.3, Avg: 96029709.3, Max: 96029709.3, Diff: 0.0]
   [Code Root Fixup: 0.1 ms]
   [Code Root Purge: 0.0 ms]
   [Clear CT: 0.1 ms]
   [Other: 16.5 ms]
      [Choose CSet: 0.0 ms]
      [Ref Proc: 6.9 ms]
      [Ref Enq: 0.0 ms]
      [Redirty Cards: 0.1 ms]
      [Humongous Register: 3.9 ms]
      [Humongous Reclaim: 0.0 ms]
      [Free CSet: 0.5 ms]
   [Eden: 47.0M(47.0M)->0.0B(47.0M) Survivors: 4096.0K->4096.0K Heap: 189.9M(1024.0M)->142.9M(1024.0M)]
 [Times: user=0.02 sys=0.07, real=0.09 secs] 
2018-04-23T19:05:24.777-0800: 98570.376: [GC pause (G1 Evacuation Pause) (young), 0.0356941 secs]
   [Parallel Time: 29.5 ms, GC Workers: 4]
      [GC Worker Start (ms): Min: 98570379.0, Avg: 98570379.2, Max: 98570379.4, Diff: 0.4]
      [Ext Root Scanning (ms): Min: 3.3, Avg: 6.1, Max: 14.0, Diff: 10.7, Sum: 24.4]
      [Update RS (ms): Min: 0.0, Avg: 2.6, Max: 3.6, Diff: 3.6, Sum: 10.5]
         [Processed Buffers: Min: 0, Avg: 8.5, Max: 32, Diff: 32, Sum: 34]
      [Scan RS (ms): Min: 0.0, Avg: 0.0, Max: 0.0, Diff: 0.0, Sum: 0.0]
      [Code Root Scanning (ms): Min: 0.0, Avg: 0.3, Max: 1.0, Diff: 1.0, Sum: 1.4]
      [Object Copy (ms): Min: 14.9, Avg: 19.7, Max: 22.0, Diff: 7.0, Sum: 78.7]
      [Termination (ms): Min: 0.0, Avg: 0.4, Max: 0.6, Diff: 0.6, Sum: 1.5]
         [Termination Attempts: Min: 1, Avg: 1.8, Max: 3, Diff: 2, Sum: 7]
      [GC Worker Other (ms): Min: 0.0, Avg: 0.1, Max: 0.1, Diff: 0.1, Sum: 0.2]
      [GC Worker Total (ms): Min: 28.9, Avg: 29.2, Max: 29.3, Diff: 0.4, Sum: 116.8]
      [GC Worker End (ms): Min: 98570408.4, Avg: 98570408.4, Max: 98570408.4, Diff: 0.0]
   [Code Root Fixup: 0.1 ms]
   [Code Root Purge: 0.1 ms]
   [Clear CT: 0.1 ms]
   [Other: 6.0 ms]
      [Choose CSet: 0.0 ms]
      [Ref Proc: 1.8 ms]
      [Ref Enq: 0.0 ms]
      [Redirty Cards: 0.1 ms]
      [Humongous Register: 2.7 ms]
      [Humongous Reclaim: 0.0 ms]
      [Free CSet: 0.5 ms]
   [Eden: 47.0M(47.0M)->0.0B(47.0M) Survivors: 4096.0K->4096.0K Heap: 189.9M(1024.0M)->142.9M(1024.0M)]
 [Times: user=0.02 sys=0.05, real=0.04 secs] 
2018-04-23T19:47:59.872-0800: 101125.377: [GC pause (G1 Evacuation Pause) (young), 0.0599996 secs]
   [Parallel Time: 44.3 ms, GC Workers: 4]
      [GC Worker Start (ms): Min: 101125390.4, Avg: 101125390.5, Max: 101125390.5, Diff: 0.2]
      [Ext Root Scanning (ms): Min: 5.1, Avg: 9.9, Max: 22.1, Diff: 17.0, Sum: 39.7]
      [Update RS (ms): Min: 0.0, Avg: 6.0, Max: 8.9, Diff: 8.9, Sum: 23.8]
         [Processed Buffers: Min: 0, Avg: 8.0, Max: 29, Diff: 29, Sum: 32]
      [Scan RS (ms): Min: 0.0, Avg: 0.0, Max: 0.0, Diff: 0.0, Sum: 0.0]
      [Code Root Scanning (ms): Min: 0.0, Avg: 1.3, Max: 3.0, Diff: 3.0, Sum: 5.1]
      [Object Copy (ms): Min: 20.9, Avg: 26.0, Max: 28.3, Diff: 7.4, Sum: 103.9]
      [Termination (ms): Min: 0.1, Avg: 0.6, Max: 1.1, Diff: 1.1, Sum: 2.4]
         [Termination Attempts: Min: 7, Avg: 8.8, Max: 11, Diff: 4, Sum: 35]
      [GC Worker Other (ms): Min: 0.0, Avg: 0.3, Max: 1.2, Diff: 1.2, Sum: 1.4]
      [GC Worker Total (ms): Min: 44.0, Avg: 44.1, Max: 44.2, Diff: 0.2, Sum: 176.3]
      [GC Worker End (ms): Min: 101125434.5, Avg: 101125434.5, Max: 101125434.5, Diff: 0.0]
   [Code Root Fixup: 0.1 ms]
   [Code Root Purge: 0.0 ms]
   [Clear CT: 0.1 ms]
   [Other: 15.5 ms]
      [Choose CSet: 0.0 ms]
      [Ref Proc: 0.6 ms]
      [Ref Enq: 0.0 ms]
      [Redirty Cards: 0.1 ms]
      [Humongous Register: 6.8 ms]
      [Humongous Reclaim: 0.0 ms]
      [Free CSet: 0.4 ms]
   [Eden: 47.0M(47.0M)->0.0B(47.0M) Survivors: 4096.0K->4096.0K Heap: 189.9M(1024.0M)->142.9M(1024.0M)]
 [Times: user=0.02 sys=0.07, real=0.06 secs] 
2018-04-23T20:30:19.869-0800: 103665.262: [GC pause (G1 Evacuation Pause) (young), 0.0419506 secs]
   [Parallel Time: 33.3 ms, GC Workers: 4]
      [GC Worker Start (ms): Min: 103665267.7, Avg: 103665267.8, Max: 103665267.9, Diff: 0.2]
      [Ext Root Scanning (ms): Min: 5.9, Avg: 8.9, Max: 17.4, Diff: 11.5, Sum: 35.4]
      [Update RS (ms): Min: 0.0, Avg: 4.4, Max: 6.6, Diff: 6.6, Sum: 17.8]
         [Processed Buffers: Min: 0, Avg: 8.5, Max: 29, Diff: 29, Sum: 34]
      [Scan RS (ms): Min: 0.0, Avg: 0.0, Max: 0.0, Diff: 0.0, Sum: 0.0]
      [Code Root Scanning (ms): Min: 0.0, Avg: 0.1, Max: 0.4, Diff: 0.4, Sum: 0.5]
      [Object Copy (ms): Min: 15.2, Avg: 19.1, Max: 20.8, Diff: 5.5, Sum: 76.6]
      [Termination (ms): Min: 0.0, Avg: 0.4, Max: 0.5, Diff: 0.5, Sum: 1.5]
         [Termination Attempts: Min: 4, Avg: 6.2, Max: 9, Diff: 5, Sum: 25]
      [GC Worker Other (ms): Min: 0.0, Avg: 0.1, Max: 0.1, Diff: 0.1, Sum: 0.2]
      [GC Worker Total (ms): Min: 32.9, Avg: 33.0, Max: 33.1, Diff: 0.2, Sum: 132.1]
      [GC Worker End (ms): Min: 103665300.8, Avg: 103665300.8, Max: 103665300.9, Diff: 0.0]
   [Code Root Fixup: 0.1 ms]
   [Code Root Purge: 0.0 ms]
   [Clear CT: 0.1 ms]
   [Other: 8.5 ms]
      [Choose CSet: 0.0 ms]
      [Ref Proc: 1.9 ms]
      [Ref Enq: 0.0 ms]
      [Redirty Cards: 0.1 ms]
      [Humongous Register: 3.9 ms]
      [Humongous Reclaim: 0.0 ms]
      [Free CSet: 0.7 ms]
   [Eden: 47.0M(47.0M)->0.0B(47.0M) Survivors: 4096.0K->4096.0K Heap: 189.9M(1024.0M)->142.9M(1024.0M)]
 [Times: user=0.02 sys=0.05, real=0.05 secs] 
2018-04-23T22:03:10.281-0800: 105794.151: [GC pause (G1 Evacuation Pause) (young), 0.0940139 secs]
   [Parallel Time: 80.3 ms, GC Workers: 4]
      [GC Worker Start (ms): Min: 105794159.2, Avg: 105794159.3, Max: 105794159.4, Diff: 0.1]
      [Ext Root Scanning (ms): Min: 6.6, Avg: 11.3, Max: 25.2, Diff: 18.6, Sum: 45.4]
      [Update RS (ms): Min: 0.0, Avg: 7.2, Max: 10.7, Diff: 10.7, Sum: 29.0]
         [Processed Buffers: Min: 0, Avg: 9.5, Max: 19, Diff: 19, Sum: 38]
      [Scan RS (ms): Min: 0.0, Avg: 0.0, Max: 0.0, Diff: 0.0, Sum: 0.0]
      [Code Root Scanning (ms): Min: 0.0, Avg: 0.0, Max: 0.2, Diff: 0.2, Sum: 0.2]
      [Object Copy (ms): Min: 39.0, Avg: 46.6, Max: 60.4, Diff: 21.4, Sum: 186.6]
      [Termination (ms): Min: 3.6, Avg: 14.8, Max: 20.9, Diff: 17.4, Sum: 59.1]
         [Termination Attempts: Min: 6, Avg: 28.5, Max: 41, Diff: 35, Sum: 114]
      [GC Worker Other (ms): Min: 0.0, Avg: 0.0, Max: 0.1, Diff: 0.0, Sum: 0.2]
      [GC Worker Total (ms): Min: 80.0, Avg: 80.1, Max: 80.2, Diff: 0.1, Sum: 320.4]
      [GC Worker End (ms): Min: 105794239.4, Avg: 105794239.4, Max: 105794239.4, Diff: 0.0]
   [Code Root Fixup: 0.1 ms]
   [Code Root Purge: 0.0 ms]
   [Clear CT: 0.2 ms]
   [Other: 13.5 ms]
      [Choose CSet: 0.0 ms]
      [Ref Proc: 4.7 ms]
      [Ref Enq: 0.0 ms]
      [Redirty Cards: 0.1 ms]
      [Humongous Register: 5.9 ms]
      [Humongous Reclaim: 0.0 ms]
      [Free CSet: 0.3 ms]
   [Eden: 47.0M(47.0M)->0.0B(47.0M) Survivors: 4096.0K->4096.0K Heap: 189.9M(1024.0M)->142.7M(1024.0M)]
 [Times: user=0.07 sys=0.06, real=0.09 secs] 
2018-04-23T22:12:11.459-0800: 106335.313: [GC pause (G1 Evacuation Pause) (young), 0.0075097 secs]
   [Parallel Time: 6.7 ms, GC Workers: 4]
      [GC Worker Start (ms): Min: 106335312.9, Avg: 106335312.9, Max: 106335313.0, Diff: 0.1]
      [Ext Root Scanning (ms): Min: 0.9, Avg: 1.8, Max: 3.4, Diff: 2.5, Sum: 7.0]
      [Update RS (ms): Min: 0.0, Avg: 0.5, Max: 1.1, Diff: 1.1, Sum: 2.0]
         [Processed Buffers: Min: 0, Avg: 9.5, Max: 24, Diff: 24, Sum: 38]
      [Scan RS (ms): Min: 0.0, Avg: 0.0, Max: 0.0, Diff: 0.0, Sum: 0.0]
      [Code Root Scanning (ms): Min: 0.0, Avg: 0.0, Max: 0.1, Diff: 0.1, Sum: 0.2]
      [Object Copy (ms): Min: 2.7, Avg: 3.7, Max: 4.7, Diff: 2.0, Sum: 14.9]
      [Termination (ms): Min: 0.0, Avg: 0.5, Max: 0.9, Diff: 0.9, Sum: 2.1]
         [Termination Attempts: Min: 1, Avg: 1.0, Max: 1, Diff: 0, Sum: 4]
      [GC Worker Other (ms): Min: 0.0, Avg: 0.0, Max: 0.0, Diff: 0.0, Sum: 0.1]
      [GC Worker Total (ms): Min: 6.6, Avg: 6.6, Max: 6.6, Diff: 0.1, Sum: 26.4]
      [GC Worker End (ms): Min: 106335319.5, Avg: 106335319.5, Max: 106335319.5, Diff: 0.0]
   [Code Root Fixup: 0.1 ms]
   [Code Root Purge: 0.0 ms]
   [Clear CT: 0.1 ms]
   [Other: 0.6 ms]
      [Choose CSet: 0.0 ms]
      [Ref Proc: 0.3 ms]
      [Ref Enq: 0.0 ms]
      [Redirty Cards: 0.1 ms]
      [Humongous Register: 0.0 ms]
      [Humongous Reclaim: 0.0 ms]
      [Free CSet: 0.1 ms]
   [Eden: 47.0M(47.0M)->0.0B(47.0M) Survivors: 4096.0K->4096.0K Heap: 189.7M(1024.0M)->142.2M(1024.0M)]
 [Times: user=0.02 sys=0.01, real=0.01 secs] 
2018-04-23T22:21:11.539-0800: 106875.371: [GC pause (G1 Evacuation Pause) (young), 0.0160254 secs]
   [Parallel Time: 14.5 ms, GC Workers: 4]
      [GC Worker Start (ms): Min: 106875371.3, Avg: 106875371.3, Max: 106875371.3, Diff: 0.1]
      [Ext Root Scanning (ms): Min: 3.4, Avg: 6.3, Max: 11.7, Diff: 8.3, Sum: 25.0]
      [Update RS (ms): Min: 0.0, Avg: 1.0, Max: 2.0, Diff: 2.0, Sum: 4.0]
         [Processed Buffers: Min: 0, Avg: 9.5, Max: 35, Diff: 35, Sum: 38]
      [Scan RS (ms): Min: 0.0, Avg: 0.0, Max: 0.0, Diff: 0.0, Sum: 0.0]
      [Code Root Scanning (ms): Min: 0.0, Avg: 0.1, Max: 0.3, Diff: 0.3, Sum: 0.3]
      [Object Copy (ms): Min: 2.7, Avg: 6.3, Max: 7.9, Diff: 5.2, Sum: 25.3]
      [Termination (ms): Min: 0.0, Avg: 0.4, Max: 0.9, Diff: 0.9, Sum: 1.8]
         [Termination Attempts: Min: 2, Avg: 2.5, Max: 3, Diff: 1, Sum: 10]
      [GC Worker Other (ms): Min: 0.0, Avg: 0.4, Max: 1.3, Diff: 1.3, Sum: 1.4]
      [GC Worker Total (ms): Min: 14.4, Avg: 14.5, Max: 14.5, Diff: 0.1, Sum: 57.8]
      [GC Worker End (ms): Min: 106875385.8, Avg: 106875385.8, Max: 106875385.8, Diff: 0.0]
   [Code Root Fixup: 0.1 ms]
   [Code Root Purge: 0.0 ms]
   [Clear CT: 0.1 ms]
   [Other: 1.3 ms]
      [Choose CSet: 0.0 ms]
      [Ref Proc: 0.2 ms]
      [Ref Enq: 0.0 ms]
      [Redirty Cards: 0.1 ms]
      [Humongous Register: 0.2 ms]
      [Humongous Reclaim: 0.0 ms]
      [Free CSet: 0.2 ms]
   [Eden: 47.0M(47.0M)->0.0B(47.0M) Survivors: 4096.0K->4096.0K Heap: 189.2M(1024.0M)->142.7M(1024.0M)]
 [Times: user=0.02 sys=0.01, real=0.02 secs] 
2018-04-23T22:30:15.553-0800: 107419.369: [GC pause (G1 Evacuation Pause) (young), 0.0109279 secs]
   [Parallel Time: 9.9 ms, GC Workers: 4]
      [GC Worker Start (ms): Min: 107419369.1, Avg: 107419369.1, Max: 107419369.2, Diff: 0.1]
      [Ext Root Scanning (ms): Min: 0.7, Avg: 0.8, Max: 0.9, Diff: 0.2, Sum: 3.2]
      [Update RS (ms): Min: 0.2, Avg: 0.5, Max: 0.9, Diff: 0.7, Sum: 1.9]
         [Processed Buffers: Min: 1, Avg: 9.5, Max: 19, Diff: 18, Sum: 38]
      [Scan RS (ms): Min: 0.0, Avg: 0.0, Max: 0.0, Diff: 0.0, Sum: 0.1]
      [Code Root Scanning (ms): Min: 0.0, Avg: 0.1, Max: 0.1, Diff: 0.1, Sum: 0.2]
      [Object Copy (ms): Min: 7.5, Avg: 8.1, Max: 8.6, Diff: 1.0, Sum: 32.5]
      [Termination (ms): Min: 0.0, Avg: 0.3, Max: 0.5, Diff: 0.5, Sum: 1.3]
         [Termination Attempts: Min: 1, Avg: 1.2, Max: 2, Diff: 1, Sum: 5]
      [GC Worker Other (ms): Min: 0.0, Avg: 0.0, Max: 0.1, Diff: 0.0, Sum: 0.1]
      [GC Worker Total (ms): Min: 9.7, Avg: 9.8, Max: 9.9, Diff: 0.1, Sum: 39.3]
      [GC Worker End (ms): Min: 107419379.0, Avg: 107419379.0, Max: 107419379.0, Diff: 0.0]
   [Code Root Fixup: 0.2 ms]
   [Code Root Purge: 0.0 ms]
   [Clear CT: 0.1 ms]
   [Other: 0.7 ms]
      [Choose CSet: 0.0 ms]
      [Ref Proc: 0.3 ms]
      [Ref Enq: 0.0 ms]
      [Redirty Cards: 0.1 ms]
      [Humongous Register: 0.0 ms]
      [Humongous Reclaim: 0.0 ms]
      [Free CSet: 0.1 ms]
   [Eden: 47.0M(47.0M)->0.0B(47.0M) Survivors: 4096.0K->4096.0K Heap: 189.7M(1024.0M)->142.9M(1024.0M)]
 [Times: user=0.02 sys=0.00, real=0.01 secs] 
2018-04-23T22:39:19.486-0800: 107963.271: [GC pause (G1 Evacuation Pause) (young), 0.0145396 secs]
   [Parallel Time: 12.6 ms, GC Workers: 4]
      [GC Worker Start (ms): Min: 107963271.3, Avg: 107963271.3, Max: 107963271.3, Diff: 0.0]
      [Ext Root Scanning (ms): Min: 0.7, Avg: 1.0, Max: 1.3, Diff: 0.6, Sum: 4.1]
      [Update RS (ms): Min: 0.0, Avg: 0.6, Max: 1.0, Diff: 1.0, Sum: 2.2]
         [Processed Buffers: Min: 0, Avg: 9.0, Max: 32, Diff: 32, Sum: 36]
      [Scan RS (ms): Min: 0.0, Avg: 0.0, Max: 0.0, Diff: 0.0, Sum: 0.1]
      [Code Root Scanning (ms): Min: 0.0, Avg: 0.1, Max: 0.2, Diff: 0.2, Sum: 0.3]
      [Object Copy (ms): Min: 10.1, Avg: 10.4, Max: 10.8, Diff: 0.7, Sum: 41.6]
      [Termination (ms): Min: 0.0, Avg: 0.4, Max: 0.9, Diff: 0.9, Sum: 1.6]
         [Termination Attempts: Min: 1, Avg: 1.2, Max: 2, Diff: 1, Sum: 5]
      [GC Worker Other (ms): Min: 0.0, Avg: 0.0, Max: 0.0, Diff: 0.0, Sum: 0.1]
      [GC Worker Total (ms): Min: 12.4, Avg: 12.5, Max: 12.5, Diff: 0.0, Sum: 49.9]
      [GC Worker End (ms): Min: 107963283.7, Avg: 107963283.8, Max: 107963283.8, Diff: 0.0]
   [Code Root Fixup: 0.1 ms]
   [Code Root Purge: 0.0 ms]
   [Clear CT: 0.1 ms]
   [Other: 1.8 ms]
      [Choose CSet: 0.0 ms]
      [Ref Proc: 1.4 ms]
      [Ref Enq: 0.0 ms]
      [Redirty Cards: 0.1 ms]
      [Humongous Register: 0.0 ms]
      [Humongous Reclaim: 0.0 ms]
      [Free CSet: 0.1 ms]
   [Eden: 47.0M(47.0M)->0.0B(47.0M) Survivors: 4096.0K->4096.0K Heap: 189.9M(1024.0M)->142.3M(1024.0M)]
 [Times: user=0.02 sys=0.00, real=0.02 secs] 
2018-04-23T22:48:21.113-0800: 108504.890: [GC pause (G1 Evacuation Pause) (young), 0.0049766 secs]
   [Parallel Time: 4.2 ms, GC Workers: 4]
      [GC Worker Start (ms): Min: 108504890.6, Avg: 108504890.6, Max: 108504890.6, Diff: 0.0]
      [Ext Root Scanning (ms): Min: 0.7, Avg: 0.8, Max: 0.9, Diff: 0.2, Sum: 3.0]
      [Update RS (ms): Min: 0.4, Avg: 0.5, Max: 0.5, Diff: 0.2, Sum: 1.8]
         [Processed Buffers: Min: 1, Avg: 9.0, Max: 16, Diff: 15, Sum: 36]
      [Scan RS (ms): Min: 0.0, Avg: 0.0, Max: 0.0, Diff: 0.0, Sum: 0.0]
      [Code Root Scanning (ms): Min: 0.0, Avg: 0.1, Max: 0.2, Diff: 0.2, Sum: 0.2]
      [Object Copy (ms): Min: 2.7, Avg: 2.8, Max: 2.8, Diff: 0.1, Sum: 11.0]
      [Termination (ms): Min: 0.0, Avg: 0.0, Max: 0.0, Diff: 0.0, Sum: 0.0]
         [Termination Attempts: Min: 1, Avg: 1.0, Max: 1, Diff: 0, Sum: 4]
      [GC Worker Other (ms): Min: 0.0, Avg: 0.0, Max: 0.0, Diff: 0.0, Sum: 0.1]
      [GC Worker Total (ms): Min: 4.1, Avg: 4.1, Max: 4.1, Diff: 0.0, Sum: 16.3]
      [GC Worker End (ms): Min: 108504894.7, Avg: 108504894.7, Max: 108504894.7, Diff: 0.0]
   [Code Root Fixup: 0.1 ms]
   [Code Root Purge: 0.0 ms]
   [Clear CT: 0.1 ms]
   [Other: 0.6 ms]
      [Choose CSet: 0.0 ms]
      [Ref Proc: 0.3 ms]
      [Ref Enq: 0.0 ms]
      [Redirty Cards: 0.1 ms]
      [Humongous Register: 0.0 ms]
      [Humongous Reclaim: 0.0 ms]
      [Free CSet: 0.1 ms]
   [Eden: 47.0M(47.0M)->0.0B(48.0M) Survivors: 4096.0K->3072.0K Heap: 189.3M(1024.0M)->141.5M(1024.0M)]
 [Times: user=0.02 sys=0.00, real=0.00 secs] 
2018-04-23T22:57:35.951-0800: 109059.714: [GC pause (G1 Evacuation Pause) (young), 0.0101119 secs]
   [Parallel Time: 9.0 ms, GC Workers: 4]
      [GC Worker Start (ms): Min: 109059714.2, Avg: 109059714.2, Max: 109059714.3, Diff: 0.0]
      [Ext Root Scanning (ms): Min: 2.1, Avg: 2.5, Max: 2.7, Diff: 0.6, Sum: 9.9]
      [Update RS (ms): Min: 1.2, Avg: 1.9, Max: 2.2, Diff: 1.0, Sum: 7.7]
         [Processed Buffers: Min: 1, Avg: 9.5, Max: 20, Diff: 19, Sum: 38]
      [Scan RS (ms): Min: 0.0, Avg: 0.0, Max: 0.0, Diff: 0.0, Sum: 0.0]
      [Code Root Scanning (ms): Min: 0.0, Avg: 0.1, Max: 0.3, Diff: 0.3, Sum: 0.6]
      [Object Copy (ms): Min: 3.8, Avg: 4.4, Max: 5.4, Diff: 1.6, Sum: 17.4]
      [Termination (ms): Min: 0.0, Avg: 0.0, Max: 0.0, Diff: 0.0, Sum: 0.0]
         [Termination Attempts: Min: 1, Avg: 1.0, Max: 1, Diff: 0, Sum: 4]
      [GC Worker Other (ms): Min: 0.0, Avg: 0.1, Max: 0.1, Diff: 0.0, Sum: 0.2]
      [GC Worker Total (ms): Min: 8.9, Avg: 9.0, Max: 9.0, Diff: 0.0, Sum: 35.8]
      [GC Worker End (ms): Min: 109059723.2, Avg: 109059723.2, Max: 109059723.2, Diff: 0.0]
   [Code Root Fixup: 0.1 ms]
   [Code Root Purge: 0.0 ms]
   [Clear CT: 0.1 ms]
   [Other: 0.9 ms]
      [Choose CSet: 0.0 ms]
      [Ref Proc: 0.2 ms]
      [Ref Enq: 0.0 ms]
      [Redirty Cards: 0.1 ms]
      [Humongous Register: 0.1 ms]
      [Humongous Reclaim: 0.0 ms]
      [Free CSet: 0.1 ms]
   [Eden: 48.0M(48.0M)->0.0B(49.0M) Survivors: 3072.0K->2048.0K Heap: 189.5M(1024.0M)->141.0M(1024.0M)]
 [Times: user=0.02 sys=0.01, real=0.01 secs] 
2018-04-23T23:06:43.351-0800: 109607.100: [GC pause (G1 Evacuation Pause) (young), 0.0089422 secs]
   [Parallel Time: 7.0 ms, GC Workers: 4]
      [GC Worker Start (ms): Min: 109607100.1, Avg: 109607100.1, Max: 109607100.1, Diff: 0.0]
      [Ext Root Scanning (ms): Min: 0.5, Avg: 0.7, Max: 0.8, Diff: 0.4, Sum: 2.8]
      [Update RS (ms): Min: 0.0, Avg: 0.5, Max: 0.7, Diff: 0.7, Sum: 2.1]
         [Processed Buffers: Min: 0, Avg: 9.2, Max: 27, Diff: 27, Sum: 37]
      [Scan RS (ms): Min: 0.0, Avg: 0.0, Max: 0.0, Diff: 0.0, Sum: 0.0]
      [Code Root Scanning (ms): Min: 0.0, Avg: 0.0, Max: 0.1, Diff: 0.1, Sum: 0.1]
      [Object Copy (ms): Min: 4.7, Avg: 5.2, Max: 5.7, Diff: 1.0, Sum: 20.7]
      [Termination (ms): Min: 0.0, Avg: 0.5, Max: 0.8, Diff: 0.8, Sum: 2.0]
         [Termination Attempts: Min: 1, Avg: 1.0, Max: 1, Diff: 0, Sum: 4]
      [GC Worker Other (ms): Min: 0.0, Avg: 0.0, Max: 0.0, Diff: 0.0, Sum: 0.1]
      [GC Worker Total (ms): Min: 6.9, Avg: 6.9, Max: 7.0, Diff: 0.0, Sum: 27.8]
      [GC Worker End (ms): Min: 109607107.0, Avg: 109607107.0, Max: 109607107.0, Diff: 0.0]
   [Code Root Fixup: 0.1 ms]
   [Code Root Purge: 0.0 ms]
   [Clear CT: 0.1 ms]
   [Other: 1.7 ms]
      [Choose CSet: 0.0 ms]
      [Ref Proc: 1.4 ms]
      [Ref Enq: 0.0 ms]
      [Redirty Cards: 0.1 ms]
      [Humongous Register: 0.0 ms]
      [Humongous Reclaim: 0.0 ms]
      [Free CSet: 0.0 ms]
   [Eden: 49.0M(49.0M)->0.0B(47.0M) Survivors: 2048.0K->4096.0K Heap: 190.0M(1024.0M)->142.7M(1024.0M)]
 [Times: user=0.02 sys=0.00, real=0.01 secs] 
2018-04-23T23:15:47.796-0800: 110151.532: [GC pause (G1 Evacuation Pause) (young), 0.0057357 secs]
   [Parallel Time: 5.0 ms, GC Workers: 4]
      [GC Worker Start (ms): Min: 110151531.7, Avg: 110151531.7, Max: 110151531.7, Diff: 0.1]
      [Ext Root Scanning (ms): Min: 0.6, Avg: 0.6, Max: 0.7, Diff: 0.1, Sum: 2.5]
      [Update RS (ms): Min: 0.3, Avg: 0.5, Max: 0.9, Diff: 0.6, Sum: 2.0]
         [Processed Buffers: Min: 1, Avg: 9.5, Max: 19, Diff: 18, Sum: 38]
      [Scan RS (ms): Min: 0.0, Avg: 0.0, Max: 0.0, Diff: 0.0, Sum: 0.1]
      [Code Root Scanning (ms): Min: 0.0, Avg: 0.1, Max: 0.4, Diff: 0.4, Sum: 0.5]
      [Object Copy (ms): Min: 3.3, Avg: 3.6, Max: 3.8, Diff: 0.4, Sum: 14.2]
      [Termination (ms): Min: 0.0, Avg: 0.0, Max: 0.0, Diff: 0.0, Sum: 0.1]
         [Termination Attempts: Min: 1, Avg: 1.8, Max: 2, Diff: 1, Sum: 7]
      [GC Worker Other (ms): Min: 0.0, Avg: 0.0, Max: 0.0, Diff: 0.0, Sum: 0.1]
      [GC Worker Total (ms): Min: 4.8, Avg: 4.9, Max: 4.9, Diff: 0.1, Sum: 19.5]
      [GC Worker End (ms): Min: 110151536.6, Avg: 110151536.6, Max: 110151536.6, Diff: 0.0]
   [Code Root Fixup: 0.1 ms]
   [Code Root Purge: 0.0 ms]
   [Clear CT: 0.1 ms]
   [Other: 0.6 ms]
      [Choose CSet: 0.0 ms]
      [Ref Proc: 0.2 ms]
      [Ref Enq: 0.0 ms]
      [Redirty Cards: 0.1 ms]
      [Humongous Register: 0.0 ms]
      [Humongous Reclaim: 0.0 ms]
      [Free CSet: 0.0 ms]
   [Eden: 47.0M(47.0M)->0.0B(46.0M) Survivors: 4096.0K->5120.0K Heap: 189.7M(1024.0M)->143.4M(1024.0M)]
 [Times: user=0.02 sys=0.00, real=0.01 secs] 
2018-04-23T23:24:40.521-0800: 110684.214: [GC pause (G1 Evacuation Pause) (young), 0.0087886 secs]
   [Parallel Time: 8.1 ms, GC Workers: 4]
      [GC Worker Start (ms): Min: 110684213.9, Avg: 110684213.9, Max: 110684213.9, Diff: 0.0]
      [Ext Root Scanning (ms): Min: 0.7, Avg: 0.7, Max: 0.8, Diff: 0.1, Sum: 2.8]
      [Update RS (ms): Min: 0.3, Avg: 0.4, Max: 0.4, Diff: 0.1, Sum: 1.4]
         [Processed Buffers: Min: 1, Avg: 9.8, Max: 15, Diff: 14, Sum: 39]
      [Scan RS (ms): Min: 0.0, Avg: 0.0, Max: 0.0, Diff: 0.0, Sum: 0.0]
      [Code Root Scanning (ms): Min: 0.0, Avg: 0.0, Max: 0.1, Diff: 0.1, Sum: 0.1]
      [Object Copy (ms): Min: 6.2, Avg: 6.4, Max: 6.8, Diff: 0.7, Sum: 25.5]
      [Termination (ms): Min: 0.0, Avg: 0.5, Max: 0.8, Diff: 0.8, Sum: 2.1]
         [Termination Attempts: Min: 1, Avg: 1.0, Max: 1, Diff: 0, Sum: 4]
      [GC Worker Other (ms): Min: 0.0, Avg: 0.0, Max: 0.0, Diff: 0.0, Sum: 0.1]
      [GC Worker Total (ms): Min: 8.0, Avg: 8.0, Max: 8.0, Diff: 0.0, Sum: 32.0]
      [GC Worker End (ms): Min: 110684221.9, Avg: 110684221.9, Max: 110684221.9, Diff: 0.0]
   [Code Root Fixup: 0.1 ms]
   [Code Root Purge: 0.0 ms]
   [Clear CT: 0.1 ms]
   [Other: 0.5 ms]
      [Choose CSet: 0.0 ms]
      [Ref Proc: 0.2 ms]
      [Ref Enq: 0.0 ms]
      [Redirty Cards: 0.1 ms]
      [Humongous Register: 0.0 ms]
      [Humongous Reclaim: 0.0 ms]
      [Free CSet: 0.0 ms]
   [Eden: 46.0M(46.0M)->0.0B(47.0M) Survivors: 5120.0K->4096.0K Heap: 189.4M(1024.0M)->142.3M(1024.0M)]
 [Times: user=0.02 sys=0.00, real=0.00 secs] 
2018-04-24T06:10:35.623-0800: 111236.014: [GC pause (G1 Evacuation Pause) (young), 0.0221702 secs]
   [Parallel Time: 15.1 ms, GC Workers: 4]
      [GC Worker Start (ms): Min: 111236015.9, Avg: 111236016.0, Max: 111236016.1, Diff: 0.1]
      [Ext Root Scanning (ms): Min: 3.1, Avg: 5.2, Max: 11.4, Diff: 8.2, Sum: 21.0]
      [Update RS (ms): Min: 0.0, Avg: 1.1, Max: 1.9, Diff: 1.9, Sum: 4.5]
         [Processed Buffers: Min: 0, Avg: 9.8, Max: 22, Diff: 22, Sum: 39]
      [Scan RS (ms): Min: 0.0, Avg: 0.0, Max: 0.0, Diff: 0.0, Sum: 0.1]
      [Code Root Scanning (ms): Min: 0.0, Avg: 0.0, Max: 0.0, Diff: 0.0, Sum: 0.0]
      [Object Copy (ms): Min: 2.5, Avg: 7.2, Max: 9.5, Diff: 7.1, Sum: 29.0]
      [Termination (ms): Min: 0.2, Avg: 1.2, Max: 2.2, Diff: 1.9, Sum: 4.8]
         [Termination Attempts: Min: 11, Avg: 15.2, Max: 19, Diff: 8, Sum: 61]
      [GC Worker Other (ms): Min: 0.0, Avg: 0.0, Max: 0.0, Diff: 0.0, Sum: 0.1]
      [GC Worker Total (ms): Min: 14.8, Avg: 14.9, Max: 14.9, Diff: 0.1, Sum: 59.5]
      [GC Worker End (ms): Min: 111236030.9, Avg: 111236030.9, Max: 111236030.9, Diff: 0.0]
   [Code Root Fixup: 0.1 ms]
   [Code Root Purge: 0.0 ms]
   [Clear CT: 0.1 ms]
   [Other: 6.9 ms]
      [Choose CSet: 0.0 ms]
      [Ref Proc: 4.2 ms]
      [Ref Enq: 0.0 ms]
      [Redirty Cards: 0.1 ms]
      [Humongous Register: 1.8 ms]
      [Humongous Reclaim: 0.0 ms]
      [Free CSet: 0.3 ms]
   [Eden: 47.0M(47.0M)->0.0B(47.0M) Survivors: 4096.0K->4096.0K Heap: 189.3M(1024.0M)->142.9M(1024.0M)]
 [Times: user=0.02 sys=0.02, real=0.02 secs] 
2018-04-24T06:19:40.741-0800: 111781.116: [GC pause (G1 Evacuation Pause) (young), 0.0058715 secs]
   [Parallel Time: 5.2 ms, GC Workers: 4]
      [GC Worker Start (ms): Min: 111781115.6, Avg: 111781115.8, Max: 111781116.1, Diff: 0.4]
      [Ext Root Scanning (ms): Min: 0.4, Avg: 0.7, Max: 0.9, Diff: 0.5, Sum: 2.9]
      [Update RS (ms): Min: 0.3, Avg: 0.4, Max: 0.6, Diff: 0.3, Sum: 1.6]
         [Processed Buffers: Min: 1, Avg: 9.5, Max: 26, Diff: 25, Sum: 38]
      [Scan RS (ms): Min: 0.0, Avg: 0.0, Max: 0.0, Diff: 0.0, Sum: 0.0]
      [Code Root Scanning (ms): Min: 0.0, Avg: 0.0, Max: 0.0, Diff: 0.0, Sum: 0.0]
      [Object Copy (ms): Min: 2.9, Avg: 3.3, Max: 3.8, Diff: 0.9, Sum: 13.2]
      [Termination (ms): Min: 0.0, Avg: 0.5, Max: 0.7, Diff: 0.7, Sum: 1.8]
         [Termination Attempts: Min: 1, Avg: 1.0, Max: 1, Diff: 0, Sum: 4]
      [GC Worker Other (ms): Min: 0.0, Avg: 0.0, Max: 0.0, Diff: 0.0, Sum: 0.1]
      [GC Worker Total (ms): Min: 4.6, Avg: 4.9, Max: 5.0, Diff: 0.4, Sum: 19.7]
      [GC Worker End (ms): Min: 111781120.7, Avg: 111781120.7, Max: 111781120.7, Diff: 0.0]
   [Code Root Fixup: 0.1 ms]
   [Code Root Purge: 0.0 ms]
   [Clear CT: 0.1 ms]
   [Other: 0.6 ms]
      [Choose CSet: 0.0 ms]
      [Ref Proc: 0.2 ms]
      [Ref Enq: 0.0 ms]
      [Redirty Cards: 0.1 ms]
      [Humongous Register: 0.0 ms]
      [Humongous Reclaim: 0.0 ms]
      [Free CSet: 0.1 ms]
   [Eden: 47.0M(47.0M)->0.0B(48.0M) Survivors: 4096.0K->3072.0K Heap: 189.9M(1024.0M)->141.5M(1024.0M)]
 [Times: user=0.02 sys=0.00, real=0.00 secs] 
2018-04-24T06:26:51.989-0800: 112218.418: [GC pause (G1 Evacuation Pause) (young), 0.0098904 secs]
   [Parallel Time: 9.0 ms, GC Workers: 4]
      [GC Worker Start (ms): Min: 112218418.2, Avg: 112218418.7, Max: 112218420.0, Diff: 1.7]
      [Ext Root Scanning (ms): Min: 0.0, Avg: 0.9, Max: 1.2, Diff: 1.2, Sum: 3.5]
      [Update RS (ms): Min: 0.3, Avg: 2.2, Max: 3.3, Diff: 3.0, Sum: 8.8]
         [Processed Buffers: Min: 2, Avg: 10.5, Max: 23, Diff: 21, Sum: 42]
      [Scan RS (ms): Min: 0.0, Avg: 0.0, Max: 0.0, Diff: 0.0, Sum: 0.0]
      [Code Root Scanning (ms): Min: 0.0, Avg: 0.0, Max: 0.0, Diff: 0.0, Sum: 0.0]
      [Object Copy (ms): Min: 4.4, Avg: 5.3, Max: 6.7, Diff: 2.3, Sum: 21.0]
      [Termination (ms): Min: 0.1, Avg: 0.1, Max: 0.1, Diff: 0.0, Sum: 0.4]
         [Termination Attempts: Min: 2, Avg: 2.0, Max: 2, Diff: 0, Sum: 8]
      [GC Worker Other (ms): Min: 0.0, Avg: 0.0, Max: 0.0, Diff: 0.0, Sum: 0.1]
      [GC Worker Total (ms): Min: 7.2, Avg: 8.5, Max: 8.9, Diff: 1.7, Sum: 33.9]
      [GC Worker End (ms): Min: 112218427.2, Avg: 112218427.2, Max: 112218427.2, Diff: 0.0]
   [Code Root Fixup: 0.1 ms]
   [Code Root Purge: 0.0 ms]
   [Clear CT: 0.1 ms]
   [Other: 0.8 ms]
      [Choose CSet: 0.0 ms]
      [Ref Proc: 0.3 ms]
      [Ref Enq: 0.0 ms]
      [Redirty Cards: 0.1 ms]
      [Humongous Register: 0.1 ms]
      [Humongous Reclaim: 0.0 ms]
      [Free CSet: 0.0 ms]
   [Eden: 48.0M(48.0M)->0.0B(48.0M) Survivors: 3072.0K->3072.0K Heap: 189.5M(1024.0M)->142.0M(1024.0M)]
 [Times: user=0.02 sys=0.00, real=0.01 secs] 
2018-04-24T06:34:11.099-0800: 112657.538: [GC pause (G1 Evacuation Pause) (young), 0.0090762 secs]
   [Parallel Time: 8.3 ms, GC Workers: 4]
      [GC Worker Start (ms): Min: 112657538.3, Avg: 112657538.3, Max: 112657538.3, Diff: 0.0]
      [Ext Root Scanning (ms): Min: 0.6, Avg: 0.7, Max: 1.0, Diff: 0.4, Sum: 3.0]
      [Update RS (ms): Min: 0.1, Avg: 0.4, Max: 0.5, Diff: 0.4, Sum: 1.4]
         [Processed Buffers: Min: 1, Avg: 9.0, Max: 25, Diff: 24, Sum: 36]
      [Scan RS (ms): Min: 0.0, Avg: 0.0, Max: 0.0, Diff: 0.0, Sum: 0.0]
      [Code Root Scanning (ms): Min: 0.0, Avg: 0.0, Max: 0.1, Diff: 0.1, Sum: 0.1]
      [Object Copy (ms): Min: 6.4, Avg: 6.7, Max: 7.1, Diff: 0.7, Sum: 26.8]
      [Termination (ms): Min: 0.0, Avg: 0.4, Max: 0.6, Diff: 0.6, Sum: 1.6]
         [Termination Attempts: Min: 1, Avg: 1.5, Max: 2, Diff: 1, Sum: 6]
      [GC Worker Other (ms): Min: 0.0, Avg: 0.0, Max: 0.1, Diff: 0.0, Sum: 0.1]
      [GC Worker Total (ms): Min: 8.2, Avg: 8.2, Max: 8.3, Diff: 0.0, Sum: 33.0]
      [GC Worker End (ms): Min: 112657546.5, Avg: 112657546.5, Max: 112657546.6, Diff: 0.0]
   [Code Root Fixup: 0.1 ms]
   [Code Root Purge: 0.0 ms]
   [Clear CT: 0.1 ms]
   [Other: 0.6 ms]
      [Choose CSet: 0.0 ms]
      [Ref Proc: 0.2 ms]
      [Ref Enq: 0.0 ms]
      [Redirty Cards: 0.1 ms]
      [Humongous Register: 0.1 ms]
      [Humongous Reclaim: 0.0 ms]
      [Free CSet: 0.1 ms]
   [Eden: 48.0M(48.0M)->0.0B(163.0M) Survivors: 3072.0K->3072.0K Heap: 190.0M(1024.0M)->142.0M(1024.0M)]
 [Times: user=0.01 sys=0.01, real=0.01 secs] 
2018-04-24T06:58:46.161-0800: 114132.544: [GC pause (G1 Evacuation Pause) (young), 0.0275707 secs]
   [Parallel Time: 25.8 ms, GC Workers: 4]
      [GC Worker Start (ms): Min: 114132544.6, Avg: 114132547.2, Max: 114132549.7, Diff: 5.2]
      [Ext Root Scanning (ms): Min: 1.0, Avg: 5.1, Max: 10.1, Diff: 9.1, Sum: 20.5]
      [Update RS (ms): Min: 0.0, Avg: 1.2, Max: 1.6, Diff: 1.6, Sum: 4.6]
         [Processed Buffers: Min: 0, Avg: 9.5, Max: 34, Diff: 34, Sum: 38]
      [Scan RS (ms): Min: 0.0, Avg: 0.0, Max: 0.0, Diff: 0.0, Sum: 0.1]
      [Code Root Scanning (ms): Min: 0.0, Avg: 0.0, Max: 0.1, Diff: 0.1, Sum: 0.2]
      [Object Copy (ms): Min: 14.7, Avg: 15.7, Max: 16.7, Diff: 2.0, Sum: 62.7]
      [Termination (ms): Min: 0.0, Avg: 0.7, Max: 1.4, Diff: 1.4, Sum: 2.9]
         [Termination Attempts: Min: 1, Avg: 1.0, Max: 1, Diff: 0, Sum: 4]
      [GC Worker Other (ms): Min: 0.0, Avg: 0.4, Max: 1.4, Diff: 1.3, Sum: 1.6]
      [GC Worker Total (ms): Min: 20.6, Avg: 23.1, Max: 25.8, Diff: 5.2, Sum: 92.5]
      [GC Worker End (ms): Min: 114132570.3, Avg: 114132570.3, Max: 114132570.3, Diff: 0.0]
   [Code Root Fixup: 0.1 ms]
   [Code Root Purge: 0.0 ms]
   [Clear CT: 0.1 ms]
   [Other: 1.6 ms]
      [Choose CSet: 0.0 ms]
      [Ref Proc: 0.4 ms]
      [Ref Enq: 0.0 ms]
      [Redirty Cards: 0.1 ms]
      [Humongous Register: 0.1 ms]
      [Humongous Reclaim: 0.0 ms]
      [Free CSet: 0.3 ms]
   [Eden: 163.0M(163.0M)->0.0B(47.0M) Survivors: 3072.0K->4096.0K Heap: 305.0M(1024.0M)->142.5M(1024.0M)]
 [Times: user=0.02 sys=0.02, real=0.03 secs] 
2018-04-24T07:05:55.579-0800: 114561.949: [GC pause (G1 Evacuation Pause) (young), 0.0081104 secs]
   [Parallel Time: 7.4 ms, GC Workers: 4]
      [GC Worker Start (ms): Min: 114561949.2, Avg: 114561949.4, Max: 114561949.7, Diff: 0.4]
      [Ext Root Scanning (ms): Min: 0.5, Avg: 2.2, Max: 6.3, Diff: 5.8, Sum: 8.8]
      [Update RS (ms): Min: 0.0, Avg: 0.5, Max: 0.6, Diff: 0.6, Sum: 1.8]
         [Processed Buffers: Min: 0, Avg: 9.2, Max: 21, Diff: 21, Sum: 37]
      [Scan RS (ms): Min: 0.0, Avg: 0.0, Max: 0.0, Diff: 0.0, Sum: 0.0]
      [Code Root Scanning (ms): Min: 0.0, Avg: 0.0, Max: 0.0, Diff: 0.0, Sum: 0.0]
      [Object Copy (ms): Min: 0.9, Avg: 3.8, Max: 4.8, Diff: 3.9, Sum: 15.1]
      [Termination (ms): Min: 0.0, Avg: 0.7, Max: 1.0, Diff: 1.0, Sum: 2.8]
         [Termination Attempts: Min: 1, Avg: 1.8, Max: 3, Diff: 2, Sum: 7]
      [GC Worker Other (ms): Min: 0.0, Avg: 0.0, Max: 0.0, Diff: 0.0, Sum: 0.1]
      [GC Worker Total (ms): Min: 6.9, Avg: 7.2, Max: 7.3, Diff: 0.4, Sum: 28.7]
      [GC Worker End (ms): Min: 114561956.5, Avg: 114561956.5, Max: 114561956.6, Diff: 0.0]
   [Code Root Fixup: 0.1 ms]
   [Code Root Purge: 0.0 ms]
   [Clear CT: 0.1 ms]
   [Other: 0.6 ms]
      [Choose CSet: 0.0 ms]
      [Ref Proc: 0.2 ms]
      [Ref Enq: 0.0 ms]
      [Redirty Cards: 0.0 ms]
      [Humongous Register: 0.0 ms]
      [Humongous Reclaim: 0.0 ms]
      [Free CSet: 0.1 ms]
   [Eden: 47.0M(47.0M)->0.0B(333.0M) Survivors: 4096.0K->3072.0K Heap: 189.5M(1024.0M)->141.7M(1024.0M)]
 [Times: user=0.02 sys=0.01, real=0.02 secs] 
2018-04-24T07:56:33.648-0800: 117599.892: [GC pause (G1 Evacuation Pause) (young), 0.0320080 secs]
   [Parallel Time: 24.9 ms, GC Workers: 4]
      [GC Worker Start (ms): Min: 117599896.1, Avg: 117599896.2, Max: 117599896.3, Diff: 0.2]
      [Ext Root Scanning (ms): Min: 4.6, Avg: 7.2, Max: 13.9, Diff: 9.3, Sum: 28.7]
      [Update RS (ms): Min: 0.0, Avg: 2.1, Max: 3.5, Diff: 3.5, Sum: 8.3]
         [Processed Buffers: Min: 0, Avg: 9.5, Max: 36, Diff: 36, Sum: 38]
      [Scan RS (ms): Min: 0.0, Avg: 0.1, Max: 0.1, Diff: 0.1, Sum: 0.2]
      [Code Root Scanning (ms): Min: 0.0, Avg: 0.1, Max: 0.3, Diff: 0.3, Sum: 0.3]
      [Object Copy (ms): Min: 7.6, Avg: 13.5, Max: 15.5, Diff: 8.0, Sum: 54.1]
      [Termination (ms): Min: 0.1, Avg: 1.5, Max: 3.3, Diff: 3.1, Sum: 6.2]
         [Termination Attempts: Min: 1, Avg: 11.2, Max: 16, Diff: 15, Sum: 45]
      [GC Worker Other (ms): Min: 0.0, Avg: 0.3, Max: 1.0, Diff: 1.0, Sum: 1.2]
      [GC Worker Total (ms): Min: 24.6, Avg: 24.7, Max: 24.8, Diff: 0.2, Sum: 98.9]
      [GC Worker End (ms): Min: 117599920.9, Avg: 117599920.9, Max: 117599920.9, Diff: 0.1]
   [Code Root Fixup: 0.1 ms]
   [Code Root Purge: 0.0 ms]
   [Clear CT: 0.2 ms]
   [Other: 6.8 ms]
      [Choose CSet: 0.0 ms]
      [Ref Proc: 1.8 ms]
      [Ref Enq: 0.0 ms]
      [Redirty Cards: 0.1 ms]
      [Humongous Register: 1.3 ms]
      [Humongous Reclaim: 0.0 ms]
      [Free CSet: 0.8 ms]
   [Eden: 333.0M(333.0M)->0.0B(47.0M) Survivors: 3072.0K->4096.0K Heap: 474.7M(1024.0M)->142.4M(1024.0M)]
 [Times: user=0.02 sys=0.04, real=0.04 secs] 
2018-04-24T08:03:43.848-0800: 118030.073: [GC pause (G1 Evacuation Pause) (young), 0.0132597 secs]
   [Parallel Time: 11.3 ms, GC Workers: 4]
      [GC Worker Start (ms): Min: 118030072.9, Avg: 118030072.9, Max: 118030073.0, Diff: 0.1]
      [Ext Root Scanning (ms): Min: 1.0, Avg: 2.1, Max: 5.4, Diff: 4.4, Sum: 8.4]
      [Update RS (ms): Min: 0.0, Avg: 0.5, Max: 0.7, Diff: 0.7, Sum: 1.8]
         [Processed Buffers: Min: 0, Avg: 9.2, Max: 28, Diff: 28, Sum: 37]
      [Scan RS (ms): Min: 0.0, Avg: 0.0, Max: 0.0, Diff: 0.0, Sum: 0.1]
      [Code Root Scanning (ms): Min: 0.0, Avg: 0.0, Max: 0.0, Diff: 0.0, Sum: 0.1]
      [Object Copy (ms): Min: 5.6, Avg: 8.2, Max: 9.4, Diff: 3.8, Sum: 32.9]
      [Termination (ms): Min: 0.1, Avg: 0.3, Max: 0.5, Diff: 0.3, Sum: 1.2]
         [Termination Attempts: Min: 2, Avg: 2.2, Max: 3, Diff: 1, Sum: 9]
      [GC Worker Other (ms): Min: 0.0, Avg: 0.0, Max: 0.0, Diff: 0.0, Sum: 0.1]
      [GC Worker Total (ms): Min: 11.1, Avg: 11.1, Max: 11.2, Diff: 0.1, Sum: 44.5]
      [GC Worker End (ms): Min: 118030084.1, Avg: 118030084.1, Max: 118030084.1, Diff: 0.0]
   [Code Root Fixup: 0.1 ms]
   [Code Root Purge: 0.0 ms]
   [Clear CT: 0.1 ms]
   [Other: 1.8 ms]
      [Choose CSet: 0.0 ms]
      [Ref Proc: 1.4 ms]
      [Ref Enq: 0.0 ms]
      [Redirty Cards: 0.1 ms]
      [Humongous Register: 0.0 ms]
      [Humongous Reclaim: 0.0 ms]
      [Free CSet: 0.1 ms]
   [Eden: 47.0M(47.0M)->0.0B(78.0M) Survivors: 4096.0K->4096.0K Heap: 189.4M(1024.0M)->142.9M(1024.0M)]
 [Times: user=0.02 sys=0.01, real=0.02 secs] 
2018-04-24T08:15:32.924-0800: 118739.118: [GC pause (G1 Evacuation Pause) (young), 0.0059146 secs]
   [Parallel Time: 5.0 ms, GC Workers: 4]
      [GC Worker Start (ms): Min: 118739118.0, Avg: 118739118.0, Max: 118739118.1, Diff: 0.1]
      [Ext Root Scanning (ms): Min: 0.9, Avg: 1.0, Max: 1.1, Diff: 0.2, Sum: 4.1]
      [Update RS (ms): Min: 0.3, Avg: 0.3, Max: 0.4, Diff: 0.1, Sum: 1.4]
         [Processed Buffers: Min: 1, Avg: 9.5, Max: 32, Diff: 31, Sum: 38]
      [Scan RS (ms): Min: 0.0, Avg: 0.0, Max: 0.0, Diff: 0.0, Sum: 0.1]
      [Code Root Scanning (ms): Min: 0.0, Avg: 0.0, Max: 0.0, Diff: 0.0, Sum: 0.0]
      [Object Copy (ms): Min: 3.5, Avg: 3.5, Max: 3.5, Diff: 0.1, Sum: 14.0]
      [Termination (ms): Min: 0.0, Avg: 0.0, Max: 0.0, Diff: 0.0, Sum: 0.0]
         [Termination Attempts: Min: 1, Avg: 1.0, Max: 1, Diff: 0, Sum: 4]
      [GC Worker Other (ms): Min: 0.0, Avg: 0.0, Max: 0.1, Diff: 0.0, Sum: 0.2]
      [GC Worker Total (ms): Min: 4.8, Avg: 4.9, Max: 5.0, Diff: 0.1, Sum: 19.7]
      [GC Worker End (ms): Min: 118739122.9, Avg: 118739123.0, Max: 118739123.0, Diff: 0.0]
   [Code Root Fixup: 0.1 ms]
   [Code Root Purge: 0.0 ms]
   [Clear CT: 0.1 ms]
   [Other: 0.6 ms]
      [Choose CSet: 0.0 ms]
      [Ref Proc: 0.2 ms]
      [Ref Enq: 0.0 ms]
      [Redirty Cards: 0.1 ms]
      [Humongous Register: 0.1 ms]
      [Humongous Reclaim: 0.0 ms]
      [Free CSet: 0.1 ms]
   [Eden: 78.0M(78.0M)->0.0B(609.0M) Survivors: 4096.0K->5120.0K Heap: 220.9M(1024.0M)->143.6M(1024.0M)]
 [Times: user=0.01 sys=0.00, real=0.01 secs] 
2018-04-24T14:16:27.869-0800: 134736.248: [GC pause (G1 Evacuation Pause) (young), 0.7215551 secs]
   [Parallel Time: 689.2 ms, GC Workers: 4]
      [GC Worker Start (ms): Min: 134736262.3, Avg: 134736262.4, Max: 134736262.4, Diff: 0.1]
      [Ext Root Scanning (ms): Min: 14.0, Avg: 28.1, Max: 67.3, Diff: 53.3, Sum: 112.3]
      [Update RS (ms): Min: 0.0, Avg: 31.2, Max: 52.2, Diff: 52.2, Sum: 125.0]
         [Processed Buffers: Min: 0, Avg: 11.2, Max: 23, Diff: 23, Sum: 45]
      [Scan RS (ms): Min: 0.1, Avg: 0.1, Max: 0.3, Diff: 0.2, Sum: 0.5]
      [Code Root Scanning (ms): Min: 0.0, Avg: 0.7, Max: 2.9, Diff: 2.9, Sum: 2.9]
      [Object Copy (ms): Min: 366.5, Avg: 402.7, Max: 446.5, Diff: 80.1, Sum: 1610.9]
      [Termination (ms): Min: 182.7, Avg: 223.9, Max: 254.1, Diff: 71.4, Sum: 895.5]
         [Termination Attempts: Min: 396, Avg: 446.2, Max: 471, Diff: 75, Sum: 1785]
      [GC Worker Other (ms): Min: 0.1, Avg: 1.3, Max: 2.1, Diff: 2.0, Sum: 5.1]
      [GC Worker Total (ms): Min: 688.0, Avg: 688.0, Max: 688.1, Diff: 0.1, Sum: 2752.2]
      [GC Worker End (ms): Min: 134736950.4, Avg: 134736950.4, Max: 134736950.4, Diff: 0.0]
   [Code Root Fixup: 0.4 ms]
   [Code Root Purge: 0.0 ms]
   [Clear CT: 2.7 ms]
   [Other: 29.3 ms]
      [Choose CSet: 0.0 ms]
      [Ref Proc: 14.1 ms]
      [Ref Enq: 0.1 ms]
      [Redirty Cards: 0.1 ms]
      [Humongous Register: 6.6 ms]
      [Humongous Reclaim: 0.0 ms]
      [Free CSet: 1.2 ms]
   [Eden: 609.0M(609.0M)->0.0B(46.0M) Survivors: 5120.0K->5120.0K Heap: 752.6M(1024.0M)->143.8M(1024.0M)]
 [Times: user=0.77 sys=0.41, real=0.73 secs] 
2018-04-24T14:16:30.209-0800: 134738.588: [GC pause (G1 Evacuation Pause) (young), 0.0134271 secs]
   [Parallel Time: 12.8 ms, GC Workers: 4]
      [GC Worker Start (ms): Min: 134738588.1, Avg: 134738588.1, Max: 134738588.1, Diff: 0.0]
      [Ext Root Scanning (ms): Min: 0.5, Avg: 0.7, Max: 1.1, Diff: 0.6, Sum: 2.9]
      [Update RS (ms): Min: 0.0, Avg: 0.3, Max: 0.7, Diff: 0.7, Sum: 1.4]
         [Processed Buffers: Min: 0, Avg: 5.5, Max: 19, Diff: 19, Sum: 22]
      [Scan RS (ms): Min: 0.0, Avg: 0.0, Max: 0.0, Diff: 0.0, Sum: 0.0]
      [Code Root Scanning (ms): Min: 0.0, Avg: 0.0, Max: 0.2, Diff: 0.2, Sum: 0.2]
      [Object Copy (ms): Min: 10.6, Avg: 11.1, Max: 12.2, Diff: 1.6, Sum: 44.4]
      [Termination (ms): Min: 0.0, Avg: 0.5, Max: 0.7, Diff: 0.7, Sum: 2.0]
         [Termination Attempts: Min: 1, Avg: 1.0, Max: 1, Diff: 0, Sum: 4]
      [GC Worker Other (ms): Min: 0.0, Avg: 0.0, Max: 0.0, Diff: 0.0, Sum: 0.1]
      [GC Worker Total (ms): Min: 12.7, Avg: 12.7, Max: 12.8, Diff: 0.1, Sum: 50.9]
      [GC Worker End (ms): Min: 134738600.8, Avg: 134738600.8, Max: 134738600.8, Diff: 0.0]
   [Code Root Fixup: 0.1 ms]
   [Code Root Purge: 0.0 ms]
   [Clear CT: 0.1 ms]
   [Other: 0.4 ms]
      [Choose CSet: 0.0 ms]
      [Ref Proc: 0.2 ms]
      [Ref Enq: 0.0 ms]
      [Redirty Cards: 0.0 ms]
      [Humongous Register: 0.0 ms]
      [Humongous Reclaim: 0.0 ms]
      [Free CSet: 0.1 ms]
   [Eden: 46.0M(46.0M)->0.0B(48.0M) Survivors: 5120.0K->3072.0K Heap: 189.8M(1024.0M)->142.1M(1024.0M)]
 [Times: user=0.02 sys=0.01, real=0.02 secs] 
2018-04-24T14:52:20.369-0800: 136888.671: [GC pause (G1 Evacuation Pause) (young), 0.1063469 secs]
   [Parallel Time: 65.2 ms, GC Workers: 4]
      [GC Worker Start (ms): Min: 136888702.0, Avg: 136888702.0, Max: 136888702.1, Diff: 0.1]
      [Ext Root Scanning (ms): Min: 28.8, Avg: 34.7, Max: 51.1, Diff: 22.2, Sum: 138.6]
      [Update RS (ms): Min: 0.0, Avg: 7.8, Max: 11.6, Diff: 11.6, Sum: 31.2]
         [Processed Buffers: Min: 0, Avg: 8.2, Max: 24, Diff: 24, Sum: 33]
      [Scan RS (ms): Min: 0.0, Avg: 0.0, Max: 0.0, Diff: 0.0, Sum: 0.0]
      [Code Root Scanning (ms): Min: 0.0, Avg: 1.0, Max: 3.9, Diff: 3.9, Sum: 3.9]
      [Object Copy (ms): Min: 13.5, Avg: 20.2, Max: 24.6, Diff: 11.1, Sum: 81.0]
      [Termination (ms): Min: 0.0, Avg: 0.3, Max: 0.4, Diff: 0.4, Sum: 1.2]
         [Termination Attempts: Min: 1, Avg: 2.8, Max: 5, Diff: 4, Sum: 11]
      [GC Worker Other (ms): Min: 0.0, Avg: 1.1, Max: 1.8, Diff: 1.7, Sum: 4.2]
      [GC Worker Total (ms): Min: 65.0, Avg: 65.0, Max: 65.1, Diff: 0.1, Sum: 260.2]
      [GC Worker End (ms): Min: 136888767.1, Avg: 136888767.1, Max: 136888767.1, Diff: 0.0]
   [Code Root Fixup: 0.1 ms]
   [Code Root Purge: 0.0 ms]
   [Clear CT: 0.1 ms]
   [Other: 40.9 ms]
      [Choose CSet: 0.0 ms]
      [Ref Proc: 7.2 ms]
      [Ref Enq: 0.0 ms]
      [Redirty Cards: 0.0 ms]
      [Humongous Register: 24.1 ms]
      [Humongous Reclaim: 0.0 ms]
      [Free CSet: 0.5 ms]
   [Eden: 48.0M(48.0M)->0.0B(48.0M) Survivors: 3072.0K->3072.0K Heap: 190.1M(1024.0M)->142.1M(1024.0M)]
 [Times: user=0.02 sys=0.07, real=0.11 secs] 
2018-04-24T15:31:46.983-0800: 139255.185: [GC pause (G1 Evacuation Pause) (young), 0.0336079 secs]
   [Parallel Time: 23.8 ms, GC Workers: 4]
      [GC Worker Start (ms): Min: 139255189.7, Avg: 139255189.8, Max: 139255189.8, Diff: 0.2]
      [Ext Root Scanning (ms): Min: 5.4, Avg: 8.8, Max: 19.0, Diff: 13.7, Sum: 35.2]
      [Update RS (ms): Min: 0.0, Avg: 2.2, Max: 4.2, Diff: 4.2, Sum: 8.8]
         [Processed Buffers: Min: 0, Avg: 8.8, Max: 32, Diff: 32, Sum: 35]
      [Scan RS (ms): Min: 0.0, Avg: 0.0, Max: 0.0, Diff: 0.0, Sum: 0.0]
      [Code Root Scanning (ms): Min: 0.0, Avg: 0.2, Max: 0.7, Diff: 0.7, Sum: 1.0]
      [Object Copy (ms): Min: 3.9, Avg: 11.7, Max: 15.3, Diff: 11.4, Sum: 46.6]
      [Termination (ms): Min: 0.0, Avg: 0.5, Max: 1.0, Diff: 1.0, Sum: 2.2]
         [Termination Attempts: Min: 1, Avg: 4.5, Max: 9, Diff: 8, Sum: 18]
      [GC Worker Other (ms): Min: 0.0, Avg: 0.1, Max: 0.2, Diff: 0.1, Sum: 0.4]
      [GC Worker Total (ms): Min: 23.4, Avg: 23.6, Max: 23.7, Diff: 0.2, Sum: 94.2]
      [GC Worker End (ms): Min: 139255213.3, Avg: 139255213.3, Max: 139255213.3, Diff: 0.0]
   [Code Root Fixup: 0.1 ms]
   [Code Root Purge: 0.0 ms]
   [Clear CT: 0.1 ms]
   [Other: 9.7 ms]
      [Choose CSet: 0.0 ms]
      [Ref Proc: 4.2 ms]
      [Ref Enq: 0.0 ms]
      [Redirty Cards: 0.1 ms]
      [Humongous Register: 4.0 ms]
      [Humongous Reclaim: 0.0 ms]
      [Free CSet: 0.5 ms]
   [Eden: 48.0M(48.0M)->0.0B(47.0M) Survivors: 3072.0K->4096.0K Heap: 190.1M(1024.0M)->142.6M(1024.0M)]
 [Times: user=0.02 sys=0.04, real=0.03 secs] 
2018-04-24T16:05:18.513-0800: 141266.640: [GC pause (G1 Evacuation Pause) (young), 0.0991478 secs]
   [Parallel Time: 86.3 ms, GC Workers: 4]
      [GC Worker Start (ms): Min: 141266646.2, Avg: 141266646.2, Max: 141266646.3, Diff: 0.2]
      [Ext Root Scanning (ms): Min: 14.4, Avg: 20.4, Max: 37.5, Diff: 23.2, Sum: 81.5]
      [Update RS (ms): Min: 0.0, Avg: 8.7, Max: 12.4, Diff: 12.4, Sum: 34.9]
         [Processed Buffers: Min: 0, Avg: 8.5, Max: 32, Diff: 32, Sum: 34]
      [Scan RS (ms): Min: 0.0, Avg: 0.0, Max: 0.0, Diff: 0.0, Sum: 0.0]
      [Code Root Scanning (ms): Min: 0.0, Avg: 0.5, Max: 1.4, Diff: 1.4, Sum: 2.0]
      [Object Copy (ms): Min: 32.7, Avg: 36.3, Max: 40.8, Diff: 8.1, Sum: 145.3]
      [Termination (ms): Min: 9.9, Avg: 20.1, Max: 26.6, Diff: 16.7, Sum: 80.4]
         [Termination Attempts: Min: 37, Avg: 51.5, Max: 61, Diff: 24, Sum: 206]
      [GC Worker Other (ms): Min: 0.0, Avg: 0.0, Max: 0.1, Diff: 0.0, Sum: 0.2]
      [GC Worker Total (ms): Min: 86.0, Avg: 86.1, Max: 86.1, Diff: 0.1, Sum: 344.3]
      [GC Worker End (ms): Min: 141266732.3, Avg: 141266732.3, Max: 141266732.3, Diff: 0.0]
   [Code Root Fixup: 0.1 ms]
   [Code Root Purge: 0.0 ms]
   [Clear CT: 0.2 ms]
   [Other: 12.6 ms]
      [Choose CSet: 0.0 ms]
      [Ref Proc: 2.9 ms]
      [Ref Enq: 0.0 ms]
      [Redirty Cards: 0.1 ms]
      [Humongous Register: 4.0 ms]
      [Humongous Reclaim: 0.0 ms]
      [Free CSet: 1.7 ms]
   [Eden: 47.0M(47.0M)->0.0B(48.0M) Survivors: 4096.0K->3072.0K Heap: 189.6M(1024.0M)->142.0M(1024.0M)]
 [Times: user=0.10 sys=0.08, real=0.10 secs] 
2018-04-24T16:15:44.788-0800: 141892.897: [GC pause (G1 Evacuation Pause) (young), 0.0115640 secs]
   [Parallel Time: 9.7 ms, GC Workers: 4]
      [GC Worker Start (ms): Min: 141892897.1, Avg: 141892897.2, Max: 141892897.4, Diff: 0.3]
      [Ext Root Scanning (ms): Min: 0.5, Avg: 0.8, Max: 0.9, Diff: 0.4, Sum: 3.1]
      [Update RS (ms): Min: 0.4, Avg: 0.8, Max: 1.4, Diff: 0.9, Sum: 3.1]
         [Processed Buffers: Min: 1, Avg: 8.2, Max: 18, Diff: 17, Sum: 33]
      [Scan RS (ms): Min: 0.0, Avg: 0.0, Max: 0.0, Diff: 0.0, Sum: 0.0]
      [Code Root Scanning (ms): Min: 0.0, Avg: 0.1, Max: 0.3, Diff: 0.3, Sum: 0.3]
      [Object Copy (ms): Min: 7.0, Avg: 7.5, Max: 8.0, Diff: 1.0, Sum: 30.0]
      [Termination (ms): Min: 0.0, Avg: 0.4, Max: 0.9, Diff: 0.9, Sum: 1.5]
         [Termination Attempts: Min: 1, Avg: 1.5, Max: 3, Diff: 2, Sum: 6]
      [GC Worker Other (ms): Min: 0.0, Avg: 0.0, Max: 0.0, Diff: 0.0, Sum: 0.1]
      [GC Worker Total (ms): Min: 9.3, Avg: 9.5, Max: 9.6, Diff: 0.3, Sum: 38.1]
      [GC Worker End (ms): Min: 141892906.7, Avg: 141892906.7, Max: 141892906.8, Diff: 0.0]
   [Code Root Fixup: 0.1 ms]
   [Code Root Purge: 0.0 ms]
   [Clear CT: 0.1 ms]
   [Other: 1.7 ms]
      [Choose CSet: 0.0 ms]
      [Ref Proc: 1.3 ms]
      [Ref Enq: 0.0 ms]
      [Redirty Cards: 0.1 ms]
      [Humongous Register: 0.0 ms]
      [Humongous Reclaim: 0.0 ms]
      [Free CSet: 0.1 ms]
   [Eden: 48.0M(48.0M)->0.0B(47.0M) Survivors: 3072.0K->4096.0K Heap: 190.0M(1024.0M)->142.9M(1024.0M)]
 [Times: user=0.01 sys=0.01, real=0.02 secs] 
2018-04-24T16:49:07.368-0800: 143895.378: [GC pause (G1 Evacuation Pause) (young), 0.0941358 secs]
   [Parallel Time: 72.1 ms, GC Workers: 4]
      [GC Worker Start (ms): Min: 143895393.7, Avg: 143895393.8, Max: 143895393.9, Diff: 0.2]
      [Ext Root Scanning (ms): Min: 19.4, Avg: 28.1, Max: 51.5, Diff: 32.1, Sum: 112.6]
      [Update RS (ms): Min: 0.0, Avg: 12.1, Max: 17.5, Diff: 17.5, Sum: 48.3]
         [Processed Buffers: Min: 0, Avg: 8.8, Max: 32, Diff: 32, Sum: 35]
      [Scan RS (ms): Min: 0.0, Avg: 0.0, Max: 0.0, Diff: 0.0, Sum: 0.0]
      [Code Root Scanning (ms): Min: 0.0, Avg: 1.2, Max: 3.4, Diff: 3.4, Sum: 4.8]
      [Object Copy (ms): Min: 19.2, Avg: 29.1, Max: 33.8, Diff: 14.6, Sum: 116.4]
      [Termination (ms): Min: 0.0, Avg: 0.8, Max: 1.3, Diff: 1.3, Sum: 3.2]
         [Termination Attempts: Min: 1, Avg: 1.2, Max: 2, Diff: 1, Sum: 5]
      [GC Worker Other (ms): Min: 0.0, Avg: 0.4, Max: 1.5, Diff: 1.4, Sum: 1.6]
      [GC Worker Total (ms): Min: 71.7, Avg: 71.7, Max: 72.0, Diff: 0.3, Sum: 287.0]
      [GC Worker End (ms): Min: 143895465.5, Avg: 143895465.6, Max: 143895465.6, Diff: 0.1]
   [Code Root Fixup: 0.1 ms]
   [Code Root Purge: 0.0 ms]
   [Clear CT: 0.9 ms]
   [Other: 21.0 ms]
      [Choose CSet: 0.0 ms]
      [Ref Proc: 3.2 ms]
      [Ref Enq: 0.0 ms]
      [Redirty Cards: 0.1 ms]
      [Humongous Register: 10.4 ms]
      [Humongous Reclaim: 0.0 ms]
      [Free CSet: 0.5 ms]
   [Eden: 47.0M(47.0M)->0.0B(47.0M) Survivors: 4096.0K->4096.0K Heap: 189.9M(1024.0M)->142.4M(1024.0M)]
 [Times: user=0.02 sys=0.07, real=0.10 secs] 
2018-04-24T17:27:47.438-0800: 146215.368: [GC pause (G1 Evacuation Pause) (young), 0.0322632 secs]
   [Parallel Time: 24.9 ms, GC Workers: 4]
      [GC Worker Start (ms): Min: 146215371.4, Avg: 146215371.5, Max: 146215371.7, Diff: 0.3]
      [Ext Root Scanning (ms): Min: 3.1, Avg: 6.4, Max: 14.3, Diff: 11.2, Sum: 25.7]
      [Update RS (ms): Min: 0.0, Avg: 3.5, Max: 5.0, Diff: 5.0, Sum: 14.0]
         [Processed Buffers: Min: 0, Avg: 8.5, Max: 32, Diff: 32, Sum: 34]
      [Scan RS (ms): Min: 0.0, Avg: 0.0, Max: 0.0, Diff: 0.0, Sum: 0.0]
      [Code Root Scanning (ms): Min: 0.0, Avg: 0.2, Max: 0.8, Diff: 0.8, Sum: 0.8]
      [Object Copy (ms): Min: 10.2, Avg: 14.1, Max: 15.8, Diff: 5.6, Sum: 56.5]
      [Termination (ms): Min: 0.1, Avg: 0.4, Max: 0.8, Diff: 0.7, Sum: 1.6]
         [Termination Attempts: Min: 4, Avg: 10.0, Max: 14, Diff: 10, Sum: 40]
      [GC Worker Other (ms): Min: 0.0, Avg: 0.1, Max: 0.1, Diff: 0.1, Sum: 0.3]
      [GC Worker Total (ms): Min: 24.5, Avg: 24.7, Max: 24.8, Diff: 0.3, Sum: 98.9]
      [GC Worker End (ms): Min: 146215396.3, Avg: 146215396.3, Max: 146215396.3, Diff: 0.0]
   [Code Root Fixup: 0.1 ms]
   [Code Root Purge: 0.0 ms]
   [Clear CT: 0.1 ms]
   [Other: 7.1 ms]
      [Choose CSet: 0.0 ms]
      [Ref Proc: 2.9 ms]
      [Ref Enq: 0.0 ms]
      [Redirty Cards: 0.1 ms]
      [Humongous Register: 2.8 ms]
      [Humongous Reclaim: 0.0 ms]
      [Free CSet: 0.4 ms]
   [Eden: 47.0M(47.0M)->0.0B(48.0M) Survivors: 4096.0K->3072.0K Heap: 189.4M(1024.0M)->141.9M(1024.0M)]
 [Times: user=0.03 sys=0.04, real=0.04 secs] 
2018-04-24T18:07:23.695-0800: 148591.526: [GC pause (G1 Evacuation Pause) (young), 0.0110193 secs]
   [Parallel Time: 9.7 ms, GC Workers: 4]
      [GC Worker Start (ms): Min: 148591526.1, Avg: 148591526.1, Max: 148591526.1, Diff: 0.1]
      [Ext Root Scanning (ms): Min: 0.9, Avg: 1.4, Max: 2.1, Diff: 1.2, Sum: 5.5]
      [Update RS (ms): Min: 0.0, Avg: 1.6, Max: 2.4, Diff: 2.4, Sum: 6.4]
         [Processed Buffers: Min: 0, Avg: 8.8, Max: 32, Diff: 32, Sum: 35]
      [Scan RS (ms): Min: 0.0, Avg: 0.0, Max: 0.0, Diff: 0.0, Sum: 0.0]
      [Code Root Scanning (ms): Min: 0.0, Avg: 0.1, Max: 0.3, Diff: 0.3, Sum: 0.4]
      [Object Copy (ms): Min: 5.2, Avg: 6.2, Max: 7.4, Diff: 2.2, Sum: 24.6]
      [Termination (ms): Min: 0.0, Avg: 0.3, Max: 0.5, Diff: 0.5, Sum: 1.3]
         [Termination Attempts: Min: 1, Avg: 1.0, Max: 1, Diff: 0, Sum: 4]
      [GC Worker Other (ms): Min: 0.0, Avg: 0.0, Max: 0.0, Diff: 0.0, Sum: 0.1]
      [GC Worker Total (ms): Min: 9.6, Avg: 9.6, Max: 9.6, Diff: 0.1, Sum: 38.4]
      [GC Worker End (ms): Min: 148591535.7, Avg: 148591535.7, Max: 148591535.7, Diff: 0.0]
   [Code Root Fixup: 0.1 ms]
   [Code Root Purge: 0.0 ms]
   [Clear CT: 0.1 ms]
   [Other: 1.1 ms]
      [Choose CSet: 0.0 ms]
      [Ref Proc: 0.5 ms]
      [Ref Enq: 0.0 ms]
      [Redirty Cards: 0.1 ms]
      [Humongous Register: 0.2 ms]
      [Humongous Reclaim: 0.0 ms]
      [Free CSet: 0.1 ms]
   [Eden: 48.0M(48.0M)->0.0B(47.0M) Survivors: 3072.0K->4096.0K Heap: 189.9M(1024.0M)->142.7M(1024.0M)]
 [Times: user=0.02 sys=0.00, real=0.01 secs] 
2018-04-24T18:46:07.623-0800: 150915.372: [GC pause (G1 Evacuation Pause) (young), 0.0657578 secs]
   [Parallel Time: 52.6 ms, GC Workers: 4]
      [GC Worker Start (ms): Min: 150915384.0, Avg: 150915385.1, Max: 150915385.5, Diff: 1.5]
      [Ext Root Scanning (ms): Min: 4.7, Avg: 9.9, Max: 21.6, Diff: 16.9, Sum: 39.7]
      [Update RS (ms): Min: 0.0, Avg: 7.0, Max: 9.9, Diff: 9.8, Sum: 27.9]
         [Processed Buffers: Min: 0, Avg: 8.5, Max: 30, Diff: 30, Sum: 34]
      [Scan RS (ms): Min: 0.0, Avg: 0.0, Max: 0.0, Diff: 0.0, Sum: 0.1]
      [Code Root Scanning (ms): Min: 0.0, Avg: 0.5, Max: 1.5, Diff: 1.5, Sum: 1.8]
      [Object Copy (ms): Min: 13.1, Avg: 22.3, Max: 30.3, Diff: 17.2, Sum: 89.2]
      [Termination (ms): Min: 3.6, Avg: 10.5, Max: 16.5, Diff: 12.9, Sum: 41.9]
         [Termination Attempts: Min: 10, Avg: 27.5, Max: 42, Diff: 32, Sum: 110]
      [GC Worker Other (ms): Min: 0.1, Avg: 1.2, Max: 1.8, Diff: 1.7, Sum: 4.6]
      [GC Worker Total (ms): Min: 50.9, Avg: 51.3, Max: 52.4, Diff: 1.5, Sum: 205.2]
      [GC Worker End (ms): Min: 150915436.4, Avg: 150915436.4, Max: 150915436.4, Diff: 0.0]
   [Code Root Fixup: 0.1 ms]
   [Code Root Purge: 0.0 ms]
   [Clear CT: 0.1 ms]
   [Other: 13.0 ms]
      [Choose CSet: 0.0 ms]
      [Ref Proc: 0.6 ms]
      [Ref Enq: 0.0 ms]
      [Redirty Cards: 0.1 ms]
      [Humongous Register: 5.4 ms]
      [Humongous Reclaim: 0.0 ms]
      [Free CSet: 0.4 ms]
   [Eden: 47.0M(47.0M)->0.0B(47.0M) Survivors: 4096.0K->4096.0K Heap: 189.7M(1024.0M)->142.6M(1024.0M)]
 [Times: user=0.06 sys=0.05, real=0.06 secs] 
2018-04-24T19:24:55.731-0800: 153243.396: [GC pause (G1 Evacuation Pause) (young), 0.0672610 secs]
   [Parallel Time: 57.0 ms, GC Workers: 4]
      [GC Worker Start (ms): Min: 153243399.1, Avg: 153243399.2, Max: 153243399.2, Diff: 0.1]
      [Ext Root Scanning (ms): Min: 3.0, Avg: 5.7, Max: 12.5, Diff: 9.4, Sum: 22.9]
      [Update RS (ms): Min: 0.0, Avg: 2.7, Max: 5.2, Diff: 5.2, Sum: 11.0]
         [Processed Buffers: Min: 0, Avg: 8.5, Max: 32, Diff: 32, Sum: 34]
      [Scan RS (ms): Min: 0.0, Avg: 0.0, Max: 0.0, Diff: 0.0, Sum: 0.0]
      [Code Root Scanning (ms): Min: 0.0, Avg: 0.5, Max: 1.3, Diff: 1.3, Sum: 1.9]
      [Object Copy (ms): Min: 43.8, Avg: 47.3, Max: 49.5, Diff: 5.7, Sum: 189.2]
      [Termination (ms): Min: 0.1, Avg: 0.5, Max: 0.7, Diff: 0.6, Sum: 2.1]
         [Termination Attempts: Min: 6, Avg: 7.0, Max: 9, Diff: 3, Sum: 28]
      [GC Worker Other (ms): Min: 0.0, Avg: 0.1, Max: 0.1, Diff: 0.0, Sum: 0.2]
      [GC Worker Total (ms): Min: 56.8, Avg: 56.8, Max: 56.9, Diff: 0.1, Sum: 227.3]
      [GC Worker End (ms): Min: 153243456.0, Avg: 153243456.0, Max: 153243456.0, Diff: 0.0]
   [Code Root Fixup: 0.1 ms]
   [Code Root Purge: 0.0 ms]
   [Clear CT: 0.1 ms]
   [Other: 10.1 ms]
      [Choose CSet: 0.0 ms]
      [Ref Proc: 6.0 ms]
      [Ref Enq: 0.0 ms]
      [Redirty Cards: 0.1 ms]
      [Humongous Register: 2.7 ms]
      [Humongous Reclaim: 0.0 ms]
      [Free CSet: 0.4 ms]
   [Eden: 47.0M(47.0M)->0.0B(47.0M) Survivors: 4096.0K->4096.0K Heap: 189.6M(1024.0M)->143.1M(1024.0M)]
 [Times: user=0.02 sys=0.06, real=0.06 secs] 
2018-04-24T21:01:11.900-0800: 155559.454: [GC pause (G1 Evacuation Pause) (young), 0.1064215 secs]
   [Parallel Time: 89.3 ms, GC Workers: 4]
      [GC Worker Start (ms): Min: 155559458.2, Avg: 155559459.1, Max: 155559460.1, Diff: 2.0]
      [Ext Root Scanning (ms): Min: 6.5, Avg: 9.8, Max: 18.7, Diff: 12.1, Sum: 39.1]
      [Update RS (ms): Min: 0.0, Avg: 3.4, Max: 4.9, Diff: 4.9, Sum: 13.6]
         [Processed Buffers: Min: 0, Avg: 8.5, Max: 32, Diff: 32, Sum: 34]
      [Scan RS (ms): Min: 0.0, Avg: 0.0, Max: 0.0, Diff: 0.0, Sum: 0.0]
      [Code Root Scanning (ms): Min: 0.0, Avg: 0.6, Max: 1.4, Diff: 1.4, Sum: 2.5]
      [Object Copy (ms): Min: 14.2, Avg: 38.2, Max: 65.2, Diff: 51.0, Sum: 152.9]
      [Termination (ms): Min: 10.1, Avg: 30.6, Max: 51.5, Diff: 41.4, Sum: 122.4]
         [Termination Attempts: Min: 1, Avg: 6.2, Max: 16, Diff: 15, Sum: 25]
      [GC Worker Other (ms): Min: 0.0, Avg: 0.1, Max: 0.3, Diff: 0.2, Sum: 0.5]
      [GC Worker Total (ms): Min: 77.4, Avg: 82.8, Max: 87.9, Diff: 10.5, Sum: 331.1]
      [GC Worker End (ms): Min: 155559537.1, Avg: 155559541.9, Max: 155559546.9, Diff: 9.8]
   [Code Root Fixup: 0.1 ms]
   [Code Root Purge: 0.0 ms]
   [Clear CT: 0.2 ms]
   [Other: 16.9 ms]
      [Choose CSet: 0.0 ms]
      [Ref Proc: 12.7 ms]
      [Ref Enq: 0.0 ms]
      [Redirty Cards: 0.1 ms]
      [Humongous Register: 2.6 ms]
      [Humongous Reclaim: 0.0 ms]
      [Free CSet: 0.6 ms]
   [Eden: 47.0M(47.0M)->0.0B(48.0M) Survivors: 4096.0K->3072.0K Heap: 190.1M(1024.0M)->142.1M(1024.0M)]
 [Times: user=0.02 sys=0.06, real=0.10 secs] 
2018-04-24T21:07:48.732-0800: 155956.170: [GC pause (G1 Evacuation Pause) (young), 0.0427326 secs]
   [Parallel Time: 35.9 ms, GC Workers: 4]
      [GC Worker Start (ms): Min: 155956174.0, Avg: 155956174.1, Max: 155956174.1, Diff: 0.1]
      [Ext Root Scanning (ms): Min: 3.7, Avg: 6.7, Max: 12.9, Diff: 9.2, Sum: 26.8]
      [Update RS (ms): Min: 0.0, Avg: 4.5, Max: 8.3, Diff: 8.3, Sum: 17.9]
         [Processed Buffers: Min: 0, Avg: 9.8, Max: 33, Diff: 33, Sum: 39]
      [Scan RS (ms): Min: 0.0, Avg: 0.0, Max: 0.0, Diff: 0.0, Sum: 0.0]
      [Code Root Scanning (ms): Min: 0.0, Avg: 0.4, Max: 1.7, Diff: 1.7, Sum: 1.7]
      [Object Copy (ms): Min: 21.2, Avg: 23.5, Max: 25.6, Diff: 4.4, Sum: 94.0]
      [Termination (ms): Min: 0.0, Avg: 0.4, Max: 1.1, Diff: 1.1, Sum: 1.5]
         [Termination Attempts: Min: 1, Avg: 1.0, Max: 1, Diff: 0, Sum: 4]
      [GC Worker Other (ms): Min: 0.1, Avg: 0.3, Max: 1.1, Diff: 1.0, Sum: 1.3]
      [GC Worker Total (ms): Min: 35.7, Avg: 35.8, Max: 35.8, Diff: 0.1, Sum: 143.2]
      [GC Worker End (ms): Min: 155956209.9, Avg: 155956209.9, Max: 155956209.9, Diff: 0.0]
   [Code Root Fixup: 0.1 ms]
   [Code Root Purge: 0.0 ms]
   [Clear CT: 0.1 ms]
   [Other: 6.6 ms]
      [Choose CSet: 0.0 ms]
      [Ref Proc: 1.5 ms]
      [Ref Enq: 0.0 ms]
      [Redirty Cards: 0.1 ms]
      [Humongous Register: 3.3 ms]
      [Humongous Reclaim: 0.0 ms]
      [Free CSet: 0.5 ms]
   [Eden: 48.0M(48.0M)->0.0B(46.0M) Survivors: 3072.0K->5120.0K Heap: 190.1M(1024.0M)->143.7M(1024.0M)]
 [Times: user=0.02 sys=0.05, real=0.04 secs] 
2018-04-24T21:14:52.345-0800: 156379.771: [GC pause (G1 Evacuation Pause) (young), 0.0143914 secs]
   [Parallel Time: 11.4 ms, GC Workers: 4]
      [GC Worker Start (ms): Min: 156379770.7, Avg: 156379770.8, Max: 156379770.8, Diff: 0.0]
      [Ext Root Scanning (ms): Min: 1.5, Avg: 2.5, Max: 3.3, Diff: 1.8, Sum: 10.1]
      [Update RS (ms): Min: 0.0, Avg: 0.4, Max: 0.5, Diff: 0.5, Sum: 1.4]
         [Processed Buffers: Min: 0, Avg: 9.0, Max: 19, Diff: 19, Sum: 36]
      [Scan RS (ms): Min: 0.0, Avg: 0.0, Max: 0.0, Diff: 0.0, Sum: 0.1]
      [Code Root Scanning (ms): Min: 0.0, Avg: 0.6, Max: 1.2, Diff: 1.2, Sum: 2.4]
      [Object Copy (ms): Min: 6.3, Avg: 7.0, Max: 8.0, Diff: 1.7, Sum: 28.0]
      [Termination (ms): Min: 0.0, Avg: 0.5, Max: 0.6, Diff: 0.6, Sum: 1.8]
         [Termination Attempts: Min: 1, Avg: 1.0, Max: 1, Diff: 0, Sum: 4]
      [GC Worker Other (ms): Min: 0.0, Avg: 0.3, Max: 1.2, Diff: 1.2, Sum: 1.3]
      [GC Worker Total (ms): Min: 11.2, Avg: 11.3, Max: 11.3, Diff: 0.1, Sum: 45.1]
      [GC Worker End (ms): Min: 156379782.0, Avg: 156379782.0, Max: 156379782.0, Diff: 0.0]
   [Code Root Fixup: 0.2 ms]
   [Code Root Purge: 0.0 ms]
   [Clear CT: 0.1 ms]
   [Other: 2.6 ms]
      [Choose CSet: 0.0 ms]
      [Ref Proc: 2.2 ms]
      [Ref Enq: 0.0 ms]
      [Redirty Cards: 0.1 ms]
      [Humongous Register: 0.0 ms]
      [Humongous Reclaim: 0.0 ms]
      [Free CSet: 0.1 ms]
   [Eden: 46.0M(46.0M)->0.0B(47.0M) Survivors: 5120.0K->4096.0K Heap: 189.7M(1024.0M)->142.8M(1024.0M)]
 [Times: user=0.01 sys=0.01, real=0.02 secs] 
2018-04-24T21:21:38.326-0800: 156791.632: [GC pause (G1 Evacuation Pause) (young), 0.0117308 secs]
   [Parallel Time: 7.1 ms, GC Workers: 4]
      [GC Worker Start (ms): Min: 156791632.7, Avg: 156791632.7, Max: 156791632.7, Diff: 0.0]
      [Ext Root Scanning (ms): Min: 0.5, Avg: 0.7, Max: 1.1, Diff: 0.6, Sum: 2.9]
      [Update RS (ms): Min: 0.2, Avg: 2.0, Max: 3.0, Diff: 2.8, Sum: 8.1]
         [Processed Buffers: Min: 3, Avg: 11.2, Max: 16, Diff: 13, Sum: 45]
      [Scan RS (ms): Min: 0.0, Avg: 0.0, Max: 0.0, Diff: 0.0, Sum: 0.0]
      [Code Root Scanning (ms): Min: 0.0, Avg: 0.0, Max: 0.1, Diff: 0.1, Sum: 0.1]
      [Object Copy (ms): Min: 2.9, Avg: 3.8, Max: 4.9, Diff: 2.0, Sum: 15.3]
      [Termination (ms): Min: 0.0, Avg: 0.4, Max: 0.6, Diff: 0.6, Sum: 1.5]
         [Termination Attempts: Min: 1, Avg: 1.0, Max: 1, Diff: 0, Sum: 4]
      [GC Worker Other (ms): Min: 0.0, Avg: 0.0, Max: 0.0, Diff: 0.0, Sum: 0.1]
      [GC Worker Total (ms): Min: 7.0, Avg: 7.0, Max: 7.0, Diff: 0.0, Sum: 27.9]
      [GC Worker End (ms): Min: 156791639.7, Avg: 156791639.7, Max: 156791639.7, Diff: 0.0]
   [Code Root Fixup: 0.1 ms]
   [Code Root Purge: 0.0 ms]
   [Clear CT: 0.1 ms]
   [Other: 4.5 ms]
      [Choose CSet: 0.0 ms]
      [Ref Proc: 3.1 ms]
      [Ref Enq: 0.0 ms]
      [Redirty Cards: 0.1 ms]
      [Humongous Register: 0.9 ms]
      [Humongous Reclaim: 0.0 ms]
      [Free CSet: 0.1 ms]
   [Eden: 47.0M(47.0M)->0.0B(48.0M) Survivors: 4096.0K->3072.0K Heap: 189.8M(1024.0M)->142.3M(1024.0M)]
 [Times: user=0.01 sys=0.00, real=0.01 secs] 
2018-04-24T21:28:58.203-0800: 157231.495: [GC pause (G1 Evacuation Pause) (young), 0.0126838 secs]
   [Parallel Time: 11.7 ms, GC Workers: 4]
      [GC Worker Start (ms): Min: 157231495.4, Avg: 157231495.5, Max: 157231495.5, Diff: 0.1]
      [Ext Root Scanning (ms): Min: 0.9, Avg: 1.7, Max: 4.3, Diff: 3.4, Sum: 6.8]
      [Update RS (ms): Min: 0.0, Avg: 1.2, Max: 2.0, Diff: 2.0, Sum: 4.8]
         [Processed Buffers: Min: 0, Avg: 9.5, Max: 32, Diff: 32, Sum: 38]
      [Scan RS (ms): Min: 0.0, Avg: 0.0, Max: 0.1, Diff: 0.1, Sum: 0.1]
      [Code Root Scanning (ms): Min: 0.0, Avg: 0.1, Max: 0.3, Diff: 0.3, Sum: 0.3]
      [Object Copy (ms): Min: 6.6, Avg: 8.0, Max: 8.7, Diff: 2.1, Sum: 31.9]
      [Termination (ms): Min: 0.0, Avg: 0.6, Max: 0.8, Diff: 0.8, Sum: 2.3]
         [Termination Attempts: Min: 1, Avg: 1.0, Max: 1, Diff: 0, Sum: 4]
      [GC Worker Other (ms): Min: 0.0, Avg: 0.0, Max: 0.0, Diff: 0.0, Sum: 0.1]
      [GC Worker Total (ms): Min: 11.6, Avg: 11.6, Max: 11.6, Diff: 0.1, Sum: 46.4]
      [GC Worker End (ms): Min: 157231507.0, Avg: 157231507.1, Max: 157231507.1, Diff: 0.0]
   [Code Root Fixup: 0.1 ms]
   [Code Root Purge: 0.0 ms]
   [Clear CT: 0.1 ms]
   [Other: 0.7 ms]
      [Choose CSet: 0.0 ms]
      [Ref Proc: 0.2 ms]
      [Ref Enq: 0.0 ms]
      [Redirty Cards: 0.1 ms]
      [Humongous Register: 0.2 ms]
      [Humongous Reclaim: 0.0 ms]
      [Free CSet: 0.1 ms]
   [Eden: 48.0M(48.0M)->0.0B(47.0M) Survivors: 3072.0K->4096.0K Heap: 190.3M(1024.0M)->142.6M(1024.0M)]
 [Times: user=0.02 sys=0.01, real=0.01 secs] 
2018-04-24T21:36:07.998-0800: 157661.270: [GC pause (G1 Evacuation Pause) (young), 0.0096002 secs]
   [Parallel Time: 8.8 ms, GC Workers: 4]
      [GC Worker Start (ms): Min: 157661270.0, Avg: 157661270.1, Max: 157661270.4, Diff: 0.3]
      [Ext Root Scanning (ms): Min: 0.9, Avg: 1.5, Max: 2.4, Diff: 1.5, Sum: 5.9]
      [Update RS (ms): Min: 0.0, Avg: 0.8, Max: 1.3, Diff: 1.3, Sum: 3.0]
         [Processed Buffers: Min: 0, Avg: 9.2, Max: 30, Diff: 30, Sum: 37]
      [Scan RS (ms): Min: 0.0, Avg: 0.0, Max: 0.0, Diff: 0.0, Sum: 0.0]
      [Code Root Scanning (ms): Min: 0.0, Avg: 0.2, Max: 0.9, Diff: 0.9, Sum: 0.9]
      [Object Copy (ms): Min: 5.9, Avg: 6.1, Max: 6.3, Diff: 0.3, Sum: 24.2]
      [Termination (ms): Min: 0.0, Avg: 0.1, Max: 0.2, Diff: 0.2, Sum: 0.5]
         [Termination Attempts: Min: 1, Avg: 1.0, Max: 1, Diff: 0, Sum: 4]
      [GC Worker Other (ms): Min: 0.0, Avg: 0.0, Max: 0.0, Diff: 0.0, Sum: 0.1]
      [GC Worker Total (ms): Min: 8.4, Avg: 8.7, Max: 8.8, Diff: 0.4, Sum: 34.7]
      [GC Worker End (ms): Min: 157661278.8, Avg: 157661278.8, Max: 157661278.8, Diff: 0.0]
   [Code Root Fixup: 0.1 ms]
   [Code Root Purge: 0.0 ms]
   [Clear CT: 0.1 ms]
   [Other: 0.6 ms]
      [Choose CSet: 0.0 ms]
      [Ref Proc: 0.2 ms]
      [Ref Enq: 0.0 ms]
      [Redirty Cards: 0.1 ms]
      [Humongous Register: 0.0 ms]
      [Humongous Reclaim: 0.0 ms]
      [Free CSet: 0.1 ms]
   [Eden: 47.0M(47.0M)->0.0B(48.0M) Survivors: 4096.0K->3072.0K Heap: 189.6M(1024.0M)->142.4M(1024.0M)]
 [Times: user=0.02 sys=0.00, real=0.01 secs] 
2018-04-24T21:43:27.113-0800: 158100.372: [GC pause (G1 Evacuation Pause) (young), 0.0120742 secs]
   [Parallel Time: 11.3 ms, GC Workers: 4]
      [GC Worker Start (ms): Min: 158100371.9, Avg: 158100372.0, Max: 158100372.0, Diff: 0.1]
      [Ext Root Scanning (ms): Min: 1.6, Avg: 2.2, Max: 3.4, Diff: 1.8, Sum: 8.6]
      [Update RS (ms): Min: 0.0, Avg: 1.5, Max: 3.7, Diff: 3.7, Sum: 5.8]
         [Processed Buffers: Min: 0, Avg: 9.5, Max: 35, Diff: 35, Sum: 38]
      [Scan RS (ms): Min: 0.0, Avg: 0.0, Max: 0.0, Diff: 0.0, Sum: 0.0]
      [Code Root Scanning (ms): Min: 0.0, Avg: 0.0, Max: 0.1, Diff: 0.1, Sum: 0.1]
      [Object Copy (ms): Min: 5.3, Avg: 7.2, Max: 8.9, Diff: 3.5, Sum: 28.6]
      [Termination (ms): Min: 0.0, Avg: 0.4, Max: 0.6, Diff: 0.6, Sum: 1.4]
         [Termination Attempts: Min: 1, Avg: 1.2, Max: 2, Diff: 1, Sum: 5]
      [GC Worker Other (ms): Min: 0.0, Avg: 0.0, Max: 0.0, Diff: 0.0, Sum: 0.1]
      [GC Worker Total (ms): Min: 11.1, Avg: 11.2, Max: 11.2, Diff: 0.1, Sum: 44.7]
      [GC Worker End (ms): Min: 158100383.1, Avg: 158100383.1, Max: 158100383.1, Diff: 0.0]
   [Code Root Fixup: 0.1 ms]
   [Code Root Purge: 0.0 ms]
   [Clear CT: 0.1 ms]
   [Other: 0.6 ms]
      [Choose CSet: 0.0 ms]
      [Ref Proc: 0.2 ms]
      [Ref Enq: 0.0 ms]
      [Redirty Cards: 0.1 ms]
      [Humongous Register: 0.0 ms]
      [Humongous Reclaim: 0.0 ms]
      [Free CSet: 0.1 ms]
   [Eden: 48.0M(48.0M)->0.0B(48.0M) Survivors: 3072.0K->3072.0K Heap: 190.4M(1024.0M)->142.4M(1024.0M)]
 [Times: user=0.02 sys=0.00, real=0.01 secs] 
2018-04-24T21:50:46.035-0800: 158539.265: [GC pause (G1 Evacuation Pause) (young), 0.0046928 secs]
   [Parallel Time: 4.0 ms, GC Workers: 4]
      [GC Worker Start (ms): Min: 158539264.9, Avg: 158539264.9, Max: 158539265.0, Diff: 0.0]
      [Ext Root Scanning (ms): Min: 0.9, Avg: 1.0, Max: 1.1, Diff: 0.2, Sum: 4.0]
      [Update RS (ms): Min: 0.1, Avg: 0.4, Max: 0.5, Diff: 0.4, Sum: 1.4]
         [Processed Buffers: Min: 1, Avg: 9.2, Max: 23, Diff: 22, Sum: 37]
      [Scan RS (ms): Min: 0.0, Avg: 0.0, Max: 0.0, Diff: 0.0, Sum: 0.0]
      [Code Root Scanning (ms): Min: 0.0, Avg: 0.0, Max: 0.1, Diff: 0.1, Sum: 0.1]
      [Object Copy (ms): Min: 2.3, Avg: 2.4, Max: 2.5, Diff: 0.2, Sum: 9.7]
      [Termination (ms): Min: 0.0, Avg: 0.0, Max: 0.0, Diff: 0.0, Sum: 0.0]
         [Termination Attempts: Min: 1, Avg: 1.0, Max: 1, Diff: 0, Sum: 4]
      [GC Worker Other (ms): Min: 0.0, Avg: 0.0, Max: 0.1, Diff: 0.1, Sum: 0.2]
      [GC Worker Total (ms): Min: 3.8, Avg: 3.9, Max: 3.9, Diff: 0.1, Sum: 15.4]
      [GC Worker End (ms): Min: 158539268.8, Avg: 158539268.8, Max: 158539268.8, Diff: 0.1]
   [Code Root Fixup: 0.1 ms]
   [Code Root Purge: 0.0 ms]
   [Clear CT: 0.1 ms]
   [Other: 0.5 ms]
      [Choose CSet: 0.0 ms]
      [Ref Proc: 0.2 ms]
      [Ref Enq: 0.0 ms]
      [Redirty Cards: 0.0 ms]
      [Humongous Register: 0.0 ms]
      [Humongous Reclaim: 0.0 ms]
      [Free CSet: 0.0 ms]
   [Eden: 48.0M(48.0M)->0.0B(146.0M) Survivors: 3072.0K->3072.0K Heap: 190.4M(1024.0M)->142.2M(1024.0M)]
 [Times: user=0.01 sys=0.00, real=0.01 secs] 
2018-04-24T22:12:51.652-0800: 159864.828: [GC pause (G1 Evacuation Pause) (young), 0.0734161 secs]
   [Parallel Time: 56.1 ms, GC Workers: 4]
      [GC Worker Start (ms): Min: 159864834.4, Avg: 159864834.5, Max: 159864834.5, Diff: 0.1]
      [Ext Root Scanning (ms): Min: 5.7, Avg: 8.2, Max: 15.2, Diff: 9.5, Sum: 32.8]
      [Update RS (ms): Min: 0.0, Avg: 3.5, Max: 4.9, Diff: 4.9, Sum: 13.9]
         [Processed Buffers: Min: 0, Avg: 9.2, Max: 31, Diff: 31, Sum: 37]
      [Scan RS (ms): Min: 0.0, Avg: 0.0, Max: 0.1, Diff: 0.0, Sum: 0.1]
      [Code Root Scanning (ms): Min: 0.0, Avg: 0.0, Max: 0.1, Diff: 0.1, Sum: 0.1]
      [Object Copy (ms): Min: 39.3, Avg: 40.6, Max: 41.6, Diff: 2.3, Sum: 162.3]
      [Termination (ms): Min: 0.0, Avg: 0.5, Max: 0.8, Diff: 0.8, Sum: 1.8]
         [Termination Attempts: Min: 1, Avg: 1.2, Max: 2, Diff: 1, Sum: 5]
      [GC Worker Other (ms): Min: 0.1, Avg: 2.3, Max: 3.6, Diff: 3.5, Sum: 9.4]
      [GC Worker Total (ms): Min: 54.8, Avg: 55.1, Max: 55.9, Diff: 1.1, Sum: 220.5]
      [GC Worker End (ms): Min: 159864889.3, Avg: 159864889.6, Max: 159864890.4, Diff: 1.1]
   [Code Root Fixup: 0.1 ms]
   [Code Root Purge: 0.0 ms]
   [Clear CT: 0.1 ms]
   [Other: 17.1 ms]
      [Choose CSet: 0.0 ms]
      [Ref Proc: 10.1 ms]
      [Ref Enq: 0.0 ms]
      [Redirty Cards: 0.1 ms]
      [Humongous Register: 3.6 ms]
      [Humongous Reclaim: 0.0 ms]
      [Free CSet: 0.6 ms]
   [Eden: 146.0M(146.0M)->0.0B(48.0M) Survivors: 3072.0K->3072.0K Heap: 288.2M(1024.0M)->142.0M(1024.0M)]
 [Times: user=0.02 sys=0.06, real=0.07 secs] 
2018-04-24T22:20:13.231-0800: 160306.396: [GC pause (G1 Evacuation Pause) (young), 0.0046517 secs]
   [Parallel Time: 4.0 ms, GC Workers: 4]
      [GC Worker Start (ms): Min: 160306395.9, Avg: 160306395.9, Max: 160306395.9, Diff: 0.0]
      [Ext Root Scanning (ms): Min: 0.7, Avg: 0.8, Max: 1.1, Diff: 0.4, Sum: 3.2]
      [Update RS (ms): Min: 0.1, Avg: 0.3, Max: 0.5, Diff: 0.4, Sum: 1.4]
         [Processed Buffers: Min: 1, Avg: 9.2, Max: 18, Diff: 17, Sum: 37]
      [Scan RS (ms): Min: 0.0, Avg: 0.0, Max: 0.0, Diff: 0.0, Sum: 0.0]
      [Code Root Scanning (ms): Min: 0.0, Avg: 0.0, Max: 0.1, Diff: 0.1, Sum: 0.1]
      [Object Copy (ms): Min: 2.6, Avg: 2.7, Max: 2.8, Diff: 0.1, Sum: 10.8]
      [Termination (ms): Min: 0.0, Avg: 0.0, Max: 0.0, Diff: 0.0, Sum: 0.0]
         [Termination Attempts: Min: 1, Avg: 1.0, Max: 1, Diff: 0, Sum: 4]
      [GC Worker Other (ms): Min: 0.0, Avg: 0.0, Max: 0.0, Diff: 0.0, Sum: 0.1]
      [GC Worker Total (ms): Min: 3.9, Avg: 3.9, Max: 3.9, Diff: 0.0, Sum: 15.6]
      [GC Worker End (ms): Min: 160306399.8, Avg: 160306399.8, Max: 160306399.8, Diff: 0.0]
   [Code Root Fixup: 0.1 ms]
   [Code Root Purge: 0.0 ms]
   [Clear CT: 0.1 ms]
   [Other: 0.5 ms]
      [Choose CSet: 0.0 ms]
      [Ref Proc: 0.2 ms]
      [Ref Enq: 0.0 ms]
      [Redirty Cards: 0.1 ms]
      [Humongous Register: 0.0 ms]
      [Humongous Reclaim: 0.0 ms]
      [Free CSet: 0.1 ms]
   [Eden: 48.0M(48.0M)->0.0B(47.0M) Survivors: 3072.0K->4096.0K Heap: 190.0M(1024.0M)->142.8M(1024.0M)]
 [Times: user=0.01 sys=0.00, real=0.00 secs] 
2018-04-24T22:27:28.022-0800: 160741.174: [GC pause (G1 Evacuation Pause) (young), 0.0083611 secs]
   [Parallel Time: 7.7 ms, GC Workers: 4]
      [GC Worker Start (ms): Min: 160741174.5, Avg: 160741174.5, Max: 160741174.5, Diff: 0.0]
      [Ext Root Scanning (ms): Min: 0.8, Avg: 1.1, Max: 1.9, Diff: 1.1, Sum: 4.5]
      [Update RS (ms): Min: 0.0, Avg: 0.5, Max: 0.8, Diff: 0.8, Sum: 2.1]
         [Processed Buffers: Min: 0, Avg: 8.5, Max: 23, Diff: 23, Sum: 34]
      [Scan RS (ms): Min: 0.0, Avg: 0.0, Max: 0.0, Diff: 0.0, Sum: 0.1]
      [Code Root Scanning (ms): Min: 0.0, Avg: 0.0, Max: 0.1, Diff: 0.1, Sum: 0.1]
      [Object Copy (ms): Min: 5.1, Avg: 5.5, Max: 6.0, Diff: 0.9, Sum: 22.0]
      [Termination (ms): Min: 0.0, Avg: 0.4, Max: 0.5, Diff: 0.5, Sum: 1.5]
         [Termination Attempts: Min: 1, Avg: 1.2, Max: 2, Diff: 1, Sum: 5]
      [GC Worker Other (ms): Min: 0.0, Avg: 0.0, Max: 0.0, Diff: 0.0, Sum: 0.1]
      [GC Worker Total (ms): Min: 7.6, Avg: 7.6, Max: 7.6, Diff: 0.0, Sum: 30.4]
      [GC Worker End (ms): Min: 160741182.1, Avg: 160741182.1, Max: 160741182.1, Diff: 0.0]
   [Code Root Fixup: 0.1 ms]
   [Code Root Purge: 0.0 ms]
   [Clear CT: 0.1 ms]
   [Other: 0.5 ms]
      [Choose CSet: 0.0 ms]
      [Ref Proc: 0.2 ms]
      [Ref Enq: 0.0 ms]
      [Redirty Cards: 0.1 ms]
      [Humongous Register: 0.0 ms]
      [Humongous Reclaim: 0.0 ms]
      [Free CSet: 0.0 ms]
   [Eden: 47.0M(47.0M)->0.0B(48.0M) Survivors: 4096.0K->3072.0K Heap: 189.8M(1024.0M)->142.3M(1024.0M)]
 [Times: user=0.02 sys=0.01, real=0.01 secs] 
2018-04-24T22:34:52.228-0800: 161185.367: [GC pause (G1 Evacuation Pause) (young), 0.0126366 secs]
   [Parallel Time: 11.6 ms, GC Workers: 4]
      [GC Worker Start (ms): Min: 161185367.5, Avg: 161185367.5, Max: 161185367.5, Diff: 0.1]
      [Ext Root Scanning (ms): Min: 1.0, Avg: 1.0, Max: 1.1, Diff: 0.2, Sum: 4.1]
      [Update RS (ms): Min: 0.3, Avg: 0.6, Max: 0.9, Diff: 0.6, Sum: 2.3]
         [Processed Buffers: Min: 1, Avg: 9.2, Max: 26, Diff: 25, Sum: 37]
      [Scan RS (ms): Min: 0.0, Avg: 0.0, Max: 0.0, Diff: 0.0, Sum: 0.0]
      [Code Root Scanning (ms): Min: 0.0, Avg: 0.1, Max: 0.2, Diff: 0.2, Sum: 0.2]
      [Object Copy (ms): Min: 7.9, Avg: 8.2, Max: 8.7, Diff: 0.7, Sum: 32.9]
      [Termination (ms): Min: 1.2, Avg: 1.5, Max: 1.9, Diff: 0.7, Sum: 6.2]
         [Termination Attempts: Min: 57, Avg: 58.8, Max: 61, Diff: 4, Sum: 235]
      [GC Worker Other (ms): Min: 0.0, Avg: 0.1, Max: 0.1, Diff: 0.1, Sum: 0.3]
      [GC Worker Total (ms): Min: 11.5, Avg: 11.5, Max: 11.5, Diff: 0.0, Sum: 46.0]
      [GC Worker End (ms): Min: 161185379.0, Avg: 161185379.0, Max: 161185379.0, Diff: 0.0]
   [Code Root Fixup: 0.1 ms]
   [Code Root Purge: 0.0 ms]
   [Clear CT: 0.1 ms]
   [Other: 0.8 ms]
      [Choose CSet: 0.0 ms]
      [Ref Proc: 0.2 ms]
      [Ref Enq: 0.0 ms]
      [Redirty Cards: 0.1 ms]
      [Humongous Register: 0.2 ms]
      [Humongous Reclaim: 0.0 ms]
      [Free CSet: 0.1 ms]
   [Eden: 48.0M(48.0M)->0.0B(47.0M) Survivors: 3072.0K->4096.0K Heap: 190.3M(1024.0M)->143.4M(1024.0M)]
 [Times: user=0.03 sys=0.01, real=0.02 secs] 
2018-04-24T22:42:06.144-0800: 161619.262: [GC pause (G1 Evacuation Pause) (young), 0.0060114 secs]
   [Parallel Time: 5.2 ms, GC Workers: 4]
      [GC Worker Start (ms): Min: 161619262.1, Avg: 161619262.1, Max: 161619262.2, Diff: 0.1]
      [Ext Root Scanning (ms): Min: 0.6, Avg: 0.7, Max: 0.8, Diff: 0.2, Sum: 2.7]
      [Update RS (ms): Min: 0.0, Avg: 0.4, Max: 0.7, Diff: 0.7, Sum: 1.8]
         [Processed Buffers: Min: 0, Avg: 9.2, Max: 34, Diff: 34, Sum: 37]
      [Scan RS (ms): Min: 0.0, Avg: 0.0, Max: 0.0, Diff: 0.0, Sum: 0.1]
      [Code Root Scanning (ms): Min: 0.0, Avg: 0.0, Max: 0.0, Diff: 0.0, Sum: 0.1]
      [Object Copy (ms): Min: 3.5, Avg: 3.8, Max: 4.3, Diff: 0.8, Sum: 15.2]
      [Termination (ms): Min: 0.0, Avg: 0.1, Max: 0.2, Diff: 0.2, Sum: 0.6]
         [Termination Attempts: Min: 1, Avg: 1.0, Max: 1, Diff: 0, Sum: 4]
      [GC Worker Other (ms): Min: 0.0, Avg: 0.0, Max: 0.0, Diff: 0.0, Sum: 0.1]
      [GC Worker Total (ms): Min: 5.1, Avg: 5.1, Max: 5.1, Diff: 0.0, Sum: 20.4]
      [GC Worker End (ms): Min: 161619267.2, Avg: 161619267.2, Max: 161619267.3, Diff: 0.1]
   [Code Root Fixup: 0.1 ms]
   [Code Root Purge: 0.0 ms]
   [Clear CT: 0.1 ms]
   [Other: 0.5 ms]
      [Choose CSet: 0.0 ms]
      [Ref Proc: 0.2 ms]
      [Ref Enq: 0.0 ms]
      [Redirty Cards: 0.1 ms]
      [Humongous Register: 0.0 ms]
      [Humongous Reclaim: 0.0 ms]
      [Free CSet: 0.0 ms]
   [Eden: 47.0M(47.0M)->0.0B(267.0M) Survivors: 4096.0K->3072.0K Heap: 190.4M(1024.0M)->142.3M(1024.0M)]
 [Times: user=0.02 sys=0.00, real=0.01 secs] 
2018-04-24T23:23:00.370-0800: 164073.423: [GC pause (G1 Evacuation Pause) (young), 0.0941072 secs]
   [Parallel Time: 76.5 ms, GC Workers: 4]
      [GC Worker Start (ms): Min: 164073430.4, Avg: 164073430.5, Max: 164073430.5, Diff: 0.1]
      [Ext Root Scanning (ms): Min: 7.4, Avg: 10.3, Max: 17.2, Diff: 9.8, Sum: 41.3]
      [Update RS (ms): Min: 0.0, Avg: 4.4, Max: 6.7, Diff: 6.7, Sum: 17.7]
         [Processed Buffers: Min: 0, Avg: 9.5, Max: 20, Diff: 20, Sum: 38]
      [Scan RS (ms): Min: 0.0, Avg: 0.0, Max: 0.1, Diff: 0.1, Sum: 0.2]
      [Code Root Scanning (ms): Min: 0.0, Avg: 0.1, Max: 0.2, Diff: 0.2, Sum: 0.2]
      [Object Copy (ms): Min: 25.0, Avg: 41.8, Max: 57.8, Diff: 32.7, Sum: 167.4]
      [Termination (ms): Min: 1.5, Avg: 19.4, Max: 37.3, Diff: 35.7, Sum: 77.5]
         [Termination Attempts: Min: 22, Avg: 41.5, Max: 65, Diff: 43, Sum: 166]
      [GC Worker Other (ms): Min: 0.0, Avg: 0.3, Max: 1.0, Diff: 1.0, Sum: 1.2]
      [GC Worker Total (ms): Min: 76.3, Avg: 76.4, Max: 76.4, Diff: 0.1, Sum: 305.5]
      [GC Worker End (ms): Min: 164073506.8, Avg: 164073506.8, Max: 164073506.8, Diff: 0.0]
   [Code Root Fixup: 0.1 ms]
   [Code Root Purge: 0.0 ms]
   [Clear CT: 0.2 ms]
   [Other: 17.3 ms]
      [Choose CSet: 0.0 ms]
      [Ref Proc: 9.3 ms]
      [Ref Enq: 0.0 ms]
      [Redirty Cards: 0.1 ms]
      [Humongous Register: 4.8 ms]
      [Humongous Reclaim: 0.0 ms]
      [Free CSet: 0.7 ms]
   [Eden: 267.0M(267.0M)->0.0B(47.0M) Survivors: 3072.0K->4096.0K Heap: 409.3M(1024.0M)->142.8M(1024.0M)]
 [Times: user=0.09 sys=0.06, real=0.09 secs] 
2018-04-24T23:30:13.871-0800: 164506.891: [GC pause (G1 Evacuation Pause) (young), 0.0097689 secs]
   [Parallel Time: 8.9 ms, GC Workers: 4]
      [GC Worker Start (ms): Min: 164506891.2, Avg: 164506891.3, Max: 164506891.7, Diff: 0.5]
      [Ext Root Scanning (ms): Min: 0.6, Avg: 0.9, Max: 1.1, Diff: 0.5, Sum: 3.8]
      [Update RS (ms): Min: 0.4, Avg: 0.5, Max: 0.6, Diff: 0.2, Sum: 2.0]
         [Processed Buffers: Min: 1, Avg: 9.2, Max: 32, Diff: 31, Sum: 37]
      [Scan RS (ms): Min: 0.0, Avg: 0.0, Max: 0.0, Diff: 0.0, Sum: 0.1]
      [Code Root Scanning (ms): Min: 0.0, Avg: 0.0, Max: 0.1, Diff: 0.1, Sum: 0.1]
      [Object Copy (ms): Min: 6.2, Avg: 6.4, Max: 7.0, Diff: 0.8, Sum: 25.8]
      [Termination (ms): Min: 0.0, Avg: 0.6, Max: 0.9, Diff: 0.9, Sum: 2.6]
         [Termination Attempts: Min: 2, Avg: 3.2, Max: 5, Diff: 3, Sum: 13]
      [GC Worker Other (ms): Min: 0.0, Avg: 0.0, Max: 0.1, Diff: 0.1, Sum: 0.1]
      [GC Worker Total (ms): Min: 8.2, Avg: 8.6, Max: 8.7, Diff: 0.5, Sum: 34.4]
      [GC Worker End (ms): Min: 164506899.9, Avg: 164506899.9, Max: 164506899.9, Diff: 0.0]
   [Code Root Fixup: 0.1 ms]
   [Code Root Purge: 0.0 ms]
   [Clear CT: 0.1 ms]
   [Other: 0.7 ms]
      [Choose CSet: 0.0 ms]
      [Ref Proc: 0.2 ms]
      [Ref Enq: 0.0 ms]
      [Redirty Cards: 0.1 ms]
      [Humongous Register: 0.1 ms]
      [Humongous Reclaim: 0.0 ms]
      [Free CSet: 0.1 ms]
   [Eden: 47.0M(47.0M)->0.0B(48.0M) Survivors: 4096.0K->3072.0K Heap: 189.8M(1024.0M)->142.4M(1024.0M)]
 [Times: user=0.03 sys=0.01, real=0.01 secs] 
2018-04-24T23:37:35.697-0800: 164948.704: [GC pause (G1 Evacuation Pause) (young), 0.0295018 secs]
   [Parallel Time: 27.1 ms, GC Workers: 4]
      [GC Worker Start (ms): Min: 164948704.2, Avg: 164948704.2, Max: 164948704.3, Diff: 0.0]
      [Ext Root Scanning (ms): Min: 0.6, Avg: 3.2, Max: 7.3, Diff: 6.7, Sum: 12.7]
      [Update RS (ms): Min: 0.0, Avg: 0.3, Max: 1.1, Diff: 1.1, Sum: 1.1]
         [Processed Buffers: Min: 0, Avg: 9.2, Max: 37, Diff: 37, Sum: 37]
      [Scan RS (ms): Min: 0.0, Avg: 0.0, Max: 0.0, Diff: 0.0, Sum: 0.0]
      [Code Root Scanning (ms): Min: 0.0, Avg: 0.0, Max: 0.0, Diff: 0.0, Sum: 0.0]
      [Object Copy (ms): Min: 18.4, Avg: 22.6, Max: 24.8, Diff: 6.4, Sum: 90.4]
      [Termination (ms): Min: 0.0, Avg: 0.8, Max: 1.5, Diff: 1.4, Sum: 3.3]
         [Termination Attempts: Min: 1, Avg: 2.0, Max: 3, Diff: 2, Sum: 8]
      [GC Worker Other (ms): Min: 0.0, Avg: 0.0, Max: 0.0, Diff: 0.0, Sum: 0.1]
      [GC Worker Total (ms): Min: 26.9, Avg: 26.9, Max: 26.9, Diff: 0.0, Sum: 107.6]
      [GC Worker End (ms): Min: 164948731.1, Avg: 164948731.1, Max: 164948731.1, Diff: 0.0]
   [Code Root Fixup: 0.1 ms]
   [Code Root Purge: 0.0 ms]
   [Clear CT: 0.1 ms]
   [Other: 2.2 ms]
      [Choose CSet: 0.0 ms]
      [Ref Proc: 1.5 ms]
      [Ref Enq: 0.0 ms]
      [Redirty Cards: 0.1 ms]
      [Humongous Register: 0.3 ms]
      [Humongous Reclaim: 0.0 ms]
      [Free CSet: 0.1 ms]
   [Eden: 48.0M(48.0M)->0.0B(48.0M) Survivors: 3072.0K->3072.0K Heap: 190.4M(1024.0M)->142.4M(1024.0M)]
 [Times: user=0.02 sys=0.02, real=0.03 secs] 
2018-04-24T23:44:58.462-0800: 165391.441: [GC pause (G1 Evacuation Pause) (young), 0.0066715 secs]
   [Parallel Time: 5.9 ms, GC Workers: 4]
      [GC Worker Start (ms): Min: 165391441.4, Avg: 165391441.4, Max: 165391441.4, Diff: 0.1]
      [Ext Root Scanning (ms): Min: 0.7, Avg: 0.8, Max: 0.8, Diff: 0.1, Sum: 3.1]
      [Update RS (ms): Min: 1.3, Avg: 1.4, Max: 1.6, Diff: 0.4, Sum: 5.6]
         [Processed Buffers: Min: 1, Avg: 9.2, Max: 15, Diff: 14, Sum: 37]
      [Scan RS (ms): Min: 0.0, Avg: 0.0, Max: 0.0, Diff: 0.0, Sum: 0.1]
      [Code Root Scanning (ms): Min: 0.0, Avg: 0.0, Max: 0.1, Diff: 0.1, Sum: 0.1]
      [Object Copy (ms): Min: 3.4, Avg: 3.6, Max: 3.7, Diff: 0.3, Sum: 14.2]
      [Termination (ms): Min: 0.0, Avg: 0.0, Max: 0.0, Diff: 0.0, Sum: 0.0]
         [Termination Attempts: Min: 1, Avg: 1.0, Max: 1, Diff: 0, Sum: 4]
      [GC Worker Other (ms): Min: 0.0, Avg: 0.0, Max: 0.0, Diff: 0.0, Sum: 0.1]
      [GC Worker Total (ms): Min: 5.8, Avg: 5.8, Max: 5.8, Diff: 0.1, Sum: 23.2]
      [GC Worker End (ms): Min: 165391447.2, Avg: 165391447.2, Max: 165391447.2, Diff: 0.0]
   [Code Root Fixup: 0.1 ms]
   [Code Root Purge: 0.0 ms]
   [Clear CT: 0.1 ms]
   [Other: 0.6 ms]
      [Choose CSet: 0.0 ms]
      [Ref Proc: 0.2 ms]
      [Ref Enq: 0.0 ms]
      [Redirty Cards: 0.1 ms]
      [Humongous Register: 0.0 ms]
      [Humongous Reclaim: 0.0 ms]
      [Free CSet: 0.1 ms]
   [Eden: 48.0M(48.0M)->0.0B(48.0M) Survivors: 3072.0K->3072.0K Heap: 190.4M(1024.0M)->142.4M(1024.0M)]
 [Times: user=0.01 sys=0.00, real=0.00 secs] 
2018-04-24T23:52:21.143-0800: 165834.110: [GC pause (G1 Evacuation Pause) (young), 0.0060665 secs]
   [Parallel Time: 5.2 ms, GC Workers: 4]
      [GC Worker Start (ms): Min: 165834109.7, Avg: 165834109.7, Max: 165834109.8, Diff: 0.1]
      [Ext Root Scanning (ms): Min: 1.8, Avg: 1.8, Max: 1.9, Diff: 0.0, Sum: 7.4]
      [Update RS (ms): Min: 0.5, Avg: 0.5, Max: 0.7, Diff: 0.2, Sum: 2.2]
         [Processed Buffers: Min: 1, Avg: 9.2, Max: 28, Diff: 27, Sum: 37]
      [Scan RS (ms): Min: 0.0, Avg: 0.0, Max: 0.0, Diff: 0.0, Sum: 0.0]
      [Code Root Scanning (ms): Min: 0.0, Avg: 0.0, Max: 0.1, Diff: 0.1, Sum: 0.1]
      [Object Copy (ms): Min: 2.6, Avg: 2.7, Max: 2.7, Diff: 0.1, Sum: 10.7]
      [Termination (ms): Min: 0.0, Avg: 0.0, Max: 0.0, Diff: 0.0, Sum: 0.0]
         [Termination Attempts: Min: 1, Avg: 1.0, Max: 1, Diff: 0, Sum: 4]
      [GC Worker Other (ms): Min: 0.0, Avg: 0.0, Max: 0.0, Diff: 0.0, Sum: 0.1]
      [GC Worker Total (ms): Min: 5.1, Avg: 5.1, Max: 5.1, Diff: 0.1, Sum: 20.5]
      [GC Worker End (ms): Min: 165834114.9, Avg: 165834114.9, Max: 165834114.9, Diff: 0.0]
   [Code Root Fixup: 0.1 ms]
   [Code Root Purge: 0.0 ms]
   [Clear CT: 0.1 ms]
   [Other: 0.7 ms]
      [Choose CSet: 0.0 ms]
      [Ref Proc: 0.3 ms]
      [Ref Enq: 0.0 ms]
      [Redirty Cards: 0.0 ms]
      [Humongous Register: 0.0 ms]
      [Humongous Reclaim: 0.0 ms]
      [Free CSet: 0.1 ms]
   [Eden: 48.0M(48.0M)->0.0B(203.0M) Survivors: 3072.0K->3072.0K Heap: 190.4M(1024.0M)->142.0M(1024.0M)]
 [Times: user=0.02 sys=0.01, real=0.01 secs] 
2018-04-25T00:23:13.990-0800: 167686.880: [GC pause (G1 Evacuation Pause) (young), 0.0157152 secs]
   [Parallel Time: 13.3 ms, GC Workers: 4]
      [GC Worker Start (ms): Min: 167686879.8, Avg: 167686879.8, Max: 167686879.8, Diff: 0.0]
      [Ext Root Scanning (ms): Min: 1.9, Avg: 3.5, Max: 4.8, Diff: 2.8, Sum: 14.1]
      [Update RS (ms): Min: 0.4, Avg: 0.5, Max: 0.5, Diff: 0.1, Sum: 1.9]
         [Processed Buffers: Min: 1, Avg: 9.5, Max: 25, Diff: 24, Sum: 38]
      [Scan RS (ms): Min: 0.0, Avg: 0.1, Max: 0.1, Diff: 0.1, Sum: 0.3]
      [Code Root Scanning (ms): Min: 0.0, Avg: 0.0, Max: 0.1, Diff: 0.1, Sum: 0.1]
      [Object Copy (ms): Min: 7.6, Avg: 7.7, Max: 7.8, Diff: 0.2, Sum: 30.7]
      [Termination (ms): Min: 0.0, Avg: 0.2, Max: 0.3, Diff: 0.3, Sum: 0.6]
         [Termination Attempts: Min: 1, Avg: 2.0, Max: 3, Diff: 2, Sum: 8]
      [GC Worker Other (ms): Min: 0.0, Avg: 1.3, Max: 2.8, Diff: 2.8, Sum: 5.0]
      [GC Worker Total (ms): Min: 13.2, Avg: 13.2, Max: 13.2, Diff: 0.0, Sum: 52.8]
      [GC Worker End (ms): Min: 167686893.0, Avg: 167686893.0, Max: 167686893.0, Diff: 0.0]
   [Code Root Fixup: 0.1 ms]
   [Code Root Purge: 0.0 ms]
   [Clear CT: 0.1 ms]
   [Other: 2.2 ms]
      [Choose CSet: 0.0 ms]
      [Ref Proc: 1.6 ms]
      [Ref Enq: 0.0 ms]
      [Redirty Cards: 0.0 ms]
      [Humongous Register: 0.0 ms]
      [Humongous Reclaim: 0.0 ms]
      [Free CSet: 0.3 ms]
   [Eden: 203.0M(203.0M)->0.0B(281.0M) Survivors: 3072.0K->3072.0K Heap: 345.0M(1024.0M)->142.2M(1024.0M)]
 [Times: user=0.02 sys=0.01, real=0.01 secs] 
2018-04-25T01:45:05.691-0800: 170258.553: [GC pause (G1 Evacuation Pause) (young), 0.0903970 secs]
   [Parallel Time: 71.0 ms, GC Workers: 4]
      [GC Worker Start (ms): Min: 170258562.2, Avg: 170258562.3, Max: 170258562.4, Diff: 0.2]
      [Ext Root Scanning (ms): Min: 14.1, Avg: 18.0, Max: 28.6, Diff: 14.5, Sum: 72.0]
      [Update RS (ms): Min: 0.0, Avg: 9.7, Max: 13.6, Diff: 13.6, Sum: 39.0]
         [Processed Buffers: Min: 0, Avg: 9.8, Max: 35, Diff: 35, Sum: 39]
      [Scan RS (ms): Min: 0.0, Avg: 0.0, Max: 0.1, Diff: 0.1, Sum: 0.2]
      [Code Root Scanning (ms): Min: 0.0, Avg: 0.0, Max: 0.0, Diff: 0.0, Sum: 0.0]
      [Object Copy (ms): Min: 41.3, Avg: 42.0, Max: 43.5, Diff: 2.2, Sum: 168.0]
      [Termination (ms): Min: 0.0, Avg: 0.9, Max: 1.4, Diff: 1.4, Sum: 3.7]
         [Termination Attempts: Min: 1, Avg: 2.2, Max: 3, Diff: 2, Sum: 9]
      [GC Worker Other (ms): Min: 0.0, Avg: 0.0, Max: 0.0, Diff: 0.0, Sum: 0.1]
      [GC Worker Total (ms): Min: 70.6, Avg: 70.8, Max: 70.9, Diff: 0.2, Sum: 283.1]
      [GC Worker End (ms): Min: 170258633.1, Avg: 170258633.1, Max: 170258633.1, Diff: 0.0]
   [Code Root Fixup: 0.1 ms]
   [Code Root Purge: 0.0 ms]
   [Clear CT: 0.1 ms]
   [Other: 19.2 ms]
      [Choose CSet: 0.0 ms]
      [Ref Proc: 8.8 ms]
      [Ref Enq: 0.0 ms]
      [Redirty Cards: 0.0 ms]
      [Humongous Register: 4.3 ms]
      [Humongous Reclaim: 0.0 ms]
      [Free CSet: 0.5 ms]
   [Eden: 281.0M(281.0M)->0.0B(47.0M) Survivors: 3072.0K->4096.0K Heap: 423.2M(1024.0M)->143.4M(1024.0M)]
 [Times: user=0.03 sys=0.06, real=0.09 secs] 
2018-04-25T01:52:19.674-0800: 170692.523: [GC pause (G1 Evacuation Pause) (young), 0.0233613 secs]
   [Parallel Time: 20.6 ms, GC Workers: 4]
      [GC Worker Start (ms): Min: 170692522.9, Avg: 170692523.1, Max: 170692523.3, Diff: 0.4]
      [Ext Root Scanning (ms): Min: 5.7, Avg: 6.7, Max: 9.5, Diff: 3.8, Sum: 26.9]
      [Update RS (ms): Min: 0.0, Avg: 0.8, Max: 1.2, Diff: 1.2, Sum: 3.2]
         [Processed Buffers: Min: 0, Avg: 9.8, Max: 24, Diff: 24, Sum: 39]
      [Scan RS (ms): Min: 0.0, Avg: 0.0, Max: 0.1, Diff: 0.1, Sum: 0.1]
      [Code Root Scanning (ms): Min: 0.0, Avg: 0.0, Max: 0.0, Diff: 0.0, Sum: 0.0]
      [Object Copy (ms): Min: 10.4, Avg: 12.5, Max: 13.6, Diff: 3.2, Sum: 49.9]
      [Termination (ms): Min: 0.0, Avg: 0.3, Max: 0.5, Diff: 0.5, Sum: 1.2]
         [Termination Attempts: Min: 1, Avg: 1.0, Max: 1, Diff: 0, Sum: 4]
      [GC Worker Other (ms): Min: 0.0, Avg: 0.1, Max: 0.1, Diff: 0.0, Sum: 0.2]
      [GC Worker Total (ms): Min: 20.2, Avg: 20.4, Max: 20.5, Diff: 0.3, Sum: 81.6]
      [GC Worker End (ms): Min: 170692543.4, Avg: 170692543.5, Max: 170692543.5, Diff: 0.1]
   [Code Root Fixup: 0.4 ms]
   [Code Root Purge: 0.0 ms]
   [Clear CT: 0.2 ms]
   [Other: 2.2 ms]
      [Choose CSet: 0.0 ms]
      [Ref Proc: 1.1 ms]
      [Ref Enq: 0.0 ms]
      [Redirty Cards: 0.2 ms]
      [Humongous Register: 0.1 ms]
      [Humongous Reclaim: 0.1 ms]
      [Free CSet: 0.2 ms]
   [Eden: 47.0M(47.0M)->0.0B(48.0M) Survivors: 4096.0K->3072.0K Heap: 190.4M(1024.0M)->142.6M(1024.0M)]
 [Times: user=0.05 sys=0.01, real=0.02 secs] 
2018-04-25T01:59:43.990-0800: 171136.825: [GC pause (G1 Evacuation Pause) (young), 0.0198444 secs]
   [Parallel Time: 17.4 ms, GC Workers: 4]
      [GC Worker Start (ms): Min: 171136825.3, Avg: 171136825.6, Max: 171136826.3, Diff: 1.0]
      [Ext Root Scanning (ms): Min: 1.7, Avg: 4.7, Max: 7.4, Diff: 5.7, Sum: 18.7]
      [Update RS (ms): Min: 0.0, Avg: 1.2, Max: 2.5, Diff: 2.5, Sum: 4.9]
         [Processed Buffers: Min: 0, Avg: 9.5, Max: 21, Diff: 21, Sum: 38]
      [Scan RS (ms): Min: 0.0, Avg: 0.0, Max: 0.1, Diff: 0.1, Sum: 0.1]
      [Code Root Scanning (ms): Min: 0.0, Avg: 0.0, Max: 0.0, Diff: 0.0, Sum: 0.0]
      [Object Copy (ms): Min: 9.2, Avg: 10.5, Max: 11.6, Diff: 2.4, Sum: 42.0]
      [Termination (ms): Min: 0.0, Avg: 0.5, Max: 0.6, Diff: 0.6, Sum: 1.8]
         [Termination Attempts: Min: 1, Avg: 1.2, Max: 2, Diff: 1, Sum: 5]
      [GC Worker Other (ms): Min: 0.0, Avg: 0.0, Max: 0.0, Diff: 0.0, Sum: 0.1]
      [GC Worker Total (ms): Min: 16.3, Avg: 16.9, Max: 17.3, Diff: 1.0, Sum: 67.6]
      [GC Worker End (ms): Min: 171136842.3, Avg: 171136842.5, Max: 171136842.6, Diff: 0.3]
   [Code Root Fixup: 0.3 ms]
   [Code Root Purge: 0.0 ms]
   [Clear CT: 0.2 ms]
   [Other: 1.9 ms]
      [Choose CSet: 0.0 ms]
      [Ref Proc: 1.0 ms]
      [Ref Enq: 0.0 ms]
      [Redirty Cards: 0.2 ms]
      [Humongous Register: 0.1 ms]
      [Humongous Reclaim: 0.0 ms]
      [Free CSet: 0.2 ms]
   [Eden: 48.0M(48.0M)->0.0B(48.0M) Survivors: 3072.0K->3072.0K Heap: 190.6M(1024.0M)->142.1M(1024.0M)]
 [Times: user=0.04 sys=0.01, real=0.02 secs] 
2018-04-25T04:21:17.471-0800: 171566.799: [GC pause (G1 Evacuation Pause) (young), 0.0058481 secs]
   [Parallel Time: 4.9 ms, GC Workers: 4]
      [GC Worker Start (ms): Min: 171566798.9, Avg: 171566799.0, Max: 171566799.2, Diff: 0.3]
      [Ext Root Scanning (ms): Min: 0.6, Avg: 1.9, Max: 4.8, Diff: 4.2, Sum: 7.6]
      [Update RS (ms): Min: 0.0, Avg: 0.4, Max: 0.8, Diff: 0.8, Sum: 1.5]
         [Processed Buffers: Min: 0, Avg: 11.2, Max: 19, Diff: 19, Sum: 45]
      [Scan RS (ms): Min: 0.0, Avg: 0.0, Max: 0.0, Diff: 0.0, Sum: 0.0]
      [Code Root Scanning (ms): Min: 0.0, Avg: 0.0, Max: 0.1, Diff: 0.1, Sum: 0.1]
      [Object Copy (ms): Min: 0.1, Avg: 2.3, Max: 3.5, Diff: 3.4, Sum: 9.4]
      [Termination (ms): Min: 0.0, Avg: 0.1, Max: 0.2, Diff: 0.2, Sum: 0.4]
         [Termination Attempts: Min: 1, Avg: 1.0, Max: 1, Diff: 0, Sum: 4]
      [GC Worker Other (ms): Min: 0.0, Avg: 0.0, Max: 0.0, Diff: 0.0, Sum: 0.1]
      [GC Worker Total (ms): Min: 4.5, Avg: 4.8, Max: 4.9, Diff: 0.3, Sum: 19.1]
      [GC Worker End (ms): Min: 171566803.7, Avg: 171566803.7, Max: 171566803.8, Diff: 0.0]
   [Code Root Fixup: 0.1 ms]
   [Code Root Purge: 0.0 ms]
   [Clear CT: 0.1 ms]
   [Other: 0.7 ms]
      [Choose CSet: 0.0 ms]
      [Ref Proc: 0.3 ms]
      [Ref Enq: 0.0 ms]
      [Redirty Cards: 0.1 ms]
      [Humongous Register: 0.1 ms]
      [Humongous Reclaim: 0.0 ms]
      [Free CSet: 0.1 ms]
   [Eden: 48.0M(48.0M)->0.0B(48.0M) Survivors: 3072.0K->3072.0K Heap: 190.1M(1024.0M)->142.2M(1024.0M)]
 [Times: user=0.01 sys=0.00, real=0.00 secs] 
2018-04-25T04:28:04.105-0800: 171973.421: [GC pause (G1 Evacuation Pause) (young), 0.0051211 secs]
   [Parallel Time: 4.4 ms, GC Workers: 4]
      [GC Worker Start (ms): Min: 171973420.8, Avg: 171973420.8, Max: 171973420.8, Diff: 0.0]
      [Ext Root Scanning (ms): Min: 0.5, Avg: 0.5, Max: 0.6, Diff: 0.1, Sum: 2.2]
      [Update RS (ms): Min: 0.3, Avg: 0.3, Max: 0.3, Diff: 0.0, Sum: 1.3]
         [Processed Buffers: Min: 1, Avg: 8.5, Max: 29, Diff: 28, Sum: 34]
      [Scan RS (ms): Min: 0.0, Avg: 0.0, Max: 0.0, Diff: 0.0, Sum: 0.0]
      [Code Root Scanning (ms): Min: 0.0, Avg: 0.0, Max: 0.1, Diff: 0.1, Sum: 0.1]
      [Object Copy (ms): Min: 3.4, Avg: 3.4, Max: 3.5, Diff: 0.1, Sum: 13.8]
      [Termination (ms): Min: 0.0, Avg: 0.0, Max: 0.0, Diff: 0.0, Sum: 0.0]
         [Termination Attempts: Min: 1, Avg: 1.0, Max: 1, Diff: 0, Sum: 4]
      [GC Worker Other (ms): Min: 0.0, Avg: 0.0, Max: 0.0, Diff: 0.0, Sum: 0.1]
      [GC Worker Total (ms): Min: 4.4, Avg: 4.4, Max: 4.4, Diff: 0.0, Sum: 17.5]
      [GC Worker End (ms): Min: 171973425.2, Avg: 171973425.2, Max: 171973425.2, Diff: 0.0]
   [Code Root Fixup: 0.1 ms]
   [Code Root Purge: 0.0 ms]
   [Clear CT: 0.1 ms]
   [Other: 0.5 ms]
      [Choose CSet: 0.0 ms]
      [Ref Proc: 0.2 ms]
      [Ref Enq: 0.0 ms]
      [Redirty Cards: 0.1 ms]
      [Humongous Register: 0.0 ms]
      [Humongous Reclaim: 0.0 ms]
      [Free CSet: 0.1 ms]
   [Eden: 48.0M(48.0M)->0.0B(46.0M) Survivors: 3072.0K->5120.0K Heap: 190.2M(1024.0M)->144.0M(1024.0M)]
 [Times: user=0.02 sys=0.00, real=0.01 secs] 
2018-04-25T04:34:33.148-0800: 172362.452: [GC pause (G1 Evacuation Pause) (young), 0.0225245 secs]
   [Parallel Time: 19.7 ms, GC Workers: 4]
      [GC Worker Start (ms): Min: 172362452.1, Avg: 172362452.2, Max: 172362452.3, Diff: 0.2]
      [Ext Root Scanning (ms): Min: 1.8, Avg: 2.1, Max: 2.8, Diff: 1.0, Sum: 8.5]
      [Update RS (ms): Min: 1.4, Avg: 3.5, Max: 9.2, Diff: 7.8, Sum: 13.9]
         [Processed Buffers: Min: 1, Avg: 9.0, Max: 15, Diff: 14, Sum: 36]
      [Scan RS (ms): Min: 0.0, Avg: 0.0, Max: 0.1, Diff: 0.1, Sum: 0.1]
      [Code Root Scanning (ms): Min: 0.0, Avg: 0.1, Max: 0.2, Diff: 0.2, Sum: 0.2]
      [Object Copy (ms): Min: 7.4, Avg: 13.6, Max: 15.8, Diff: 8.4, Sum: 54.4]
      [Termination (ms): Min: 0.0, Avg: 0.1, Max: 0.1, Diff: 0.1, Sum: 0.3]
         [Termination Attempts: Min: 1, Avg: 1.0, Max: 1, Diff: 0, Sum: 4]
      [GC Worker Other (ms): Min: 0.0, Avg: 0.0, Max: 0.1, Diff: 0.0, Sum: 0.2]
      [GC Worker Total (ms): Min: 19.4, Avg: 19.4, Max: 19.5, Diff: 0.1, Sum: 77.7]
      [GC Worker End (ms): Min: 172362471.6, Avg: 172362471.6, Max: 172362471.6, Diff: 0.1]
   [Code Root Fixup: 0.5 ms]
   [Code Root Purge: 0.0 ms]
   [Clear CT: 0.2 ms]
   [Other: 2.1 ms]
      [Choose CSet: 0.0 ms]
      [Ref Proc: 1.2 ms]
      [Ref Enq: 0.0 ms]
      [Redirty Cards: 0.2 ms]
      [Humongous Register: 0.1 ms]
      [Humongous Reclaim: 0.0 ms]
      [Free CSet: 0.1 ms]
   [Eden: 46.0M(46.0M)->0.0B(47.0M) Survivors: 5120.0K->4096.0K Heap: 190.0M(1024.0M)->143.1M(1024.0M)]
 [Times: user=0.05 sys=0.00, real=0.03 secs] 
2018-04-25T06:08:20.151-0800: 172767.115: [GC pause (G1 Evacuation Pause) (young), 0.0057136 secs]
   [Parallel Time: 4.9 ms, GC Workers: 4]
      [GC Worker Start (ms): Min: 172767115.5, Avg: 172767115.5, Max: 172767115.5, Diff: 0.0]
      [Ext Root Scanning (ms): Min: 0.7, Avg: 0.7, Max: 0.8, Diff: 0.1, Sum: 2.9]
      [Update RS (ms): Min: 0.5, Avg: 0.8, Max: 1.3, Diff: 0.8, Sum: 3.0]
         [Processed Buffers: Min: 5, Avg: 9.0, Max: 15, Diff: 10, Sum: 36]
      [Scan RS (ms): Min: 0.0, Avg: 0.0, Max: 0.0, Diff: 0.0, Sum: 0.0]
      [Code Root Scanning (ms): Min: 0.0, Avg: 0.0, Max: 0.1, Diff: 0.1, Sum: 0.1]
      [Object Copy (ms): Min: 2.7, Avg: 3.3, Max: 3.5, Diff: 0.7, Sum: 13.1]
      [Termination (ms): Min: 0.0, Avg: 0.0, Max: 0.0, Diff: 0.0, Sum: 0.0]
         [Termination Attempts: Min: 1, Avg: 1.0, Max: 1, Diff: 0, Sum: 4]
      [GC Worker Other (ms): Min: 0.0, Avg: 0.0, Max: 0.1, Diff: 0.0, Sum: 0.1]
      [GC Worker Total (ms): Min: 4.8, Avg: 4.9, Max: 4.9, Diff: 0.1, Sum: 19.4]
      [GC Worker End (ms): Min: 172767120.3, Avg: 172767120.3, Max: 172767120.4, Diff: 0.0]
   [Code Root Fixup: 0.1 ms]
   [Code Root Purge: 0.0 ms]
   [Clear CT: 0.1 ms]
   [Other: 0.6 ms]
      [Choose CSet: 0.0 ms]
      [Ref Proc: 0.3 ms]
      [Ref Enq: 0.0 ms]
      [Redirty Cards: 0.1 ms]
      [Humongous Register: 0.0 ms]
      [Humongous Reclaim: 0.0 ms]
      [Free CSet: 0.0 ms]
   [Eden: 47.0M(47.0M)->0.0B(62.0M) Survivors: 4096.0K->4096.0K Heap: 190.1M(1024.0M)->143.1M(1024.0M)]
 [Times: user=0.01 sys=0.00, real=0.00 secs] 
2018-04-25T06:17:06.838-0800: 173293.787: [GC pause (G1 Evacuation Pause) (young), 0.0046331 secs]
   [Parallel Time: 3.9 ms, GC Workers: 4]
      [GC Worker Start (ms): Min: 173293787.0, Avg: 173293787.1, Max: 173293787.1, Diff: 0.1]
      [Ext Root Scanning (ms): Min: 0.5, Avg: 0.5, Max: 0.6, Diff: 0.1, Sum: 2.1]
      [Update RS (ms): Min: 0.3, Avg: 0.4, Max: 0.4, Diff: 0.1, Sum: 1.4]
         [Processed Buffers: Min: 1, Avg: 8.8, Max: 22, Diff: 21, Sum: 35]
      [Scan RS (ms): Min: 0.0, Avg: 0.0, Max: 0.0, Diff: 0.0, Sum: 0.0]
      [Code Root Scanning (ms): Min: 0.0, Avg: 0.0, Max: 0.1, Diff: 0.1, Sum: 0.1]
      [Object Copy (ms): Min: 2.8, Avg: 2.8, Max: 2.8, Diff: 0.1, Sum: 11.2]
      [Termination (ms): Min: 0.0, Avg: 0.0, Max: 0.0, Diff: 0.0, Sum: 0.0]
         [Termination Attempts: Min: 1, Avg: 1.0, Max: 1, Diff: 0, Sum: 4]
      [GC Worker Other (ms): Min: 0.0, Avg: 0.0, Max: 0.0, Diff: 0.0, Sum: 0.1]
      [GC Worker Total (ms): Min: 3.7, Avg: 3.7, Max: 3.8, Diff: 0.1, Sum: 14.9]
      [GC Worker End (ms): Min: 173293790.8, Avg: 173293790.8, Max: 173293790.8, Diff: 0.0]
   [Code Root Fixup: 0.1 ms]
   [Code Root Purge: 0.0 ms]
   [Clear CT: 0.1 ms]
   [Other: 0.5 ms]
      [Choose CSet: 0.0 ms]
      [Ref Proc: 0.2 ms]
      [Ref Enq: 0.0 ms]
      [Redirty Cards: 0.1 ms]
      [Humongous Register: 0.0 ms]
      [Humongous Reclaim: 0.0 ms]
      [Free CSet: 0.1 ms]
   [Eden: 62.0M(62.0M)->0.0B(129.0M) Survivors: 4096.0K->3072.0K Heap: 205.1M(1024.0M)->142.6M(1024.0M)]
 [Times: user=0.02 sys=0.00, real=0.01 secs] 
2018-04-25T06:35:00.476-0800: 174375.372: [GC pause (G1 Evacuation Pause) (young), 0.0107945 secs]
   [Parallel Time: 8.7 ms, GC Workers: 4]
      [GC Worker Start (ms): Min: 174375372.2, Avg: 174375372.2, Max: 174375372.3, Diff: 0.0]
      [Ext Root Scanning (ms): Min: 0.4, Avg: 0.9, Max: 1.7, Diff: 1.2, Sum: 3.5]
      [Update RS (ms): Min: 0.0, Avg: 0.3, Max: 0.5, Diff: 0.5, Sum: 1.0]
         [Processed Buffers: Min: 0, Avg: 8.8, Max: 25, Diff: 25, Sum: 35]
      [Scan RS (ms): Min: 0.0, Avg: 0.0, Max: 0.0, Diff: 0.0, Sum: 0.1]
      [Code Root Scanning (ms): Min: 0.0, Avg: 0.0, Max: 0.0, Diff: 0.0, Sum: 0.1]
      [Object Copy (ms): Min: 6.9, Avg: 7.4, Max: 8.1, Diff: 1.2, Sum: 29.8]
      [Termination (ms): Min: 0.0, Avg: 0.0, Max: 0.0, Diff: 0.0, Sum: 0.0]
         [Termination Attempts: Min: 1, Avg: 1.0, Max: 1, Diff: 0, Sum: 4]
      [GC Worker Other (ms): Min: 0.0, Avg: 0.0, Max: 0.0, Diff: 0.0, Sum: 0.1]
      [GC Worker Total (ms): Min: 8.6, Avg: 8.6, Max: 8.7, Diff: 0.0, Sum: 34.6]
      [GC Worker End (ms): Min: 174375380.9, Avg: 174375380.9, Max: 174375380.9, Diff: 0.0]
   [Code Root Fixup: 0.1 ms]
   [Code Root Purge: 0.0 ms]
   [Clear CT: 0.1 ms]
   [Other: 1.9 ms]
      [Choose CSet: 0.0 ms]
      [Ref Proc: 1.5 ms]
      [Ref Enq: 0.0 ms]
      [Redirty Cards: 0.1 ms]
      [Humongous Register: 0.0 ms]
      [Humongous Reclaim: 0.0 ms]
      [Free CSet: 0.2 ms]
   [Eden: 129.0M(129.0M)->0.0B(182.0M) Survivors: 3072.0K->4096.0K Heap: 271.6M(1024.0M)->143.5M(1024.0M)]
 [Times: user=0.01 sys=0.00, real=0.01 secs] 
2018-04-25T07:00:56.995-0800: 175931.821: [GC pause (G1 Evacuation Pause) (young), 0.0203835 secs]
   [Parallel Time: 16.8 ms, GC Workers: 4]
      [GC Worker Start (ms): Min: 175931823.0, Avg: 175931823.1, Max: 175931823.2, Diff: 0.1]
      [Ext Root Scanning (ms): Min: 3.2, Avg: 5.7, Max: 13.1, Diff: 9.9, Sum: 23.0]
      [Update RS (ms): Min: 0.0, Avg: 1.8, Max: 2.4, Diff: 2.4, Sum: 7.1]
         [Processed Buffers: Min: 0, Avg: 8.8, Max: 27, Diff: 27, Sum: 35]
      [Scan RS (ms): Min: 0.0, Avg: 0.0, Max: 0.1, Diff: 0.0, Sum: 0.1]
      [Code Root Scanning (ms): Min: 0.0, Avg: 0.1, Max: 0.3, Diff: 0.3, Sum: 0.3]
      [Object Copy (ms): Min: 3.4, Avg: 8.8, Max: 10.7, Diff: 7.3, Sum: 35.4]
      [Termination (ms): Min: 0.0, Avg: 0.0, Max: 0.0, Diff: 0.0, Sum: 0.0]
         [Termination Attempts: Min: 1, Avg: 1.8, Max: 3, Diff: 2, Sum: 7]
      [GC Worker Other (ms): Min: 0.0, Avg: 0.1, Max: 0.2, Diff: 0.1, Sum: 0.4]
      [GC Worker Total (ms): Min: 16.5, Avg: 16.6, Max: 16.6, Diff: 0.1, Sum: 66.2]
      [GC Worker End (ms): Min: 175931839.6, Avg: 175931839.7, Max: 175931839.7, Diff: 0.0]
   [Code Root Fixup: 0.1 ms]
   [Code Root Purge: 0.0 ms]
   [Clear CT: 0.1 ms]
   [Other: 3.4 ms]
      [Choose CSet: 0.0 ms]
      [Ref Proc: 0.6 ms]
      [Ref Enq: 0.0 ms]
      [Redirty Cards: 0.1 ms]
      [Humongous Register: 1.5 ms]
      [Humongous Reclaim: 0.0 ms]
      [Free CSet: 0.4 ms]
   [Eden: 182.0M(182.0M)->0.0B(151.0M) Survivors: 4096.0K->4096.0K Heap: 325.5M(1024.0M)->143.3M(1024.0M)]
 [Times: user=0.02 sys=0.03, real=0.02 secs] 
2018-04-25T07:22:07.920-0800: 177202.695: [GC pause (G1 Evacuation Pause) (young), 0.0074991 secs]
   [Parallel Time: 5.5 ms, GC Workers: 4]
      [GC Worker Start (ms): Min: 177202696.2, Avg: 177202696.4, Max: 177202696.6, Diff: 0.5]
      [Ext Root Scanning (ms): Min: 2.2, Avg: 2.5, Max: 2.8, Diff: 0.6, Sum: 10.2]
      [Update RS (ms): Min: 0.0, Avg: 0.3, Max: 0.5, Diff: 0.5, Sum: 1.3]
         [Processed Buffers: Min: 0, Avg: 8.8, Max: 24, Diff: 24, Sum: 35]
      [Scan RS (ms): Min: 0.0, Avg: 0.0, Max: 0.1, Diff: 0.1, Sum: 0.1]
      [Code Root Scanning (ms): Min: 0.0, Avg: 0.0, Max: 0.1, Diff: 0.1, Sum: 0.1]
      [Object Copy (ms): Min: 2.1, Avg: 2.2, Max: 2.3, Diff: 0.2, Sum: 8.9]
      [Termination (ms): Min: 0.0, Avg: 0.0, Max: 0.0, Diff: 0.0, Sum: 0.0]
         [Termination Attempts: Min: 1, Avg: 1.0, Max: 1, Diff: 0, Sum: 4]
      [GC Worker Other (ms): Min: 0.0, Avg: 0.1, Max: 0.2, Diff: 0.1, Sum: 0.3]
      [GC Worker Total (ms): Min: 5.0, Avg: 5.2, Max: 5.4, Diff: 0.4, Sum: 20.8]
      [GC Worker End (ms): Min: 177202701.6, Avg: 177202701.6, Max: 177202701.6, Diff: 0.0]
   [Code Root Fixup: 0.1 ms]
   [Code Root Purge: 0.0 ms]
   [Clear CT: 0.1 ms]
   [Other: 1.8 ms]
      [Choose CSet: 0.0 ms]
      [Ref Proc: 0.2 ms]
      [Ref Enq: 0.0 ms]
      [Redirty Cards: 0.1 ms]
      [Humongous Register: 0.1 ms]
      [Humongous Reclaim: 0.0 ms]
      [Free CSet: 0.1 ms]
   [Eden: 151.0M(151.0M)->0.0B(287.0M) Survivors: 4096.0K->3072.0K Heap: 294.3M(1024.0M)->142.1M(1024.0M)]
 [Times: user=0.02 sys=0.00, real=0.00 secs] 
2018-04-25T08:33:48.052-0800: 179658.415: [GC pause (G1 Evacuation Pause) (young), 0.1103480 secs]
   [Parallel Time: 103.8 ms, GC Workers: 4]
      [GC Worker Start (ms): Min: 179658417.2, Avg: 179658417.3, Max: 179658417.3, Diff: 0.1]
      [Ext Root Scanning (ms): Min: 7.6, Avg: 11.3, Max: 17.5, Diff: 9.9, Sum: 45.1]
      [Update RS (ms): Min: 0.0, Avg: 4.4, Max: 7.3, Diff: 7.3, Sum: 17.5]
         [Processed Buffers: Min: 0, Avg: 9.0, Max: 23, Diff: 23, Sum: 36]
      [Scan RS (ms): Min: 0.0, Avg: 0.1, Max: 0.1, Diff: 0.0, Sum: 0.2]
      [Code Root Scanning (ms): Min: 0.0, Avg: 0.1, Max: 0.3, Diff: 0.3, Sum: 0.4]
      [Object Copy (ms): Min: 85.1, Avg: 86.7, Max: 87.8, Diff: 2.7, Sum: 346.8]
      [Termination (ms): Min: 0.3, Avg: 1.0, Max: 1.4, Diff: 1.0, Sum: 4.0]
         [Termination Attempts: Min: 1, Avg: 2.2, Max: 4, Diff: 3, Sum: 9]
      [GC Worker Other (ms): Min: 0.0, Avg: 0.1, Max: 0.2, Diff: 0.1, Sum: 0.4]
      [GC Worker Total (ms): Min: 103.5, Avg: 103.6, Max: 103.7, Diff: 0.2, Sum: 414.5]
      [GC Worker End (ms): Min: 179658520.9, Avg: 179658520.9, Max: 179658520.9, Diff: 0.1]
   [Code Root Fixup: 0.1 ms]
   [Code Root Purge: 0.0 ms]
   [Clear CT: 0.1 ms]
   [Other: 6.3 ms]
      [Choose CSet: 0.0 ms]
      [Ref Proc: 2.8 ms]
      [Ref Enq: 0.0 ms]
      [Redirty Cards: 0.1 ms]
      [Humongous Register: 1.9 ms]
      [Humongous Reclaim: 0.0 ms]
      [Free CSet: 0.7 ms]
   [Eden: 287.0M(287.0M)->0.0B(46.0M) Survivors: 3072.0K->5120.0K Heap: 429.1M(1024.0M)->144.1M(1024.0M)]
 [Times: user=0.02 sys=0.08, real=0.11 secs] 
2018-04-25T08:40:19.765-0800: 180050.111: [GC pause (G1 Evacuation Pause) (young), 0.0128082 secs]
   [Parallel Time: 12.0 ms, GC Workers: 4]
      [GC Worker Start (ms): Min: 180050111.6, Avg: 180050111.7, Max: 180050111.7, Diff: 0.1]
      [Ext Root Scanning (ms): Min: 0.7, Avg: 0.8, Max: 0.9, Diff: 0.2, Sum: 3.2]
      [Update RS (ms): Min: 0.3, Avg: 0.5, Max: 1.2, Diff: 0.9, Sum: 2.2]
         [Processed Buffers: Min: 1, Avg: 8.8, Max: 18, Diff: 17, Sum: 35]
      [Scan RS (ms): Min: 0.0, Avg: 0.0, Max: 0.0, Diff: 0.0, Sum: 0.1]
      [Code Root Scanning (ms): Min: 0.0, Avg: 0.0, Max: 0.1, Diff: 0.1, Sum: 0.1]
      [Object Copy (ms): Min: 9.4, Avg: 10.3, Max: 10.6, Diff: 1.2, Sum: 41.0]
      [Termination (ms): Min: 0.0, Avg: 0.1, Max: 0.3, Diff: 0.3, Sum: 0.6]
         [Termination Attempts: Min: 3, Avg: 3.8, Max: 4, Diff: 1, Sum: 15]
      [GC Worker Other (ms): Min: 0.0, Avg: 0.0, Max: 0.0, Diff: 0.0, Sum: 0.1]
      [GC Worker Total (ms): Min: 11.8, Avg: 11.8, Max: 11.8, Diff: 0.1, Sum: 47.2]
      [GC Worker End (ms): Min: 180050123.5, Avg: 180050123.5, Max: 180050123.5, Diff: 0.0]
   [Code Root Fixup: 0.1 ms]
   [Code Root Purge: 0.0 ms]
   [Clear CT: 0.1 ms]
   [Other: 0.7 ms]
      [Choose CSet: 0.0 ms]
      [Ref Proc: 0.3 ms]
      [Ref Enq: 0.0 ms]
      [Redirty Cards: 0.1 ms]
      [Humongous Register: 0.0 ms]
      [Humongous Reclaim: 0.0 ms]
      [Free CSet: 0.1 ms]
   [Eden: 46.0M(46.0M)->0.0B(46.0M) Survivors: 5120.0K->5120.0K Heap: 190.1M(1024.0M)->144.1M(1024.0M)]
 [Times: user=0.02 sys=0.01, real=0.01 secs] 
2018-04-25T08:46:51.330-0800: 180441.664: [GC pause (G1 Evacuation Pause) (young), 0.0084767 secs]
   [Parallel Time: 7.8 ms, GC Workers: 4]
      [GC Worker Start (ms): Min: 180441664.4, Avg: 180441664.4, Max: 180441664.4, Diff: 0.0]
      [Ext Root Scanning (ms): Min: 0.6, Avg: 0.6, Max: 0.7, Diff: 0.1, Sum: 2.4]
      [Update RS (ms): Min: 0.3, Avg: 0.4, Max: 0.4, Diff: 0.1, Sum: 1.4]
         [Processed Buffers: Min: 1, Avg: 8.8, Max: 29, Diff: 28, Sum: 35]
      [Scan RS (ms): Min: 0.0, Avg: 0.0, Max: 0.0, Diff: 0.0, Sum: 0.0]
      [Code Root Scanning (ms): Min: 0.0, Avg: 0.0, Max: 0.1, Diff: 0.1, Sum: 0.1]
      [Object Copy (ms): Min: 6.1, Avg: 6.2, Max: 6.7, Diff: 0.6, Sum: 25.0]
      [Termination (ms): Min: 0.0, Avg: 0.4, Max: 0.6, Diff: 0.6, Sum: 1.7]
         [Termination Attempts: Min: 3, Avg: 4.8, Max: 7, Diff: 4, Sum: 19]
      [GC Worker Other (ms): Min: 0.0, Avg: 0.1, Max: 0.1, Diff: 0.1, Sum: 0.3]
      [GC Worker Total (ms): Min: 7.7, Avg: 7.7, Max: 7.8, Diff: 0.1, Sum: 30.9]
      [GC Worker End (ms): Min: 180441672.1, Avg: 180441672.2, Max: 180441672.2, Diff: 0.1]
   [Code Root Fixup: 0.1 ms]
   [Code Root Purge: 0.0 ms]
   [Clear CT: 0.1 ms]
   [Other: 0.5 ms]
      [Choose CSet: 0.0 ms]
      [Ref Proc: 0.2 ms]
      [Ref Enq: 0.0 ms]
      [Redirty Cards: 0.0 ms]
      [Humongous Register: 0.0 ms]
      [Humongous Reclaim: 0.0 ms]
      [Free CSet: 0.1 ms]
   [Eden: 46.0M(46.0M)->0.0B(46.0M) Survivors: 5120.0K->5120.0K Heap: 190.1M(1024.0M)->144.0M(1024.0M)]
 [Times: user=0.02 sys=0.01, real=0.00 secs] 
2018-04-25T08:53:07.309-0800: 180817.621: [GC pause (G1 Evacuation Pause) (young), 0.0053615 secs]
   [Parallel Time: 4.7 ms, GC Workers: 4]
      [GC Worker Start (ms): Min: 180817621.4, Avg: 180817621.4, Max: 180817621.7, Diff: 0.3]
      [Ext Root Scanning (ms): Min: 0.3, Avg: 0.9, Max: 2.2, Diff: 1.9, Sum: 3.7]
      [Update RS (ms): Min: 0.0, Avg: 0.3, Max: 0.5, Diff: 0.5, Sum: 1.2]
         [Processed Buffers: Min: 0, Avg: 8.8, Max: 30, Diff: 30, Sum: 35]
      [Scan RS (ms): Min: 0.0, Avg: 0.0, Max: 0.0, Diff: 0.0, Sum: 0.0]
      [Code Root Scanning (ms): Min: 0.0, Avg: 0.0, Max: 0.1, Diff: 0.1, Sum: 0.1]
      [Object Copy (ms): Min: 1.8, Avg: 2.8, Max: 3.6, Diff: 1.8, Sum: 11.3]
      [Termination (ms): Min: 0.0, Avg: 0.5, Max: 0.7, Diff: 0.7, Sum: 2.0]
         [Termination Attempts: Min: 1, Avg: 1.0, Max: 1, Diff: 0, Sum: 4]
      [GC Worker Other (ms): Min: 0.0, Avg: 0.0, Max: 0.0, Diff: 0.0, Sum: 0.0]
      [GC Worker Total (ms): Min: 4.4, Avg: 4.6, Max: 4.7, Diff: 0.3, Sum: 18.4]
      [GC Worker End (ms): Min: 180817626.0, Avg: 180817626.0, Max: 180817626.1, Diff: 0.0]
   [Code Root Fixup: 0.1 ms]
   [Code Root Purge: 0.0 ms]
   [Clear CT: 0.1 ms]
   [Other: 0.5 ms]
      [Choose CSet: 0.0 ms]
      [Ref Proc: 0.2 ms]
      [Ref Enq: 0.0 ms]
      [Redirty Cards: 0.0 ms]
      [Humongous Register: 0.0 ms]
      [Humongous Reclaim: 0.0 ms]
      [Free CSet: 0.1 ms]
   [Eden: 46.0M(46.0M)->0.0B(47.0M) Survivors: 5120.0K->4096.0K Heap: 190.0M(1024.0M)->143.1M(1024.0M)]
 [Times: user=0.01 sys=0.00, real=0.01 secs] 
2018-04-25T08:59:48.426-0800: 181218.726: [GC pause (G1 Evacuation Pause) (young), 0.0059239 secs]
   [Parallel Time: 5.2 ms, GC Workers: 4]
      [GC Worker Start (ms): Min: 181218726.3, Avg: 181218726.3, Max: 181218726.4, Diff: 0.0]
      [Ext Root Scanning (ms): Min: 0.6, Avg: 0.7, Max: 0.7, Diff: 0.1, Sum: 2.7]
      [Update RS (ms): Min: 1.2, Avg: 1.2, Max: 1.3, Diff: 0.1, Sum: 4.8]
         [Processed Buffers: Min: 1, Avg: 9.0, Max: 13, Diff: 12, Sum: 36]
      [Scan RS (ms): Min: 0.0, Avg: 0.0, Max: 0.0, Diff: 0.0, Sum: 0.0]
      [Code Root Scanning (ms): Min: 0.0, Avg: 0.0, Max: 0.0, Diff: 0.0, Sum: 0.1]
      [Object Copy (ms): Min: 2.6, Avg: 2.9, Max: 3.2, Diff: 0.6, Sum: 11.6]
      [Termination (ms): Min: 0.0, Avg: 0.3, Max: 0.6, Diff: 0.6, Sum: 1.3]
         [Termination Attempts: Min: 1, Avg: 1.0, Max: 1, Diff: 0, Sum: 4]
      [GC Worker Other (ms): Min: 0.0, Avg: 0.0, Max: 0.0, Diff: 0.0, Sum: 0.0]
      [GC Worker Total (ms): Min: 5.1, Avg: 5.1, Max: 5.2, Diff: 0.0, Sum: 20.6]
      [GC Worker End (ms): Min: 181218731.5, Avg: 181218731.5, Max: 181218731.5, Diff: 0.0]
   [Code Root Fixup: 0.1 ms]
   [Code Root Purge: 0.0 ms]
   [Clear CT: 0.1 ms]
   [Other: 0.5 ms]
      [Choose CSet: 0.0 ms]
      [Ref Proc: 0.2 ms]
      [Ref Enq: 0.0 ms]
      [Redirty Cards: 0.1 ms]
      [Humongous Register: 0.0 ms]
      [Humongous Reclaim: 0.0 ms]
      [Free CSet: 0.0 ms]
   [Eden: 47.0M(47.0M)->0.0B(63.0M) Survivors: 4096.0K->3072.0K Heap: 190.1M(1024.0M)->142.6M(1024.0M)]
 [Times: user=0.01 sys=0.00, real=0.01 secs] 
2018-04-25T10:05:10.499-0800: 182100.372: [GC pause (G1 Evacuation Pause) (young), 0.0165744 secs]
   [Parallel Time: 15.7 ms, GC Workers: 4]
      [GC Worker Start (ms): Min: 182100372.6, Avg: 182100372.6, Max: 182100372.7, Diff: 0.1]
      [Ext Root Scanning (ms): Min: 0.4, Avg: 1.2, Max: 2.7, Diff: 2.3, Sum: 4.9]
      [Update RS (ms): Min: 0.0, Avg: 1.1, Max: 2.2, Diff: 2.2, Sum: 4.4]
         [Processed Buffers: Min: 0, Avg: 9.0, Max: 31, Diff: 31, Sum: 36]
      [Scan RS (ms): Min: 0.0, Avg: 0.0, Max: 0.0, Diff: 0.0, Sum: 0.1]
      [Code Root Scanning (ms): Min: 0.0, Avg: 0.0, Max: 0.1, Diff: 0.1, Sum: 0.2]
      [Object Copy (ms): Min: 12.2, Avg: 13.2, Max: 14.1, Diff: 1.8, Sum: 52.8]
      [Termination (ms): Min: 0.0, Avg: 0.0, Max: 0.0, Diff: 0.0, Sum: 0.1]
         [Termination Attempts: Min: 1, Avg: 2.2, Max: 3, Diff: 2, Sum: 9]
      [GC Worker Other (ms): Min: 0.0, Avg: 0.0, Max: 0.0, Diff: 0.0, Sum: 0.1]
      [GC Worker Total (ms): Min: 15.6, Avg: 15.6, Max: 15.6, Diff: 0.0, Sum: 62.5]
      [GC Worker End (ms): Min: 182100388.3, Avg: 182100388.3, Max: 182100388.3, Diff: 0.0]
   [Code Root Fixup: 0.1 ms]
   [Code Root Purge: 0.0 ms]
   [Clear CT: 0.1 ms]
   [Other: 0.7 ms]
      [Choose CSet: 0.0 ms]
      [Ref Proc: 0.3 ms]
      [Ref Enq: 0.0 ms]
      [Redirty Cards: 0.1 ms]
      [Humongous Register: 0.0 ms]
      [Humongous Reclaim: 0.0 ms]
      [Free CSet: 0.1 ms]
   [Eden: 63.0M(63.0M)->0.0B(68.0M) Survivors: 3072.0K->5120.0K Heap: 205.6M(1024.0M)->144.4M(1024.0M)]
 [Times: user=0.02 sys=0.01, real=0.02 secs] 
2018-04-25T10:52:59.660-0800: 184969.418: [GC pause (G1 Evacuation Pause) (young), 0.0467247 secs]
   [Parallel Time: 28.3 ms, GC Workers: 4]
      [GC Worker Start (ms): Min: 184969432.5, Avg: 184969432.8, Max: 184969433.3, Diff: 0.8]
      [Ext Root Scanning (ms): Min: 2.4, Avg: 5.1, Max: 11.0, Diff: 8.6, Sum: 20.5]
      [Update RS (ms): Min: 0.0, Avg: 6.0, Max: 11.1, Diff: 11.1, Sum: 23.8]
         [Processed Buffers: Min: 0, Avg: 8.5, Max: 22, Diff: 22, Sum: 34]
      [Scan RS (ms): Min: 0.0, Avg: 0.0, Max: 0.0, Diff: 0.0, Sum: 0.1]
      [Code Root Scanning (ms): Min: 0.0, Avg: 0.0, Max: 0.1, Diff: 0.1, Sum: 0.1]
      [Object Copy (ms): Min: 12.7, Avg: 16.7, Max: 21.5, Diff: 8.9, Sum: 66.9]
      [Termination (ms): Min: 0.0, Avg: 0.1, Max: 0.1, Diff: 0.1, Sum: 0.3]
         [Termination Attempts: Min: 1, Avg: 1.0, Max: 1, Diff: 0, Sum: 4]
      [GC Worker Other (ms): Min: 0.0, Avg: 0.0, Max: 0.1, Diff: 0.0, Sum: 0.2]
      [GC Worker Total (ms): Min: 27.4, Avg: 28.0, Max: 28.2, Diff: 0.8, Sum: 111.9]
      [GC Worker End (ms): Min: 184969460.7, Avg: 184969460.8, Max: 184969460.8, Diff: 0.0]
   [Code Root Fixup: 0.2 ms]
   [Code Root Purge: 0.0 ms]
   [Clear CT: 0.1 ms]
   [Other: 18.1 ms]
      [Choose CSet: 0.0 ms]
      [Ref Proc: 1.1 ms]
      [Ref Enq: 0.0 ms]
      [Redirty Cards: 0.0 ms]
      [Humongous Register: 14.0 ms]
      [Humongous Reclaim: 0.0 ms]
      [Free CSet: 2.5 ms]
   [Eden: 68.0M(68.0M)->0.0B(46.0M) Survivors: 5120.0K->5120.0K Heap: 212.4M(1024.0M)->144.2M(1024.0M)]
 [Times: user=0.02 sys=0.04, real=0.04 secs] 
2018-04-25T11:25:43.711-0800: 186933.399: [GC pause (G1 Evacuation Pause) (young), 0.0075434 secs]
   [Parallel Time: 6.7 ms, GC Workers: 4]
      [GC Worker Start (ms): Min: 186933399.0, Avg: 186933399.0, Max: 186933399.0, Diff: 0.1]
      [Ext Root Scanning (ms): Min: 0.9, Avg: 1.5, Max: 2.3, Diff: 1.4, Sum: 5.9]
      [Update RS (ms): Min: 0.6, Avg: 1.0, Max: 1.4, Diff: 0.8, Sum: 4.1]
         [Processed Buffers: Min: 1, Avg: 8.5, Max: 23, Diff: 22, Sum: 34]
      [Scan RS (ms): Min: 0.0, Avg: 0.0, Max: 0.0, Diff: 0.0, Sum: 0.0]
      [Code Root Scanning (ms): Min: 0.0, Avg: 0.0, Max: 0.1, Diff: 0.1, Sum: 0.1]
      [Object Copy (ms): Min: 3.4, Avg: 3.9, Max: 4.1, Diff: 0.7, Sum: 15.6]
      [Termination (ms): Min: 0.0, Avg: 0.0, Max: 0.0, Diff: 0.0, Sum: 0.0]
         [Termination Attempts: Min: 1, Avg: 1.0, Max: 1, Diff: 0, Sum: 4]
      [GC Worker Other (ms): Min: 0.0, Avg: 0.0, Max: 0.1, Diff: 0.0, Sum: 0.1]
      [GC Worker Total (ms): Min: 6.5, Avg: 6.5, Max: 6.5, Diff: 0.0, Sum: 25.9]
      [GC Worker End (ms): Min: 186933405.5, Avg: 186933405.5, Max: 186933405.5, Diff: 0.0]
   [Code Root Fixup: 0.1 ms]
   [Code Root Purge: 0.0 ms]
   [Clear CT: 0.1 ms]
   [Other: 0.7 ms]
      [Choose CSet: 0.0 ms]
      [Ref Proc: 0.4 ms]
      [Ref Enq: 0.0 ms]
      [Redirty Cards: 0.1 ms]
      [Humongous Register: 0.0 ms]
      [Humongous Reclaim: 0.0 ms]
      [Free CSet: 0.1 ms]
   [Eden: 46.0M(46.0M)->0.0B(46.0M) Survivors: 5120.0K->5120.0K Heap: 190.2M(1024.0M)->144.3M(1024.0M)]
 [Times: user=0.02 sys=0.00, real=0.00 secs] 
2018-04-25T11:58:25.187-0800: 188894.800: [GC pause (G1 Evacuation Pause) (young), 0.0073236 secs]
   [Parallel Time: 6.4 ms, GC Workers: 4]
      [GC Worker Start (ms): Min: 188894799.7, Avg: 188894799.7, Max: 188894799.7, Diff: 0.1]
      [Ext Root Scanning (ms): Min: 0.8, Avg: 1.1, Max: 1.6, Diff: 0.8, Sum: 4.6]
      [Update RS (ms): Min: 0.1, Avg: 0.6, Max: 1.0, Diff: 0.9, Sum: 2.3]
         [Processed Buffers: Min: 1, Avg: 8.2, Max: 26, Diff: 25, Sum: 33]
      [Scan RS (ms): Min: 0.0, Avg: 0.0, Max: 0.0, Diff: 0.0, Sum: 0.1]
      [Code Root Scanning (ms): Min: 0.0, Avg: 0.0, Max: 0.0, Diff: 0.0, Sum: 0.1]
      [Object Copy (ms): Min: 3.9, Avg: 4.3, Max: 4.6, Diff: 0.7, Sum: 17.1]
      [Termination (ms): Min: 0.0, Avg: 0.2, Max: 0.5, Diff: 0.5, Sum: 1.0]
         [Termination Attempts: Min: 2, Avg: 2.0, Max: 2, Diff: 0, Sum: 8]
      [GC Worker Other (ms): Min: 0.0, Avg: 0.0, Max: 0.0, Diff: 0.0, Sum: 0.1]
      [GC Worker Total (ms): Min: 6.3, Avg: 6.3, Max: 6.4, Diff: 0.1, Sum: 25.3]
      [GC Worker End (ms): Min: 188894806.0, Avg: 188894806.0, Max: 188894806.0, Diff: 0.0]
   [Code Root Fixup: 0.1 ms]
   [Code Root Purge: 0.0 ms]
   [Clear CT: 0.1 ms]
   [Other: 0.7 ms]
      [Choose CSet: 0.0 ms]
      [Ref Proc: 0.4 ms]
      [Ref Enq: 0.0 ms]
      [Redirty Cards: 0.1 ms]
      [Humongous Register: 0.0 ms]
      [Humongous Reclaim: 0.0 ms]
      [Free CSet: 0.0 ms]
   [Eden: 46.0M(46.0M)->0.0B(46.0M) Survivors: 5120.0K->5120.0K Heap: 190.3M(1024.0M)->144.4M(1024.0M)]
 [Times: user=0.03 sys=0.00, real=0.01 secs] 
2018-04-25T12:31:28.902-0800: 190878.460: [GC pause (G1 Evacuation Pause) (young), 0.0064165 secs]
   [Parallel Time: 5.6 ms, GC Workers: 4]
      [GC Worker Start (ms): Min: 190878459.8, Avg: 190878459.8, Max: 190878459.8, Diff: 0.1]
      [Ext Root Scanning (ms): Min: 0.7, Avg: 0.7, Max: 0.8, Diff: 0.1, Sum: 2.9]
      [Update RS (ms): Min: 0.4, Avg: 0.4, Max: 0.6, Diff: 0.2, Sum: 1.7]
         [Processed Buffers: Min: 1, Avg: 8.8, Max: 25, Diff: 24, Sum: 35]
      [Scan RS (ms): Min: 0.0, Avg: 0.0, Max: 0.0, Diff: 0.0, Sum: 0.1]
      [Code Root Scanning (ms): Min: 0.0, Avg: 0.0, Max: 0.0, Diff: 0.0, Sum: 0.1]
      [Object Copy (ms): Min: 4.1, Avg: 4.2, Max: 4.3, Diff: 0.2, Sum: 16.8]
      [Termination (ms): Min: 0.0, Avg: 0.0, Max: 0.0, Diff: 0.0, Sum: 0.0]
         [Termination Attempts: Min: 1, Avg: 1.0, Max: 1, Diff: 0, Sum: 4]
      [GC Worker Other (ms): Min: 0.1, Avg: 0.1, Max: 0.1, Diff: 0.0, Sum: 0.3]
      [GC Worker Total (ms): Min: 5.4, Avg: 5.5, Max: 5.5, Diff: 0.1, Sum: 21.9]
      [GC Worker End (ms): Min: 190878465.3, Avg: 190878465.3, Max: 190878465.3, Diff: 0.0]
   [Code Root Fixup: 0.1 ms]
   [Code Root Purge: 0.0 ms]
   [Clear CT: 0.1 ms]
   [Other: 0.7 ms]
      [Choose CSet: 0.0 ms]
      [Ref Proc: 0.3 ms]
      [Ref Enq: 0.0 ms]
      [Redirty Cards: 0.1 ms]
      [Humongous Register: 0.0 ms]
      [Humongous Reclaim: 0.0 ms]
      [Free CSet: 0.0 ms]
   [Eden: 46.0M(46.0M)->0.0B(132.0M) Survivors: 5120.0K->5120.0K Heap: 190.4M(1024.0M)->144.3M(1024.0M)]
 [Times: user=0.02 sys=0.00, real=0.00 secs] 
2018-04-25T14:05:31.193-0800: 196520.514: [GC pause (G1 Evacuation Pause) (young), 0.0157932 secs]
   [Parallel Time: 11.7 ms, GC Workers: 4]
      [GC Worker Start (ms): Min: 196520513.7, Avg: 196520513.7, Max: 196520513.7, Diff: 0.1]
      [Ext Root Scanning (ms): Min: 1.9, Avg: 2.0, Max: 2.1, Diff: 0.2, Sum: 7.8]
      [Update RS (ms): Min: 0.3, Avg: 0.9, Max: 2.6, Diff: 2.3, Sum: 3.6]
         [Processed Buffers: Min: 1, Avg: 8.8, Max: 25, Diff: 24, Sum: 35]
      [Scan RS (ms): Min: 0.0, Avg: 0.0, Max: 0.1, Diff: 0.1, Sum: 0.1]
      [Code Root Scanning (ms): Min: 0.0, Avg: 0.0, Max: 0.1, Diff: 0.1, Sum: 0.2]
      [Object Copy (ms): Min: 6.9, Avg: 8.2, Max: 8.7, Diff: 1.8, Sum: 33.0]
      [Termination (ms): Min: 0.0, Avg: 0.4, Max: 0.6, Diff: 0.5, Sum: 1.7]
         [Termination Attempts: Min: 1, Avg: 2.2, Max: 4, Diff: 3, Sum: 9]
      [GC Worker Other (ms): Min: 0.0, Avg: 0.0, Max: 0.0, Diff: 0.0, Sum: 0.1]
      [GC Worker Total (ms): Min: 11.6, Avg: 11.6, Max: 11.6, Diff: 0.0, Sum: 46.5]
      [GC Worker End (ms): Min: 196520525.3, Avg: 196520525.3, Max: 196520525.3, Diff: 0.0]
   [Code Root Fixup: 0.1 ms]
   [Code Root Purge: 0.0 ms]
   [Clear CT: 0.1 ms]
   [Other: 3.9 ms]
      [Choose CSet: 0.0 ms]
      [Ref Proc: 3.4 ms]
      [Ref Enq: 0.0 ms]
      [Redirty Cards: 0.1 ms]
      [Humongous Register: 0.0 ms]
      [Humongous Reclaim: 0.0 ms]
      [Free CSet: 0.2 ms]
   [Eden: 132.0M(132.0M)->0.0B(167.0M) Survivors: 5120.0K->4096.0K Heap: 276.3M(1024.0M)->143.4M(1024.0M)]
 [Times: user=0.02 sys=0.02, real=0.01 secs] 
2018-04-25T16:04:34.756-0800: 203663.836: [GC pause (G1 Evacuation Pause) (young), 0.1690398 secs]
   [Parallel Time: 145.2 ms, GC Workers: 4]
      [GC Worker Start (ms): Min: 203663852.9, Avg: 203663852.9, Max: 203663853.0, Diff: 0.1]
      [Ext Root Scanning (ms): Min: 13.1, Avg: 20.5, Max: 39.9, Diff: 26.7, Sum: 82.0]
      [Update RS (ms): Min: 0.0, Avg: 8.7, Max: 17.1, Diff: 17.1, Sum: 34.7]
         [Processed Buffers: Min: 0, Avg: 8.8, Max: 28, Diff: 28, Sum: 35]
      [Scan RS (ms): Min: 0.0, Avg: 0.0, Max: 0.1, Diff: 0.1, Sum: 0.1]
      [Code Root Scanning (ms): Min: 0.0, Avg: 0.0, Max: 0.2, Diff: 0.2, Sum: 0.2]
      [Object Copy (ms): Min: 62.3, Avg: 80.4, Max: 109.7, Diff: 47.4, Sum: 321.6]
      [Termination (ms): Min: 11.3, Avg: 34.2, Max: 58.0, Diff: 46.7, Sum: 136.8]
         [Termination Attempts: Min: 36, Avg: 125.2, Max: 187, Diff: 151, Sum: 501]
      [GC Worker Other (ms): Min: 0.0, Avg: 0.3, Max: 1.0, Diff: 1.0, Sum: 1.2]
      [GC Worker Total (ms): Min: 144.1, Avg: 144.1, Max: 144.2, Diff: 0.1, Sum: 576.6]
      [GC Worker End (ms): Min: 203663997.1, Avg: 203663997.1, Max: 203663997.1, Diff: 0.0]
   [Code Root Fixup: 0.1 ms]
   [Code Root Purge: 0.0 ms]
   [Clear CT: 0.2 ms]
   [Other: 23.5 ms]
      [Choose CSet: 0.0 ms]
      [Ref Proc: 4.6 ms]
      [Ref Enq: 0.0 ms]
      [Redirty Cards: 0.1 ms]
      [Humongous Register: 10.8 ms]
      [Humongous Reclaim: 0.0 ms]
      [Free CSet: 1.7 ms]
   [Eden: 167.0M(167.0M)->0.0B(47.0M) Survivors: 4096.0K->4096.0K Heap: 310.4M(1024.0M)->143.4M(1024.0M)]
 [Times: user=0.16 sys=0.11, real=0.17 secs] 
2018-04-25T16:38:16.780-0800: 205685.768: [GC pause (G1 Evacuation Pause) (young), 0.0113544 secs]
   [Parallel Time: 10.3 ms, GC Workers: 4]
      [GC Worker Start (ms): Min: 205685768.1, Avg: 205685768.1, Max: 205685768.1, Diff: 0.1]
      [Ext Root Scanning (ms): Min: 2.7, Avg: 2.9, Max: 3.0, Diff: 0.3, Sum: 11.4]
      [Update RS (ms): Min: 0.4, Avg: 0.5, Max: 0.6, Diff: 0.2, Sum: 1.9]
         [Processed Buffers: Min: 1, Avg: 8.8, Max: 30, Diff: 29, Sum: 35]
      [Scan RS (ms): Min: 0.0, Avg: 0.0, Max: 0.0, Diff: 0.0, Sum: 0.0]
      [Code Root Scanning (ms): Min: 0.0, Avg: 0.0, Max: 0.1, Diff: 0.1, Sum: 0.1]
      [Object Copy (ms): Min: 6.3, Avg: 6.5, Max: 6.9, Diff: 0.7, Sum: 26.1]
      [Termination (ms): Min: 0.0, Avg: 0.2, Max: 0.3, Diff: 0.3, Sum: 0.7]
         [Termination Attempts: Min: 1, Avg: 1.5, Max: 3, Diff: 2, Sum: 6]
      [GC Worker Other (ms): Min: 0.0, Avg: 0.0, Max: 0.0, Diff: 0.0, Sum: 0.1]
      [GC Worker Total (ms): Min: 10.1, Avg: 10.1, Max: 10.2, Diff: 0.1, Sum: 40.5]
      [GC Worker End (ms): Min: 205685778.2, Avg: 205685778.2, Max: 205685778.2, Diff: 0.0]
   [Code Root Fixup: 0.1 ms]
   [Code Root Purge: 0.0 ms]
   [Clear CT: 0.1 ms]
   [Other: 0.8 ms]
      [Choose CSet: 0.0 ms]
      [Ref Proc: 0.4 ms]
      [Ref Enq: 0.0 ms]
      [Redirty Cards: 0.1 ms]
      [Humongous Register: 0.1 ms]
      [Humongous Reclaim: 0.0 ms]
      [Free CSet: 0.1 ms]
   [Eden: 47.0M(47.0M)->0.0B(47.0M) Survivors: 4096.0K->4096.0K Heap: 190.4M(1024.0M)->144.0M(1024.0M)]
 [Times: user=0.01 sys=0.01, real=0.01 secs] 
2018-04-25T17:11:51.465-0800: 207700.370: [GC pause (G1 Evacuation Pause) (young), 0.0358077 secs]
   [Parallel Time: 30.6 ms, GC Workers: 4]
      [GC Worker Start (ms): Min: 207700370.6, Avg: 207700370.6, Max: 207700370.6, Diff: 0.1]
      [Ext Root Scanning (ms): Min: 2.4, Avg: 3.4, Max: 5.3, Diff: 3.0, Sum: 13.5]
      [Update RS (ms): Min: 0.0, Avg: 0.4, Max: 0.8, Diff: 0.8, Sum: 1.5]
         [Processed Buffers: Min: 0, Avg: 9.2, Max: 15, Diff: 15, Sum: 37]
      [Scan RS (ms): Min: 0.0, Avg: 0.0, Max: 0.0, Diff: 0.0, Sum: 0.1]
      [Code Root Scanning (ms): Min: 0.0, Avg: 0.0, Max: 0.1, Diff: 0.1, Sum: 0.1]
      [Object Copy (ms): Min: 24.5, Avg: 26.3, Max: 27.2, Diff: 2.7, Sum: 105.0]
      [Termination (ms): Min: 0.0, Avg: 0.4, Max: 0.8, Diff: 0.8, Sum: 1.7]
         [Termination Attempts: Min: 1, Avg: 1.2, Max: 2, Diff: 1, Sum: 5]
      [GC Worker Other (ms): Min: 0.0, Avg: 0.0, Max: 0.0, Diff: 0.0, Sum: 0.1]
      [GC Worker Total (ms): Min: 30.5, Avg: 30.5, Max: 30.5, Diff: 0.1, Sum: 121.9]
      [GC Worker End (ms): Min: 207700401.1, Avg: 207700401.1, Max: 207700401.1, Diff: 0.0]
   [Code Root Fixup: 0.1 ms]
   [Code Root Purge: 0.0 ms]
   [Clear CT: 0.1 ms]
   [Other: 5.0 ms]
      [Choose CSet: 0.0 ms]
      [Ref Proc: 4.6 ms]
      [Ref Enq: 0.0 ms]
      [Redirty Cards: 0.1 ms]
      [Humongous Register: 0.1 ms]
      [Humongous Reclaim: 0.0 ms]
      [Free CSet: 0.0 ms]
   [Eden: 47.0M(47.0M)->0.0B(46.0M) Survivors: 4096.0K->5120.0K Heap: 191.0M(1024.0M)->144.7M(1024.0M)]
 [Times: user=0.01 sys=0.03, real=0.04 secs] 
2018-04-25T17:44:49.304-0800: 209678.143: [GC pause (G1 Evacuation Pause) (young), 0.0068088 secs]
   [Parallel Time: 5.9 ms, GC Workers: 4]
      [GC Worker Start (ms): Min: 209678142.7, Avg: 209678142.8, Max: 209678142.8, Diff: 0.1]
      [Ext Root Scanning (ms): Min: 0.4, Avg: 0.6, Max: 0.8, Diff: 0.4, Sum: 2.5]
      [Update RS (ms): Min: 0.0, Avg: 0.3, Max: 0.6, Diff: 0.6, Sum: 1.0]
         [Processed Buffers: Min: 0, Avg: 8.8, Max: 29, Diff: 29, Sum: 35]
      [Scan RS (ms): Min: 0.0, Avg: 0.0, Max: 0.0, Diff: 0.0, Sum: 0.0]
      [Code Root Scanning (ms): Min: 0.0, Avg: 0.0, Max: 0.1, Diff: 0.1, Sum: 0.1]
      [Object Copy (ms): Min: 4.3, Avg: 4.8, Max: 5.3, Diff: 1.0, Sum: 19.3]
      [Termination (ms): Min: 0.0, Avg: 0.1, Max: 0.1, Diff: 0.1, Sum: 0.3]
         [Termination Attempts: Min: 1, Avg: 1.0, Max: 1, Diff: 0, Sum: 4]
      [GC Worker Other (ms): Min: 0.0, Avg: 0.0, Max: 0.0, Diff: 0.0, Sum: 0.1]
      [GC Worker Total (ms): Min: 5.8, Avg: 5.8, Max: 5.9, Diff: 0.1, Sum: 23.3]
      [GC Worker End (ms): Min: 209678148.6, Avg: 209678148.6, Max: 209678148.6, Diff: 0.0]
   [Code Root Fixup: 0.1 ms]
   [Code Root Purge: 0.0 ms]
   [Clear CT: 0.1 ms]
   [Other: 0.7 ms]
      [Choose CSet: 0.0 ms]
      [Ref Proc: 0.4 ms]
      [Ref Enq: 0.0 ms]
      [Redirty Cards: 0.1 ms]
      [Humongous Register: 0.0 ms]
      [Humongous Reclaim: 0.0 ms]
      [Free CSet: 0.0 ms]
   [Eden: 46.0M(46.0M)->0.0B(47.0M) Survivors: 5120.0K->4096.0K Heap: 190.7M(1024.0M)->143.5M(1024.0M)]
 [Times: user=0.02 sys=0.00, real=0.01 secs] 
2018-04-25T18:18:21.597-0800: 211690.369: [GC pause (G1 Evacuation Pause) (young), 0.0243741 secs]
   [Parallel Time: 19.2 ms, GC Workers: 4]
      [GC Worker Start (ms): Min: 211690371.5, Avg: 211690371.6, Max: 211690371.7, Diff: 0.2]
      [Ext Root Scanning (ms): Min: 3.2, Avg: 7.2, Max: 17.8, Diff: 14.7, Sum: 28.8]
      [Update RS (ms): Min: 0.0, Avg: 4.3, Max: 6.0, Diff: 6.0, Sum: 17.2]
         [Processed Buffers: Min: 0, Avg: 8.8, Max: 29, Diff: 29, Sum: 35]
      [Scan RS (ms): Min: 0.0, Avg: 0.0, Max: 0.0, Diff: 0.0, Sum: 0.0]
      [Code Root Scanning (ms): Min: 0.0, Avg: 0.4, Max: 1.7, Diff: 1.7, Sum: 1.7]
      [Object Copy (ms): Min: 1.1, Avg: 7.0, Max: 9.4, Diff: 8.2, Sum: 27.9]
      [Termination (ms): Min: 0.0, Avg: 0.1, Max: 0.2, Diff: 0.2, Sum: 0.3]
         [Termination Attempts: Min: 1, Avg: 1.0, Max: 1, Diff: 0, Sum: 4]
      [GC Worker Other (ms): Min: 0.0, Avg: 0.0, Max: 0.0, Diff: 0.0, Sum: 0.1]
      [GC Worker Total (ms): Min: 18.9, Avg: 19.1, Max: 19.1, Diff: 0.2, Sum: 76.2]
      [GC Worker End (ms): Min: 211690390.6, Avg: 211690390.6, Max: 211690390.6, Diff: 0.0]
   [Code Root Fixup: 0.1 ms]
   [Code Root Purge: 0.0 ms]
   [Clear CT: 0.1 ms]
   [Other: 5.0 ms]
      [Choose CSet: 0.0 ms]
      [Ref Proc: 2.2 ms]
      [Ref Enq: 0.0 ms]
      [Redirty Cards: 0.1 ms]
      [Humongous Register: 1.8 ms]
      [Humongous Reclaim: 0.0 ms]
      [Free CSet: 0.3 ms]
   [Eden: 47.0M(47.0M)->0.0B(47.0M) Survivors: 4096.0K->4096.0K Heap: 190.5M(1024.0M)->144.0M(1024.0M)]
 [Times: user=0.02 sys=0.03, real=0.03 secs] 
2018-04-25T20:37:30.557-0800: 212746.802: [GC pause (G1 Evacuation Pause) (young), 0.0295013 secs]
   [Parallel Time: 18.9 ms, GC Workers: 4]
      [GC Worker Start (ms): Min: 212746808.1, Avg: 212746808.2, Max: 212746808.2, Diff: 0.0]
      [Ext Root Scanning (ms): Min: 6.3, Avg: 6.8, Max: 7.2, Diff: 0.9, Sum: 27.0]
      [Update RS (ms): Min: 4.2, Avg: 4.5, Max: 4.9, Diff: 0.7, Sum: 18.0]
         [Processed Buffers: Min: 1, Avg: 9.5, Max: 17, Diff: 16, Sum: 38]
      [Scan RS (ms): Min: 0.0, Avg: 0.0, Max: 0.0, Diff: 0.0, Sum: 0.0]
      [Code Root Scanning (ms): Min: 0.0, Avg: 0.6, Max: 1.3, Diff: 1.3, Sum: 2.3]
      [Object Copy (ms): Min: 5.5, Avg: 6.3, Max: 7.1, Diff: 1.6, Sum: 25.3]
      [Termination (ms): Min: 0.0, Avg: 0.6, Max: 1.1, Diff: 1.1, Sum: 2.4]
         [Termination Attempts: Min: 1, Avg: 1.0, Max: 1, Diff: 0, Sum: 4]
      [GC Worker Other (ms): Min: 0.0, Avg: 0.0, Max: 0.0, Diff: 0.0, Sum: 0.1]
      [GC Worker Total (ms): Min: 18.8, Avg: 18.8, Max: 18.8, Diff: 0.0, Sum: 75.1]
      [GC Worker End (ms): Min: 212746826.9, Avg: 212746826.9, Max: 212746827.0, Diff: 0.0]
   [Code Root Fixup: 0.1 ms]
   [Code Root Purge: 0.0 ms]
   [Clear CT: 0.1 ms]
   [Other: 10.5 ms]
      [Choose CSet: 0.0 ms]
      [Ref Proc: 2.5 ms]
      [Ref Enq: 0.0 ms]
      [Redirty Cards: 0.1 ms]
      [Humongous Register: 6.4 ms]
      [Humongous Reclaim: 0.0 ms]
      [Free CSet: 1.2 ms]
   [Eden: 47.0M(47.0M)->0.0B(46.0M) Survivors: 4096.0K->5120.0K Heap: 191.0M(1024.0M)->144.3M(1024.0M)]
 [Times: user=0.02 sys=0.02, real=0.03 secs] 
2018-04-25T20:44:02.316-0800: 213138.549: [GC pause (G1 Evacuation Pause) (young), 0.0053947 secs]
   [Parallel Time: 4.5 ms, GC Workers: 4]
      [GC Worker Start (ms): Min: 213138549.5, Avg: 213138549.5, Max: 213138549.5, Diff: 0.1]
      [Ext Root Scanning (ms): Min: 0.7, Avg: 0.7, Max: 0.8, Diff: 0.1, Sum: 2.9]
      [Update RS (ms): Min: 0.3, Avg: 0.8, Max: 2.3, Diff: 2.0, Sum: 3.2]
         [Processed Buffers: Min: 1, Avg: 9.5, Max: 15, Diff: 14, Sum: 38]
      [Scan RS (ms): Min: 0.0, Avg: 0.0, Max: 0.0, Diff: 0.0, Sum: 0.0]
      [Code Root Scanning (ms): Min: 0.0, Avg: 0.0, Max: 0.1, Diff: 0.1, Sum: 0.1]
      [Object Copy (ms): Min: 1.4, Avg: 2.8, Max: 3.4, Diff: 2.0, Sum: 11.3]
      [Termination (ms): Min: 0.0, Avg: 0.0, Max: 0.0, Diff: 0.0, Sum: 0.0]
         [Termination Attempts: Min: 1, Avg: 1.0, Max: 1, Diff: 0, Sum: 4]
      [GC Worker Other (ms): Min: 0.0, Avg: 0.0, Max: 0.0, Diff: 0.0, Sum: 0.1]
      [GC Worker Total (ms): Min: 4.4, Avg: 4.4, Max: 4.5, Diff: 0.1, Sum: 17.7]
      [GC Worker End (ms): Min: 213138553.9, Avg: 213138553.9, Max: 213138553.9, Diff: 0.0]
   [Code Root Fixup: 0.1 ms]
   [Code Root Purge: 0.0 ms]
   [Clear CT: 0.1 ms]
   [Other: 0.6 ms]
      [Choose CSet: 0.0 ms]
      [Ref Proc: 0.3 ms]
      [Ref Enq: 0.0 ms]
      [Redirty Cards: 0.1 ms]
      [Humongous Register: 0.0 ms]
      [Humongous Reclaim: 0.0 ms]
      [Free CSet: 0.1 ms]
   [Eden: 46.0M(46.0M)->0.0B(48.0M) Survivors: 5120.0K->3072.0K Heap: 190.3M(1024.0M)->142.5M(1024.0M)]
 [Times: user=0.02 sys=0.00, real=0.01 secs] 
2018-04-25T20:50:41.257-0800: 213545.818: [GC pause (G1 Evacuation Pause) (young), 0.0125079 secs]
   [Parallel Time: 11.4 ms, GC Workers: 4]
      [GC Worker Start (ms): Min: 213545818.1, Avg: 213545818.1, Max: 213545818.1, Diff: 0.0]
      [Ext Root Scanning (ms): Min: 0.7, Avg: 0.9, Max: 1.2, Diff: 0.5, Sum: 3.6]
      [Update RS (ms): Min: 0.0, Avg: 0.3, Max: 0.5, Diff: 0.5, Sum: 1.3]
         [Processed Buffers: Min: 1, Avg: 9.2, Max: 29, Diff: 28, Sum: 37]
      [Scan RS (ms): Min: 0.0, Avg: 0.0, Max: 0.0, Diff: 0.0, Sum: 0.0]
      [Code Root Scanning (ms): Min: 0.0, Avg: 0.0, Max: 0.1, Diff: 0.1, Sum: 0.1]
      [Object Copy (ms): Min: 9.1, Avg: 9.5, Max: 9.9, Diff: 0.8, Sum: 37.8]
      [Termination (ms): Min: 0.0, Avg: 0.6, Max: 1.0, Diff: 1.0, Sum: 2.2]
         [Termination Attempts: Min: 1, Avg: 4.0, Max: 7, Diff: 6, Sum: 16]
      [GC Worker Other (ms): Min: 0.0, Avg: 0.0, Max: 0.0, Diff: 0.0, Sum: 0.1]
      [GC Worker Total (ms): Min: 11.2, Avg: 11.3, Max: 11.3, Diff: 0.1, Sum: 45.1]
      [GC Worker End (ms): Min: 213545829.3, Avg: 213545829.4, Max: 213545829.4, Diff: 0.1]
   [Code Root Fixup: 0.1 ms]
   [Code Root Purge: 0.0 ms]
   [Clear CT: 0.1 ms]
   [Other: 0.9 ms]
      [Choose CSet: 0.0 ms]
      [Ref Proc: 0.5 ms]
      [Ref Enq: 0.0 ms]
      [Redirty Cards: 0.1 ms]
      [Humongous Register: 0.1 ms]
      [Humongous Reclaim: 0.0 ms]
      [Free CSet: 0.1 ms]
   [Eden: 48.0M(48.0M)->0.0B(46.0M) Survivors: 3072.0K->5120.0K Heap: 190.5M(1024.0M)->144.7M(1024.0M)]
 [Times: user=0.02 sys=0.01, real=0.02 secs] 
2018-04-25T20:57:12.126-0800: 213936.675: [GC pause (G1 Evacuation Pause) (young), 0.0205379 secs]
   [Parallel Time: 13.1 ms, GC Workers: 4]
      [GC Worker Start (ms): Min: 213936682.0, Avg: 213936682.1, Max: 213936682.2, Diff: 0.1]
      [Ext Root Scanning (ms): Min: 3.5, Avg: 4.2, Max: 5.0, Diff: 1.5, Sum: 16.6]
      [Update RS (ms): Min: 0.0, Avg: 0.4, Max: 1.3, Diff: 1.3, Sum: 1.7]
         [Processed Buffers: Min: 0, Avg: 9.2, Max: 19, Diff: 19, Sum: 37]
      [Scan RS (ms): Min: 0.0, Avg: 0.0, Max: 0.0, Diff: 0.0, Sum: 0.0]
      [Code Root Scanning (ms): Min: 0.0, Avg: 0.0, Max: 0.0, Diff: 0.0, Sum: 0.1]
      [Object Copy (ms): Min: 6.7, Avg: 7.7, Max: 9.2, Diff: 2.5, Sum: 30.7]
      [Termination (ms): Min: 0.0, Avg: 0.6, Max: 0.9, Diff: 0.9, Sum: 2.3]
         [Termination Attempts: Min: 1, Avg: 1.0, Max: 1, Diff: 0, Sum: 4]
      [GC Worker Other (ms): Min: 0.0, Avg: 0.0, Max: 0.1, Diff: 0.0, Sum: 0.1]
      [GC Worker Total (ms): Min: 12.8, Avg: 12.9, Max: 12.9, Diff: 0.1, Sum: 51.6]
      [GC Worker End (ms): Min: 213936695.0, Avg: 213936695.0, Max: 213936695.0, Diff: 0.0]
   [Code Root Fixup: 0.1 ms]
   [Code Root Purge: 0.0 ms]
   [Clear CT: 0.1 ms]
   [Other: 7.3 ms]
      [Choose CSet: 0.0 ms]
      [Ref Proc: 0.2 ms]
      [Ref Enq: 0.0 ms]
      [Redirty Cards: 0.0 ms]
      [Humongous Register: 5.8 ms]
      [Humongous Reclaim: 0.0 ms]
      [Free CSet: 0.1 ms]
   [Eden: 46.0M(46.0M)->0.0B(47.0M) Survivors: 5120.0K->4096.0K Heap: 190.7M(1024.0M)->144.0M(1024.0M)]
 [Times: user=0.02 sys=0.01, real=0.02 secs] 
2018-04-25T21:03:52.866-0800: 214337.403: [GC pause (G1 Evacuation Pause) (young), 0.0115309 secs]
   [Parallel Time: 7.8 ms, GC Workers: 4]
      [GC Worker Start (ms): Min: 214337402.9, Avg: 214337402.9, Max: 214337403.0, Diff: 0.1]
      [Ext Root Scanning (ms): Min: 0.7, Avg: 0.8, Max: 0.8, Diff: 0.1, Sum: 3.1]
      [Update RS (ms): Min: 0.4, Avg: 0.5, Max: 0.6, Diff: 0.2, Sum: 1.9]
         [Processed Buffers: Min: 1, Avg: 9.2, Max: 15, Diff: 14, Sum: 37]
      [Scan RS (ms): Min: 0.0, Avg: 0.0, Max: 0.0, Diff: 0.0, Sum: 0.1]
      [Code Root Scanning (ms): Min: 0.0, Avg: 0.0, Max: 0.1, Diff: 0.1, Sum: 0.1]
      [Object Copy (ms): Min: 5.5, Avg: 5.9, Max: 6.4, Diff: 0.9, Sum: 23.7]
      [Termination (ms): Min: 0.0, Avg: 0.4, Max: 0.8, Diff: 0.8, Sum: 1.8]
         [Termination Attempts: Min: 1, Avg: 1.2, Max: 2, Diff: 1, Sum: 5]
      [GC Worker Other (ms): Min: 0.0, Avg: 0.0, Max: 0.0, Diff: 0.0, Sum: 0.1]
      [GC Worker Total (ms): Min: 7.6, Avg: 7.7, Max: 7.7, Diff: 0.1, Sum: 30.7]
      [GC Worker End (ms): Min: 214337410.6, Avg: 214337410.6, Max: 214337410.6, Diff: 0.0]
   [Code Root Fixup: 0.1 ms]
   [Code Root Purge: 0.0 ms]
   [Clear CT: 0.1 ms]
   [Other: 3.6 ms]
      [Choose CSet: 0.0 ms]
      [Ref Proc: 3.2 ms]
      [Ref Enq: 0.0 ms]
      [Redirty Cards: 0.1 ms]
      [Humongous Register: 0.0 ms]
      [Humongous Reclaim: 0.0 ms]
      [Free CSet: 0.0 ms]
   [Eden: 47.0M(47.0M)->0.0B(52.0M) Survivors: 4096.0K->5120.0K Heap: 191.0M(1024.0M)->144.7M(1024.0M)]
 [Times: user=0.02 sys=0.00, real=0.01 secs] 
2018-04-25T21:11:19.445-0800: 214783.955: [GC pause (G1 Evacuation Pause) (young), 0.0181158 secs]
   [Parallel Time: 16.2 ms, GC Workers: 4]
      [GC Worker Start (ms): Min: 214783955.0, Avg: 214783955.0, Max: 214783955.1, Diff: 0.1]
      [Ext Root Scanning (ms): Min: 0.5, Avg: 1.5, Max: 2.2, Diff: 1.7, Sum: 6.0]
      [Update RS (ms): Min: 0.0, Avg: 0.4, Max: 1.1, Diff: 1.1, Sum: 1.6]
         [Processed Buffers: Min: 0, Avg: 9.2, Max: 15, Diff: 15, Sum: 37]
      [Scan RS (ms): Min: 0.0, Avg: 0.0, Max: 0.0, Diff: 0.0, Sum: 0.0]
      [Code Root Scanning (ms): Min: 0.0, Avg: 0.0, Max: 0.0, Diff: 0.0, Sum: 0.1]
      [Object Copy (ms): Min: 13.2, Avg: 13.8, Max: 14.5, Diff: 1.3, Sum: 55.1]
      [Termination (ms): Min: 0.0, Avg: 0.4, Max: 0.7, Diff: 0.7, Sum: 1.6]
         [Termination Attempts: Min: 1, Avg: 1.2, Max: 2, Diff: 1, Sum: 5]
      [GC Worker Other (ms): Min: 0.0, Avg: 0.0, Max: 0.0, Diff: 0.0, Sum: 0.1]
      [GC Worker Total (ms): Min: 16.1, Avg: 16.1, Max: 16.2, Diff: 0.0, Sum: 64.5]
      [GC Worker End (ms): Min: 214783971.2, Avg: 214783971.2, Max: 214783971.2, Diff: 0.0]
   [Code Root Fixup: 0.1 ms]
   [Code Root Purge: 0.0 ms]
   [Clear CT: 0.1 ms]
   [Other: 1.7 ms]
      [Choose CSet: 0.0 ms]
      [Ref Proc: 1.4 ms]
      [Ref Enq: 0.0 ms]
      [Redirty Cards: 0.1 ms]
      [Humongous Register: 0.0 ms]
      [Humongous Reclaim: 0.0 ms]
      [Free CSet: 0.1 ms]
   [Eden: 52.0M(52.0M)->0.0B(65.0M) Survivors: 5120.0K->4096.0K Heap: 196.7M(1024.0M)->143.3M(1024.0M)]
 [Times: user=0.01 sys=0.01, real=0.02 secs] 
2018-04-25T21:20:31.915-0800: 215336.395: [GC pause (G1 Evacuation Pause) (young), 0.0291670 secs]
   [Parallel Time: 26.9 ms, GC Workers: 4]
      [GC Worker Start (ms): Min: 215336395.2, Avg: 215336395.2, Max: 215336395.2, Diff: 0.0]
      [Ext Root Scanning (ms): Min: 2.1, Avg: 3.2, Max: 4.3, Diff: 2.3, Sum: 12.6]
      [Update RS (ms): Min: 0.0, Avg: 1.0, Max: 2.2, Diff: 2.2, Sum: 3.9]
         [Processed Buffers: Min: 0, Avg: 9.2, Max: 33, Diff: 33, Sum: 37]
      [Scan RS (ms): Min: 0.0, Avg: 0.0, Max: 0.0, Diff: 0.0, Sum: 0.0]
      [Code Root Scanning (ms): Min: 0.0, Avg: 0.0, Max: 0.0, Diff: 0.0, Sum: 0.0]
      [Object Copy (ms): Min: 21.1, Avg: 21.7, Max: 22.5, Diff: 1.4, Sum: 86.9]
      [Termination (ms): Min: 0.0, Avg: 1.0, Max: 1.5, Diff: 1.5, Sum: 3.9]
         [Termination Attempts: Min: 1, Avg: 2.0, Max: 3, Diff: 2, Sum: 8]
      [GC Worker Other (ms): Min: 0.0, Avg: 0.0, Max: 0.0, Diff: 0.0, Sum: 0.1]
      [GC Worker Total (ms): Min: 26.8, Avg: 26.9, Max: 26.9, Diff: 0.0, Sum: 107.4]
      [GC Worker End (ms): Min: 215336422.0, Avg: 215336422.1, Max: 215336422.1, Diff: 0.0]
   [Code Root Fixup: 0.1 ms]
   [Code Root Purge: 0.0 ms]
   [Clear CT: 0.1 ms]
   [Other: 2.0 ms]
      [Choose CSet: 0.0 ms]
      [Ref Proc: 1.3 ms]
      [Ref Enq: 0.0 ms]
      [Redirty Cards: 0.1 ms]
      [Humongous Register: 0.2 ms]
      [Humongous Reclaim: 0.0 ms]
      [Free CSet: 0.2 ms]
   [Eden: 65.0M(65.0M)->0.0B(54.0M) Survivors: 4096.0K->5120.0K Heap: 208.3M(1024.0M)->144.4M(1024.0M)]
 [Times: user=0.01 sys=0.02, real=0.03 secs] 
2018-04-25T21:28:11.495-0800: 215795.961: [GC pause (G1 Evacuation Pause) (young), 0.0050324 secs]
   [Parallel Time: 3.9 ms, GC Workers: 4]
      [GC Worker Start (ms): Min: 215795960.8, Avg: 215795960.8, Max: 215795960.9, Diff: 0.1]
      [Ext Root Scanning (ms): Min: 0.5, Avg: 0.6, Max: 0.7, Diff: 0.2, Sum: 2.4]
      [Update RS (ms): Min: 0.2, Avg: 0.2, Max: 0.3, Diff: 0.2, Sum: 1.0]
         [Processed Buffers: Min: 1, Avg: 9.2, Max: 17, Diff: 16, Sum: 37]
      [Scan RS (ms): Min: 0.0, Avg: 0.0, Max: 0.0, Diff: 0.0, Sum: 0.0]
      [Code Root Scanning (ms): Min: 0.0, Avg: 0.0, Max: 0.0, Diff: 0.0, Sum: 0.0]
      [Object Copy (ms): Min: 2.8, Avg: 2.9, Max: 2.9, Diff: 0.1, Sum: 11.6]
      [Termination (ms): Min: 0.0, Avg: 0.0, Max: 0.0, Diff: 0.0, Sum: 0.0]
         [Termination Attempts: Min: 1, Avg: 1.0, Max: 1, Diff: 0, Sum: 4]
      [GC Worker Other (ms): Min: 0.0, Avg: 0.0, Max: 0.1, Diff: 0.1, Sum: 0.2]
      [GC Worker Total (ms): Min: 3.8, Avg: 3.8, Max: 3.8, Diff: 0.1, Sum: 15.2]
      [GC Worker End (ms): Min: 215795964.6, Avg: 215795964.6, Max: 215795964.7, Diff: 0.1]
   [Code Root Fixup: 0.1 ms]
   [Code Root Purge: 0.0 ms]
   [Clear CT: 0.1 ms]
   [Other: 1.0 ms]
      [Choose CSet: 0.0 ms]
      [Ref Proc: 0.3 ms]
      [Ref Enq: 0.0 ms]
      [Redirty Cards: 0.1 ms]
      [Humongous Register: 0.0 ms]
      [Humongous Reclaim: 0.0 ms]
      [Free CSet: 0.1 ms]
   [Eden: 54.0M(54.0M)->0.0B(118.0M) Survivors: 5120.0K->3072.0K Heap: 198.4M(1024.0M)->142.9M(1024.0M)]
 [Times: user=0.02 sys=0.00, real=0.01 secs] 
2018-04-25T22:01:31.666-0800: 216789.417: [GC pause (G1 Evacuation Pause) (young), 0.0282459 secs]
   [Parallel Time: 26.0 ms, GC Workers: 4]
      [GC Worker Start (ms): Min: 216789417.4, Avg: 216789417.4, Max: 216789417.4, Diff: 0.0]
      [Ext Root Scanning (ms): Min: 0.4, Avg: 2.6, Max: 5.6, Diff: 5.2, Sum: 10.3]
      [Update RS (ms): Min: 0.0, Avg: 1.0, Max: 1.5, Diff: 1.5, Sum: 4.0]
         [Processed Buffers: Min: 0, Avg: 9.5, Max: 23, Diff: 23, Sum: 38]
      [Scan RS (ms): Min: 0.0, Avg: 0.0, Max: 0.0, Diff: 0.0, Sum: 0.1]
      [Code Root Scanning (ms): Min: 0.0, Avg: 0.0, Max: 0.0, Diff: 0.0, Sum: 0.0]
      [Object Copy (ms): Min: 15.7, Avg: 18.8, Max: 21.5, Diff: 5.8, Sum: 75.1]
      [Termination (ms): Min: 0.0, Avg: 2.0, Max: 3.9, Diff: 3.9, Sum: 7.8]
         [Termination Attempts: Min: 1, Avg: 1.5, Max: 2, Diff: 1, Sum: 6]
      [GC Worker Other (ms): Min: 0.0, Avg: 1.6, Max: 3.3, Diff: 3.3, Sum: 6.5]
      [GC Worker Total (ms): Min: 25.9, Avg: 26.0, Max: 26.0, Diff: 0.0, Sum: 103.8]
      [GC Worker End (ms): Min: 216789443.4, Avg: 216789443.4, Max: 216789443.4, Diff: 0.0]
   [Code Root Fixup: 0.1 ms]
   [Code Root Purge: 0.0 ms]
   [Clear CT: 0.1 ms]
   [Other: 2.1 ms]
      [Choose CSet: 0.0 ms]
      [Ref Proc: 1.4 ms]
      [Ref Enq: 0.0 ms]
      [Redirty Cards: 0.1 ms]
      [Humongous Register: 0.1 ms]
      [Humongous Reclaim: 0.0 ms]
      [Free CSet: 0.2 ms]
   [Eden: 118.0M(118.0M)->0.0B(88.0M) Survivors: 3072.0K->4096.0K Heap: 260.9M(1024.0M)->143.8M(1024.0M)]
 [Times: user=0.02 sys=0.02, real=0.03 secs] 
2018-04-25T22:14:04.294-0800: 217542.022: [GC pause (G1 Evacuation Pause) (young), 0.0255678 secs]
   [Parallel Time: 22.1 ms, GC Workers: 4]
      [GC Worker Start (ms): Min: 217542024.2, Avg: 217542024.2, Max: 217542024.3, Diff: 0.1]
      [Ext Root Scanning (ms): Min: 4.0, Avg: 9.5, Max: 21.3, Diff: 17.3, Sum: 37.9]
      [Update RS (ms): Min: 0.0, Avg: 2.4, Max: 4.4, Diff: 4.4, Sum: 9.6]
         [Processed Buffers: Min: 0, Avg: 9.5, Max: 34, Diff: 34, Sum: 38]
      [Scan RS (ms): Min: 0.0, Avg: 0.0, Max: 0.0, Diff: 0.0, Sum: 0.1]
      [Code Root Scanning (ms): Min: 0.0, Avg: 0.0, Max: 0.0, Diff: 0.0, Sum: 0.0]
      [Object Copy (ms): Min: 0.4, Avg: 7.9, Max: 12.9, Diff: 12.4, Sum: 31.5]
      [Termination (ms): Min: 0.0, Avg: 1.4, Max: 3.4, Diff: 3.4, Sum: 5.6]
         [Termination Attempts: Min: 2, Avg: 26.0, Max: 39, Diff: 37, Sum: 104]
      [GC Worker Other (ms): Min: 0.0, Avg: 0.6, Max: 2.3, Diff: 2.3, Sum: 2.5]
      [GC Worker Total (ms): Min: 21.8, Avg: 21.8, Max: 21.9, Diff: 0.1, Sum: 87.2]
      [GC Worker End (ms): Min: 217542045.9, Avg: 217542046.0, Max: 217542046.1, Diff: 0.2]
   [Code Root Fixup: 0.1 ms]
   [Code Root Purge: 0.0 ms]
   [Clear CT: 0.1 ms]
   [Other: 3.4 ms]
      [Choose CSet: 0.0 ms]
      [Ref Proc: 0.6 ms]
      [Ref Enq: 0.0 ms]
      [Redirty Cards: 0.0 ms]
      [Humongous Register: 1.7 ms]
      [Humongous Reclaim: 0.0 ms]
      [Free CSet: 0.4 ms]
   [Eden: 88.0M(88.0M)->0.0B(47.0M) Survivors: 4096.0K->4096.0K Heap: 231.8M(1024.0M)->143.8M(1024.0M)]
 [Times: user=0.03 sys=0.03, real=0.03 secs] 
2018-04-25T22:20:44.600-0800: 217942.312: [GC pause (G1 Evacuation Pause) (young), 0.0145089 secs]
   [Parallel Time: 13.7 ms, GC Workers: 4]
      [GC Worker Start (ms): Min: 217942312.6, Avg: 217942312.6, Max: 217942312.6, Diff: 0.0]
      [Ext Root Scanning (ms): Min: 3.8, Avg: 4.1, Max: 4.2, Diff: 0.4, Sum: 16.2]
      [Update RS (ms): Min: 0.0, Avg: 1.1, Max: 2.2, Diff: 2.2, Sum: 4.5]
         [Processed Buffers: Min: 0, Avg: 9.0, Max: 34, Diff: 34, Sum: 36]
      [Scan RS (ms): Min: 0.0, Avg: 0.0, Max: 0.0, Diff: 0.0, Sum: 0.1]
      [Code Root Scanning (ms): Min: 0.0, Avg: 0.0, Max: 0.0, Diff: 0.0, Sum: 0.0]
      [Object Copy (ms): Min: 6.4, Avg: 8.0, Max: 9.5, Diff: 3.1, Sum: 32.1]
      [Termination (ms): Min: 0.0, Avg: 0.4, Max: 0.7, Diff: 0.7, Sum: 1.5]
         [Termination Attempts: Min: 1, Avg: 1.2, Max: 2, Diff: 1, Sum: 5]
      [GC Worker Other (ms): Min: 0.0, Avg: 0.0, Max: 0.1, Diff: 0.1, Sum: 0.2]
      [GC Worker Total (ms): Min: 13.6, Avg: 13.7, Max: 13.7, Diff: 0.0, Sum: 54.7]
      [GC Worker End (ms): Min: 217942326.2, Avg: 217942326.3, Max: 217942326.3, Diff: 0.0]
   [Code Root Fixup: 0.1 ms]
   [Code Root Purge: 0.0 ms]
   [Clear CT: 0.1 ms]
   [Other: 0.6 ms]
      [Choose CSet: 0.0 ms]
      [Ref Proc: 0.3 ms]
      [Ref Enq: 0.0 ms]
      [Redirty Cards: 0.1 ms]
      [Humongous Register: 0.0 ms]
      [Humongous Reclaim: 0.0 ms]
      [Free CSet: 0.0 ms]
   [Eden: 47.0M(47.0M)->0.0B(79.0M) Survivors: 4096.0K->4096.0K Heap: 190.8M(1024.0M)->144.0M(1024.0M)]
 [Times: user=0.02 sys=0.01, real=0.01 secs] 
2018-04-25T22:31:57.697-0800: 218615.374: [GC pause (G1 Evacuation Pause) (young), 0.0056139 secs]
   [Parallel Time: 4.9 ms, GC Workers: 4]
      [GC Worker Start (ms): Min: 218615373.7, Avg: 218615373.7, Max: 218615373.8, Diff: 0.0]
      [Ext Root Scanning (ms): Min: 0.5, Avg: 0.6, Max: 0.8, Diff: 0.2, Sum: 2.4]
      [Update RS (ms): Min: 0.2, Avg: 0.3, Max: 0.4, Diff: 0.2, Sum: 1.0]
         [Processed Buffers: Min: 1, Avg: 9.2, Max: 16, Diff: 15, Sum: 37]
      [Scan RS (ms): Min: 0.0, Avg: 0.0, Max: 0.0, Diff: 0.0, Sum: 0.1]
      [Code Root Scanning (ms): Min: 0.0, Avg: 0.0, Max: 0.0, Diff: 0.0, Sum: 0.0]
      [Object Copy (ms): Min: 3.9, Avg: 3.9, Max: 4.0, Diff: 0.1, Sum: 15.6]
      [Termination (ms): Min: 0.0, Avg: 0.0, Max: 0.0, Diff: 0.0, Sum: 0.0]
         [Termination Attempts: Min: 1, Avg: 1.0, Max: 1, Diff: 0, Sum: 4]
      [GC Worker Other (ms): Min: 0.0, Avg: 0.0, Max: 0.0, Diff: 0.0, Sum: 0.1]
      [GC Worker Total (ms): Min: 4.8, Avg: 4.8, Max: 4.9, Diff: 0.1, Sum: 19.3]
      [GC Worker End (ms): Min: 218615378.6, Avg: 218615378.6, Max: 218615378.6, Diff: 0.0]
   [Code Root Fixup: 0.1 ms]
   [Code Root Purge: 0.0 ms]
   [Clear CT: 0.1 ms]
   [Other: 0.6 ms]
      [Choose CSet: 0.0 ms]
      [Ref Proc: 0.2 ms]
      [Ref Enq: 0.0 ms]
      [Redirty Cards: 0.1 ms]
      [Humongous Register: 0.0 ms]
      [Humongous Reclaim: 0.0 ms]
      [Free CSet: 0.1 ms]
   [Eden: 79.0M(79.0M)->0.0B(174.0M) Survivors: 4096.0K->4096.0K Heap: 223.0M(1024.0M)->143.4M(1024.0M)]
 [Times: user=0.02 sys=0.00, real=0.01 secs] 
2018-04-25T23:30:40.172-0800: 220088.827: [GC pause (G1 Evacuation Pause) (young), 0.0517822 secs]
   [Parallel Time: 44.9 ms, GC Workers: 4]
      [GC Worker Start (ms): Min: 220088830.2, Avg: 220088830.3, Max: 220088830.3, Diff: 0.1]
      [Ext Root Scanning (ms): Min: 2.9, Avg: 6.2, Max: 14.4, Diff: 11.5, Sum: 24.8]
      [Update RS (ms): Min: 0.0, Avg: 1.0, Max: 1.7, Diff: 1.7, Sum: 3.9]
         [Processed Buffers: Min: 0, Avg: 9.5, Max: 28, Diff: 28, Sum: 38]
      [Scan RS (ms): Min: 0.0, Avg: 0.0, Max: 0.1, Diff: 0.1, Sum: 0.1]
      [Code Root Scanning (ms): Min: 0.0, Avg: 0.0, Max: 0.0, Diff: 0.0, Sum: 0.0]
      [Object Copy (ms): Min: 29.7, Avg: 36.2, Max: 39.0, Diff: 9.4, Sum: 144.6]
      [Termination (ms): Min: 0.0, Avg: 0.4, Max: 0.6, Diff: 0.6, Sum: 1.6]
         [Termination Attempts: Min: 1, Avg: 1.2, Max: 2, Diff: 1, Sum: 5]
      [GC Worker Other (ms): Min: 0.1, Avg: 0.9, Max: 1.8, Diff: 1.8, Sum: 3.7]
      [GC Worker Total (ms): Min: 44.6, Avg: 44.7, Max: 44.7, Diff: 0.1, Sum: 178.7]
      [GC Worker End (ms): Min: 220088874.9, Avg: 220088875.0, Max: 220088875.0, Diff: 0.0]
   [Code Root Fixup: 0.1 ms]
   [Code Root Purge: 0.0 ms]
   [Clear CT: 0.2 ms]
   [Other: 6.7 ms]
      [Choose CSet: 0.0 ms]
      [Ref Proc: 2.5 ms]
      [Ref Enq: 0.0 ms]
      [Redirty Cards: 0.1 ms]
      [Humongous Register: 1.7 ms]
      [Humongous Reclaim: 0.0 ms]
      [Free CSet: 0.8 ms]
   [Eden: 174.0M(174.0M)->0.0B(47.0M) Survivors: 4096.0K->4096.0K Heap: 317.4M(1024.0M)->144.0M(1024.0M)]
 [Times: user=0.02 sys=0.06, real=0.05 secs] 
2018-04-25T23:37:21.740-0800: 220490.383: [GC pause (G1 Evacuation Pause) (young), 0.0238028 secs]
   [Parallel Time: 16.7 ms, GC Workers: 4]
      [GC Worker Start (ms): Min: 220490383.1, Avg: 220490383.1, Max: 220490383.1, Diff: 0.1]
      [Ext Root Scanning (ms): Min: 7.1, Avg: 9.2, Max: 11.2, Diff: 4.1, Sum: 36.6]
      [Update RS (ms): Min: 0.0, Avg: 0.3, Max: 0.6, Diff: 0.6, Sum: 1.1]
         [Processed Buffers: Min: 0, Avg: 9.2, Max: 19, Diff: 19, Sum: 37]
      [Scan RS (ms): Min: 0.0, Avg: 0.0, Max: 0.0, Diff: 0.0, Sum: 0.0]
      [Code Root Scanning (ms): Min: 0.0, Avg: 0.0, Max: 0.0, Diff: 0.0, Sum: 0.0]
      [Object Copy (ms): Min: 4.9, Avg: 6.8, Max: 8.9, Diff: 3.9, Sum: 27.3]
      [Termination (ms): Min: 0.0, Avg: 0.3, Max: 0.5, Diff: 0.5, Sum: 1.2]
         [Termination Attempts: Min: 1, Avg: 1.5, Max: 2, Diff: 1, Sum: 6]
      [GC Worker Other (ms): Min: 0.0, Avg: 0.0, Max: 0.0, Diff: 0.0, Sum: 0.1]
      [GC Worker Total (ms): Min: 16.6, Avg: 16.6, Max: 16.6, Diff: 0.0, Sum: 66.3]
      [GC Worker End (ms): Min: 220490399.7, Avg: 220490399.7, Max: 220490399.7, Diff: 0.0]
   [Code Root Fixup: 0.1 ms]
   [Code Root Purge: 0.0 ms]
   [Clear CT: 0.1 ms]
   [Other: 7.0 ms]
      [Choose CSet: 0.0 ms]
      [Ref Proc: 4.4 ms]
      [Ref Enq: 0.0 ms]
      [Redirty Cards: 0.1 ms]
      [Humongous Register: 0.0 ms]
      [Humongous Reclaim: 0.0 ms]
      [Free CSet: 0.1 ms]
   [Eden: 47.0M(47.0M)->0.0B(46.0M) Survivors: 4096.0K->5120.0K Heap: 191.0M(1024.0M)->144.8M(1024.0M)]
 [Times: user=0.01 sys=0.01, real=0.02 secs] 
2018-04-25T23:43:56.738-0800: 220885.369: [GC pause (G1 Evacuation Pause) (young), 0.0254634 secs]
   [Parallel Time: 22.6 ms, GC Workers: 4]
      [GC Worker Start (ms): Min: 220885369.3, Avg: 220885369.6, Max: 220885370.4, Diff: 1.1]
      [Ext Root Scanning (ms): Min: 1.1, Avg: 3.2, Max: 4.1, Diff: 2.9, Sum: 12.8]
      [Update RS (ms): Min: 1.9, Avg: 3.0, Max: 5.9, Diff: 4.0, Sum: 11.9]
         [Processed Buffers: Min: 2, Avg: 9.5, Max: 16, Diff: 14, Sum: 38]
      [Scan RS (ms): Min: 0.0, Avg: 0.0, Max: 0.1, Diff: 0.1, Sum: 0.1]
      [Code Root Scanning (ms): Min: 0.0, Avg: 0.0, Max: 0.0, Diff: 0.0, Sum: 0.0]
      [Object Copy (ms): Min: 12.7, Avg: 15.2, Max: 16.3, Diff: 3.5, Sum: 60.9]
      [Termination (ms): Min: 0.0, Avg: 0.4, Max: 0.5, Diff: 0.5, Sum: 1.5]
         [Termination Attempts: Min: 1, Avg: 1.0, Max: 1, Diff: 0, Sum: 4]
      [GC Worker Other (ms): Min: 0.0, Avg: 0.4, Max: 1.6, Diff: 1.5, Sum: 1.7]
      [GC Worker Total (ms): Min: 21.3, Avg: 22.2, Max: 22.5, Diff: 1.2, Sum: 88.9]
      [GC Worker End (ms): Min: 220885391.7, Avg: 220885391.8, Max: 220885391.9, Diff: 0.1]
   [Code Root Fixup: 0.4 ms]
   [Code Root Purge: 0.0 ms]
   [Clear CT: 0.3 ms]
   [Other: 2.1 ms]
      [Choose CSet: 0.0 ms]
      [Ref Proc: 1.2 ms]
      [Ref Enq: 0.0 ms]
      [Redirty Cards: 0.2 ms]
      [Humongous Register: 0.0 ms]
      [Humongous Reclaim: 0.1 ms]
      [Free CSet: 0.2 ms]
   [Eden: 46.0M(46.0M)->0.0B(47.0M) Survivors: 5120.0K->4096.0K Heap: 190.8M(1024.0M)->143.3M(1024.0M)]
 [Times: user=0.05 sys=0.01, real=0.03 secs] 
2018-04-25T23:50:41.748-0800: 221290.367: [GC pause (G1 Evacuation Pause) (young), 0.0188601 secs]
   [Parallel Time: 16.7 ms, GC Workers: 4]
      [GC Worker Start (ms): Min: 221290367.4, Avg: 221290368.8, Max: 221290373.2, Diff: 5.9]
      [Ext Root Scanning (ms): Min: 0.0, Avg: 1.5, Max: 2.1, Diff: 2.1, Sum: 6.0]
      [Update RS (ms): Min: 0.0, Avg: 0.7, Max: 1.2, Diff: 1.2, Sum: 2.9]
         [Processed Buffers: Min: 0, Avg: 9.2, Max: 27, Diff: 27, Sum: 37]
      [Scan RS (ms): Min: 0.0, Avg: 0.0, Max: 0.1, Diff: 0.1, Sum: 0.1]
      [Code Root Scanning (ms): Min: 0.0, Avg: 0.0, Max: 0.0, Diff: 0.0, Sum: 0.0]
      [Object Copy (ms): Min: 10.5, Avg: 12.4, Max: 13.2, Diff: 2.7, Sum: 49.5]
      [Termination (ms): Min: 0.0, Avg: 0.4, Max: 0.5, Diff: 0.5, Sum: 1.5]
         [Termination Attempts: Min: 1, Avg: 1.0, Max: 1, Diff: 0, Sum: 4]
      [GC Worker Other (ms): Min: 0.0, Avg: 0.0, Max: 0.0, Diff: 0.0, Sum: 0.1]
      [GC Worker Total (ms): Min: 10.6, Avg: 15.0, Max: 16.6, Diff: 6.0, Sum: 60.2]
      [GC Worker End (ms): Min: 221290383.8, Avg: 221290383.9, Max: 221290384.0, Diff: 0.2]
   [Code Root Fixup: 0.3 ms]
   [Code Root Purge: 0.0 ms]
   [Clear CT: 0.3 ms]
   [Other: 1.6 ms]
      [Choose CSet: 0.0 ms]
      [Ref Proc: 0.8 ms]
      [Ref Enq: 0.0 ms]
      [Redirty Cards: 0.2 ms]
      [Humongous Register: 0.1 ms]
      [Humongous Reclaim: 0.0 ms]
      [Free CSet: 0.1 ms]
   [Eden: 47.0M(47.0M)->0.0B(47.0M) Survivors: 4096.0K->4096.0K Heap: 190.3M(1024.0M)->144.0M(1024.0M)]
 [Times: user=0.04 sys=0.00, real=0.02 secs] 
2018-04-25T23:57:25.400-0800: 221694.007: [GC pause (G1 Evacuation Pause) (young), 0.0218339 secs]
   [Parallel Time: 19.1 ms, GC Workers: 4]
      [GC Worker Start (ms): Min: 221694007.4, Avg: 221694008.0, Max: 221694009.5, Diff: 2.1]
      [Ext Root Scanning (ms): Min: 1.1, Avg: 5.9, Max: 10.2, Diff: 9.1, Sum: 23.7]
      [Update RS (ms): Min: 0.0, Avg: 0.8, Max: 1.7, Diff: 1.7, Sum: 3.1]
         [Processed Buffers: Min: 0, Avg: 9.2, Max: 30, Diff: 30, Sum: 37]
      [Scan RS (ms): Min: 0.0, Avg: 0.0, Max: 0.1, Diff: 0.1, Sum: 0.1]
      [Code Root Scanning (ms): Min: 0.0, Avg: 0.0, Max: 0.0, Diff: 0.0, Sum: 0.0]
      [Object Copy (ms): Min: 8.1, Avg: 10.8, Max: 12.6, Diff: 4.5, Sum: 43.3]
      [Termination (ms): Min: 0.0, Avg: 0.3, Max: 0.6, Diff: 0.6, Sum: 1.1]
         [Termination Attempts: Min: 1, Avg: 1.0, Max: 1, Diff: 0, Sum: 4]
      [GC Worker Other (ms): Min: 0.0, Avg: 0.3, Max: 1.2, Diff: 1.2, Sum: 1.3]
      [GC Worker Total (ms): Min: 16.7, Avg: 18.2, Max: 18.9, Diff: 2.2, Sum: 72.7]
      [GC Worker End (ms): Min: 221694026.1, Avg: 221694026.2, Max: 221694026.3, Diff: 0.2]
   [Code Root Fixup: 0.3 ms]
   [Code Root Purge: 0.0 ms]
   [Clear CT: 0.2 ms]
   [Other: 2.2 ms]
      [Choose CSet: 0.0 ms]
      [Ref Proc: 1.2 ms]
      [Ref Enq: 0.0 ms]
      [Redirty Cards: 0.2 ms]
      [Humongous Register: 0.1 ms]
      [Humongous Reclaim: 0.1 ms]
      [Free CSet: 0.2 ms]
   [Eden: 47.0M(47.0M)->0.0B(49.0M) Survivors: 4096.0K->2048.0K Heap: 191.0M(1024.0M)->142.2M(1024.0M)]
 [Times: user=0.04 sys=0.00, real=0.02 secs] 
2018-04-26T00:04:26.779-0800: 222115.373: [GC pause (G1 Evacuation Pause) (young), 0.0287229 secs]
   [Parallel Time: 25.3 ms, GC Workers: 4]
      [GC Worker Start (ms): Min: 222115373.2, Avg: 222115373.6, Max: 222115374.3, Diff: 1.1]
      [Ext Root Scanning (ms): Min: 4.7, Avg: 6.1, Max: 8.5, Diff: 3.8, Sum: 24.5]
      [Update RS (ms): Min: 0.0, Avg: 0.6, Max: 1.1, Diff: 1.1, Sum: 2.4]
         [Processed Buffers: Min: 0, Avg: 9.2, Max: 24, Diff: 24, Sum: 37]
      [Scan RS (ms): Min: 0.0, Avg: 0.0, Max: 0.1, Diff: 0.1, Sum: 0.1]
      [Code Root Scanning (ms): Min: 0.0, Avg: 0.0, Max: 0.0, Diff: 0.0, Sum: 0.0]
      [Object Copy (ms): Min: 16.1, Avg: 17.6, Max: 18.7, Diff: 2.6, Sum: 70.5]
      [Termination (ms): Min: 0.0, Avg: 0.4, Max: 0.6, Diff: 0.6, Sum: 1.6]
         [Termination Attempts: Min: 1, Avg: 2.0, Max: 3, Diff: 2, Sum: 8]
      [GC Worker Other (ms): Min: 0.0, Avg: 0.0, Max: 0.0, Diff: 0.0, Sum: 0.1]
      [GC Worker Total (ms): Min: 24.1, Avg: 24.8, Max: 25.2, Diff: 1.1, Sum: 99.3]
      [GC Worker End (ms): Min: 222115398.3, Avg: 222115398.4, Max: 222115398.4, Diff: 0.1]
   [Code Root Fixup: 0.4 ms]
   [Code Root Purge: 0.0 ms]
   [Clear CT: 0.3 ms]
   [Other: 2.6 ms]
      [Choose CSet: 0.0 ms]
      [Ref Proc: 1.4 ms]
      [Ref Enq: 0.0 ms]
      [Redirty Cards: 0.3 ms]
      [Humongous Register: 0.1 ms]
      [Humongous Reclaim: 0.1 ms]
      [Free CSet: 0.2 ms]
   [Eden: 49.0M(49.0M)->0.0B(47.0M) Survivors: 2048.0K->4096.0K Heap: 191.2M(1024.0M)->143.5M(1024.0M)]
 [Times: user=0.06 sys=0.00, real=0.03 secs] 
2018-04-26T00:11:10.402-0800: 222518.984: [GC pause (G1 Evacuation Pause) (young), 0.0311769 secs]
   [Parallel Time: 26.9 ms, GC Workers: 4]
      [GC Worker Start (ms): Min: 222518984.4, Avg: 222518985.4, Max: 222518988.1, Diff: 3.6]
      [Ext Root Scanning (ms): Min: 0.0, Avg: 4.5, Max: 11.4, Diff: 11.4, Sum: 18.0]
      [Update RS (ms): Min: 0.0, Avg: 2.3, Max: 7.0, Diff: 7.0, Sum: 9.2]
         [Processed Buffers: Min: 0, Avg: 9.5, Max: 25, Diff: 25, Sum: 38]
      [Scan RS (ms): Min: 0.0, Avg: 0.0, Max: 0.1, Diff: 0.1, Sum: 0.1]
      [Code Root Scanning (ms): Min: 0.0, Avg: 0.0, Max: 0.0, Diff: 0.0, Sum: 0.0]
      [Object Copy (ms): Min: 14.3, Avg: 18.1, Max: 21.4, Diff: 7.0, Sum: 72.5]
      [Termination (ms): Min: 0.0, Avg: 0.6, Max: 0.9, Diff: 0.9, Sum: 2.3]
         [Termination Attempts: Min: 1, Avg: 1.0, Max: 1, Diff: 0, Sum: 4]
      [GC Worker Other (ms): Min: 0.0, Avg: 0.0, Max: 0.0, Diff: 0.0, Sum: 0.1]
      [GC Worker Total (ms): Min: 23.1, Avg: 25.6, Max: 26.5, Diff: 3.4, Sum: 102.3]
      [GC Worker End (ms): Min: 222519010.7, Avg: 222519011.0, Max: 222519011.2, Diff: 0.5]
   [Code Root Fixup: 0.7 ms]
   [Code Root Purge: 0.0 ms]
   [Clear CT: 0.3 ms]
   [Other: 3.2 ms]
      [Choose CSet: 0.0 ms]
      [Ref Proc: 2.1 ms]
      [Ref Enq: 0.0 ms]
      [Redirty Cards: 0.3 ms]
      [Humongous Register: 0.1 ms]
      [Humongous Reclaim: 0.1 ms]
      [Free CSet: 0.2 ms]
   [Eden: 47.0M(47.0M)->0.0B(47.0M) Survivors: 4096.0K->4096.0K Heap: 190.5M(1024.0M)->143.7M(1024.0M)]
 [Times: user=0.05 sys=0.00, real=0.03 secs] 
2018-04-26T01:22:23.653-0800: 222965.373: [GC pause (G1 Evacuation Pause) (young), 0.0149250 secs]
   [Parallel Time: 13.8 ms, GC Workers: 4]
      [GC Worker Start (ms): Min: 222965373.3, Avg: 222965373.6, Max: 222965374.3, Diff: 1.0]
      [Ext Root Scanning (ms): Min: 0.0, Avg: 0.7, Max: 0.9, Diff: 0.9, Sum: 2.6]
      [Update RS (ms): Min: 6.2, Avg: 8.1, Max: 12.6, Diff: 6.4, Sum: 32.3]
         [Processed Buffers: Min: 2, Avg: 11.0, Max: 26, Diff: 24, Sum: 44]
      [Scan RS (ms): Min: 0.0, Avg: 0.0, Max: 0.0, Diff: 0.0, Sum: 0.1]
      [Code Root Scanning (ms): Min: 0.0, Avg: 0.0, Max: 0.0, Diff: 0.0, Sum: 0.0]
      [Object Copy (ms): Min: 0.1, Avg: 4.4, Max: 6.2, Diff: 6.1, Sum: 17.7]
      [Termination (ms): Min: 0.0, Avg: 0.2, Max: 0.4, Diff: 0.4, Sum: 0.8]
         [Termination Attempts: Min: 1, Avg: 1.0, Max: 1, Diff: 0, Sum: 4]
      [GC Worker Other (ms): Min: 0.0, Avg: 0.0, Max: 0.0, Diff: 0.0, Sum: 0.1]
      [GC Worker Total (ms): Min: 12.7, Avg: 13.4, Max: 13.7, Diff: 1.0, Sum: 53.6]
      [GC Worker End (ms): Min: 222965387.0, Avg: 222965387.0, Max: 222965387.0, Diff: 0.0]
   [Code Root Fixup: 0.2 ms]
   [Code Root Purge: 0.0 ms]
   [Clear CT: 0.1 ms]
   [Other: 0.9 ms]
      [Choose CSet: 0.0 ms]
      [Ref Proc: 0.4 ms]
      [Ref Enq: 0.0 ms]
      [Redirty Cards: 0.1 ms]
      [Humongous Register: 0.0 ms]
      [Humongous Reclaim: 0.0 ms]
      [Free CSet: 0.1 ms]
   [Eden: 47.0M(47.0M)->0.0B(48.0M) Survivors: 4096.0K->3072.0K Heap: 190.7M(1024.0M)->142.8M(1024.0M)]
 [Times: user=0.02 sys=0.00, real=0.01 secs] 
2018-04-26T01:31:14.252-0800: 223495.957: [GC pause (G1 Evacuation Pause) (young), 0.0061229 secs]
   [Parallel Time: 5.2 ms, GC Workers: 4]
      [GC Worker Start (ms): Min: 223495957.0, Avg: 223495957.1, Max: 223495957.4, Diff: 0.4]
      [Ext Root Scanning (ms): Min: 0.4, Avg: 1.1, Max: 2.5, Diff: 2.1, Sum: 4.4]
      [Update RS (ms): Min: 0.0, Avg: 0.4, Max: 0.6, Diff: 0.6, Sum: 1.5]
         [Processed Buffers: Min: 0, Avg: 9.2, Max: 22, Diff: 22, Sum: 37]
      [Scan RS (ms): Min: 0.0, Avg: 0.0, Max: 0.0, Diff: 0.0, Sum: 0.0]
      [Code Root Scanning (ms): Min: 0.0, Avg: 0.0, Max: 0.0, Diff: 0.0, Sum: 0.0]
      [Object Copy (ms): Min: 2.7, Avg: 3.4, Max: 3.8, Diff: 1.1, Sum: 13.8]
      [Termination (ms): Min: 0.0, Avg: 0.1, Max: 0.2, Diff: 0.2, Sum: 0.4]
         [Termination Attempts: Min: 1, Avg: 1.0, Max: 1, Diff: 0, Sum: 4]
      [GC Worker Other (ms): Min: 0.0, Avg: 0.0, Max: 0.0, Diff: 0.0, Sum: 0.0]
      [GC Worker Total (ms): Min: 4.8, Avg: 5.1, Max: 5.2, Diff: 0.4, Sum: 20.3]
      [GC Worker End (ms): Min: 223495962.2, Avg: 223495962.2, Max: 223495962.2, Diff: 0.0]
   [Code Root Fixup: 0.1 ms]
   [Code Root Purge: 0.0 ms]
   [Clear CT: 0.1 ms]
   [Other: 0.7 ms]
      [Choose CSet: 0.0 ms]
      [Ref Proc: 0.3 ms]
      [Ref Enq: 0.0 ms]
      [Redirty Cards: 0.1 ms]
      [Humongous Register: 0.0 ms]
      [Humongous Reclaim: 0.0 ms]
      [Free CSet: 0.1 ms]
   [Eden: 48.0M(48.0M)->0.0B(62.0M) Survivors: 3072.0K->3072.0K Heap: 190.8M(1024.0M)->142.8M(1024.0M)]
 [Times: user=0.02 sys=0.00, real=0.00 secs] 
2018-04-26T03:14:02.541-0800: 224210.019: [GC pause (G1 Evacuation Pause) (young), 0.0081890 secs]
   [Parallel Time: 7.4 ms, GC Workers: 4]
      [GC Worker Start (ms): Min: 224210018.8, Avg: 224210018.8, Max: 224210018.8, Diff: 0.0]
      [Ext Root Scanning (ms): Min: 0.5, Avg: 0.5, Max: 0.7, Diff: 0.2, Sum: 2.1]
      [Update RS (ms): Min: 0.0, Avg: 0.4, Max: 0.5, Diff: 0.5, Sum: 1.5]
         [Processed Buffers: Min: 0, Avg: 9.8, Max: 28, Diff: 28, Sum: 39]
      [Scan RS (ms): Min: 0.0, Avg: 0.0, Max: 0.0, Diff: 0.0, Sum: 0.0]
      [Code Root Scanning (ms): Min: 0.0, Avg: 0.0, Max: 0.0, Diff: 0.0, Sum: 0.0]
      [Object Copy (ms): Min: 6.2, Avg: 6.3, Max: 6.8, Diff: 0.6, Sum: 25.3]
      [Termination (ms): Min: 0.0, Avg: 0.0, Max: 0.1, Diff: 0.1, Sum: 0.2]
         [Termination Attempts: Min: 1, Avg: 1.0, Max: 1, Diff: 0, Sum: 4]
      [GC Worker Other (ms): Min: 0.0, Avg: 0.0, Max: 0.0, Diff: 0.0, Sum: 0.0]
      [GC Worker Total (ms): Min: 7.3, Avg: 7.3, Max: 7.3, Diff: 0.0, Sum: 29.2]
      [GC Worker End (ms): Min: 224210026.1, Avg: 224210026.1, Max: 224210026.1, Diff: 0.0]
   [Code Root Fixup: 0.1 ms]
   [Code Root Purge: 0.0 ms]
   [Clear CT: 0.2 ms]
   [Other: 0.6 ms]
      [Choose CSet: 0.0 ms]
      [Ref Proc: 0.2 ms]
      [Ref Enq: 0.0 ms]
      [Redirty Cards: 0.1 ms]
      [Humongous Register: 0.0 ms]
      [Humongous Reclaim: 0.0 ms]
      [Free CSet: 0.1 ms]
   [Eden: 62.0M(62.0M)->0.0B(125.0M) Survivors: 3072.0K->4096.0K Heap: 204.8M(1024.0M)->143.6M(1024.0M)]
 [Times: user=0.01 sys=0.01, real=0.01 secs] 
2018-04-26T03:38:10.428-0800: 225657.862: [GC pause (G1 Evacuation Pause) (young), 0.0240850 secs]
   [Parallel Time: 20.7 ms, GC Workers: 4]
      [GC Worker Start (ms): Min: 225657862.8, Avg: 225657863.7, Max: 225657866.2, Diff: 3.4]
      [Ext Root Scanning (ms): Min: 0.0, Avg: 1.3, Max: 1.8, Diff: 1.8, Sum: 5.2]
      [Update RS (ms): Min: 0.0, Avg: 1.4, Max: 2.7, Diff: 2.7, Sum: 5.6]
         [Processed Buffers: Min: 1, Avg: 9.2, Max: 16, Diff: 15, Sum: 37]
      [Scan RS (ms): Min: 0.0, Avg: 0.1, Max: 0.1, Diff: 0.1, Sum: 0.3]
      [Code Root Scanning (ms): Min: 0.0, Avg: 0.0, Max: 0.1, Diff: 0.1, Sum: 0.2]
      [Object Copy (ms): Min: 15.4, Avg: 16.4, Max: 16.7, Diff: 1.3, Sum: 65.4]
      [Termination (ms): Min: 0.0, Avg: 0.4, Max: 0.5, Diff: 0.5, Sum: 1.5]
         [Termination Attempts: Min: 1, Avg: 1.0, Max: 1, Diff: 0, Sum: 4]
      [GC Worker Other (ms): Min: 0.0, Avg: 0.1, Max: 0.1, Diff: 0.1, Sum: 0.2]
      [GC Worker Total (ms): Min: 17.0, Avg: 19.6, Max: 20.5, Diff: 3.5, Sum: 78.4]
      [GC Worker End (ms): Min: 225657883.2, Avg: 225657883.3, Max: 225657883.4, Diff: 0.2]
   [Code Root Fixup: 0.3 ms]
   [Code Root Purge: 0.0 ms]
   [Clear CT: 0.3 ms]
   [Other: 2.8 ms]
      [Choose CSet: 0.0 ms]
      [Ref Proc: 1.7 ms]
      [Ref Enq: 0.0 ms]
      [Redirty Cards: 0.2 ms]
      [Humongous Register: 0.1 ms]
      [Humongous Reclaim: 0.0 ms]
      [Free CSet: 0.3 ms]
   [Eden: 125.0M(125.0M)->0.0B(82.0M) Survivors: 4096.0K->4096.0K Heap: 268.6M(1024.0M)->143.4M(1024.0M)]
 [Times: user=0.06 sys=0.01, real=0.03 secs] 
2018-04-26T05:55:27.931-0800: 226374.078: [GC pause (G1 Evacuation Pause) (young), 0.0090510 secs]
   [Parallel Time: 8.3 ms, GC Workers: 4]
      [GC Worker Start (ms): Min: 226374078.2, Avg: 226374078.2, Max: 226374078.3, Diff: 0.0]
      [Ext Root Scanning (ms): Min: 1.9, Avg: 2.1, Max: 2.4, Diff: 0.6, Sum: 8.4]
      [Update RS (ms): Min: 0.2, Avg: 2.4, Max: 6.0, Diff: 5.9, Sum: 9.5]
         [Processed Buffers: Min: 3, Avg: 11.2, Max: 18, Diff: 15, Sum: 45]
      [Scan RS (ms): Min: 0.0, Avg: 0.0, Max: 0.0, Diff: 0.0, Sum: 0.0]
      [Code Root Scanning (ms): Min: 0.0, Avg: 0.0, Max: 0.1, Diff: 0.1, Sum: 0.1]
      [Object Copy (ms): Min: 0.0, Avg: 3.2, Max: 4.9, Diff: 4.8, Sum: 12.9]
      [Termination (ms): Min: 0.0, Avg: 0.5, Max: 0.7, Diff: 0.7, Sum: 2.1]
         [Termination Attempts: Min: 1, Avg: 7.2, Max: 11, Diff: 10, Sum: 29]
      [GC Worker Other (ms): Min: 0.0, Avg: 0.0, Max: 0.0, Diff: 0.0, Sum: 0.1]
      [GC Worker Total (ms): Min: 8.2, Avg: 8.3, Max: 8.3, Diff: 0.0, Sum: 33.0]
      [GC Worker End (ms): Min: 226374086.5, Avg: 226374086.5, Max: 226374086.5, Diff: 0.0]
   [Code Root Fixup: 0.1 ms]
   [Code Root Purge: 0.0 ms]
   [Clear CT: 0.1 ms]
   [Other: 0.5 ms]
      [Choose CSet: 0.0 ms]
      [Ref Proc: 0.2 ms]
      [Ref Enq: 0.0 ms]
      [Redirty Cards: 0.1 ms]
      [Humongous Register: 0.0 ms]
      [Humongous Reclaim: 0.0 ms]
      [Free CSet: 0.1 ms]
   [Eden: 82.0M(82.0M)->2018-04-26T06:10:43.109-0800: 227288.385: [GC pause (G1 Evacuation Pause) (young), 0.0596390 secs]
   [Parallel Time: 50.7 ms, 2018-04-26T06:20:20.890-0800: 227866.993: [GC pause (G1 Evacuation Pause) (young), 0.0253927 secs]
   [Parallel Time: 22.2 ms, GC Workers: 4]
      [GC Worker Start (ms): Min: 227866993.2, Avg: 227866993.4, Max: 227866993.7, Diff: 0.6]
      [Ext Root Scanning (ms): Min: 0.6, Avg: 3.5, Max: 10.2, Diff: 9.7, Sum: 14.0]
      [Update RS (ms): Min: 0.0, Avg: 1.2, Max: 1.9, Diff: 1.9, Sum: 4.8]
         [Processed Buffers: Min: 0, Avg: 9.0, Max: 31, Diff: 31, Sum: 36]
      [Scan RS (ms): Min: 0.0, Avg: 0.1, Max: 0.2, Diff: 0.1, Sum: 0.3]
      [Code Root Scanning (ms): Min: 0.0, Avg: 0.1, Max: 0.2, Diff: 0.2, Sum: 0.2]
      [Object Copy (ms): Min: 11.3, Avg: 15.8, Max: 17.7, Diff: 6.5, Sum: 63.2]
      [Termination (ms): Min: 0.0, Avg: 0.3, Max: 0.5, Diff: 0.5, Sum: 1.3]
         [Termination Attempts: Min: 1, Avg: 1.0, Max: 1, Diff: 0, Sum: 4]
      [GC Worker Other (ms): Min: 0.0, Avg: 1.0, Max: 2.2, Diff: 2.1, Sum: 3.8]
      [GC Worker Total (ms): Min: 21.5, Avg: 21.9, Max: 22.1, Diff: 0.6, Sum: 87.5]
      [GC Worker End (ms): Min: 227867015.2, Avg: 227867015.3, Max: 227867015.3, Diff: 0.1]
   [Code Root Fixup: 0.4 ms]
   [Code Root Purge: 0.0 ms]
   [Clear CT: 0.2 ms]
   [Other: 2.5 ms]
      [Choose CSet: 0.0 ms]
      [Ref Proc: 1.4 ms]
      [Ref Enq: 0.0 ms]
      [Redirty Cards: 0.2 ms]
      [Humongous Register: 0.1 ms]
      [Humongous Reclaim: 0.0 ms]
      [Free CSet: 0.3 ms]
   [Eden: 143.0M(143.0M)->0.0B(127.0M) Survivors: 5120.0K->6144.0K Heap: 287.7M(1024.0M)->145.6M(1024.0M)]
 [Times: user=0.06 sys=0.01, real=0.02 secs] 
2018-04-26T06:54:26.810-0800: 228979.732: [GC pause (G1 Evacuation Pause) (young), 0.0130322 secs]
   [Parallel Time: 8.5 ms, GC Workers: 4]
      [GC Worker Start (ms): Min: 228979735.4, Avg: 228979735.5, Max: 228979735.5, Diff: 0.1]
      [Ext Root Scanning (ms): Min: 2.0, Avg: 3.2, Max: 6.4, Diff: 4.4, Sum: 12.9]
      [Update RS (ms): Min: 0.0, Avg: 1.5, Max: 2.2, Diff: 2.2, Sum: 5.8]
         [Processed Buffers: Min: 0, Avg: 10.8, Max: 37, Diff: 37, Sum: 43]
      [Scan RS (ms): Min: 0.0, Avg: 0.0, Max: 0.1, Diff: 0.1, Sum: 0.1]
      [Code Root Scanning (ms): Min: 0.0, Avg: 0.0, Max: 0.1, Diff: 0.1, Sum: 0.1]
      [Object Copy (ms): Min: 1.9, Avg: 3.3, Max: 3.8, Diff: 1.9, Sum: 13.2]
      [Termination (ms): Min: 0.0, Avg: 0.0, Max: 0.0, Diff: 0.0, Sum: 0.0]
         [Termination Attempts: Min: 1, Avg: 1.0, Max: 1, Diff: 0, Sum: 4]
      [GC Worker Other (ms): Min: 0.0, Avg: 0.3, Max: 1.0, Diff: 0.9, Sum: 1.1]
      [GC Worker Total (ms): Min: 8.3, Avg: 8.3, Max: 8.4, Diff: 0.2, Sum: 33.3]
      [GC Worker End (ms): Min: 228979743.8, Avg: 228979743.8, Max: 228979743.8, Diff: 0.0]
   [Code Root Fixup: 0.1 ms]
   [Code Root Purge: 0.0 ms]
   [Clear CT: 0.1 ms]
   [Other: 4.3 ms]
      [Choose CSet: 0.0 ms]
      [Ref Proc: 0.3 ms]
      [Ref Enq: 0.0 ms]
      [Redirty Cards: 0.1 ms]
      [Humongous Register: 1.6 ms]
      [Humongous Reclaim: 0.0 ms]
      [Free CSet: 0.4 ms]
   [Eden: 127.0M(127.0M)->0.0B(217.0M) Survivors: 6144.0K->3072.0K Heap: 272.6M(1024.0M)->143.2M(1024.0M)]
 [Times: user=0.02 sys=0.02, real=0.01 secs] 
2018-04-26T07:32:12.318-0800: 231245.149: [GC pause (G1 Evacuation Pause) (young), 0.0292842 secs]
   [Parallel Time: 25.2 ms, GC Workers: 4]
      [GC Worker Start (ms): Min: 231245150.8, Avg: 231245150.9, Max: 231245151.2, Diff: 0.5]
      [Ext Root Scanning (ms): Min: 3.8, Avg: 5.8, Max: 10.4, Diff: 6.6, Sum: 23.0]
      [Update RS (ms): Min: 0.0, Avg: 1.0, Max: 1.4, Diff: 1.4, Sum: 3.9]
         [Processed Buffers: Min: 0, Avg: 9.2, Max: 22, Diff: 22, Sum: 37]
      [Scan RS (ms): Min: 0.0, Avg: 0.2, Max: 0.4, Diff: 0.4, Sum: 0.7]
      [Code Root Scanning (ms): Min: 0.0, Avg: 0.1, Max: 0.4, Diff: 0.4, Sum: 0.4]
      [Object Copy (ms): Min: 14.0, Avg: 17.3, Max: 18.9, Diff: 4.9, Sum: 69.3]
      [Termination (ms): Min: 0.0, Avg: 0.5, Max: 0.7, Diff: 0.7, Sum: 2.0]
         [Termination Attempts: Min: 1, Avg: 1.0, Max: 1, Diff: 0, Sum: 4]
      [GC Worker Other (ms): Min: 0.0, Avg: 0.1, Max: 0.1, Diff: 0.1, Sum: 0.3]
      [GC Worker Total (ms): Min: 24.6, Avg: 24.9, Max: 25.1, Diff: 0.4, Sum: 99.7]
      [GC Worker End (ms): Min: 231245175.8, Avg: 231245175.8, Max: 231245175.9, Diff: 0.1]
   [Code Root Fixup: 0.1 ms]
   [Code Root Purge: 0.0 ms]
   [Clear CT: 0.3 ms]
   [Other: 3.7 ms]
      [Choose CSet: 0.0 ms]
      [Ref Proc: 1.6 ms]
      [Ref Enq: 0.0 ms]
      [Redirty Cards: 0.1 ms]
      [Humongous Register: 0.3 ms]
      [Humongous Reclaim: 0.0 ms]
      [Free CSet: 0.3 ms]
   [Eden: 217.0M(217.0M)->0.0B(56.0M) Survivors: 3072.0K->3072.0K Heap: 360.2M(1024.0M)->143.1M(1024.0M)]
 [Times: user=0.03 sys=0.03, real=0.03 secs] 
2018-04-26T07:42:00.503-0800: 231833.307: [GC pause (G1 Evacuation Pause) (young), 0.0172636 secs]
   [Parallel Time: 15.6 ms, GC Workers: 4]
      [GC Worker Start (ms): Min: 231833307.0, Avg: 231833307.0, Max: 231833307.0, Diff: 0.1]
      [Ext Root Scanning (ms): Min: 8.2, Avg: 8.3, Max: 8.4, Diff: 0.2, Sum: 33.2]
      [Update RS (ms): Min: 0.0, Avg: 0.3, Max: 0.5, Diff: 0.5, Sum: 1.1]
         [Processed Buffers: Min: 0, Avg: 9.5, Max: 29, Diff: 29, Sum: 38]
      [Scan RS (ms): Min: 0.0, Avg: 0.0, Max: 0.0, Diff: 0.0, Sum: 0.0]
      [Code Root Scanning (ms): Min: 0.0, Avg: 0.0, Max: 0.1, Diff: 0.1, Sum: 0.1]
      [Object Copy (ms): Min: 5.7, Avg: 6.2, Max: 6.5, Diff: 0.8, Sum: 24.8]
      [Termination (ms): Min: 0.0, Avg: 0.7, Max: 1.0, Diff: 1.0, Sum: 2.8]
         [Termination Attempts: Min: 1, Avg: 1.2, Max: 2, Diff: 1, Sum: 5]
      [GC Worker Other (ms): Min: 0.0, Avg: 0.0, Max: 0.0, Diff: 0.0, Sum: 0.1]
      [GC Worker Total (ms): Min: 15.5, Avg: 15.5, Max: 15.5, Diff: 0.1, Sum: 62.1]
      [GC Worker End (ms): Min: 231833322.5, Avg: 231833322.5, Max: 231833322.5, Diff: 0.0]
   [Code Root Fixup: 0.1 ms]
   [Code Root Purge: 0.0 ms]
   [Clear CT: 0.1 ms]
   [Other: 1.5 ms]
      [Choose CSet: 0.0 ms]
      [Ref Proc: 0.3 ms]
      [Ref Enq: 0.0 ms]
      [Redirty Cards: 0.1 ms]
      [Humongous Register: 0.0 ms]
      [Humongous Reclaim: 0.0 ms]
      [Free CSet: 0.1 ms]
   [Eden: 56.0M(56.0M)->0.0B(92.0M) Survivors: 3072.0K->4096.0K Heap: 199.1M(1024.0M)->144.0M(1024.0M)]
 [Times: user=0.01 sys=0.01, real=0.02 secs] 
2018-04-26T07:58:09.039-0800: 232801.804: [GC pause (G1 Evacuation Pause) (young), 0.0095861 secs]
   [Parallel Time: 8.7 ms, GC Workers: 4]
      [GC Worker Start (ms): Min: 232801804.6, Avg: 232801804.6, Max: 232801804.7, Diff: 0.0]
      [Ext Root Scanning (ms): Min: 0.7, Avg: 0.8, Max: 1.1, Diff: 0.4, Sum: 3.3]
      [Update RS (ms): Min: 0.3, Avg: 0.5, Max: 0.7, Diff: 0.4, Sum: 2.0]
         [Processed Buffers: Min: 1, Avg: 9.2, Max: 19, Diff: 18, Sum: 37]
      [Scan RS (ms): Min: 0.0, Avg: 0.0, Max: 0.0, Diff: 0.0, Sum: 0.1]
      [Code Root Scanning (ms): Min: 0.0, Avg: 0.0, Max: 0.1, Diff: 0.1, Sum: 0.1]
      [Object Copy (ms): Min: 6.5, Avg: 6.7, Max: 7.3, Diff: 0.8, Sum: 26.9]
      [Termination (ms): Min: 0.0, Avg: 0.6, Max: 0.8, Diff: 0.8, Sum: 2.2]
         [Termination Attempts: Min: 1, Avg: 1.0, Max: 1, Diff: 0, Sum: 4]
      [GC Worker Other (ms): Min: 0.0, Avg: 0.0, Max: 0.0, Diff: 0.0, Sum: 0.0]
      [GC Worker Total (ms): Min: 8.7, Avg: 8.7, Max: 8.7, Diff: 0.0, Sum: 34.7]
      [GC Worker End (ms): Min: 232801813.3, Avg: 232801813.3, Max: 232801813.3, Diff: 0.0]
   [Code Root Fixup: 0.1 ms]
   [Code Root Purge: 0.0 ms]
   [Clear CT: 0.1 ms]
   [Other: 0.7 ms]
      [Choose CSet: 0.0 ms]
      [Ref Proc: 0.3 ms]
      [Ref Enq: 0.0 ms]
      [Redirty Cards: 0.1 ms]
      [Humongous Register: 0.0 ms]
      [Humongous Reclaim: 0.0 ms]
      [Free CSet: 0.1 ms]
   [Eden: 92.0M(92.0M)->0.0B(351.0M) Survivors: 4096.0K->4096.0K Heap: 236.0M(1024.0M)->143.7M(1024.0M)]
 [Times: user=0.02 sys=0.01, real=0.01 secs] 
2018-04-26T08:59:50.631-0800: 236503.281: [GC pause (G1 Evacuation Pause) (young), 0.1431149 secs]
   [Parallel Time: 127.2 ms, GC Workers: 4]
      [GC Worker Start (ms): Min: 236503289.0, Avg: 236503289.1, Max: 236503289.1, Diff: 0.1]
      [Ext Root Scanning (ms): Min: 4.6, Avg: 9.0, Max: 21.0, Diff: 16.4, Sum: 36.2]
      [Update RS (ms): Min: 0.0, Avg: 5.8, Max: 8.3, Diff: 8.3, Sum: 23.3]
         [Processed Buffers: Min: 0, Avg: 9.2, Max: 19, Diff: 19, Sum: 37]
      [Scan RS (ms): Min: 0.0, Avg: 0.1, Max: 0.2, Diff: 0.1, Sum: 0.3]
      [Code Root Scanning (ms): Min: 0.0, Avg: 0.4, Max: 1.4, Diff: 1.4, Sum: 1.7]
      [Object Copy (ms): Min: 73.7, Avg: 85.5, Max: 102.8, Diff: 29.1, Sum: 342.1]
      [Termination (ms): Min: 11.3, Avg: 25.6, Max: 33.6, Diff: 22.3, Sum: 102.5]
         [Termination Attempts: Min: 33, Avg: 58.2, Max: 72, Diff: 39, Sum: 233]
      [GC Worker Other (ms): Min: 0.1, Avg: 0.5, Max: 1.1, Diff: 1.0, Sum: 2.2]
      [GC Worker Total (ms): Min: 127.0, Avg: 127.0, Max: 127.1, Diff: 0.1, Sum: 508.2]
      [GC Worker End (ms): Min: 236503416.1, Avg: 236503416.1, Max: 236503416.1, Diff: 0.0]
   [Code Root Fixup: 0.1 ms]
   [Code Root Purge: 0.0 ms]
   [Clear CT: 0.4 ms]
   [Other: 15.4 ms]
      [Choose CSet: 0.0 ms]
      [Ref Proc: 5.9 ms]
      [Ref Enq: 0.0 ms]
      [Redirty Cards: 0.1 ms]
      [Humongous Register: 2.5 ms]
      [Humongous Reclaim: 0.0 ms]
      [Free CSet: 0.8 ms]
   [Eden: 351.0M(351.0M)->0.0B(46.0M) Survivors: 4096.0K->5120.0K Heap: 494.7M(1024.0M)->144.5M(1024.0M)]
 [Times: user=0.12 sys=0.09, real=0.14 secs] 
2018-04-26T10:07:04.280-0800: 236955.615: [GC pause (G1 Evacuation Pause) (young), 0.0217072 secs]
   [Parallel Time: 18.8 ms, GC Workers: 4]
      [GC Worker Start (ms): Min: 236955615.8, Avg: 236955615.9, Max: 236955616.2, Diff: 0.3]
      [Ext Root Scanning (ms): Min: 1.6, Avg: 3.2, Max: 5.1, Diff: 3.5, Sum: 12.9]
      [Update RS (ms): Min: 0.0, Avg: 0.7, Max: 2.2, Diff: 2.2, Sum: 2.8]
         [Processed Buffers: Min: 0, Avg: 9.8, Max: 20, Diff: 20, Sum: 39]
      [Scan RS (ms): Min: 0.0, Avg: 0.0, Max: 0.0, Diff: 0.0, Sum: 0.0]
      [Code Root Scanning (ms): Min: 0.0, Avg: 0.0, Max: 0.1, Diff: 0.1, Sum: 0.1]
      [Object Copy (ms): Min: 13.5, Avg: 14.6, Max: 16.3, Diff: 2.9, Sum: 58.3]
      [Termination (ms): Min: 0.0, Avg: 0.1, Max: 0.1, Diff: 0.1, Sum: 0.3]
         [Termination Attempts: Min: 1, Avg: 1.0, Max: 1, Diff: 0, Sum: 4]
      [GC Worker Other (ms): Min: 0.0, Avg: 0.0, Max: 0.0, Diff: 0.0, Sum: 0.1]
      [GC Worker Total (ms): Min: 18.4, Avg: 18.6, Max: 18.7, Diff: 0.3, Sum: 74.5]
      [GC Worker End (ms): Min: 236955634.5, Avg: 236955634.5, Max: 236955634.5, Diff: 0.0]
   [Code Root Fixup: 0.2 ms]
   [Code Root Purge: 0.0 ms]
   [Clear CT: 1.2 ms]
   [Other: 1.5 ms]
      [Choose CSet: 0.0 ms]
      [Ref Proc: 0.5 ms]
      [Ref Enq: 0.0 ms]
      [Redirty Cards: 0.1 ms]
      [Humongous Register: 0.3 ms]
      [Humongous Reclaim: 0.0 ms]
      [Free CSet: 0.3 ms]
   [Eden: 46.0M(46.0M)->0.0B(47.0M) Survivors: 5120.0K->4096.0K Heap: 190.5M(1024.0M)->144.2M(1024.0M)]
 [Times: user=0.02 sys=0.01, real=0.02 secs] 
2018-04-26T10:07:06.209-0800: 236957.544: [GC pause (G1 Evacuation Pause) (young), 0.0300759 secs]
   [Parallel Time: 29.5 ms, GC Workers: 4]
      [GC Worker Start (ms): Min: 236957544.4, Avg: 236957544.5, Max: 236957544.6, Diff: 0.2]
      [Ext Root Scanning (ms): Min: 1.0, Avg: 2.4, Max: 5.2, Diff: 4.2, Sum: 9.8]
      [Update RS (ms): Min: 0.0, Avg: 0.3, Max: 0.7, Diff: 0.7, Sum: 1.3]
         [Processed Buffers: Min: 0, Avg: 5.8, Max: 19, Diff: 19, Sum: 23]
      [Scan RS (ms): Min: 0.0, Avg: 0.0, Max: 0.0, Diff: 0.0, Sum: 0.0]
      [Code Root Scanning (ms): Min: 0.0, Avg: 0.1, Max: 0.2, Diff: 0.2, Sum: 0.2]
      [Object Copy (ms): Min: 24.0, Avg: 26.4, Max: 27.7, Diff: 3.8, Sum: 105.5]
      [Termination (ms): Min: 0.0, Avg: 0.2, Max: 0.3, Diff: 0.3, Sum: 0.8]
         [Termination Attempts: Min: 1, Avg: 1.0, Max: 1, Diff: 0, Sum: 4]
      [GC Worker Other (ms): Min: 0.0, Avg: 0.0, Max: 0.0, Diff: 0.0, Sum: 0.0]
      [GC Worker Total (ms): Min: 29.3, Avg: 29.4, Max: 29.5, Diff: 0.2, Sum: 117.7]
      [GC Worker End (ms): Min: 236957573.9, Avg: 236957573.9, Max: 236957573.9, Diff: 0.0]
   [Code Root Fixup: 0.1 ms]
   [Code Root Purge: 0.0 ms]
   [Clear CT: 0.0 ms]
   [Other: 0.4 ms]
      [Choose CSet: 0.0 ms]
      [Ref Proc: 0.1 ms]
      [Ref Enq: 0.0 ms]
      [Redirty Cards: 0.1 ms]
      [Humongous Register: 0.0 ms]
      [Humongous Reclaim: 0.0 ms]
      [Free CSet: 0.0 ms]
   [Eden: 47.0M(47.0M)->0.0B(47.0M) Survivors: 4096.0K->4096.0K Heap: 191.2M(1024.0M)->143.9M(1024.0M)]
 [Times: user=0.02 sys=0.02, real=0.04 secs] 
2018-04-26T10:07:07.728-0800: 236959.063: [GC pause (G1 Evacuation Pause) (young), 0.0108354 secs]
   [Parallel Time: 9.4 ms, GC Workers: 4]
      [GC Worker Start (ms): Min: 236959063.5, Avg: 236959063.6, Max: 236959063.9, Diff: 0.4]
      [Ext Root Scanning (ms): Min: 0.8, Avg: 1.4, Max: 2.2, Diff: 1.3, Sum: 5.4]
      [Update RS (ms): Min: 0.0, Avg: 0.3, Max: 0.7, Diff: 0.7, Sum: 1.3]
         [Processed Buffers: Min: 0, Avg: 5.2, Max: 18, Diff: 18, Sum: 21]
      [Scan RS (ms): Min: 0.0, Avg: 0.0, Max: 0.0, Diff: 0.0, Sum: 0.0]
      [Code Root Scanning (ms): Min: 0.0, Avg: 0.0, Max: 0.1, Diff: 0.1, Sum: 0.1]
      [Object Copy (ms): Min: 5.9, Avg: 6.5, Max: 7.1, Diff: 1.2, Sum: 25.9]
      [Termination (ms): Min: 0.0, Avg: 0.7, Max: 1.5, Diff: 1.5, Sum: 2.9]
         [Termination Attempts: Min: 1, Avg: 1.0, Max: 1, Diff: 0, Sum: 4]
      [GC Worker Other (ms): Min: 0.0, Avg: 0.0, Max: 0.1, Diff: 0.1, Sum: 0.1]
      [GC Worker Total (ms): Min: 8.7, Avg: 9.0, Max: 9.2, Diff: 0.5, Sum: 35.8]
      [GC Worker End (ms): Min: 236959072.3, Avg: 236959072.6, Max: 236959072.8, Diff: 0.5]
   [Code Root Fixup: 0.2 ms]
   [Code Root Purge: 0.0 ms]
   [Clear CT: 0.2 ms]
   [Other: 1.1 ms]
      [Choose CSet: 0.0 ms]
      [Ref Proc: 0.4 ms]
      [Ref Enq: 0.0 ms]
      [Redirty Cards: 0.1 ms]
      [Humongous Register: 0.1 ms]
      [Humongous Reclaim: 0.0 ms]
      [Free CSet: 0.2 ms]
   [Eden: 47.0M(47.0M)2018-04-26T10:20:30.444-0800: 237760.917: [GC pause (G1 Evacuation Pause) (young), 0.0336216 secs]
   [Parallel Time: 21.4 ms, GC Workers: 4]
      [GC Worker Start (ms): Min: 237760926.5, Avg: 237760926.5, Max: 237760926.5, Diff: 0.1]
      [Ext Root Scanning (ms): Min: 1.8, Avg: 2.3, Max: 3.5, Diff: 1.7, Sum: 9.0]
      [Update RS (ms): Min: 3.3, Avg: 4.2, Max: 5.0, Diff: 1.6, Sum: 16.8]
         [Processed Buffers: Min: 1, Avg: 11.5, Max: 21, Diff: 20, Sum: 46]
      [Scan RS (ms): Min: 0.2, Avg: 0.8, Max: 1.7, Diff: 1.5, Sum: 3.4]
      [Code Root Scanning (ms): Min: 0.0, Avg: 0.0, Max: 0.0, Diff: 0.0, Sum: 0.0]
      [Object Copy (ms): Min: 12.3, Avg: 12.9, Max: 14.3, Diff: 2.0, Sum: 51.4]
      [Termination (ms): Min: 0.3, Avg: 1.1, Max: 1.8, Diff: 1.5, Sum: 4.4]
         [Termination Attempts: Min: 2, Avg: 2.5, Max: 3, Diff: 1, Sum: 10]
      [GC Worker Other (ms): Min: 0.0, Avg: 0.0, Max: 0.0, Diff: 0.0, Sum: 0.1]
      [GC Worker Total (ms): Min: 21.3, Avg: 21.3, Max: 21.3, Diff: 0.1, Sum: 85.2]
      [GC Worker End (ms): Min: 237760947.8, Avg: 237760947.8, Max: 237760947.8, Diff: 0.0]
   [Code Root Fixup: 0.1 ms]
   [Code Root Purge: 0.0 ms]
   [Clear CT: 0.1 ms]
   [Other: 12.0 ms]
      [Choose CSet: 0.0 ms]
      [Ref Proc: 2.6 ms]
      [Ref Enq: 0.0 ms]
      [Redirty Cards: 0.1 ms]
      [Humongous Register: 9.0 ms]
      [Humongous Reclaim: 0.0 ms]
      [Free CSet: 0.2 ms]
   [Eden: 48.0M(48.0M)->0.0B(46.0M) Survivors: 3072.0K->5120.0K Heap: 200.7M(1024.0M)->154.2M(1024.0M)]
 [Times: user=0.03 sys=0.02, real=0.03 secs] 
2018-04-26T11:32:53.722-0800: 240080.265: [GC pause (G1 Evacuation Pause) (young), 0.1904532 secs]
   [Parallel Time: 173.2 ms, GC Workers: 4]
      [GC Worker Start (ms): Min: 240080277.5, Avg: 240080277.5, Max: 240080277.6, Diff: 0.1]
      [Ext Root Scanning (ms): Min: 3.4, Avg: 8.4, Max: 23.3, Diff: 19.8, Sum: 33.7]
      [Update RS (ms): Min: 0.0, Avg: 7.1, Max: 11.4, Diff: 11.4, Sum: 28.3]
         [Processed Buffers: Min: 0, Avg: 10.5, Max: 25, Diff: 25, Sum: 42]
      [Scan RS (ms): Min: 0.0, Avg: 0.0, Max: 0.1, Diff: 0.1, Sum: 0.1]
      [Code Root Scanning (ms): Min: 0.0, Avg: 0.0, Max: 0.0, Diff: 0.0, Sum: 0.0]
      [Object Copy (ms): Min: 112.5, Avg: 137.8, Max: 159.8, Diff: 47.2, Sum: 551.2]
      [Termination (ms): Min: 0.0, Avg: 19.4, Max: 45.7, Diff: 45.7, Sum: 77.5]
         [Termination Attempts: Min: 1, Avg: 7.5, Max: 19, Diff: 18, Sum: 30]
      [GC Worker Other (ms): Min: 0.0, Avg: 0.0, Max: 0.1, Diff: 0.0, Sum: 0.2]
      [GC Worker Total (ms): Min: 171.8, Avg: 172.8, Max: 173.1, Diff: 1.3, Sum: 691.1]
      [GC Worker End (ms): Min: 240080449.4, Avg: 240080450.3, Max: 240080450.6, Diff: 1.2]
   [Code Root Fixup: 0.1 ms]
   [Code Root Purge: 0.0 ms]
   [Clear CT: 0.1 ms]
   [Other: 17.0 ms]
      [Choose CSet: 0.0 ms]
      [Ref Proc: 1.0 ms]
      [Ref Enq: 0.0 ms]
      [Redirty Cards: 0.0 ms]
      [Humongous Register: 11.8 ms]
      [Humongous Reclaim: 0.1 ms]
      [Free CSet: 3.2 ms]
   [Eden: 46.0M(46.0M)->0.0B(45.0M) Survivors: 5120.0K->6144.0K Heap: 200.2M(1024.0M)->155.0M(1024.0M)]
 [Times: user=0.05 sys=0.11, real=0.19 secs] 
2018-04-26T12:02:29.438-0800: 241855.920: [GC pause (G1 Evacuation Pause) (young), 0.0593740 secs]
   [Parallel Time: 47.7 ms, GC Workers: 4]
      [GC Worker Start (ms): Min: 241855930.1, Avg: 241855930.2, Max: 241855930.3, Diff: 0.1]
      [Ext Root Scanning (ms): Min: 4.9, Avg: 9.8, Max: 23.5, Diff: 18.6, Sum: 39.0]
      [Update RS (ms): Min: 0.0, Avg: 9.3, Max: 14.0, Diff: 14.0, Sum: 37.0]
         [Processed Buffers: Min: 0, Avg: 10.0, Max: 20, Diff: 20, Sum: 40]
      [Scan RS (ms): Min: 0.0, Avg: 0.2, Max: 0.5, Diff: 0.4, Sum: 0.7]
      [Code Root Scanning (ms): Min: 0.0, Avg: 0.0, Max: 0.1, Diff: 0.1, Sum: 0.1]
      [Object Copy (ms): Min: 24.1, Avg: 27.7, Max: 29.7, Diff: 5.6, Sum: 110.7]
      [Termination (ms): Min: 0.0, Avg: 0.5, Max: 0.7, Diff: 0.7, Sum: 2.0]
         [Termination Attempts: Min: 1, Avg: 1.0, Max: 1, Diff: 0, Sum: 4]
      [GC Worker Other (ms): Min: 0.0, Avg: 0.2, Max: 0.4, Diff: 0.4, Sum: 0.7]
      [GC Worker Total (ms): Min: 47.5, Avg: 47.6, Max: 47.6, Diff: 0.1, Sum: 190.3]
      [GC Worker End (ms): Min: 241855977.8, Avg: 241855977.8, Max: 241855977.8, Diff: 0.0]
   [Code Root Fixup: 0.1 ms]
   [Code Root Purge: 0.0 ms]
   [Clear CT: 0.1 ms]
   [Other: 11.5 ms]
      [Choose CSet: 0.0 ms]
      [Ref Proc: 0.6 ms]
      [Ref Enq: 0.0 ms]
      [Redirty Cards: 0.0 ms]
      [Humongous Register: 8.0 ms]
      [Humongous Reclaim: 0.0 ms]
      [Free CSet: 0.3 ms]
   [Eden: 45.0M(45.0M)->0.0B(47.0M) Survivors: 6144.0K->4096.0K Heap: 200.0M(1024.0M)->153.7M(1024.0M)]
 [Times: user=0.04 sys=0.06, real=0.06 secs] 
2018-04-26T12:39:44.546-0800: 244090.920: [GC pause (G1 Evacuation2018-04-26T12:56:03.181-0800: 245070.382: [GC pause (G1 Evacuation Pause) (young), 0.4464186 secs]
   [Parallel Time: 374.7 ms, GC Workers: 4]
      [GC Worker Start (ms): Min: 245070424.1, Avg: 245070424.4, Max: 245070425.3, Diff: 1.2]
      [Ext Root Scanning (ms): Min: 27.7, Avg: 48.2, Max: 69.1, Diff: 41.3, Sum: 192.8]
      [Update RS (ms): Min: 0.0, Avg: 13.1, Max: 28.4, Diff: 28.4, Sum: 52.4]
         [Processed Buffers: Min: 0, Avg: 9.0, Max: 33, Diff: 33, Sum: 36]
      [Scan RS (ms): Min: 0.0, Avg: 0.0, Max: 0.1, Diff: 0.1, Sum: 0.2]
      [Code Root Scanning (ms): Min: 0.0, Avg: 0.6, Max: 2.2, Diff: 2.2, Sum: 2.2]
      [Object Copy (ms): Min: 145.8, Avg: 172.8, Max: 208.5, Diff: 62.7, Sum: 691.4]
      [Termination (ms): Min: 103.1, Avg: 136.7, Max: 160.8, Diff: 57.7, Sum: 546.6]
         [Termination Attempts: Min: 281, Avg: 358.0, Max: 421, Diff: 140, Sum: 1432]
      [GC Worker Other (ms): Min: 1.1, Avg: 2.8, Max: 6.0, Diff: 4.9, Sum: 11.2]
      [GC Worker Total (ms): Min: 373.4, Avg: 374.2, Max: 374.5, Diff: 1.2, Sum: 1496.8]
      [GC Worker End (ms): Min: 245070798.6, Avg: 245070798.6, Max: 245070798.6, Diff: 0.0]
   [Code Root Fixup: 0.1 ms]
   [Code Root Purge: 0.0 ms]
   [Clear CT: 2.3 ms]
   [Other: 69.3 ms]
      [Choose CSet: 0.0 ms]
      [Ref Proc: 23.2 ms]
      [Ref Enq: 0.0 ms]
      [Redirty Cards: 0.1 ms]
      [Humongous Register: 29.5 ms]
      [Humongous Reclaim: 0.0 ms]
      [Free CSet: 1.8 ms]
   [Eden: 270.0M(270.0M)->0.0B(47.0M) Su2018-04-26T13:42:09.104-0800: 246028.458: [GC pause (G1 Evacuation Pause) (young), 0.0493986 secs]
   [Parallel 2018-04-26T14:09:05.460-0800: 247645.618: [GC pause (G1 Evacuation Pause) (young), 0.0771061 secs]
   [Parallel Time: 54.0 ms, GC Workers: 4]
      [GC Worker Start (ms): Min: 247645635.1, Avg: 247645635.3, Max: 247645635.4, Diff: 0.3]
      [Ext Root Scanning (ms): Min: 7.0, Avg: 13.6, Max: 30.5, Diff: 23.5, Sum: 54.5]
      [Update RS (ms): Min: 0.0, Avg: 7.5, Max: 11.1, Diff: 11.1, Sum: 30.1]
         [Processed Buffers: Min: 0, Avg: 9.0, Max: 31, Diff: 31, Sum: 36]
      [Scan RS (ms): Min: 0.0, Avg: 0.0, Max: 0.0, Diff: 0.0, Sum: 0.0]
      [Code Root Scanning (ms): Min: 0.0, Avg: 0.1, Max: 0.4, Diff: 0.4, Sum: 0.4]
      [Object Copy (ms): Min: 22.2, Avg: 30.9, Max: 35.2, Diff: 13.0, Sum: 123.7]
      [Termination (ms): Min: 0.0, Avg: 0.8, Max: 1.2, Diff: 1.2, Sum: 3.4]
         [Termination Attempts: Min: 1, Avg: 1.0, Max: 1, Diff: 0, Sum: 4]
      [GC Worker Other (ms): Min: 0.0, Avg: 0.6, Max: 2.3, Diff: 2.2, Sum: 2.5]
      [GC Worker Total (ms): Min: 53.4, Avg: 53.7, Max: 53.9, Diff: 0.5, Sum: 214.6]
      [GC Worker End (ms): Min: 247645688.9, Avg: 247645689.0, Max: 247645689.1, Diff: 0.2]
   [Code Root Fixup: 0.1 ms]
   [Code Root Purge: 0.0 ms]
   [Clear CT: 0.1 ms]
   [Other: 22.8 ms]
      [Choose CSet: 0.0 ms]
      [Ref Proc: 5.3 ms]
      [Ref Enq: 0.0 ms]
      [Redirty Cards: 0.1 ms]
      [Humongous Register: 12.6 ms]
      [Humongous Reclaim: 0.0 ms]
      [Free CSet: 0.5 ms]
   [Eden: 47.0M(47.0M)->0.0B(47.0M) Survivors: 4096.0K->4096.0K Heap: 191.2M(1024.0M)->144.2M(1024.0M)]
 [Times: user=0.02 sys=0.07, real=0.07 secs] 
2018-04-26T14:51:54.059-0800: 250214.143: [GC pause (G1 Evacuation Pause) (young), 0.0925959 secs]
   [Parallel Time: 71.8 ms, GC Workers: 4]
      [GC Worker Start (ms): Min: 250214156.3, Avg: 250214156.4, Max: 250214156.5, Diff: 0.2]
      [Ext Root Scanning (ms): Min: 20.6, Avg: 25.5, Max: 37.2, Diff: 16.6, Sum: 102.1]
      [Update RS (ms): Min: 0.0, Avg: 5.4, Max: 7.7, Diff: 7.7, Sum: 21.7]
         [Processed Buffers: Min: 0, Avg: 8.5, Max: 32, Diff: 32, Sum: 34]
      [Scan RS (ms): Min: 0.0, Avg: 0.0, Max: 0.0, Diff: 0.0, Sum: 0.0]
      [Code Root Scanning (ms): Min: 0.0, Avg: 0.4, Max: 1.5, Diff: 1.5, Sum: 1.5]
      [Object Copy (ms): Min: 23.9, Avg: 34.5, Max: 41.5, Diff: 17.6, Sum: 138.1]
      [Termination (ms): Min: 0.0, Avg: 5.2, Max: 10.4, Diff: 10.3, Sum: 20.8]
         [Termination Attempts: Min: 3, Avg: 38.8, Max: 80, Diff: 77, Sum: 155]
      [GC Worker Other (ms): Min: 0.1, Avg: 0.5, Max: 1.6, Diff: 1.6, Sum: 1.8]
      [GC Worker Total (ms): Min: 71.4, Avg: 71.5, Max: 71.6, Diff: 0.2, Sum: 286.1]
      [GC Worker End (ms): Min: 250214227.9, Avg: 250214227.9, Max: 250214227.9, Diff: 0.0]
   [Code Root Fixup: 0.1 ms]
   [Code Root Purge: 0.0 ms]
   [Clear CT: 0.2 ms]
   [Other: 20.5 ms]
      [Choose CSet: 0.0 ms]
      [Ref Proc: 4.1 ms]
      [Ref Enq: 0.0 ms]
      [Redirty Cards: 0.1 ms]
      [Humongous Register: 7.5 ms]
      [Humongous Reclaim: 0.0 ms]
      [Free CSet: 1.6 ms]
   [Eden: 47.0M(47.0M)->0.0B(46.0M) Survivors: 4096.0K->5120.0K Heap: 191.2M(1024.0M)->144.7M(1024.0M)]
 [Times: user=0.04 sys=0.07, real=0.10 secs] 
2018-04-26T15:33:37.502-0800: 252717.473: [GC pause (G1 Evacuation Pause) (young), 0.0737601 secs]
   [Parallel Time: 55.2 ms, GC Workers: 4]
      [GC Worker Start (ms): Min: 252717491.0, Avg: 252717491.8, Max: 252717493.4, Diff: 2.3]
      [Ext Root Scanning (ms): Min: 14.2, Avg: 20.2, Max: 34.3, Diff: 20.1, Sum: 80.6]
      [Update RS (ms): Min: 0.0, Avg: 6.5, Max: 10.0, Diff: 10.0, Sum: 25.9]
         [Processed Buffers: Min: 0, Avg: 9.0, Max: 34, Diff: 34, Sum: 36]
      [Scan RS (ms): Min: 0.0, Avg: 0.0, Max: 0.0, Diff: 0.0, Sum: 0.1]
      [Code Root Scanning (ms): Min: 0.0, Avg: 0.2, Max: 0.9, Diff: 0.9, Sum: 0.9]
      [Object Copy (ms): Min: 18.5, Avg: 25.2, Max: 28.6, Diff: 10.1, Sum: 100.8]
      [Termination (ms): Min: 0.0, Avg: 0.1, Max: 0.1, Diff: 0.1, Sum: 0.4]
         [Termination Attempts: Min: 1, Avg: 1.0, Max: 1, Diff: 0, Sum: 4]
      [GC Worker Other (ms): Min: 0.0, Avg: 0.1, Max: 0.3, Diff: 0.2, Sum: 0.5]
      [GC Worker Total (ms): Min: 50.8, Avg: 52.3, Max: 53.1, Diff: 2.3, Sum: 209.2]
      [GC Worker End (ms): Min: 252717544.1, Avg: 252717544.1, Max: 252717544.2, Diff: 0.0]
   [Code Root Fixup: 0.1 ms]
   [Code Root Purge: 0.0 ms]
   [Clear CT: 0.1 ms]
   [Other: 18.4 ms]
      [Choose CSet: 0.0 ms]
      [Ref Proc: 0.8 ms]
      [Ref Enq: 0.0 ms]
      [Redirty Cards: 0.1 ms]
      [Humongous Register: 7.5 ms]
      [Humongous Reclaim: 0.0 ms]
      [Free CSet: 0.7 ms]
   [Eden: 46.0M(46.0M)->0.0B(47.0M) Survivors: 5120.0K->4096.0K Heap: 190.7M(1024.0M)->143.8M(1024.0M)]
 [Times: user=0.03 sys=0.09, real=0.07 secs] 
2018-04-26T16:16:16.737-0800: 255276.611: [GC pause (G1 Evacuation Pause) (young), 0.1432609 secs]
   [Parallel Time: 122.7 ms, GC Workers: 4]
      [GC Worker Start (ms): Min: 255276627.0, Avg: 255276627.7, Max: 255276628.3, Diff: 1.3]
      [Ext Root Scanning (ms): Min: 11.1, Avg: 17.7, Max: 34.0, Diff: 22.9, Sum: 70.7]
      [Update RS (ms): Min: 0.0, Avg: 6.3, Max: 8.6, Diff: 8.6, Sum: 25.1]
         [Processed Buffers: Min: 0, Avg: 8.8, Max: 33, Diff: 33, Sum: 35]
      [Scan RS (ms): Min: 0.0, Avg: 0.0, Max: 0.0, Diff: 0.0, Sum: 0.0]
      [Code Root Scanning (ms): Min: 0.0, Avg: 0.8, Max: 3.0, Diff: 3.0, Sum: 3.0]
      [Object Copy (ms): Min: 56.0, Avg: 62.5, Max: 68.1, Diff: 12.1, Sum: 249.9]
      [Termination (ms): Min: 26.3, Avg: 34.2, Max: 41.2, Diff: 14.9, Sum: 136.7]
         [Termination Attempts: Min: 51, Avg: 75.2, Max: 122, Diff: 71, Sum: 301]
      [GC Worker Other (ms): Min: 0.0, Avg: 0.6, Max: 1.3, Diff: 1.2, Sum: 2.4]
      [GC Worker Total (ms): Min: 121.3, Avg: 122.0, Max: 122.6, Diff: 1.3, Sum: 487.9]
      [GC Worker End (ms): Min: 255276749.6, Avg: 255276749.6, Max: 255276749.7, Diff: 0.0]
   [Code Root Fixup: 0.1 ms]
   [Code Root Purge: 0.0 ms]
   [Clear CT: 0.2 ms]
   [Other: 20.3 ms]
      [Choose CSet: 0.0 ms]
      [Ref Proc: 3.0 ms]
      [Ref Enq: 0.0 ms]
      [Redirty Cards: 0.1 ms]
      [Humongous Register: 9.5 ms]
      [Humongous Reclaim: 0.0 ms]
      [Free CSet: 0.5 ms]
   [Eden: 47.0M(47.0M)->0.0B(47.0M) Survivors: 4096.0K->4096.0K Heap: 190.8M(1024.0M)->143.9M(1024.0M)]
 [Times: user=0.15 sys=0.09, real=0.15 secs] 
2018-04-26T16:59:13.365-0800: 257853.123: [GC pause (G1 Evacuation Pause) (young), 0.1461432 secs]
   [Parallel Time: 122.0 ms, GC Workers: 4]
      [GC Worker Start (ms): Min: 257853140.5, Avg: 257853140.6, Max: 257853140.7, Diff: 0.1]
      [Ext Root Scanning (ms): Min: 14.2, Avg: 18.2, Max: 28.9, Diff: 14.6, Sum: 72.6]
      [Update RS (ms): Min: 0.0, Avg: 2.9, Max: 5.6, Diff: 5.6, Sum: 11.6]
         [Processed Buffers: Min: 0, Avg: 9.0, Max: 26, Diff: 26, Sum: 36]
      [Scan RS (ms): Min: 0.0, Avg: 0.0, Max: 0.0, Diff: 0.0, Sum: 0.0]
      [Code Root Scanning (ms): Min: 0.0, Avg: 0.0, Max: 0.1, Diff: 0.1, Sum: 0.1]
      [Object Copy (ms): Min: 51.4, Avg: 73.4, Max: 91.3, Diff: 39.9, Sum: 293.8]
      [Termination (ms): Min: 12.0, Avg: 26.6, Max: 41.4, Diff: 29.4, Sum: 106.2]
         [Termination Attempts: Min: 22, Avg: 44.2, Max: 68, Diff: 46, Sum: 177]
      [GC Worker Other (ms): Min: 0.0, Avg: 0.6, Max: 1.2, Diff: 1.2, Sum: 2.4]
      [GC Worker Total (ms): Min: 121.6, Avg: 121.7, Max: 121.7, Diff: 0.1, Sum: 486.8]
      [GC Worker End (ms): Min: 257853262.3, Avg: 257853262.3, Max: 257853262.3, Diff: 0.0]
   [Code Root Fixup: 0.1 ms]
   [Code Root Purge: 0.0 ms]
   [Clear CT: 0.1 ms]
   [Other: 24.0 ms]
      [Choose CSet: 0.0 ms]
      [Ref Proc: 5.0 ms]
      [Ref Enq: 0.0 ms]
      [Redirty Cards: 0.1 ms]
      [Humongous Register: 11.2 ms]
      [Humongous Reclaim: 0.0 ms]
      [Free CSet: 0.5 ms]
   [Eden: 47.0M(47.0M)->0.0B(47.0M) Survivors: 4096.0K->4096.0K Heap: 190.9M(1024.0M)->144.0M(1024.0M)]
 [Times: user=0.11 sys=0.10, real=0.15 secs] 
2018-04-26T17:42:03.610-0800: 260423.280: [GC pause (G1 Evacuation Pause) (young), 0.2467357 secs]
   [Parallel Time: 212.7 ms, GC Workers: 4]
      [GC Worker Start (ms): Min: 260423296.5, Avg: 260423296.6, Max: 260423296.7, Diff: 0.2]
      [Ext Root Scanning (ms): Min: 21.4, Avg: 30.5, Max: 55.5, Diff: 34.1, Sum: 122.2]
      [Update RS (ms): Min: 0.0, Avg: 12.8, Max: 18.6, Diff: 18.5, Sum: 51.2]
         [Processed Buffers: Min: 0, Avg: 8.8, Max: 30, Diff: 30, Sum: 35]
      [Scan RS (ms): Min: 0.0, Avg: 0.0, Max: 0.0, Diff: 0.0, Sum: 0.1]
      [Code Root Scanning (ms): Min: 0.0, Avg: 0.5, Max: 1.8, Diff: 1.8, Sum: 1.8]
      [Object Copy (ms): Min: 77.5, Avg: 112.2, Max: 136.3, Diff: 58.8, Sum: 448.8]
      [Termination (ms): Min: 34.3, Avg: 55.9, Max: 79.5, Diff: 45.2, Sum: 223.7]
         [Termination Attempts: Min: 52, Avg: 77.2, Max: 103, Diff: 51, Sum: 309]
      [GC Worker Other (ms): Min: 0.1, Avg: 0.6, Max: 1.3, Diff: 1.2, Sum: 2.5]
      [GC Worker Total (ms): Min: 212.5, Avg: 212.6, Max: 212.6, Diff: 0.1, Sum: 850.3]
      [GC Worker End (ms): Min: 260423509.2, Avg: 260423509.2, Max: 260423509.2, Diff: 0.0]
   [Code Root Fixup: 0.1 ms]
   [Code Root Purge: 0.0 ms]
   [Clear CT: 2.3 ms]
   [Other: 31.6 ms]
      [Choose CSet: 0.0 ms]
      [Ref Proc: 13.1 ms]
      [Ref Enq: 0.0 ms]
      [Redirty Cards: 0.1 ms]
      [Humongous Register: 13.1 ms]
      [Humongous Reclaim: 0.0 ms]
      [Free CSet: 0.4 ms]
   [Eden: 47.0M(47.0M)->0.0B(48.0M) Survivors: 4096.0K->3072.0K Heap: 191.0M(1024.0M)->143.5M(1024.0M)]
 [Times: user=0.22 sys=0.14, real=0.24 secs] 
2018-04-26T18:25:43.263-0800: 263042.829: [GC pause (G1 Evacuation Pause) (young), 0.2592867 secs]
   [Parallel Time: 204.2 ms, GC Workers: 4]
      [GC Worker Start (ms): Min: 263042875.4, Avg: 263042877.4, Max: 263042878.6, Diff: 3.3]
      [Ext Root Scanning (ms): Min: 29.5, Avg: 36.3, Max: 55.5, Diff: 26.0, Sum: 145.2]
      [Update RS (ms): Min: 0.0, Avg: 7.4, Max: 10.6, Diff: 10.6, Sum: 29.5]
         [Processed Buffers: Min: 0, Avg: 9.0, Max: 31, Diff: 31, Sum: 36]
      [Scan RS (ms): Min: 0.0, Avg: 0.0, Max: 0.0, Diff: 0.0, Sum: 0.0]
      [Code Root Scanning (ms): Min: 0.0, Avg: 0.0, Max: 0.1, Diff: 0.1, Sum: 0.1]
      [Object Copy (ms): Min: 82.6, Avg: 119.9, Max: 156.8, Diff: 74.2, Sum: 479.6]
      [Termination (ms): Min: 5.5, Avg: 37.4, Max: 64.1, Diff: 58.5, Sum: 149.5]
         [Termination Attempts: Min: 11, Avg: 41.0, Max: 70, Diff: 59, Sum: 164]
      [GC Worker Other (ms): Min: 0.0, Avg: 1.0, Max: 2.1, Diff: 2.0, Sum: 4.0]
      [GC Worker Total (ms): Min: 200.7, Avg: 202.0, Max: 204.0, Diff: 3.3, Sum: 807.8]
      [GC Worker End (ms): Min: 263043079.3, Avg: 263043079.3, Max: 263043079.3, Diff: 0.0]
   [Code Root Fixup: 0.1 ms]
   [Code Root Purge: 0.0 ms]
   [Clear CT: 0.1 ms]
   [Other: 54.9 ms]
      [Choose CSet: 0.0 ms]
      [Ref Proc: 3.3 ms]
      [Ref Enq: 0.0 ms]
      [Redirty Cards: 0.1 ms]
      [Humongous Register: 29.5 ms]
      [Humongous Reclaim: 0.0 ms]
      [Free CSet: 2.4 ms]
   [Eden: 48.0M(48.0M)->0.0B(47.0M) Survivors: 3072.0K->4096.0K Heap: 191.5M(1024.0M)->144.5M(1024.0M)]
 [Times: user=0.11 sys=0.20, real=0.26 secs] 
2018-04-26T19:08:51.121-0800: 265630.601: [GC pause (G1 Evacuation Pause) (young), 0.0858294 secs]
   [Parallel Time: 65.7 ms, GC Workers: 4]
      [GC Worker Start (ms): Min: 265630614.0, Avg: 265630614.1, Max: 265630614.2, Diff: 0.2]
      [Ext Root Scanning (ms): Min: 14.0, Avg: 20.3, Max: 35.2, Diff: 21.2, Sum: 81.2]
      [Update RS (ms): Min: 0.0, Avg: 5.5, Max: 8.8, Diff: 8.8, Sum: 22.1]
         [Processed Buffers: Min: 0, Avg: 9.2, Max: 35, Diff: 35, Sum: 37]
      [Scan RS (ms): Min: 0.0, Avg: 0.0, Max: 0.0, Diff: 0.0, Sum: 0.0]
      [Code Root Scanning (ms): Min: 0.0, Avg: 0.0, Max: 0.1, Diff: 0.1, Sum: 0.1]
      [Object Copy (ms): Min: 30.0, Avg: 37.4, Max: 44.5, Diff: 14.5, Sum: 149.5]
      [Termination (ms): Min: 0.0, Avg: 1.8, Max: 3.7, Diff: 3.7, Sum: 7.4]
         [Termination Attempts: Min: 1, Avg: 3.0, Max: 7, Diff: 6, Sum: 12]
      [GC Worker Other (ms): Min: 0.0, Avg: 0.4, Max: 1.4, Diff: 1.4, Sum: 1.6]
      [GC Worker Total (ms): Min: 65.4, Avg: 65.5, Max: 65.5, Diff: 0.1, Sum: 261.9]
      [GC Worker End (ms): Min: 265630679.5, Avg: 265630679.6, Max: 265630679.6, Diff: 0.0]
   [Code Root Fixup: 0.1 ms]
   [Code Root Purge: 0.0 ms]
   [Clear CT: 1.2 ms]
   [Other: 18.9 ms]
      [Choose CSet: 0.0 ms]
      [Ref Proc: 1.8 ms]
      [Ref Enq: 0.0 ms]
      [Redirty Cards: 0.1 ms]
      [Humongous Register: 9.0 ms]
      [Humongous Reclaim: 0.0 ms]
      [Free CSet: 2.6 ms]
   [Eden: 47.0M(47.0M)->0.0B(47.0M) Survivors: 4096.0K->4096.0K Heap: 191.5M(1024.0M)->143.9M(1024.0M)]
 [Times: user=0.02 sys=0.07, real=0.08 secs] 
2018-04-26T19:51:45.528-0800: 268204.898: [GC pause (G1 Evacuation Pause) (young), 0.0791784 secs]
   [Parallel Time: 64.8 ms, GC Workers: 4]
      [GC Worker Start (ms): Min: 268204910.7, Avg: 268204910.8, Max: 268204910.9, Diff: 0.1]
      [Ext Root Scanning (ms): Min: 13.4, Avg: 18.3, Max: 30.3, Diff: 16.8, Sum: 73.4]
      [Update RS (ms): Min: 0.0, Avg: 6.7, Max: 12.1, Diff: 12.1, Sum: 26.6]
         [Processed Buffers: Min: 0, Avg: 9.2, Max: 35, Diff: 35, Sum: 37]
      [Scan RS (ms): Min: 0.0, Avg: 0.0, Max: 0.0, Diff: 0.0, Sum: 0.0]
      [Code Root Scanning (ms): Min: 0.0, Avg: 0.0, Max: 0.1, Diff: 0.1, Sum: 0.1]
      [Object Copy (ms): Min: 18.6, Avg: 26.2, Max: 33.3, Diff: 14.8, Sum: 104.8]
      [Termination (ms): Min: 0.0, Avg: 11.8, Max: 20.6, Diff: 20.6, Sum: 47.1]
         [Termination Attempts: Min: 1, Avg: 13.0, Max: 21, Diff: 20, Sum: 52]
      [GC Worker Other (ms): Min: 0.0, Avg: 0.5, Max: 1.0, Diff: 1.0, Sum: 2.2]
      [GC Worker Total (ms): Min: 63.5, Avg: 63.6, Max: 63.6, Diff: 0.1, Sum: 254.2]
      [GC Worker End (ms): Min: 268204974.3, Avg: 268204974.4, Max: 268204974.4, Diff: 0.0]
   [Code Root Fixup: 0.1 ms]
   [Code Root Purge: 0.0 ms]
   [Clear CT: 0.1 ms]
   [Other: 14.2 ms]
      [Choose CSet: 0.0 ms]
      [Ref Proc: 1.8 ms]
      [Ref Enq: 0.0 ms]
      [Redirty Cards: 0.1 ms]
      [Humongous Register: 8.0 ms]
      [Humongous Reclaim: 0.0 ms]
      [Free CSet: 0.4 ms]
   [Eden: 47.0M(47.0M)->0.0B(48.0M) Survivors: 4096.0K->3072.0K Heap: 190.9M(1024.0M)->145.0M(1024.0M)]
 [Times: user=0.07 sys=0.06, real=0.08 secs] 
2018-04-26T20:35:22.809-0800: 270822.077: [GC pause (G1 Evacuation Pause) (young), 0.0444246 secs]
   [Parallel Time: 30.0 ms, GC Workers: 4]
      [GC Worker Start (ms): Min: 270822089.2, Avg: 270822089.5, Max: 270822089.7, Diff: 0.5]
      [Ext Root Scanning (ms): Min: 7.0, Avg: 11.6, Max: 22.2, Diff: 15.2, Sum: 46.4]
      [Update RS (ms): Min: 0.0, Avg: 9.0, Max: 12.7, Diff: 12.7, Sum: 36.2]
         [Processed Buffers: Min: 0, Avg: 12.0, Max: 31, Diff: 31, Sum: 48]
      [Scan RS (ms): Min: 0.0, Avg: 0.0, Max: 0.0, Diff: 0.0, Sum: 0.0]
      [Code Root Scanning (ms): Min: 0.0, Avg: 0.0, Max: 0.1, Diff: 0.1, Sum: 0.1]
      [Object Copy (ms): Min: 2.6, Avg: 5.5, Max: 7.1, Diff: 4.5, Sum: 21.9]
      [Termination (ms): Min: 1.6, Avg: 3.3, Max: 5.6, Diff: 3.9, Sum: 13.3]
         [Termination Attempts: Min: 15, Avg: 38.0, Max: 65, Diff: 50, Sum: 152]
      [GC Worker Other (ms): Min: 0.0, Avg: 0.1, Max: 0.2, Diff: 0.2, Sum: 0.4]
      [GC Worker Total (ms): Min: 29.3, Avg: 29.6, Max: 29.8, Diff: 0.5, Sum: 118.3]
      [GC Worker End (ms): Min: 270822119.0, Avg: 270822119.0, Max: 270822119.0, Diff: 0.0]
   [Code Root Fixup: 0.1 ms]
   [Code Root Purge: 0.0 ms]
   [Clear CT: 0.1 ms]
   [Other: 14.3 ms]
      [Choose CSet: 0.0 ms]
      [Ref Proc: 0.6 ms]
      [Ref Enq: 0.0 ms]
      [Redirty Cards: 0.1 ms]
      [Humongous Register: 5.3 ms]
      [Humongous Reclaim: 0.0 ms]
      [Free CSet: 0.4 ms]
   [Eden: 48.0M(48.0M)->0.0B(50.0M) Survivors: 3072.0K->1024.0K Heap: 193.0M(1024.0M)->144.4M(1024.0M)]
 [Times: user=0.03 sys=0.03, real=0.05 secs] 
2018-04-26T22:01:16.957-0800: 272862.614: [GC pause (G1 Evacuation Pause) (young), 0.1162445 secs]
   [Parallel Time: 95.7 ms, GC Workers: 4]
      [GC Worker Start (ms): Min: 272862629.3, Avg: 272862629.3, Max: 272862629.4, Diff: 0.1]
      [Ext Root Scanning (ms): Min: 18.9, Avg: 28.5, Max: 44.3, Diff: 25.4, Sum: 113.8]
      [Update RS (ms): Min: 0.0, Avg: 6.1, Max: 9.1, Diff: 9.1, Sum: 24.5]
         [Processed Buffers: Min: 0, Avg: 9.0, Max: 15, Diff: 15, Sum: 36]
      [Scan RS (ms): Min: 0.0, Avg: 0.0, Max: 0.0, Diff: 0.0, Sum: 0.0]
      [Code Root Scanning (ms): Min: 0.0, Avg: 0.0, Max: 0.0, Diff: 0.0, Sum: 0.0]
      [Object Copy (ms): Min: 6.6, Avg: 33.0, Max: 58.2, Diff: 51.6, Sum: 131.9]
      [Termination (ms): Min: 4.2, Avg: 25.7, Max: 43.7, Diff: 39.4, Sum: 102.9]
         [Termination Attempts: Min: 6, Avg: 46.8, Max: 86, Diff: 80, Sum: 187]
      [GC Worker Other (ms): Min: 0.0, Avg: 1.3, Max: 4.1, Diff: 4.0, Sum: 5.2]
      [GC Worker Total (ms): Min: 94.5, Avg: 94.6, Max: 94.7, Diff: 0.1, Sum: 378.4]
      [GC Worker End (ms): Min: 272862723.9, Avg: 272862723.9, Max: 272862723.9, Diff: 0.0]
   [Code Root Fixup: 0.1 ms]
   [Code Root Purge: 0.0 ms]
   [Clear CT: 1.2 ms]
   [Other: 19.3 ms]
      [Choose CSet: 0.0 ms]
      [Ref Proc: 2.7 ms]
      [Ref Enq: 0.0 ms]
      [Redirty Cards: 0.1 ms]
      [Humongous Register: 8.5 ms]
      [Humongous Reclaim: 0.0 ms]
      [Free CSet: 0.7 ms]
   [Eden: 50.0M(50.0M)->0.0B(50.0M) Survivors: 1024.0K->1024.0K Heap: 194.4M(1024.0M)->144.1M(1024.0M)]
 [Times: user=0.10 sys=0.07, real=0.12 secs] 
2018-04-26T22:23:17.693-0800: 274195.370: [GC pause (G1 Evacuation Pause) (young), 0.0073660 secs]
   [Parallel Time: 6.3 ms, GC Workers: 4]
      [GC Worker Start (ms): Min: 274195370.6, Avg: 274195370.6, Max: 274195370.7, Diff: 0.1]
      [Ext Root Scanning (ms): Min: 3.1, Avg: 3.2, Max: 3.6, Diff: 0.6, Sum: 13.0]
      [Update RS (ms): Min: 0.0, Avg: 0.3, Max: 0.6, Diff: 0.6, Sum: 1.3]
         [Processed Buffers: Min: 0, Avg: 6.8, Max: 14, Diff: 14, Sum: 27]
      [Scan RS (ms): Min: 0.0, Avg: 0.0, Max: 0.0, Diff: 0.0, Sum: 0.0]
      [Code Root Scanning (ms): Min: 0.0, Avg: 0.0, Max: 0.0, Diff: 0.0, Sum: 0.0]
      [Object Copy (ms): Min: 1.6, Avg: 2.0, Max: 2.5, Diff: 0.9, Sum: 7.9]
      [Termination (ms): Min: 0.0, Avg: 0.6, Max: 0.8, Diff: 0.8, Sum: 2.4]
         [Termination Attempts: Min: 1, Avg: 1.0, Max: 1, Diff: 0, Sum: 4]
      [GC Worker Other (ms): Min: 0.0, Avg: 0.0, Max: 0.1, Diff: 0.0, Sum: 0.1]
      [GC Worker Total (ms): Min: 6.1, Avg: 6.2, Max: 6.2, Diff: 0.1, Sum: 24.7]
      [GC Worker End (ms): Min: 274195376.8, Avg: 274195376.8, Max: 274195376.8, Diff: 0.0]
   [Code Root Fixup: 0.1 ms]
   [Code Root Purge: 0.0 ms]
   [Clear CT: 0.0 ms]
   [Other: 0.9 ms]
      [Choose CSet: 0.0 ms]
      [Ref Proc: 0.4 ms]
      [Ref Enq: 0.0 ms]
      [Redirty Cards: 0.1 ms]
      [Humongous Register: 0.2 ms]
      [Humongous Reclaim: 0.0 ms]
      [Free CSet: 0.1 ms]
   [Eden: 50.0M(50.0M)->0.0B(50.0M) Survivors: 1024.0K->1024.0K Heap: 194.1M(1024.0M)->144.1M(1024.0M)]
 [Times: user=0.01 sys=0.01, real=0.01 secs] 
2018-04-26T22:45:25.185-0800: 275522.836: [GC pause (G1 Evacuation Pause) (young), 0.0095113 secs]
   [Parallel Time: 5.5 ms, GC Workers: 4]
      [GC Worker Start (ms): Min: 275522836.1, Avg: 275522836.1, Max: 275522836.1, Diff: 0.0]
      [Ext Root Scanning (ms): Min: 0.6, Avg: 0.7, Max: 0.7, Diff: 0.1, Sum: 2.7]
      [Update RS (ms): Min: 0.2, Avg: 0.2, Max: 0.3, Diff: 0.1, Sum: 0.9]
         [Processed Buffers: Min: 1, Avg: 6.8, Max: 14, Diff: 13, Sum: 27]
      [Scan RS (ms): Min: 0.0, Avg: 0.0, Max: 0.0, Diff: 0.0, Sum: 0.0]
      [Code Root Scanning (ms): Min: 0.0, Avg: 0.0, Max: 0.0, Diff: 0.0, Sum: 0.0]
      [Object Copy (ms): Min: 1.3, Avg: 1.7, Max: 2.6, Diff: 1.3, Sum: 6.8]
      [Termination (ms): Min: 0.0, Avg: 2.1, Max: 3.0, Diff: 3.0, Sum: 8.6]
         [Termination Attempts: Min: 1, Avg: 1.0, Max: 1, Diff: 0, Sum: 4]
      [GC Worker Other (ms): Min: 0.0, Avg: 0.0, Max: 0.0, Diff: 0.0, Sum: 0.1]
      [GC Worker Total (ms): Min: 3.6, Avg: 4.7, Max: 5.3, Diff: 1.7, Sum: 19.0]
      [GC Worker End (ms): Min: 275522839.6, Avg: 275522840.8, Max: 275522841.4, Diff: 1.7]
   [Code Root Fixup: 0.3 ms]
   [Code Root Purge: 0.0 ms]
   [Clear CT: 0.1 ms]
   [Other: 3.7 ms]
      [Choose CSet: 0.0 ms]
      [Ref Proc: 3.2 ms]
      [Ref Enq: 0.0 ms]
      [Redirty Cards: 0.1 ms]
      [Humongous Register: 0.0 ms]
      [Humongous Reclaim: 0.0 ms]
      [Free CSet: 0.1 ms]
   [Eden: 50.0M(50.0M)->0.0B(50.0M) Survivors: 1024.0K->1024.0K Heap: 194.1M(1024.0M)->144.2M(1024.0M)]
 [Times: user=0.01 sys=0.00, real=0.01 secs] 
2018-04-26T23:07:36.571-0800: 276854.164: [GC pause (G1 Evacuation Pause) (young), 0.0083086 secs]
   [Parallel Time: 6.4 ms, GC Workers: 4]
      [GC Worker Start (ms): Min: 276854164.2, Avg: 276854164.2, Max: 276854164.2, Diff: 0.0]
      [Ext Root Scanning (ms): Min: 0.7, Avg: 0.7, Max: 0.9, Diff: 0.2, Sum: 3.0]
      [Update RS (ms): Min: 0.2, Avg: 0.3, Max: 0.3, Diff: 0.1, Sum: 1.0]
         [Processed Buffers: Min: 3, Avg: 6.8, Max: 13, Diff: 10, Sum: 27]
      [Scan RS (ms): Min: 0.0, Avg: 0.0, Max: 0.0, Diff: 0.0, Sum: 0.0]
      [Code Root Scanning (ms): Min: 0.0, Avg: 0.0, Max: 0.0, Diff: 0.0, Sum: 0.0]
      [Object Copy (ms): Min: 4.2, Avg: 4.7, Max: 5.3, Diff: 1.1, Sum: 18.8]
      [Termination (ms): Min: 0.0, Avg: 0.6, Max: 1.0, Diff: 1.0, Sum: 2.3]
         [Termination Attempts: Min: 1, Avg: 1.0, Max: 1, Diff: 0, Sum: 4]
      [GC Worker Other (ms): Min: 0.0, Avg: 0.0, Max: 0.0, Diff: 0.0, Sum: 0.1]
      [GC Worker Total (ms): Min: 6.3, Avg: 6.3, Max: 6.3, Diff: 0.0, Sum: 25.3]
      [GC Worker End (ms): Min: 276854170.5, Avg: 276854170.5, Max: 276854170.6, Diff: 0.1]
   [Code Root Fixup: 0.1 ms]
   [Code Root Purge: 0.0 ms]
   [Clear CT: 0.1 ms]
   [Other: 1.7 ms]
      [Choose CSet: 0.0 ms]
      [Ref Proc: 1.4 ms]
      [Ref Enq: 0.0 ms]
      [Redirty Cards: 0.1 ms]
      [Humongous Register: 0.0 ms]
      [Humongous Reclaim: 0.0 ms]
      [Free CSet: 0.1 ms]
   [Eden: 50.0M(50.0M)->0.0B(50.0M) Survivors: 1024.0K->1024.0K Heap: 194.2M(1024.0M)->144.5M(1024.0M)]
 [Times: user=0.01 sys=0.00, real=0.00 secs] 
2018-04-27T00:41:53.999-0800: 278185.374: [GC pause (G1 Evacuation Pause) (young), 0.0209305 secs]
   [Parallel Time: 13.7 ms, GC Workers: 4]
      [GC Worker Start (ms): Min: 278185377.1, Avg: 278185377.3, Max: 278185377.4, Diff: 0.3]
      [Ext Root Scanning (ms): Min: 3.3, Avg: 6.8, Max: 13.5, Diff: 10.2, Sum: 27.1]
      [Update RS (ms): Min: 0.0, Avg: 1.5, Max: 3.4, Diff: 3.4, Sum: 6.1]
         [Processed Buffers: Min: 0, Avg: 6.8, Max: 20, Diff: 20, Sum: 27]
      [Scan RS (ms): Min: 0.0, Avg: 0.0, Max: 0.0, Diff: 0.0, Sum: 0.0]
      [Code Root Scanning (ms): Min: 0.0, Avg: 0.0, Max: 0.0, Diff: 0.0, Sum: 0.0]
      [Object Copy (ms): Min: 0.0, Avg: 3.5, Max: 5.2, Diff: 5.2, Sum: 14.0]
      [Termination (ms): Min: 0.0, Avg: 1.6, Max: 2.6, Diff: 2.6, Sum: 6.3]
         [Termination Attempts: Min: 1, Avg: 1.0, Max: 1, Diff: 0, Sum: 4]
      [GC Worker Other (ms): Min: 0.0, Avg: 0.0, Max: 0.1, Diff: 0.1, Sum: 0.2]
      [GC Worker Total (ms): Min: 13.3, Avg: 13.4, Max: 13.5, Diff: 0.2, Sum: 53.7]
      [GC Worker End (ms): Min: 278185390.7, Avg: 278185390.7, Max: 278185390.7, Diff: 0.0]
   [Code Root Fixup: 0.2 ms]
   [Code Root Purge: 0.0 ms]
   [Clear CT: 0.1 ms]
   [Other: 7.0 ms]
      [Choose CSet: 0.0 ms]
      [Ref Proc: 3.2 ms]
      [Ref Enq: 0.0 ms]
      [Redirty Cards: 0.1 ms]
      [Humongous Register: 2.6 ms]
      [Humongous Reclaim: 0.0 ms]
      [Free CSet: 0.6 ms]
   [Eden: 50.0M(50.0M)->0.0B(50.0M) Survivors: 1024.0K->1024.0K Heap: 194.5M(1024.0M)->144.5M(1024.0M)]
 [Times: user=0.02 sys=0.03, real=0.03 secs] 
2018-04-27T01:04:09.039-0800: 279520.374: [GC pause (G1 Evacuation Pause) (young), 0.0193421 secs]
   [Parallel Time: 13.3 ms, GC Workers: 4]
      [GC Worker Start (ms): Min: 279520374.6, Avg: 279520375.2, Max: 279520377.2, Diff: 2.6]
      [Ext Root Scanning (ms): Min: 0.0, Avg: 1.6, Max: 2.2, Diff: 2.2, Sum: 6.4]
      [Update RS (ms): Min: 0.9, Avg: 2.2, Max: 4.2, Diff: 3.4, Sum: 8.6]
         [Processed Buffers: Min: 1, Avg: 6.5, Max: 21, Diff: 20, Sum: 26]
      [Scan RS (ms): Min: 0.0, Avg: 0.0, Max: 0.1, Diff: 0.1, Sum: 0.1]
      [Code Root Scanning (ms): Min: 0.0, Avg: 0.0, Max: 0.0, Diff: 0.0, Sum: 0.0]
      [Object Copy (ms): Min: 5.9, Avg: 7.9, Max: 9.9, Diff: 4.0, Sum: 31.6]
      [Termination (ms): Min: 0.0, Avg: 0.7, Max: 1.1, Diff: 1.1, Sum: 3.0]
         [Termination Attempts: Min: 1, Avg: 1.0, Max: 1, Diff: 0, Sum: 4]
      [GC Worker Other (ms): Min: 0.0, Avg: 0.0, Max: 0.1, Diff: 0.0, Sum: 0.2]
      [GC Worker Total (ms): Min: 10.6, Avg: 12.5, Max: 13.2, Diff: 2.6, Sum: 50.0]
      [GC Worker End (ms): Min: 279520387.7, Avg: 279520387.7, Max: 279520387.8, Diff: 0.1]
   [Code Root Fixup: 0.4 ms]
   [Code Root Purge: 0.0 ms]
   [Clear CT: 0.2 ms]
   [Other: 5.4 ms]
      [Choose CSet: 0.0 ms]
      [Ref Proc: 4.5 ms]
      [Ref Enq: 0.0 ms]
      [Redirty Cards: 0.2 ms]
      [Humongous Register: 0.1 ms]
      [Humongous Reclaim: 0.0 ms]
      [Free CSet: 0.1 ms]
   [Eden: 50.0M(50.0M)->0.0B(50.0M) Survivors: 1024.0K->1024.0K Heap: 194.5M(1024.0M)->144.7M(1024.0M)]
 [Times: user=0.02 sys=0.01, real=0.02 secs] 
2018-04-27T03:19:25.315-0800: 280890.371: [GC pause (G1 Evacuation Pause) (young), 0.0194929 secs]
   [Parallel Time: 16.6 ms, GC Workers: 4]
      [GC Worker Start (ms): Min: 280890371.0, Avg: 280890371.1, Max: 280890371.5, Diff: 0.5]
      [Ext Root Scanning (ms): Min: 2.2, Avg: 8.0, Max: 13.7, Diff: 11.5, Sum: 32.1]
      [Update RS (ms): Min: 0.0, Avg: 0.2, Max: 0.4, Diff: 0.4, Sum: 0.7]
         [Processed Buffers: Min: 0, Avg: 6.8, Max: 18, Diff: 18, Sum: 27]
      [Scan RS (ms): Min: 0.0, Avg: 0.0, Max: 0.0, Diff: 0.0, Sum: 0.0]
      [Code Root Scanning (ms): Min: 0.0, Avg: 0.0, Max: 0.0, Diff: 0.0, Sum: 0.0]
      [Object Copy (ms): Min: 2.0, Avg: 7.8, Max: 13.5, Diff: 11.5, Sum: 31.1]
      [Termination (ms): Min: 0.0, Avg: 0.5, Max: 1.0, Diff: 1.0, Sum: 2.0]
         [Termination Attempts: Min: 1, Avg: 1.2, Max: 2, Diff: 1, Sum: 5]
      [GC Worker Other (ms): Min: 0.0, Avg: 0.0, Max: 0.0, Diff: 0.0, Sum: 0.0]
      [GC Worker Total (ms): Min: 16.1, Avg: 16.5, Max: 16.6, Diff: 0.5, Sum: 65.9]
      [GC Worker End (ms): Min: 280890387.6, Avg: 280890387.6, Max: 280890387.6, Diff: 0.0]
   [Code Root Fixup: 0.2 ms]
   [Code Root Purge: 0.0 ms]
   [Clear CT: 0.1 ms]
   [Other: 2.6 ms]
      [Choose CSet: 0.0 ms]
      [Ref Proc: 2.2 ms]
      [Ref Enq: 0.0 ms]
      [Redirty Cards: 0.1 ms]
      [Humongous Register: 0.0 ms]
      [Humongous Reclaim: 0.0 ms]
      [Free CSet: 0.1 ms]
   [Eden: 50.0M(50.0M)->0.0B(49.0M) Survivors: 1024.0K->2048.0K Heap: 194.7M(1024.0M)->144.9M(1024.0M)]
 [Times: user=0.01 sys=0.01, real=0.02 secs] 
2018-04-27T05:18:12.403-0800: 282365.150: [GC pause (G1 Evacuation Pause) (young), 0.0036523 secs]
   [Parallel Time: 2.5 ms, GC Workers: 4]
      [GC Worker Start (ms): Min: 282365150.4, Avg: 282365150.5, Max: 282365150.5, Diff: 0.1]
      [Ext Root Scanning (ms): Min: 0.8, Avg: 0.8, Max: 0.9, Diff: 0.1, Sum: 3.3]
      [Update RS (ms): Min: 0.1, Avg: 0.3, Max: 0.5, Diff: 0.3, Sum: 1.0]
         [Processed Buffers: Min: 1, Avg: 5.8, Max: 10, Diff: 9, Sum: 23]
      [Scan RS (ms): Min: 0.0, Avg: 0.0, Max: 0.0, Diff: 0.0, Sum: 0.0]
      [Code Root Scanning (ms): Min: 0.0, Avg: 0.0, Max: 0.0, Diff: 0.0, Sum: 0.0]
      [Object Copy (ms): Min: 1.1, Avg: 1.3, Max: 1.4, Diff: 0.3, Sum: 5.1]
      [Termination (ms): Min: 0.0, Avg: 0.0, Max: 0.0, Diff: 0.0, Sum: 0.0]
         [Termination Attempts: Min: 1, Avg: 1.0, Max: 1, Diff: 0, Sum: 4]
      [GC Worker Other (ms): Min: 0.0, Avg: 0.1, Max: 0.1, Diff: 0.0, Sum: 0.2]
      [GC Worker Total (ms): Min: 2.4, Avg: 2.4, Max: 2.5, Diff: 0.1, Sum: 9.7]
      [GC Worker End (ms): Min: 282365152.9, Avg: 282365152.9, Max: 282365152.9, Diff: 0.0]
   [Code Root Fixup: 0.2 ms]
   [Code Root Purge: 0.0 ms]
   [Clear CT: 0.1 ms]
   [Other: 0.8 ms]
      [Choose CSet: 0.0 ms]
      [Ref Proc: 0.4 ms]
      [Ref Enq: 0.0 ms]
      [Redirty Cards: 0.1 ms]
      [Humongous Register: 0.0 ms]
      [Humongous Reclaim: 0.0 ms]
      [Free CSet: 0.1 ms]
   [Eden: 49.0M(49.0M)->0.0B(50.0M) Survivors: 2048.0K->1024.0K Heap: 193.9M(1024.0M)->144.6M(1024.0M)]
 [Times: user=0.01 sys=0.00, real=0.00 secs] 
2018-04-27T06:40:00.200-0800: 283885.367: [GC pause (G1 Evacuation Pause) (young), 0.0133925 secs]
   [Parallel Time: 8.8 ms, GC Workers: 4]
      [GC Worker Start (ms): Min: 283885367.4, Avg: 283885367.9, Max: 283885368.7, Diff: 1.3]
      [Ext Root Scanning (ms): Min: 1.3, Avg: 1.8, Max: 2.2, Diff: 0.9, Sum: 7.1]
      [Update RS (ms): Min: 0.0, Avg: 0.4, Max: 0.6, Diff: 0.6, Sum: 1.6]
         [Processed Buffers: Min: 0, Avg: 6.0, Max: 19, Diff: 19, Sum: 24]
      [Scan RS (ms): Min: 0.0, Avg: 0.0, Max: 0.0, Diff: 0.0, Sum: 0.0]
      [Code Root Scanning (ms): Min: 0.0, Avg: 0.0, Max: 0.0, Diff: 0.0, Sum: 0.0]
      [Object Copy (ms): Min: 4.9, Avg: 5.4, Max: 5.8, Diff: 0.8, Sum: 21.5]
      [Termination (ms): Min: 0.0, Avg: 0.5, Max: 1.0, Diff: 1.0, Sum: 2.0]
         [Termination Attempts: Min: 1, Avg: 1.0, Max: 1, Diff: 0, Sum: 4]
      [GC Worker Other (ms): Min: 0.0, Avg: 0.0, Max: 0.0, Diff: 0.0, Sum: 0.1]
      [GC Worker Total (ms): Min: 7.3, Avg: 8.1, Max: 8.7, Diff: 1.3, Sum: 32.3]
      [GC Worker End (ms): Min: 283885376.0, Avg: 283885376.0, Max: 283885376.0, Diff: 0.0]
   [Code Root Fixup: 0.1 ms]
   [Code Root Purge: 0.0 ms]
   [Clear CT: 0.1 ms]
   [Other: 4.4 ms]
      [Choose CSet: 0.0 ms]
      [Ref Proc: 4.0 ms]
      [Ref Enq: 0.0 ms]
      [Redirty Cards: 0.1 ms]
      [Humongous Register: 0.1 ms]
      [Humongous Reclaim: 0.0 ms]
      [Free CSet: 0.1 ms]
   [Eden: 50.0M(50.0M)->0.0B(49.0M) Survivors: 1024.0K->2048.0K Heap: 194.6M(1024.0M)->145.2M(1024.0M)]
 [Times: user=0.01 sys=0.01, real=0.01 secs] 
2018-04-27T07:04:20.272-0800: 285345.370: [GC pause (G1 Evacuation Pause) (young), 0.0055999 secs]
   [Parallel Time: 4.4 ms, GC Workers: 4]
      [GC Worker Start (ms): Min: 285345370.5, Avg: 285345370.5, Max: 285345370.5, Diff: 0.0]
      [Ext Root Scanning (ms): Min: 1.0, Avg: 1.1, Max: 1.4, Diff: 0.4, Sum: 4.3]
      [Update RS (ms): Min: 0.0, Avg: 0.3, Max: 0.5, Diff: 0.5, Sum: 1.1]
         [Processed Buffers: Min: 0, Avg: 6.0, Max: 16, Diff: 16, Sum: 24]
      [Scan RS (ms): Min: 0.0, Avg: 0.0, Max: 0.0, Diff: 0.0, Sum: 0.0]
      [Code Root Scanning (ms): Min: 0.0, Avg: 0.0, Max: 0.0, Diff: 0.0, Sum: 0.0]
      [Object Copy (ms): Min: 1.5, Avg: 1.8, Max: 2.8, Diff: 1.3, Sum: 7.3]
      [Termination (ms): Min: 0.0, Avg: 1.1, Max: 1.5, Diff: 1.5, Sum: 4.4]
         [Termination Attempts: Min: 1, Avg: 1.0, Max: 1, Diff: 0, Sum: 4]
      [GC Worker Other (ms): Min: 0.0, Avg: 0.0, Max: 0.0, Diff: 0.0, Sum: 0.1]
      [GC Worker Total (ms): Min: 4.3, Avg: 4.3, Max: 4.3, Diff: 0.1, Sum: 17.2]
      [GC Worker End (ms): Min: 285345374.8, Avg: 285345374.8, Max: 285345374.9, Diff: 0.1]
   [Code Root Fixup: 0.1 ms]
   [Code Root Purge: 0.0 ms]
   [Clear CT: 0.1 ms]
   [Other: 1.0 ms]
      [Choose CSet: 0.0 ms]
      [Ref Proc: 0.4 ms]
      [Ref Enq: 0.0 ms]
      [Redirty Cards: 0.1 ms]
      [Humongous Register: 0.2 ms]
      [Humongous Reclaim: 0.0 ms]
      [Free CSet: 0.1 ms]
   [Eden: 49.0M(49.0M)->0.0B(81.0M) Survivors: 2048.0K->2048.0K Heap: 194.2M(1024.0M)->144.9M(1024.0M)]
 [Times: user=0.02 sys=0.00, real=0.00 secs] 
2018-04-27T08:17:29.617-0800: 287760.373: [GC pause (G1 Evacuation Pause) (young), 0.0218835 secs]
   [Parallel Time: 16.8 ms, GC Workers: 4]
      [GC Worker Start (ms): Min: 287760375.0, Avg: 287760375.0, Max: 287760375.1, Diff: 0.2]
      [Ext Root Scanning (ms): Min: 5.0, Avg: 7.5, Max: 14.7, Diff: 9.7, Sum: 29.8]
      [Update RS (ms): Min: 0.0, Avg: 1.6, Max: 2.3, Diff: 2.3, Sum: 6.6]
         [Processed Buffers: Min: 0, Avg: 6.0, Max: 11, Diff: 11, Sum: 24]
      [Scan RS (ms): Min: 0.0, Avg: 0.0, Max: 0.0, Diff: 0.0, Sum: 0.1]
      [Code Root Scanning (ms): Min: 0.0, Avg: 0.0, Max: 0.0, Diff: 0.0, Sum: 0.0]
      [Object Copy (ms): Min: 1.2, Avg: 7.0, Max: 9.4, Diff: 8.2, Sum: 28.2]
      [Termination (ms): Min: 0.0, Avg: 0.4, Max: 0.8, Diff: 0.8, Sum: 1.7]
         [Termination Attempts: Min: 1, Avg: 1.0, Max: 1, Diff: 0, Sum: 4]
      [GC Worker Other (ms): Min: 0.0, Avg: 0.0, Max: 0.1, Diff: 0.0, Sum: 0.2]
      [GC Worker Total (ms): Min: 16.6, Avg: 16.6, Max: 16.7, Diff: 0.2, Sum: 66.5]
      [GC Worker End (ms): Min: 287760391.7, Avg: 287760391.7, Max: 287760391.7, Diff: 0.0]
   [Code Root Fixup: 0.1 ms]
   [Code Root Purge: 0.0 ms]
   [Clear CT: 0.1 ms]
   [Other: 4.9 ms]
      [Choose CSet: 0.0 ms]
      [Ref Proc: 1.7 ms]
      [Ref Enq: 0.0 ms]
      [Redirty Cards: 0.1 ms]
      [Humongous Register: 1.9 ms]
      [Humongous Reclaim: 0.0 ms]
      [Free CSet: 0.4 ms]
   [Eden: 81.0M(81.0M)->0.0B(49.0M) Survivors: 2048.0K->2048.0K Heap: 225.9M(1024.0M)->145.5M(1024.0M)]
 [Times: user=0.02 sys=0.04, real=0.02 secs] 
16.6, Max: 276415916.6, Diff: 0.0]
      [Ext Root Scanning (ms): Min: 1.5, Avg: 1.6, Max: 1.6, Diff: 0.0, Sum: 6.3]
      [Update RS (ms): Min: 0.3, Avg: 1.5, Max: 2.4, Diff: 2.0, Sum: 6.1]
         [Processed Buffers: Min: 3, Avg: 10.2, Max: 31, Diff: 28, Sum: 41]
      [Scan RS (ms): Min: 0.0, Avg: 0.2, Max: 0.3, Diff: 0.3, Sum: 0.6]
      [Code Root Scanning (ms): Min: 0.0, Avg: 0.0, Max: 0.1, Diff: 0.1, Sum: 0.1]
      [Object Copy (ms): Min: 21.3, Avg: 22.5, Max: 23.6, Diff: 2.3, Sum: 90.1]
      [Termination (ms): Min: 0.3, Avg: 0.7, Max: 1.2, Diff: 0.9, Sum: 2.8]
         [Termination Attempts: Min: 1, Avg: 1.8, Max: 2, Diff: 1, Sum: 7]
      [GC Worker Other (ms): Min: 0.0, Avg: 0.0, Max: 0.0, Diff: 0.0, Sum: 0.1]
      [GC Worker Total (ms): Min: 26.5, Avg: 26.5, Max: 26.5, Diff: 0.0, Sum: 106.0]
      [GC Worker End (ms): Min: 276415943.1, Avg: 276415943.1, Max: 276415943.1, Diff: 0.0]
   [Code Root Fixup: 0.1 ms]
   [Code Root Purge: 0.0 ms]
   [Clear CT: 0.1 ms]
   [Other: 1.7 ms]
      [Choose CSet: 0.0 ms]
      [Ref Proc: 1.3 ms]
      [Ref Enq: 0.0 ms]
      [Redirty Cards: 0.1 ms]
      [Humongous Register: 0.0 ms]
      [Humongous Reclaim: 0.0 ms]
      [Free CSet: 0.1 ms]
   [Eden: 48.0M(48.0M)->0.0B(46.0M) Survivors: 3072.0K->5120.0K Heap: 204.6M(1024.0M)->158.6M(1024.0M)]
 [Times: user=0.02 sys=0.01, real=0.03 secs] 
2018-04-26T23:12:15.634-0800: 277132.374: [GC pause (G1 Evacuation Pause) (young), 0.0081730 secs]
   [Parallel Time: 7.0 ms, GC Workers: 4]
      [GC Worker Start (ms): Min: 277132373.9, Avg: 277132374.0, Max: 277132374.1, Diff: 0.2]
      [Ext Root Scanning (ms): Min: 0.4, Avg: 0.6, Max: 0.7, Diff: 0.3, Sum: 2.3]
      [Update RS (ms): Min: 1.1, Avg: 1.5, Max: 2.3, Diff: 1.2, Sum: 6.0]
         [Processed Buffers: Min: 4, Avg: 10.8, Max: 18, Diff: 14, Sum: 43]
      [Scan RS (ms): Min: 0.0, Avg: 0.0, Max: 0.1, Diff: 0.1, Sum: 0.1]
      [Code Root Scanning (ms): Min: 0.0, Avg: 0.0, Max: 0.1, Diff: 0.1, Sum: 0.1]
      [Object Copy (ms): Min: 3.8, Avg: 4.7, Max: 5.0, Diff: 1.2, Sum: 18.7]
      [Termination (ms): Min: 0.0, Avg: 0.1, Max: 0.1, Diff: 0.1, Sum: 0.3]
         [Termination Attempts: Min: 1, Avg: 1.2, Max: 2, Diff: 1, Sum: 5]
      [GC Worker Other (ms): Min: 0.0, Avg: 0.0, Max: 0.0, Diff: 0.0, Sum: 0.1]
      [GC Worker Total (ms): Min: 6.8, Avg: 6.9, Max: 6.9, Diff: 0.1, Sum: 27.6]
      [GC Worker End (ms): Min: 277132380.9, Avg: 277132380.9, Max: 277132380.9, Diff: 0.0]
   [Code Root Fixup: 0.1 ms]
   [Code Root Purge: 0.0 ms]
   [Clear CT: 0.2 ms]
   [Other: 0.9 ms]
      [Choose CSet: 0.0 ms]
      [Ref Proc: 0.5 ms]
      [Ref Enq: 0.0 ms]
      [Redirty Cards: 0.1 ms]
      [Humongous Register: 0.0 ms]
      [Humongous Reclaim: 0.0 ms]
      [Free CSet: 0.1 ms]
   [Eden: 46.0M(46.0M)->0.0B(47.0M) Survivors: 5120.0K->4096.0K Heap: 204.6M(1024.0M)->157.7M(1024.0M)]
 [Times: user=0.02 sys=0.00, real=0.01 secs] 
2018-04-26T23:24:24.123-0800: 277860.827: [GC pause (G1 Evacuation Pause) (young), 0.0112202 secs]
   [Parallel Time: 10.3 ms, GC Workers: 4]
      [GC Worker Start (ms): Min: 277860827.7, Avg: 277860827.7, Max: 277860827.8, Diff: 0.1]
      [Ext Root Scanning (ms): Min: 0.4, Avg: 0.8, Max: 1.4, Diff: 0.9, Sum: 3.2]
      [Update RS (ms): Min: 1.5, Avg: 2.9, Max: 5.3, Diff: 3.8, Sum: 11.8]
         [Processed Buffers: Min: 3, Avg: 10.8, Max: 27, Diff: 24, Sum: 43]
      [Scan RS (ms): Min: 0.0, Avg: 0.0, Max: 0.1, Diff: 0.1, Sum: 0.1]
      [Code Root Scanning (ms): Min: 0.0, Avg: 0.0, Max: 0.0, Diff: 0.0, Sum: 0.1]
      [Object Copy (ms): Min: 3.8, Avg: 5.9, Max: 7.4, Diff: 3.6, Sum: 23.5]
      [Termination (ms): Min: 0.0, Avg: 0.5, Max: 0.7, Diff: 0.7, Sum: 2.1]
         [Termination Attempts: Min: 1, Avg: 1.0, Max: 1, Diff: 0, Sum: 4]
      [GC Worker Other (ms): Min: 0.0, Avg: 0.0, Max: 0.0, Diff: 0.0, Sum: 0.1]
      [GC Worker Total (ms): Min: 10.2, Avg: 10.2, Max: 10.3, Diff: 0.1, Sum: 40.9]
      [GC Worker End (ms): Min: 277860837.9, Avg: 277860837.9, Max: 277860838.0, Diff: 0.0]
   [Code Root Fixup: 0.1 ms]
   [Code Root Purge: 0.0 ms]
   [Clear CT: 0.1 ms]
   [Other: 0.7 ms]
      [Choose CSet: 0.0 ms]
      [Ref Proc: 0.2 ms]
      [Ref Enq: 0.0 ms]
      [Redirty Cards: 0.1 ms]
      [Humongous Register: 0.2 ms]
      [Humongous Reclaim: 0.0 ms]
      [Free CSet: 0.1 ms]
   [Eden: 47.0M(47.0M)->0.0B(47.0M) Survivors: 4096.0K->4096.0K Heap: 204.7M(1024.0M)->157.7M(1024.0M)]
 [Times: user=0.03 sys=0.00, real=0.01 secs] 
2018-04-27T00:48:42.614-0800: 278593.133: [GC pause (G1 Evacuation Pause) (young), 0.0151551 secs]
   [Parallel Time: 14.3 ms, GC Workers: 4]
      [GC Worker Start (ms): Min: 278593133.2, Avg: 278593133.2, Max: 278593133.3, Diff: 0.0]
      [Ext Root Scanning (ms): Min: 0.2, Avg: 3.4, Max: 4.6, Diff: 4.4, Sum: 13.8]
      [Update RS (ms): Min: 3.4, Avg: 4.1, Max: 5.2, Diff: 1.7, Sum: 16.4]
         [Processed Buffers: Min: 3, Avg: 11.2, Max: 26, Diff: 23, Sum: 45]
      [Scan RS (ms): Min: 0.0, Avg: 0.0, Max: 0.1, Diff: 0.1, Sum: 0.1]
      [Code Root Scanning (ms): Min: 0.0, Avg: 0.0, Max: 0.1, Diff: 0.1, Sum: 0.1]
      [Object Copy (ms): Min: 4.2, Avg: 5.4, Max: 6.1, Diff: 1.9, Sum: 21.4]
      [Termination (ms): Min: 0.0, Avg: 0.3, Max: 0.4, Diff: 0.4, Sum: 1.1]
         [Termination Attempts: Min: 1, Avg: 1.0, Max: 1, Diff: 0, Sum: 4]
      [GC Worker Other (ms): Min: 0.0, Avg: 1.0, Max: 4.1, Diff: 4.1, Sum: 4.2]
      [GC Worker Total (ms): Min: 14.2, Avg: 14.2, Max: 14.3, Diff: 0.0, Sum: 57.0]
      [GC Worker End (ms): Min: 278593147.5, Avg: 278593147.5, Max: 278593147.5, Diff: 0.0]
   [Code Root Fixup: 0.1 ms]
   [Code Root Purge: 0.0 ms]
   [Clear CT: 0.1 ms]
   [Other: 0.7 ms]
      [Choose CSet: 0.0 ms]
      [Ref Proc: 0.3 ms]
      [Ref Enq: 0.0 ms]
      [Redirty Cards: 0.1 ms]
      [Humongous Register: 0.0 ms]
      [Humongous Reclaim: 0.0 ms]
      [Free CSet: 0.1 ms]
   [Eden: 47.0M(47.0M)->0.0B(47.0M) Survivors: 4096.0K->4096.0K Heap: 204.7M(1024.0M)->157.7M(1024.0M)]
 [Times: user=0.03 sys=0.01, real=0.02 secs] 
2018-04-27T01:01:00.416-0800: 279330.913: [GC pause (G1 Evacuation Pause) (young), 0.0318171 secs]
   [Parallel Time: 27.8 ms, GC Workers: 4]
      [GC Worker Start (ms): Min: 279330913.7, Avg: 279330914.1, Max: 279330914.9, Diff: 1.2]
      [Ext Root Scanning (ms): Min: 0.7, Avg: 2.2, Max: 4.0, Diff: 3.3, Sum: 8.9]
      [Update RS (ms): Min: 3.4, Avg: 5.8, Max: 8.2, Diff: 4.8, Sum: 23.2]
         [Processed Buffers: Min: 3, Avg: 10.8, Max: 19, Diff: 16, Sum: 43]
      [Scan RS (ms): Min: 0.0, Avg: 0.1, Max: 0.3, Diff: 0.3, Sum: 0.3]
      [Code Root Scanning (ms): Min: 0.0, Avg: 0.1, Max: 0.2, Diff: 0.2, Sum: 0.3]
      [Object Copy (ms): Min: 17.4, Avg: 18.9, Max: 19.6, Diff: 2.2, Sum: 75.4]
      [Termination (ms): Min: 0.0, Avg: 0.2, Max: 0.4, Diff: 0.4, Sum: 0.9]
         [Termination Attempts: Min: 1, Avg: 1.0, Max: 1, Diff: 0, Sum: 4]
      [GC Worker Other (ms): Min: 0.0, Avg: 0.0, Max: 0.0, Diff: 0.0, Sum: 0.1]
      [GC Worker Total (ms): Min: 26.5, Avg: 27.3, Max: 27.7, Diff: 1.2, Sum: 109.2]
      [GC Worker End (ms): Min: 279330941.4, Avg: 279330941.4, Max: 279330941.4, Diff: 0.0]
   [Code Root Fixup: 0.3 ms]
   [Code Root Purge: 0.0 ms]
   [Clear CT: 0.2 ms]
   [Other: 3.5 ms]
      [Choose CSet: 0.0 ms]
      [Ref Proc: 2.5 ms]
      [Ref Enq: 0.0 ms]
      [Redirty Cards: 0.2 ms]
      [Humongous Register: 0.1 ms]
      [Humongous Reclaim: 0.1 ms]
      [Free CSet: 0.2 ms]
   [Eden: 47.0M(47.0M)->0.0B(46.0M) Survivors: 4096.0K->5120.0K Heap: 204.7M(1024.0M)->158.1M(1024.0M)]
 [Times: user=0.07 sys=0.01, real=0.03 secs] 
2018-04-27T03:03:46.675-0800: 279950.916: [GC pause (G1 Evacuation Pause) (young), 0.0118066 secs]
   [Parallel Time: 11.0 ms, GC Workers: 4]
      [GC Worker Start (ms): Min: 279950915.7, Avg: 279950915.7, Max: 279950915.7, Diff: 0.0]
      [Ext Root Scanning (ms): Min: 0.8, Avg: 1.0, Max: 1.7, Diff: 0.9, Sum: 4.1]
      [Update RS (ms): Min: 0.1, Avg: 1.0, Max: 2.3, Diff: 2.2, Sum: 4.1]
         [Processed Buffers: Min: 2, Avg: 10.5, Max: 15, Diff: 13, Sum: 42]
      [Scan RS (ms): Min: 0.0, Avg: 2.9, Max: 8.5, Diff: 8.4, Sum: 11.7]
      [Code Root Scanning (ms): Min: 0.0, Avg: 0.0, Max: 0.0, Diff: 0.0, Sum: 0.1]
      [Object Copy (ms): Min: 0.5, Avg: 5.7, Max: 7.5, Diff: 6.9, Sum: 22.8]
      [Termination (ms): Min: 0.0, Avg: 0.2, Max: 0.2, Diff: 0.2, Sum: 0.7]
         [Termination Attempts: Min: 1, Avg: 1.2, Max: 2, Diff: 1, Sum: 5]
      [GC Worker Other (ms): Min: 0.0, Avg: 0.0, Max: 0.0, Diff: 0.0, Sum: 0.1]
      [GC Worker Total (ms): Min: 10.8, Avg: 10.9, Max: 10.9, Diff: 0.1, Sum: 43.6]
      [GC Worker End (ms): Min: 279950926.5, Avg: 279950926.6, Max: 279950926.6, Diff: 0.1]
   [Code Root Fixup: 0.1 ms]
   [Code Root Purge: 0.0 ms]
   [Clear CT: 0.1 ms]
   [Other: 0.6 ms]
      [Choose CSet: 0.0 ms]
      [Ref Proc: 0.3 ms]
      [Ref Enq: 0.0 ms]
      [Redirty Cards: 0.1 ms]
      [Humongous Register: 0.0 ms]
      [Humongous Reclaim: 0.0 ms]
      [Free CSet: 0.1 ms]
   [Eden: 46.0M(46.0M)->0.0B(47.0M) Survivors: 5120.0K->4096.0K Heap: 204.1M(1024.0M)->157.7M(1024.0M)]
 [Times: user=0.04 sys=0.00, real=0.01 secs] 
2018-04-27T03:15:57.938-0800: 280682.157: [GC pause (G1 Evacuation Pause) (young), 0.0126559 secs]
   [Parallel Time: 11.9 ms, GC Workers: 4]
      [GC Worker Start (ms): Min: 280682156.8, Avg: 280682156.9, Max: 280682157.1, Diff: 0.3]
      [Ext Root Scanning (ms): Min: 0.6, Avg: 1.3, Max: 2.4, Diff: 1.8, Sum: 5.0]
      [Update RS (ms): Min: 0.3, Avg: 2.2, Max: 4.0, Diff: 3.7, Sum: 8.6]
         [Processed Buffers: Min: 3, Avg: 10.2, Max: 31, Diff: 28, Sum: 41]
      [Scan RS (ms): Min: 0.0, Avg: 0.7, Max: 2.4, Diff: 2.4, Sum: 3.0]
      [Code Root Scanning (ms): Min: 0.0, Avg: 0.0, Max: 0.1, Diff: 0.1, Sum: 0.1]
      [Object Copy (ms): Min: 6.3, Avg: 7.2, Max: 8.4, Diff: 2.1, Sum: 28.6]
      [Termination (ms): Min: 0.0, Avg: 0.4, Max: 0.6, Diff: 0.6, Sum: 1.5]
         [Termination Attempts: Min: 1, Avg: 1.5, Max: 2, Diff: 1, Sum: 6]
      [GC Worker Other (ms): Min: 0.0, Avg: 0.0, Max: 0.0, Diff: 0.0, Sum: 0.0]
      [GC Worker Total (ms): Min: 11.5, Avg: 11.7, Max: 11.8, Diff: 0.3, Sum: 46.9]
      [GC Worker End (ms): Min: 280682168.6, Avg: 280682168.7, Max: 280682168.7, Diff: 0.0]
   [Code Root Fixup: 0.1 ms]
   [Code Root Purge: 0.0 ms]
   [Clear CT: 0.1 ms]
   [Other: 0.6 ms]
      [Choose CSet: 0.0 ms]
      [Ref Proc: 0.3 ms]
      [Ref Enq: 0.0 ms]
      [Redirty Cards: 0.1 ms]
      [Humongous Register: 0.0 ms]
      [Humongous Reclaim: 0.0 ms]
      [Free CSet: 0.1 ms]
   [Eden: 47.0M(47.0M)->0.0B(47.0M) Survivors: 4096.0K->4096.0K Heap: 204.7M(1024.0M)->157.8M(1024.0M)]
 [Times: user=0.03 sys=0.00, real=0.02 secs] 
2018-04-27T03:28:08.978-0800: 281413.175: [GC pause (G1 Evacuation Pause) (young), 0.0293151 secs]
   [Parallel Time: 27.6 ms, GC Workers: 4]
      [GC Worker Start (ms): Min: 281413174.7, Avg: 281413175.0, Max: 281413175.7, Diff: 1.0]
      [Ext Root Scanning (ms): Min: 0.7, Avg: 1.6, Max: 2.4, Diff: 1.7, Sum: 6.5]
      [Update RS (ms): Min: 3.6, Avg: 5.6, Max: 8.0, Diff: 4.4, Sum: 22.2]
         [Processed Buffers: Min: 2, Avg: 9.2, Max: 21, Diff: 19, Sum: 37]
      [Scan RS (ms): Min: 0.1, Avg: 3.2, Max: 5.8, Diff: 5.7, Sum: 12.7]
      [Code Root Scanning (ms): Min: 0.0, Avg: 0.1, Max: 0.1, Diff: 0.1, Sum: 0.2]
      [Object Copy (ms): Min: 15.7, Avg: 16.3, Max: 17.1, Diff: 1.3, Sum: 65.1]
      [Termination (ms): Min: 0.0, Avg: 0.3, Max: 0.4, Diff: 0.4, Sum: 1.3]
         [Termination Attempts: Min: 1, Avg: 1.0, Max: 1, Diff: 0, Sum: 4]
      [GC Worker Other (ms): Min: 0.0, Avg: 0.0, Max: 0.1, Diff: 0.0, Sum: 0.2]
      [GC Worker Total (ms): Min: 26.4, Avg: 27.0, Max: 27.4, Diff: 1.0, Sum: 108.2]
      [GC Worker End (ms): Min: 281413202.0, Avg: 281413202.1, Max: 281413202.1, Diff: 0.1]
   [Code Root Fixup: 0.2 ms]
   [Code Root Purge: 0.0 ms]
   [Clear CT: 0.1 ms]
   [Other: 1.4 ms]
      [Choose CSet: 0.0 ms]
      [Ref Proc: 0.7 ms]
      [Ref Enq: 0.0 ms]
      [Redirty Cards: 0.1 ms]
      [Humongous Register: 0.0 ms]
      [Humongous Reclaim: 0.0 ms]
      [Free CSet: 0.1 ms]
   [Eden: 47.0M(47.0M)->0.0B(47.0M) Survivors: 4096.0K->4096.0K Heap: 204.8M(1024.0M)->157.8M(1024.0M)]
 [Times: user=0.07 sys=0.01, real=0.03 secs] 
2018-04-27T05:14:18.999-0800: 282130.910: [GC pause (G1 Evacuation Pause) (young), 0.0118441 secs]
   [Parallel Time: 10.1 ms, GC Workers: 4]
      [GC Worker Start (ms): Min: 282130911.0, Avg: 282130911.5, Max: 282130913.0, Diff: 2.0]
      [Ext Root Scanning (ms): Min: 0.0, Avg: 0.5, Max: 0.7, Diff: 0.7, Sum: 2.1]
      [Update RS (ms): Min: 0.0, Avg: 1.1, Max: 2.0, Diff: 2.0, Sum: 4.6]
         [Processed Buffers: Min: 0, Avg: 10.8, Max: 17, Diff: 17, Sum: 43]
      [Scan RS (ms): Min: 0.2, Avg: 0.9, Max: 1.3, Diff: 1.2, Sum: 3.7]
      [Code Root Scanning (ms): Min: 0.0, Avg: 0.0, Max: 0.0, Diff: 0.0, Sum: 0.1]
      [Object Copy (ms): Min: 6.3, Avg: 6.5, Max: 6.6, Diff: 0.2, Sum: 25.9]
      [Termination (ms): Min: 0.0, Avg: 0.4, Max: 0.6, Diff: 0.6, Sum: 1.5]
         [Termination Attempts: Min: 1, Avg: 1.0, Max: 1, Diff: 0, Sum: 4]
      [GC Worker Other (ms): Min: 0.0, Avg: 0.0, Max: 0.0, Diff: 0.0, Sum: 0.0]
      [GC Worker Total (ms): Min: 8.0, Avg: 9.5, Max: 10.0, Diff: 2.0, Sum: 37.9]
      [GC Worker End (ms): Min: 282130921.0, Avg: 282130921.0, Max: 282130921.0, Diff: 0.0]
   [Code Root Fixup: 0.1 ms]
   [Code Root Purge: 0.0 ms]
   [Clear CT: 0.1 ms]
   [Other: 1.6 ms]
      [Choose CSet: 0.0 ms]
      [Ref Proc: 0.3 ms]
      [Ref Enq: 0.0 ms]
      [Redirty Cards: 0.1 ms]
      [Humongous Register: 0.0 ms]
      [Humongous Reclaim: 0.0 ms]
      [Free CSet: 0.1 ms]
   [Eden: 47.0M(47.0M)->0.0B(47.0M) Survivors: 4096.0K->4096.0K Heap: 204.8M(1024.0M)->157.8M(1024.0M)]
 [Times: user=0.02 sys=0.00, real=0.02 secs] 
2018-04-27T05:26:14.029-0800: 282845.918: [GC pause (G1 Evacuation Pause) (young), 0.0421259 secs]
   [Parallel Time: 38.7 ms, GC Workers: 4]
      [GC Worker Start (ms): Min: 282845918.0, Avg: 282845919.1, Max: 282845922.2, Diff: 4.2]
      [Ext Root Scanning (ms): Min: 0.0, Avg: 1.4, Max: 1.9, Diff: 1.9, Sum: 5.5]
      [Update RS (ms): Min: 3.8, Avg: 6.8, Max: 11.2, Diff: 7.3, Sum: 27.3]
         [Processed Buffers: Min: 2, Avg: 10.2, Max: 32, Diff: 30, Sum: 41]
      [Scan RS (ms): Min: 0.0, Avg: 1.6, Max: 2.9, Diff: 2.9, Sum: 6.5]
      [Code Root Scanning (ms): Min: 0.0, Avg: 0.2, Max: 0.8, Diff: 0.8, Sum: 0.8]
      [Object Copy (ms): Min: 24.8, Avg: 27.0, Max: 28.1, Diff: 3.3, Sum: 107.8]
      [Termination (ms): Min: 0.0, Avg: 0.3, Max: 0.6, Diff: 0.6, Sum: 1.1]
         [Termination Attempts: Min: 1, Avg: 1.0, Max: 1, Diff: 0, Sum: 4]
      [GC Worker Other (ms): Min: 0.0, Avg: 0.0, Max: 0.0, Diff: 0.0, Sum: 0.1]
      [GC Worker Total (ms): Min: 34.1, Avg: 37.3, Max: 38.4, Diff: 4.3, Sum: 149.2]
      [GC Worker End (ms): Min: 282845956.3, Avg: 282845956.4, Max: 282845956.6, Diff: 0.2]
   [Code Root Fixup: 0.4 ms]
   [Code Root Purge: 0.0 ms]
   [Clear CT: 0.3 ms]
   [Other: 2.7 ms]
      [Choose CSet: 0.0 ms]
      [Ref Proc: 1.6 ms]
      [Ref Enq: 0.0 ms]
      [Redirty Cards: 0.3 ms]
      [Humongous Register: 0.1 ms]
      [Humongous Reclaim: 0.0 ms]
      [Free CSet: 0.2 ms]
   [Eden: 47.0M(47.0M)->0.0B(47.0M) Survivors: 4096.0K->4096.0K Heap: 204.8M(1024.0M)->157.8M(1024.0M)]
 [Times: user=0.09 sys=0.01, real=0.05 secs] 
2018-04-27T06:34:23.390-0800: 283547.723: [GC pause (G1 Evacuation Pause) (young), 0.0158421 secs]
   [Parallel Time: 13.8 ms, GC Workers: 4]
      [GC Worker Start (ms): Min: 283547723.3, Avg: 283547723.4, Max: 283547723.4, Diff: 0.1]
      [Ext Root Scanning (ms): Min: 0.8, Avg: 1.0, Max: 1.5, Diff: 0.7, Sum: 4.2]
      [Update RS (ms): Min: 0.3, Avg: 1.4, Max: 2.4, Diff: 2.1, Sum: 5.8]
         [Processed Buffers: Min: 3, Avg: 10.0, Max: 24, Diff: 21, Sum: 40]
      [Scan RS (ms): Min: 0.8, Avg: 1.4, Max: 2.3, Diff: 1.5, Sum: 5.8]
      [Code Root Scanning (ms): Min: 0.0, Avg: 0.0, Max: 0.1, Diff: 0.1, Sum: 0.1]
      [Object Copy (ms): Min: 8.3, Avg: 9.3, Max: 9.9, Diff: 1.5, Sum: 37.2]
      [Termination (ms): Min: 0.0, Avg: 0.4, Max: 0.6, Diff: 0.6, Sum: 1.5]
         [Termination Attempts: Min: 1, Avg: 2.2, Max: 4, Diff: 3, Sum: 9]
      [GC Worker Other (ms): Min: 0.0, Avg: 0.0, Max: 0.0, Diff: 0.0, Sum: 0.1]
      [GC Worker Total (ms): Min: 13.6, Avg: 13.7, Max: 13.7, Diff: 0.1, Sum: 54.6]
      [GC Worker End (ms): Min: 283547737.0, Avg: 283547737.0, Max: 283547737.1, Diff: 0.0]
   [Code Root Fixup: 0.1 ms]
   [Code Root Purge: 0.0 ms]
   [Clear CT: 0.1 ms]
   [Other: 1.9 ms]
      [Choose CSet: 0.0 ms]
      [Ref Proc: 1.3 ms]
      [Ref Enq: 0.0 ms]
      [Redirty Cards: 0.1 ms]
      [Humongous Register: 0.2 ms]
      [Humongous Reclaim: 0.0 ms]
      [Free CSet: 0.1 ms]
   [Eden: 47.0M(47.0M)->0.0B(46.0M) Survivors: 4096.0K->5120.0K Heap: 204.8M(1024.0M)->159.0M(1024.0M)]
 [Times: user=0.03 sys=0.01, real=0.01 secs] 
2018-04-27T06:46:03.116-0800: 284247.428: [GC pause (G1 Evacuation Pause) (young), 0.0092991 secs]
   [Parallel Time: 8.3 ms, GC Workers: 4]
      [GC Worker Start (ms): Min: 284247428.1, Avg: 284247429.1, Max: 284247431.9, Diff: 3.8]
      [Ext Root Scanning (ms): Min: 0.0, Avg: 0.8, Max: 1.1, Diff: 1.1, Sum: 3.3]
      [Update RS (ms): Min: 0.4, Avg: 2.3, Max: 3.1, Diff: 2.7, Sum: 9.4]
         [Processed Buffers: Min: 5, Avg: 11.8, Max: 29, Diff: 24, Sum: 47]
      [Scan RS (ms): Min: 0.0, Avg: 0.0, Max: 0.0, Diff: 0.0, Sum: 0.0]
      [Code Root Scanning (ms): Min: 0.0, Avg: 0.0, Max: 0.0, Diff: 0.0, Sum: 0.0]
      [Object Copy (ms): Min: 3.9, Avg: 4.0, Max: 4.0, Diff: 0.1, Sum: 15.8]
      [Termination (ms): Min: 0.0, Avg: 0.1, Max: 0.1, Diff: 0.1, Sum: 0.3]
         [Termination Attempts: Min: 2, Avg: 3.2, Max: 4, Diff: 2, Sum: 13]
      [GC Worker Other (ms): Min: 0.0, Avg: 0.0, Max: 0.0, Diff: 0.0, Sum: 0.1]
      [GC Worker Total (ms): Min: 4.5, Avg: 7.2, Max: 8.2, Diff: 3.7, Sum: 29.0]
      [GC Worker End (ms): Min: 284247436.3, Avg: 284247436.3, Max: 284247436.4, Diff: 0.0]
   [Code Root Fixup: 0.1 ms]
   [Code Root Purge: 0.0 ms]
   [Clear CT: 0.1 ms]
   [Other: 0.8 ms]
      [Choose CSet: 0.0 ms]
      [Ref Proc: 0.3 ms]
      [Ref Enq: 0.0 ms]
      [Redirty Cards: 0.1 ms]
      [Humongous Register: 0.0 ms]
      [Humongous Reclaim: 0.0 ms]
      [Free CSet: 0.1 ms]
   [Eden: 46.0M(46.0M)->0.0B(48.0M) Survivors: 5120.0K->3072.0K Heap: 205.0M(1024.0M)->157.2M(1024.0M)]
 [Times: user=0.02 sys=0.00, real=0.01 secs] 
2018-04-27T06:58:15.212-0800: 284979.488: [GC pause (G1 Evacuation Pause) (young), 0.0075546 secs]
   [Parallel Time: 5.7 ms, GC Workers: 4]
      [GC Worker Start (ms): Min: 284979488.1, Avg: 284979488.2, Max: 284979488.2, Diff: 0.1]
      [Ext Root Scanning (ms): Min: 0.6, Avg: 0.7, Max: 0.8, Diff: 0.1, Sum: 2.8]
      [Update RS (ms): Min: 0.4, Avg: 0.5, Max: 0.6, Diff: 0.2, Sum: 1.9]
         [Processed Buffers: Min: 1, Avg: 9.0, Max: 15, Diff: 14, Sum: 36]
      [Scan RS (ms): Min: 0.0, Avg: 0.0, Max: 0.0, Diff: 0.0, Sum: 0.0]
      [Code Root Scanning (ms): Min: 0.0, Avg: 0.0, Max: 0.1, Diff: 0.1, Sum: 0.1]
      [Object Copy (ms): Min: 4.2, Avg: 4.4, Max: 4.4, Diff: 0.3, Sum: 17.4]
      [Termination (ms): Min: 0.0, Avg: 0.0, Max: 0.0, Diff: 0.0, Sum: 0.0]
         [Termination Attempts: Min: 1, Avg: 2.0, Max: 3, Diff: 2, Sum: 8]
      [GC Worker Other (ms): Min: 0.0, Avg: 0.0, Max: 0.0, Diff: 0.0, Sum: 0.1]
      [GC Worker Total (ms): Min: 5.6, Avg: 5.6, Max: 5.6, Diff: 0.1, Sum: 22.3]
      [GC Worker End (ms): Min: 284979493.7, Avg: 284979493.7, Max: 284979493.7, Diff: 0.0]
   [Code Root Fixup: 0.1 ms]
   [Code Root Purge: 0.0 ms]
   [Clear CT: 0.1 ms]
   [Other: 1.7 ms]
      [Choose CSet: 0.0 ms]
      [Ref Proc: 1.3 ms]
      [Ref Enq: 0.0 ms]
      [Redirty Cards: 0.1 ms]
      [Humongous Register: 0.0 ms]
      [Humongous Reclaim: 0.0 ms]
      [Free CSet: 0.0 ms]
   [Eden: 48.0M(48.0M)->0.0B(47.0M) Survivors: 3072.0K->4096.0K Heap: 205.2M(1024.0M)->157.9M(1024.0M)]
 [Times: user=0.02 sys=0.01, real=0.01 secs] 
2018-04-27T07:43:15.421-0800: 285693.707: [GC pause (G1 Evacuation Pause) (young), 0.0072339 secs]
   [Parallel Time: 5.5 ms, GC Workers: 4]
      [GC Worker Start (ms): Min: 285693708.3, Avg: 285693708.3, Max: 285693708.3, Diff: 0.0]
      [Ext Root Scanning (ms): Min: 0.7, Avg: 1.9, Max: 4.9, Diff: 4.2, Sum: 7.5]
      [Update RS (ms): Min: 0.0, Avg: 0.3, Max: 0.6, Diff: 0.6, Sum: 1.3]
         [Processed Buffers: Min: 0, Avg: 9.2, Max: 26, Diff: 26, Sum: 37]
      [Scan RS (ms): Min: 0.0, Avg: 0.0, Max: 0.0, Diff: 0.0, Sum: 0.0]
      [Code Root Scanning (ms): Min: 0.0, Avg: 0.0, Max: 0.0, Diff: 0.0, Sum: 0.0]
      [Object Copy (ms): Min: 0.4, Avg: 3.1, Max: 4.1, Diff: 3.7, Sum: 12.6]
      [Termination (ms): Min: 0.0, Avg: 0.0, Max: 0.0, Diff: 0.0, Sum: 0.0]
         [Termination Attempts: Min: 1, Avg: 1.0, Max: 1, Diff: 0, Sum: 4]
      [GC Worker Other (ms): Min: 0.0, Avg: 0.0, Max: 0.0, Diff: 0.0, Sum: 0.1]
      [GC Worker Total (ms): Min: 5.3, Avg: 5.4, Max: 5.4, Diff: 0.1, Sum: 21.5]
      [GC Worker End (ms): Min: 285693713.6, Avg: 285693713.6, Max: 285693713.7, Diff: 0.0]
   [Code Root Fixup: 0.1 ms]
   [Code Root Purge: 0.0 ms]
   [Clear CT: 0.1 ms]
   [Other: 1.6 ms]
      [Choose CSet: 0.0 ms]
      [Ref Proc: 0.3 ms]
      [Ref Enq: 0.0 ms]
      [Redirty Cards: 0.1 ms]
      [Humongous Register: 0.0 ms]
      [Humongous Reclaim: 0.0 ms]
      [Free CSet: 0.0 ms]
   [Eden: 47.0M(47.0M)->0.0B(611.0M) Survivors: 4096.0K->3072.0K Heap: 204.9M(1024.0M)->157.3M(1024.0M)]
 [Times: user=0.01 sys=0.00, real=0.00 secs] 
 1024.0K->1024.0K Heap: 200.7M(1024.0M)->150.6M(1024.0M)]
 [Times: user=0.03 sys=0.03, real=0.02 secs] 
2018-04-26T19:41:41.959-0800: 267601.906: [GC pause (G1 Evacuation Pause) (young), 0.0062432 secs]
   [Parallel Time: 3.9 ms, GC Workers: 4]
      [GC Worker Start (ms): Min: 267601906.0, Avg: 267601906.0, Max: 267601906.0, Diff: 0.1]
      [Ext Root Scanning (ms): Min: 2.3, Avg: 2.4, Max: 2.5, Diff: 0.2, Sum: 9.4]
      [Update RS (ms): Min: 0.2, Avg: 0.3, Max: 0.4, Diff: 0.1, Sum: 1.1]
         [Processed Buffers: Min: 2, Avg: 9.5, Max: 14, Diff: 12, Sum: 38]
      [Scan RS (ms): Min: 0.0, Avg: 0.0, Max: 0.0, Diff: 0.0, Sum: 0.0]
      [Code Root Scanning (ms): Min: 0.0, Avg: 0.0, Max: 0.1, Diff: 0.1, Sum: 0.1]
      [Object Copy (ms): Min: 0.2, Avg: 0.5, Max: 1.2, Diff: 1.0, Sum: 1.9]
      [Termination (ms): Min: 0.0, Avg: 0.7, Max: 0.9, Diff: 0.9, Sum: 2.7]
         [Termination Attempts: Min: 1, Avg: 1.0, Max: 1, Diff: 0, Sum: 4]
      [GC Worker Other (ms): Min: 0.0, Avg: 0.0, Max: 0.0, Diff: 0.0, Sum: 0.1]
      [GC Worker Total (ms): Min: 3.8, Avg: 3.8, Max: 3.9, Diff: 0.1, Sum: 15.3]
      [GC Worker End (ms): Min: 267601909.8, Avg: 267601909.8, Max: 267601909.9, Diff: 0.0]
   [Code Root Fixup: 0.1 ms]
   [Code Root Purge: 0.0 ms]
   [Clear CT: 0.1 ms]
   [Other: 2.1 ms]
      [Choose CSet: 0.0 ms]
      [Ref Proc: 1.6 ms]
      [Ref Enq: 0.0 ms]
      [Redirty Cards: 0.1 ms]
      [Humongous Register: 0.2 ms]
      [Humongous Reclaim: 0.0 ms]
      [Free CSet: 0.1 ms]
   [Eden: 50.0M(50.0M)->0.0B(50.0M) Survivors: 1024.0K->1024.0K Heap: 200.6M(1024.0M)->150.6M(1024.0M)]
 [Times: user=0.01 sys=0.00, real=0.01 secs] 
2018-04-26T20:00:37.009-0800: 268736.908: [GC pause (G1 Evacuation Pause) (young), 0.0033032 secs]
   [Parallel Time: 2.5 ms, GC Workers: 4]
      [GC Worker Start (ms): Min: 268736907.7, Avg: 268736907.7, Max: 268736907.7, Diff: 0.1]
      [Ext Root Scanning (ms): Min: 0.5, Avg: 0.6, Max: 0.7, Diff: 0.1, Sum: 2.3]
      [Update RS (ms): Min: 0.2, Avg: 0.2, Max: 0.2, Diff: 0.1, Sum: 0.9]
         [Processed Buffers: Min: 3, Avg: 9.5, Max: 16, Diff: 13, Sum: 38]
      [Scan RS (ms): Min: 0.0, Avg: 0.0, Max: 0.0, Diff: 0.0, Sum: 0.0]
      [Code Root Scanning (ms): Min: 0.0, Avg: 0.0, Max: 0.0, Diff: 0.0, Sum: 0.0]
      [Object Copy (ms): Min: 0.1, Avg: 0.5, Max: 1.6, Diff: 1.5, Sum: 2.1]
      [Termination (ms): Min: 0.0, Avg: 1.1, Max: 1.4, Diff: 1.4, Sum: 4.3]
         [Termination Attempts: Min: 1, Avg: 1.2, Max: 2, Diff: 1, Sum: 5]
      [GC Worker Other (ms): Min: 0.0, Avg: 0.0, Max: 0.0, Diff: 0.0, Sum: 0.1]
      [GC Worker Total (ms): Min: 2.4, Avg: 2.4, Max: 2.4, Diff: 0.1, Sum: 9.6]
      [GC Worker End (ms): Min: 268736910.1, Avg: 268736910.1, Max: 268736910.1, Diff: 0.0]
   [Code Root Fixup: 0.1 ms]
   [Code Root Purge: 0.0 ms]
   [Clear CT: 0.1 ms]
   [Other: 0.6 ms]
      [Choose CSet: 0.0 ms]
      [Ref Proc: 0.4 ms]
      [Ref Enq: 0.0 ms]
      [Redirty Cards: 0.1 ms]
      [Humongous Register: 0.0 ms]
      [Humongous Reclaim: 0.0 ms]
      [Free CSet: 0.0 ms]
   [Eden: 50.0M(50.0M)->0.0B(50.0M) Survivors: 1024.0K->1024.0K Heap: 200.6M(1024.0M)->150.7M(1024.0M)]
 [Times: user=0.01 sys=0.00, real=0.01 secs] 
2018-04-26T20:19:29.566-0800: 269869.418: [GC pause (G1 Evacuation Pause) (young), 0.0244722 secs]
   [Parallel Time: 19.6 ms, GC Workers: 4]
      [GC Worker Start (ms): Min: 269869422.0, Avg: 269869422.1, Max: 269869422.2, Diff: 0.2]
      [Ext Root Scanning (ms): Min: 6.2, Avg: 9.9, Max: 19.5, Diff: 13.2, Sum: 39.5]
      [Update RS (ms): Min: 0.0, Avg: 1.1, Max: 2.3, Diff: 2.3, Sum: 4.4]
         [Processed Buffers: Min: 0, Avg: 9.2, Max: 25, Diff: 25, Sum: 37]
      [Scan RS (ms): Min: 0.0, Avg: 0.0, Max: 0.0, Diff: 0.0, Sum: 0.0]
      [Code Root Scanning (ms): Min: 0.0, Avg: 0.0, Max: 0.1, Diff: 0.1, Sum: 0.1]
      [Object Copy (ms): Min: 0.0, Avg: 1.5, Max: 2.5, Diff: 2.5, Sum: 5.9]
      [Termination (ms): Min: 0.0, Avg: 6.9, Max: 9.3, Diff: 9.3, Sum: 27.7]
         [Termination Attempts: Min: 1, Avg: 3.2, Max: 6, Diff: 5, Sum: 13]
      [GC Worker Other (ms): Min: 0.0, Avg: 0.0, Max: 0.0, Diff: 0.0, Sum: 0.1]
      [GC Worker Total (ms): Min: 19.3, Avg: 19.4, Max: 19.5, Diff: 0.2, Sum: 77.7]
      [GC Worker End (ms): Min: 269869441.5, Avg: 269869441.5, Max: 269869441.5, Diff: 0.0]
   [Code Root Fixup: 0.1 ms]
   [Code Root Purge: 0.0 ms]
   [Clear CT: 0.1 ms]
   [Other: 4.7 ms]
      [Choose CSet: 0.0 ms]
      [Ref Proc: 0.4 ms]
      [Ref Enq: 0.0 ms]
      [Redirty Cards: 0.1 ms]
      [Humongous Register: 2.9 ms]
      [Humongous Reclaim: 0.0 ms]
      [Free CSet: 0.4 ms]
   [Eden: 50.0M(50.0M)->0.0B(50.0M) Survivors: 1024.0K->1024.0K Heap: 200.7M(1024.0M)->150.7M(1024.0M)]
 [Times: user=0.03 sys=0.03, real=0.03 secs] 
2018-04-26T20:38:22.300-0800: 271002.115: [GC pause (G1 Evacuation Pause) (young), 0.0079238 secs]
   [Parallel Time: 3.1 ms, GC Workers: 4]
      [GC Worker Start (ms): Min: 271002114.8, Avg: 271002115.0, Max: 271002115.4, Diff: 0.6]
      [Ext Root Scanning (ms): Min: 1.2, Avg: 1.6, Max: 1.8, Diff: 0.6, Sum: 6.3]
      [Update RS (ms): Min: 0.2, Avg: 0.3, Max: 0.5, Diff: 0.3, Sum: 1.3]
         [Processed Buffers: Min: 1, Avg: 9.8, Max: 21, Diff: 20, Sum: 39]
      [Scan RS (ms): Min: 0.0, Avg: 0.0, Max: 0.0, Diff: 0.0, Sum: 0.1]
      [Code Root Scanning (ms): Min: 0.0, Avg: 0.0, Max: 0.0, Diff: 0.0, Sum: 0.0]
      [Object Copy (ms): Min: 0.0, Avg: 0.5, Max: 1.0, Diff: 1.0, Sum: 1.9]
      [Termination (ms): Min: 0.0, Avg: 0.4, Max: 0.6, Diff: 0.6, Sum: 1.8]
         [Termination Attempts: Min: 1, Avg: 1.2, Max: 2, Diff: 1, Sum: 5]
      [GC Worker Other (ms): Min: 0.0, Avg: 0.0, Max: 0.0, Diff: 0.0, Sum: 0.1]
      [GC Worker Total (ms): Min: 2.4, Avg: 2.9, Max: 3.0, Diff: 0.6, Sum: 11.4]
      [GC Worker End (ms): Min: 271002117.8, Avg: 271002117.8, Max: 271002117.9, Diff: 0.0]
   [Code Root Fixup: 0.1 ms]
   [Code Root Purge: 0.0 ms]
   [Clear CT: 0.2 ms]
   [Other: 4.6 ms]
      [Choose CSet: 0.0 ms]
      [Ref Proc: 4.2 ms]
      [Ref Enq: 0.0 ms]
      [Redirty Cards: 0.1 ms]
      [Humongous Register: 0.0 ms]
      [Humongous Reclaim: 0.0 ms]
      [Free CSet: 0.1 ms]
   [Eden: 50.0M(50.0M)->0.0B(182.0M) Survivors: 1024.0K->1024.0K Heap: 200.7M(1024.0M)->150.7M(1024.0M)]
 [Times: user=0.01 sys=0.01, real=0.00 secs] 
2018-04-26T22:22:10.712-0800: 274128.944: [GC pause (G1 Evacuation Pause) (young), 0.1054519 secs]
   [Parallel Time: 86.4 ms, GC Workers: 4]
      [GC Worker Start (ms): Min: 274128953.9, Avg: 274128954.0, Max: 274128954.3, Diff: 0.4]
      [Ext Root Scanning (ms): Min: 13.2, Avg: 18.0, Max: 28.5, Diff: 15.2, Sum: 72.1]
      [Update RS (ms): Min: 0.0, Avg: 2.5, Max: 7.2, Diff: 7.2, Sum: 9.9]
         [Processed Buffers: Min: 0, Avg: 11.0, Max: 34, Diff: 34, Sum: 44]
      [Scan RS (ms): Min: 0.0, Avg: 0.0, Max: 0.1, Diff: 0.1, Sum: 0.1]
      [Code Root Scanning (ms): Min: 0.0, Avg: 0.0, Max: 0.0, Diff: 0.0, Sum: 0.0]
      [Object Copy (ms): Min: 31.6, Avg: 39.3, Max: 59.9, Diff: 28.3, Sum: 157.4]
      [Termination (ms): Min: 8.7, Avg: 25.9, Max: 38.3, Diff: 29.6, Sum: 103.8]
         [Termination Attempts: Min: 22, Avg: 39.0, Max: 50, Diff: 28, Sum: 156]
      [GC Worker Other (ms): Min: 0.0, Avg: 0.1, Max: 0.1, Diff: 0.1, Sum: 0.3]
      [GC Worker Total (ms): Min: 85.5, Avg: 85.9, Max: 86.2, Diff: 0.6, Sum: 343.6]
      [GC Worker End (ms): Min: 274129039.8, Avg: 274129039.9, Max: 274129040.1, Diff: 0.3]
   [Code Root Fixup: 0.2 ms]
   [Code Root Purge: 0.0 ms]
   [Clear CT: 0.5 ms]
   [Other: 18.3 ms]
      [Choose CSet: 0.0 ms]
      [Ref Proc: 7.5 ms]
      [Ref Enq: 0.1 ms]
      [Redirty Cards: 0.2 ms]
      [Humongous Register: 6.9 ms]
      [Humongous Reclaim: 0.0 ms]
      [Free CSet: 0.8 ms]
   [Eden: 182.0M(182.0M)->0.0B(50.0M) Survivors: 1024.0K->1024.0K Heap: 332.7M(1024.0M)->150.9M(1024.0M)]
 [Times: user=0.07 sys=0.07, real=0.10 secs] 
2018-04-26T22:33:08.755-0800: 274786.968: [GC pause (G1 Evacuation Pause) (young), 0.0280153 secs]
   [Parallel Time: 26.1 ms, GC Workers: 4]
      [GC Worker Start (ms): Min: 274786968.6, Avg: 274786968.6, Max: 274786968.6, Diff: 0.1]
      [Ext Root Scanning (ms): Min: 1.5, Avg: 2.2, Max: 3.7, Diff: 2.2, Sum: 8.7]
      [Update RS (ms): Min: 3.2, Avg: 6.4, Max: 9.9, Diff: 6.7, Sum: 25.6]
         [Processed Buffers: Min: 3, Avg: 14.0, Max: 23, Diff: 20, Sum: 56]
      [Scan RS (ms): Min: 0.0, Avg: 0.2, Max: 0.3, Diff: 0.3, Sum: 0.6]
      [Code Root Scanning (ms): Min: 0.0, Avg: 0.0, Max: 0.0, Diff: 0.0, Sum: 0.0]
      [Object Copy (ms): Min: 14.5, Avg: 17.0, Max: 18.4, Diff: 3.9, Sum: 67.8]
      [Termination (ms): Min: 0.0, Avg: 0.4, Max: 0.6, Diff: 0.6, Sum: 1.4]
         [Termination Attempts: Min: 1, Avg: 1.0, Max: 1, Diff: 0, Sum: 4]
      [GC Worker Other (ms): Min: 0.0, Avg: 0.0, Max: 0.0, Diff: 0.0, Sum: 0.1]
      [GC Worker Total (ms): Min: 26.0, Avg: 26.1, Max: 26.1, Diff: 0.0, Sum: 104.3]
      [GC Worker End (ms): Min: 274786994.7, Avg: 274786994.7, Max: 274786994.7, Diff: 0.0]
   [Code Root Fixup: 0.1 ms]
   [Code Root Purge: 0.0 ms]
   [Clear CT: 0.1 ms]
   [Other: 1.7 ms]
      [Choose CSet: 0.0 ms]
      [Ref Proc: 1.2 ms]
      [Ref Enq: 0.0 ms]
      [Redirty Cards: 0.1 ms]
      [Humongous Register: 0.1 ms]
      [Humongous Reclaim: 0.0 ms]
      [Free CSet: 0.1 ms]
   [Eden: 50.0M(50.0M)->0.0B(50.0M) Survivors: 1024.0K->1024.0K Heap: 200.9M(1024.0M)->151.5M(1024.0M)]
 [Times: user=0.02 sys=0.02, real=0.03 secs] 
2018-04-26T22:46:16.468-0800: 275574.670: [GC pause (G1 Evacuation Pause) (young), 0.0083277 secs]
   [Parallel Time: 6.9 ms, GC Workers: 4]
      [GC Worker Start (ms): Min: 275574670.5, Avg: 275574670.5, Max: 275574670.5, Diff: 0.0]
      [Ext Root Scanning (ms): Min: 0.4, Avg: 0.5, Max: 0.7, Diff: 0.2, Sum: 2.1]
      [Update RS (ms): Min: 1.0, Avg: 1.1, Max: 1.3, Diff: 0.3, Sum: 4.5]
         [Processed Buffers: Min: 3, Avg: 10.2, Max: 25, Diff: 22, Sum: 41]
      [Scan RS (ms): Min: 0.0, Avg: 0.0, Max: 0.0, Diff: 0.0, Sum: 0.0]
      [Code Root Scanning (ms): Min: 0.0, Avg: 0.0, Max: 0.0, Diff: 0.0, Sum: 0.0]
      [Object Copy (ms): Min: 4.0, Avg: 4.5, Max: 5.1, Diff: 1.1, Sum: 17.9]
      [Termination (ms): Min: 0.0, Avg: 0.7, Max: 1.1, Diff: 1.1, Sum: 2.6]
         [Termination Attempts: Min: 1, Avg: 1.2, Max: 2, Diff: 1, Sum: 5]
      [GC Worker Other (ms): Min: 0.0, Avg: 0.0, Max: 0.0, Diff: 0.0, Sum: 0.1]
      [GC Worker Total (ms): Min: 6.8, Avg: 6.8, Max: 6.9, Diff: 0.1, Sum: 27.3]
      [GC Worker End (ms): Min: 275574677.3, Avg: 275574677.3, Max: 275574677.4, Diff: 0.1]
   [Code Root Fixup: 0.1 ms]
   [Code Root Purge: 0.0 ms]
   [Clear CT: 0.1 ms]
   [Other: 1.2 ms]
      [Choose CSet: 0.0 ms]
      [Ref Proc: 0.7 ms]
      [Ref Enq: 0.0 ms]
      [Redirty Cards: 0.1 ms]
      [Humongous Register: 0.0 ms]
      [Humongous Reclaim: 0.0 ms]
      [Free CSet: 0.1 ms]
   [Eden: 50.0M(50.0M)->0.0B(49.0M) Survivors: 1024.0K->2048.0K Heap: 201.5M(1024.0M)->151.9M(1024.0M)]
 [Times: user=0.02 sys=0.01, real=0.01 secs] 
2018-04-26T22:59:02.624-0800: 276340.794: [GC pause (G1 Evacuation Pause) (young), 0.0074148 secs]
   [Parallel Time: 6.6 ms, GC Workers: 4]
      [GC Worker Start (ms): Min: 276340794.2, Avg: 276340794.3, Max: 276340794.3, Diff: 0.0]
      [Ext Root Scanning (ms): Min: 0.7, Avg: 0.9, Max: 1.5, Diff: 0.7, Sum: 3.8]
      [Update RS (ms): Min: 1.5, Avg: 1.9, Max: 2.1, Diff: 0.6, Sum: 7.5]
         [Processed Buffers: Min: 2, Avg: 10.0, Max: 26, Diff: 24, Sum: 40]
      [Scan RS (ms): Min: 0.0, Avg: 0.1, Max: 0.3, Diff: 0.3, Sum: 0.3]
      [Code Root Scanning (ms): Min: 0.0, Avg: 0.0, Max: 0.0, Diff: 0.0, Sum: 0.0]
      [Object Copy (ms): Min: 2.4, Avg: 3.0, Max: 3.6, Diff: 1.2, Sum: 11.9]
      [Termination (ms): Min: 0.0, Avg: 0.6, Max: 1.1, Diff: 1.1, Sum: 2.6]
         [Termination Attempts: Min: 1, Avg: 1.5, Max: 2, Diff: 1, Sum: 6]
      [GC Worker Other (ms): Min: 0.0, Avg: 0.0, Max: 0.0, Diff: 0.0, Sum: 0.1]
      [GC Worker Total (ms): Min: 6.5, Avg: 6.5, Max: 6.6, Diff: 0.1, Sum: 26.1]
      [GC Worker End (ms): Min: 276340800.8, Avg: 276340800.8, Max: 276340800.8, Diff: 0.0]
   [Code Root Fixup: 0.1 ms]
   [Code Root Purge: 0.0 ms]
   [Clear CT: 0.1 ms]
   [Other: 0.6 ms]
      [Choose CSet: 0.0 ms]
      [Ref Proc: 0.3 ms]
      [Ref Enq: 0.0 ms]
      [Redirty Cards: 0.1 ms]
      [Humongous Register: 0.0 ms]
      [Humongous Reclaim: 0.0 ms]
      [Free CSet: 0.0 ms]
   [Eden: 49.0M(49.0M)->0.0B(49.0M) Survivors: 2048.0K->2048.0K Heap: 200.9M(1024.0M)->152.1M(1024.0M)]
 [Times: user=0.03 sys=0.00, real=0.01 secs] 
2018-04-26T23:11:56.434-0800: 277114.572: [GC pause (G1 Evacuation Pause) (young), 0.0067975 secs]
   [Parallel Time: 4.8 ms, GC Workers: 4]
      [GC Worker Start (ms): Min: 277114572.1, Avg: 277114572.1, Max: 277114572.2, Diff: 0.0]
      [Ext Root Scanning (ms): Min: 0.5, Avg: 1.1, Max: 1.6, Diff: 1.1, Sum: 4.5]
      [Update RS (ms): Min: 0.9, Avg: 1.2, Max: 1.7, Diff: 0.8, Sum: 4.7]
         [Processed Buffers: Min: 2, Avg: 9.5, Max: 17, Diff: 15, Sum: 38]
      [Scan RS (ms): Min: 0.0, Avg: 0.0, Max: 0.1, Diff: 0.0, Sum: 0.1]
      [Code Root Scanning (ms): Min: 0.0, Avg: 0.0, Max: 0.0, Diff: 0.0, Sum: 0.0]
      [Object Copy (ms): Min: 1.6, Avg: 2.0, Max: 2.8, Diff: 1.2, Sum: 8.1]
      [Termination (ms): Min: 0.0, Avg: 0.3, Max: 0.5, Diff: 0.5, Sum: 1.4]
         [Termination Attempts: Min: 1, Avg: 1.0, Max: 1, Diff: 0, Sum: 4]
      [GC Worker Other (ms): Min: 0.0, Avg: 0.0, Max: 0.0, Diff: 0.0, Sum: 0.1]
      [GC Worker Total (ms): Min: 4.7, Avg: 4.7, Max: 4.7, Diff: 0.1, Sum: 18.8]
      [GC Worker End (ms): Min: 277114576.8, Avg: 277114576.9, Max: 277114576.9, Diff: 0.0]
   [Code Root Fixup: 0.1 ms]
   [Code Root Purge: 0.0 ms]
   [Clear CT: 0.1 ms]
   [Other: 1.8 ms]
      [Choose CSet: 0.0 ms]
      [Ref Proc: 1.4 ms]
      [Ref Enq: 0.0 ms]
      [Redirty Cards: 0.1 ms]
      [Humongous Register: 0.0 ms]
      [Humongous Reclaim: 0.0 ms]
      [Free CSet: 0.1 ms]
   [Eden: 49.0M(49.0M)->0.0B(49.0M) Survivors: 2048.0K->2048.0K Heap: 201.1M(1024.0M)->151.7M(1024.0M)]
 [Times: user=0.01 sys=0.00, real=0.01 secs] 
2018-04-26T23:24:46.176-0800: 277884.272: [GC pause (G1 Evacuation Pause) (young), 0.0061405 secs]
   [Parallel Time: 5.1 ms, GC Workers: 4]
      [GC Worker Start (ms): Min: 277884272.0, Avg: 277884272.1, Max: 277884272.1, Diff: 0.1]
      [Ext Root Scanning (ms): Min: 0.8, Avg: 1.1, Max: 1.7, Diff: 0.8, Sum: 4.2]
      [Update RS (ms): Min: 1.4, Avg: 2.0, Max: 2.3, Diff: 0.9, Sum: 8.0]
         [Processed Buffers: Min: 3, Avg: 9.8, Max: 25, Diff: 22, Sum: 39]
      [Scan RS (ms): Min: 0.0, Avg: 0.0, Max: 0.1, Diff: 0.1, Sum: 0.1]
      [Code Root Scanning (ms): Min: 0.0, Avg: 0.0, Max: 0.0, Diff: 0.0, Sum: 0.0]
      [Object Copy (ms): Min: 1.4, Avg: 1.6, Max: 1.9, Diff: 0.4, Sum: 6.4]
      [Termination (ms): Min: 0.0, Avg: 0.3, Max: 0.5, Diff: 0.5, Sum: 1.3]
         [Termination Attempts: Min: 1, Avg: 1.2, Max: 2, Diff: 1, Sum: 5]
      [GC Worker Other (ms): Min: 0.0, Avg: 0.0, Max: 0.0, Diff: 0.0, Sum: 0.1]
      [GC Worker Total (ms): Min: 5.0, Avg: 5.0, Max: 5.0, Diff: 0.1, Sum: 20.1]
      [GC Worker End (ms): Min: 277884277.1, Avg: 277884277.1, Max: 277884277.1, Diff: 0.0]
   [Code Root Fixup: 0.1 ms]
   [Code Root Purge: 0.0 ms]
   [Clear CT: 0.1 ms]
   [Other: 0.9 ms]
      [Choose CSet: 0.0 ms]
      [Ref Proc: 0.3 ms]
      [Ref Enq: 0.0 ms]
      [Redirty Cards: 0.1 ms]
      [Humongous Register: 0.2 ms]
      [Humongous Reclaim: 0.0 ms]
      [Free CSet: 0.1 ms]
   [Eden: 49.0M(49.0M)->0.0B(49.0M) Survivors: 2048.0K->2048.0K Heap: 200.7M(1024.0M)->151.9M(1024.0M)]
 [Times: user=0.02 sys=0.00, real=0.01 secs] 
2018-04-27T00:49:39.223-0800: 278651.138: [GC pause (G1 Evacuation Pause) (young), 0.0101187 secs]
   [Parallel Time: 7.5 ms, GC Workers: 4]
      [GC Worker Start (ms): Min: 278651137.8, Avg: 278651137.9, Max: 278651138.0, Diff: 0.2]
      [Ext Root Scanning (ms): Min: 1.2, Avg: 1.9, Max: 3.0, Diff: 1.9, Sum: 7.6]
      [Update RS (ms): Min: 1.1, Avg: 2.3, Max: 4.4, Diff: 3.3, Sum: 9.1]
         [Processed Buffers: Min: 1, Avg: 10.2, Max: 24, Diff: 23, Sum: 41]
      [Scan RS (ms): Min: 0.0, Avg: 0.0, Max: 0.0, Diff: 0.0, Sum: 0.0]
      [Code Root Scanning (ms): Min: 0.0, Avg: 0.0, Max: 0.0, Diff: 0.0, Sum: 0.0]
      [Object Copy (ms): Min: 0.4, Avg: 2.4, Max: 3.4, Diff: 3.0, Sum: 9.6]
      [Termination (ms): Min: 0.0, Avg: 0.4, Max: 0.6, Diff: 0.6, Sum: 1.5]
         [Termination Attempts: Min: 1, Avg: 1.2, Max: 2, Diff: 1, Sum: 5]
      [GC Worker Other (ms): Min: 0.0, Avg: 0.4, Max: 0.9, Diff: 0.9, Sum: 1.8]
      [GC Worker Total (ms): Min: 7.3, Avg: 7.4, Max: 7.5, Diff: 0.2, Sum: 29.8]
      [GC Worker End (ms): Min: 278651145.3, Avg: 278651145.3, Max: 278651145.4, Diff: 0.0]
   [Code Root Fixup: 0.1 ms]
   [Code Root Purge: 0.0 ms]
   [Clear CT: 0.1 ms]
   [Other: 2.4 ms]
      [Choose CSet: 0.0 ms]
      [Ref Proc: 2.0 ms]
      [Ref Enq: 0.0 ms]
      [Redirty Cards: 0.1 ms]
      [Humongous Register: 0.0 ms]
      [Humongous Reclaim: 0.0 ms]
      [Free CSet: 0.1 ms]
   [Eden: 49.0M(49.0M)->0.0B(49.0M) Survivors: 2048.0K->2048.0K Heap: 200.9M(1024.0M)->152.1M(1024.0M)]
 [Times: user=0.02 sys=0.01, real=0.01 secs] 
2018-04-27T01:02:33.069-0800: 279424.961: [GC pause (G1 Evacuation Pause) (young), 0.0201961 secs]
   [Parallel Time: 17.9 ms, GC Workers: 4]
      [GC Worker Start (ms): Min: 279424961.0, Avg: 279424961.2, Max: 279424961.9, Diff: 0.9]
      [Ext Root Scanning (ms): Min: 1.0, Avg: 1.7, Max: 2.1, Diff: 1.1, Sum: 6.7]
      [Update RS (ms): Min: 5.1, Avg: 7.1, Max: 9.9, Diff: 4.9, Sum: 28.6]
         [Processed Buffers: Min: 1, Avg: 10.0, Max: 30, Diff: 29, Sum: 40]
      [Scan RS (ms): Min: 0.0, Avg: 0.1, Max: 0.5, Diff: 0.5, Sum: 0.6]
      [Code Root Scanning (ms): Min: 0.0, Avg: 0.0, Max: 0.0, Diff: 0.0, Sum: 0.0]
      [Object Copy (ms): Min: 4.9, Avg: 7.7, Max: 9.3, Diff: 4.5, Sum: 30.9]
      [Termination (ms): Min: 0.0, Avg: 0.7, Max: 1.0, Diff: 1.0, Sum: 2.8]
         [Termination Attempts: Min: 1, Avg: 1.0, Max: 1, Diff: 0, Sum: 4]
      [GC Worker Other (ms): Min: 0.0, Avg: 0.0, Max: 0.0, Diff: 0.0, Sum: 0.1]
      [GC Worker Total (ms): Min: 16.8, Avg: 17.4, Max: 17.7, Diff: 0.8, Sum: 69.7]
      [GC Worker End (ms): Min: 279424978.6, Avg: 279424978.6, Max: 279424978.7, Diff: 0.1]
   [Code Root Fixup: 0.2 ms]
   [Code Root Purge: 0.2 ms]
   [Clear CT: 0.2 ms]
   [Other: 1.7 ms]
      [Choose CSet: 0.0 ms]
      [Ref Proc: 0.7 ms]
      [Ref Enq: 0.0 ms]
      [Redirty Cards: 0.2 ms]
      [Humongous Register: 0.1 ms]
      [Humongous Reclaim: 0.0 ms]
      [Free CSet: 0.1 ms]
   [Eden: 49.0M(49.0M)->0.0B(49.0M) Survivors: 2048.0K->2048.0K Heap: 201.1M(1024.0M)->151.7M(1024.0M)]
 [Times: user=0.04 sys=0.00, real=0.03 secs] 
2018-04-27T03:07:28.939-0800: 280174.570: [GC pause (G1 Evacuation Pause) (young), 0.0062136 secs]
   [Parallel Time: 5.2 ms, GC Workers: 4]
      [GC Worker Start (ms): Min: 280174570.3, Avg: 280174570.3, Max: 280174570.3, Diff: 0.1]
      [Ext Root Scanning (ms): Min: 0.9, Avg: 1.3, Max: 1.8, Diff: 0.9, Sum: 5.2]
      [Update RS (ms): Min: 0.6, Avg: 1.2, Max: 1.6, Diff: 1.0, Sum: 4.9]
         [Processed Buffers: Min: 2, Avg: 11.5, Max: 17, Diff: 15, Sum: 46]
      [Scan RS (ms): Min: 0.6, Avg: 1.0, Max: 1.8, Diff: 1.2, Sum: 4.0]
      [Code Root Scanning (ms): Min: 0.0, Avg: 0.0, Max: 0.0, Diff: 0.0, Sum: 0.0]
      [Object Copy (ms): Min: 0.7, Avg: 1.4, Max: 1.7, Diff: 1.0, Sum: 5.6]
      [Termination (ms): Min: 0.0, Avg: 0.1, Max: 0.1, Diff: 0.1, Sum: 0.4]
         [Termination Attempts: Min: 1, Avg: 1.0, Max: 1, Diff: 0, Sum: 4]
      [GC Worker Other (ms): Min: 0.0, Avg: 0.0, Max: 0.0, Diff: 0.0, Sum: 0.1]
      [GC Worker Total (ms): Min: 5.0, Avg: 5.1, Max: 5.1, Diff: 0.1, Sum: 20.2]
      [GC Worker End (ms): Min: 280174575.4, Avg: 280174575.4, Max: 280174575.4, Diff: 0.0]
   [Code Root Fixup: 0.1 ms]
   [Code Root Purge: 0.0 ms]
   [Clear CT: 0.2 ms]
   [Other: 0.7 ms]
      [Choose CSet: 0.0 ms]
      [Ref Proc: 0.4 ms]
      [Ref Enq: 0.0 ms]
      [Redirty Cards: 0.1 ms]
      [Humongous Register: 0.1 ms]
      [Humongous Reclaim: 0.0 ms]
      [Free CSet: 0.0 ms]
   [Eden: 49.0M(49.0M)->0.0B(49.0M) Survivors: 2048.0K->2048.0K Heap: 200.7M(1024.0M)->152.1M(1024.0M)]
 [Times: user=0.02 sys=0.00, real=0.01 secs] 
2018-04-27T03:20:24.912-0800: 280950.520: [GC pause (G1 Evacuation Pause) (young), 0.0087365 secs]
   [Parallel Time: 7.5 ms, GC Workers: 4]
      [GC Worker Start (ms): Min: 280950520.2, Avg: 280950520.3, Max: 280950520.6, Diff: 0.3]
      [Ext Root Scanning (ms): Min: 0.5, Avg: 2.1, Max: 6.0, Diff: 5.5, Sum: 8.2]
      [Update RS (ms): Min: 0.0, Avg: 1.5, Max: 2.1, Diff: 2.1, Sum: 6.2]
         [Processed Buffers: Min: 0, Avg: 10.0, Max: 31, Diff: 31, Sum: 40]
      [Scan RS (ms): Min: 0.0, Avg: 0.2, Max: 0.4, Diff: 0.4, Sum: 0.8]
      [Code Root Scanning (ms): Min: 0.0, Avg: 0.0, Max: 0.0, Diff: 0.0, Sum: 0.0]
      [Object Copy (ms): Min: 0.5, Avg: 2.9, Max: 4.2, Diff: 3.7, Sum: 11.8]
      [Termination (ms): Min: 0.0, Avg: 0.6, Max: 0.9, Diff: 0.9, Sum: 2.3]
         [Termination Attempts: Min: 1, Avg: 1.2, Max: 2, Diff: 1, Sum: 5]
      [GC Worker Other (ms): Min: 0.0, Avg: 0.0, Max: 0.0, Diff: 0.0, Sum: 0.1]
      [GC Worker Total (ms): Min: 7.1, Avg: 7.4, Max: 7.5, Diff: 0.4, Sum: 29.4]
      [GC Worker End (ms): Min: 280950527.7, Avg: 280950527.7, Max: 280950527.7, Diff: 0.0]
   [Code Root Fixup: 0.1 ms]
   [Code Root Purge: 0.0 ms]
   [Clear CT: 0.1 ms]
   [Other: 1.0 ms]
      [Choose CSet: 0.0 ms]
      [Ref Proc: 0.5 ms]
      [Ref Enq: 0.0 ms]
      [Redirty Cards: 0.1 ms]
      [Humongous Register: 0.0 ms]
      [Humongous Reclaim: 0.0 ms]
      [Free CSet: 0.1 ms]
   [Eden: 49.0M(49.0M)->0.0B(317.0M) Survivors: 2048.0K->2048.0K Heap: 201.1M(1024.0M)->151.7M(1024.0M)]
 [Times: user=0.02 sys=0.01, real=0.01 secs] 
2018-04-27T07:45:59.668-0800: 285859.346: [GC pause (G1 Evacuation Pause) (young), 0.1631748 secs]
   [Parallel Time: 135.0 ms, GC Workers: 4]
      [GC Worker Start (ms): Min: 285859364.0, Avg: 285859364.8, Max: 285859365.1, Diff: 1.1]
      [Ext Root Scanning (ms): Min: 14.2, Avg: 22.7, Max: 45.9, Diff: 31.7, Sum: 90.9]
      [Update RS (ms): Min: 0.2, Avg: 20.7, Max: 29.9, Diff: 29.7, Sum: 82.7]
         [Processed Buffers: Min: 7, Avg: 11.8, Max: 18, Diff: 11, Sum: 47]
      [Scan RS (ms): Min: 0.0, Avg: 0.1, Max: 0.2, Diff: 0.2, Sum: 0.3]
      [Code Root Scanning (ms): Min: 0.0, Avg: 0.3, Max: 1.1, Diff: 1.1, Sum: 1.2]
      [Object Copy (ms): Min: 55.9, Avg: 66.2, Max: 79.0, Diff: 23.1, Sum: 265.0]
      [Termination (ms): Min: 7.7, Avg: 23.2, Max: 36.2, Diff: 28.5, Sum: 93.0]
         [Termination Attempts: Min: 9, Avg: 37.2, Max: 70, Diff: 61, Sum: 149]
      [GC Worker Other (ms): Min: 0.0, Avg: 0.8, Max: 2.3, Diff: 2.3, Sum: 3.2]
      [GC Worker Total (ms): Min: 133.8, Avg: 134.1, Max: 134.8, Diff: 1.0, Sum: 536.3]
      [GC Worker End (ms): Min: 285859498.8, Avg: 285859498.8, Max: 285859498.8, Diff: 0.0]
   [Code Root Fixup: 0.1 ms]
   [Code Root Purge: 0.0 ms]
   [Clear CT: 0.3 ms]
   [Other: 27.7 ms]
      [Choose CSet: 0.0 ms]
      [Ref Proc: 8.8 ms]
      [Ref Enq: 0.0 ms]
      [Redirty Cards: 0.1 ms]
      [Humongous Register: 6.2 ms]
      [Humongous Reclaim: 0.0 ms]
      [Free CSet: 0.8 ms]
   [Eden: 317.0M(317.0M)->0.0B(49.0M) Survivors: 2048.0K->2048.0K Heap: 468.7M(1024.0M)->152.0M(1024.0M)]
 [Times: user=0.10 sys=0.10, real=0.17 secs] 
2018-04-27T07:57:51.644-0800: 286582.997: [GC pause (G1 Evacuation Pause) (young), 0.0094483 secs]
   [Parallel Time: 7.2 ms, GC Workers: 4]
      [GC Worker Start (ms): Min: 286582997.5, Avg: 286582997.5, Max: 286582997.5, Diff: 0.0]
      [Ext Root Scanning (ms): Min: 0.9, Avg: 2.3, Max: 5.5, Diff: 4.6, Sum: 9.1]
      [Update RS (ms): Min: 0.0, Avg: 1.0, Max: 1.6, Diff: 1.6, Sum: 4.1]
         [Processed Buffers: Min: 0, Avg: 11.2, Max: 35, Diff: 35, Sum: 45]
      [Scan RS (ms): Min: 0.0, Avg: 0.6, Max: 1.9, Diff: 1.9, Sum: 2.6]
      [Code Root Scanning (ms): Min: 0.0, Avg: 0.0, Max: 0.0, Diff: 0.0, Sum: 0.0]
      [Object Copy (ms): Min: 1.2, Avg: 2.4, Max: 3.5, Diff: 2.3, Sum: 9.7]
      [Termination (ms): Min: 0.1, Avg: 0.6, Max: 1.1, Diff: 1.0, Sum: 2.3]
         [Termination Attempts: Min: 1, Avg: 2.0, Max: 4, Diff: 3, Sum: 8]
      [GC Worker Other (ms): Min: 0.0, Avg: 0.0, Max: 0.0, Diff: 0.0, Sum: 0.1]
      [GC Worker Total (ms): Min: 6.8, Avg: 7.0, Max: 7.2, Diff: 0.3, Sum: 27.9]
      [GC Worker End (ms): Min: 286583004.4, Avg: 286583004.5, Max: 286583004.6, Diff: 0.3]
   [Code Root Fixup: 0.1 ms]
   [Code Root Purge: 0.0 ms]
   [Clear CT: 0.1 ms]
   [Other: 2.0 ms]
      [Choose CSet: 0.0 ms]
      [Ref Proc: 1.4 ms]
      [Ref Enq: 0.0 ms]
      [Redirty Cards: 0.1 ms]
      [Humongous Register: 0.0 ms]
      [Humongous Reclaim: 0.0 ms]
      [Free CSet: 0.1 ms]
   [Eden: 49.0M(49.0M)->0.0B(49.0M) Survivors: 2048.0K->2048.0K Heap: 201.0M(1024.0M)->152.2M(1024.0M)]
 [Times: user=0.01 sys=0.00, real=0.01 secs] 
2018-04-27T08:10:28.593-0800: 287339.923: [GC pause (G1 Evacuation Pause) (young), 0.0070864 secs]
   [Parallel Time: 6.3 ms, GC Workers: 4]
      [GC Worker Start (ms): Min: 287339923.0, Avg: 287339923.0, Max: 287339923.1, Diff: 0.1]
      [Ext Root Scanning (ms): Min: 0.8, Avg: 1.0, Max: 1.2, Diff: 0.4, Sum: 3.8]
      [Update RS (ms): Min: 1.2, Avg: 1.6, Max: 2.2, Diff: 1.0, Sum: 6.2]
         [Processed Buffers: Min: 1, Avg: 10.2, Max: 28, Diff: 27, Sum: 41]
      [Scan RS (ms): Min: 0.0, Avg: 0.0, Max: 0.1, Diff: 0.1, Sum: 0.1]
      [Code Root Scanning (ms): Min: 0.0, Avg: 0.0, Max: 0.0, Diff: 0.0, Sum: 0.0]
      [Object Copy (ms): Min: 2.2, Avg: 3.0, Max: 3.9, Diff: 1.7, Sum: 11.9]
      [Termination (ms): Min: 0.0, Avg: 0.7, Max: 0.9, Diff: 0.9, Sum: 2.6]
         [Termination Attempts: Min: 1, Avg: 1.8, Max: 3, Diff: 2, Sum: 7]
      [GC Worker Other (ms): Min: 0.0, Avg: 0.0, Max: 0.0, Diff: 0.0, Sum: 0.1]
      [GC Worker Total (ms): Min: 6.2, Avg: 6.2, Max: 6.2, Diff: 0.1, Sum: 24.8]
      [GC Worker End (ms): Min: 287339929.2, Avg: 287339929.2, Max: 287339929.2, Diff: 0.0]
   [Code Root Fixup: 0.1 ms]
   [Code Root Purge: 0.0 ms]
   [Clear CT: 0.1 ms]
   [Other: 0.6 ms]
      [Choose CSet: 0.0 ms]
      [Ref Proc: 0.3 ms]
      [Ref Enq: 0.0 ms]
      [Redirty Cards: 0.1 ms]
      [Humongous Register: 0.0 ms]
      [Humongous Reclaim: 0.0 ms]
      [Free CSet: 0.0 ms]
   [Eden: 49.0M(49.0M)->0.0B(49.0M) Survivors: 2048.0K->2048.0K Heap: 201.2M(1024.0M)->151.8M(1024.0M)]
 [Times: user=0.01 sys=0.01, real=0.01 secs] 
2018-04-27T08:23:20.612-0800: 288111.910: [GC pause (G1 Evacuation Pause) (young), 0.0218590 secs]
   [Parallel Time: 16.6 ms, GC Workers: 4]
      [GC Worker Start (ms): Min: 288111913.2, Avg: 288111913.3, Max: 288111913.4, Diff: 0.2]
      [Ext Root Scanning (ms): Min: 4.0, Avg: 7.2, Max: 16.5, Diff: 12.5, Sum: 28.8]
      [Update RS (ms): Min: 0.0, Avg: 5.1, Max: 6.8, Diff: 6.8, Sum: 20.3]
         [Processed Buffers: Min: 0, Avg: 10.0, Max: 26, Diff: 26, Sum: 40]
      [Scan RS (ms): Min: 0.0, Avg: 0.0, Max: 0.0, Diff: 0.0, Sum: 0.0]
      [Code Root Scanning (ms): Min: 0.0, Avg: 0.0, Max: 0.1, Diff: 0.1, Sum: 0.1]
      [Object Copy (ms): Min: 0.0, Avg: 3.3, Max: 4.5, Diff: 4.5, Sum: 13.3]
      [Termination (ms): Min: 0.0, Avg: 0.8, Max: 1.1, Diff: 1.1, Sum: 3.2]
         [Termination Attempts: Min: 1, Avg: 1.5, Max: 3, Diff: 2, Sum: 6]
      [GC Worker Other (ms): Min: 0.0, Avg: 0.0, Max: 0.1, Diff: 0.0, Sum: 0.2]
      [GC Worker Total (ms): Min: 16.4, Avg: 16.5, Max: 16.5, Diff: 0.2, Sum: 65.9]
      [GC Worker End (ms): Min: 288111929.7, Avg: 288111929.7, Max: 288111929.8, Diff: 0.0]
   [Code Root Fixup: 0.1 ms]
   [Code Root Purge: 0.0 ms]
   [Clear CT: 0.1 ms]
   [Other: 5.1 ms]
      [Choose CSet: 0.0 ms]
      [Ref Proc: 1.6 ms]
      [Ref Enq: 0.0 ms]
      [Redirty Cards: 0.1 ms]
      [Humongous Register: 2.2 ms]
      [Humongous Reclaim: 0.0 ms]
      [Free CSet: 0.4 ms]
   [Eden: 49.0M(49.0M)->0.0B(50.0M) Survivors: 2048.0K->1024.0K Heap: 200.8M(1024.0M)->151.5M(1024.0M)]
 [Times: user=0.03 sys=0.03, real=0.02 secs] 
